[96mdatabase/seeders/addresses.seeder.ts[0m:[93m29[0m:[93m9[0m - [91merror[0m[90m TS2353: [0mObject literal may only specify known properties, and 'userId_type_addressLine1' does not exist in type 'AddressWhereUniqueInput'.

[7m29[0m         userId_type_addressLine1: {
[7m  [0m [91m        ~~~~~~~~~~~~~~~~~~~~~~~~[0m

  [96mnode_modules/.prisma/client/index.d.ts[0m:[93m11475[0m:[93m5[0m
    [7m11475[0m     where: AddressWhereUniqueInput
    [7m     [0m [96m    ~~~~~[0m
    The expected type comes from property 'where' which is declared here on type '{ select?: AddressSelect<DefaultArgs> | null | undefined; omit?: AddressOmit<DefaultArgs> | null | undefined; include?: AddressInclude<...> | ... 1 more ... | undefined; where: AddressWhereUniqueInput; create: (Without<...> & AddressUncheckedCreateInput) | (Without<...> & AddressCreateInput); update: (Without<...> &...'

[96mdatabase/seeders/addresses.seeder.ts[0m:[93m39[0m:[93m9[0m - [91merror[0m[90m TS2561: [0mObject literal may only specify known properties, but 'addressLine1' does not exist in type 'Without<AddressCreateInput, AddressUncheckedCreateInput> & AddressUncheckedCreateInput'. Did you mean to write 'addressLine2'?

[7m39[0m         addressLine1: '123 Main Street',
[7m  [0m [91m        ~~~~~~~~~~~~[0m

  [96mnode_modules/.prisma/client/index.d.ts[0m:[93m11479[0m:[93m5[0m
    [7m11479[0m     create: XOR<AddressCreateInput, AddressUncheckedCreateInput>
    [7m     [0m [96m    ~~~~~~[0m
    The expected type comes from property 'create' which is declared here on type '{ select?: AddressSelect<DefaultArgs> | null | undefined; omit?: AddressOmit<DefaultArgs> | null | undefined; include?: AddressInclude<...> | ... 1 more ... | undefined; where: AddressWhereUniqueInput; create: (Without<...> & AddressUncheckedCreateInput) | (Without<...> & AddressCreateInput); update: (Without<...> &...'

[96mdatabase/seeders/addresses.seeder.ts[0m:[93m64[0m:[93m9[0m - [91merror[0m[90m TS2353: [0mObject literal may only specify known properties, and 'userId_type_addressLine1' does not exist in type 'AddressWhereUniqueInput'.

[7m64[0m         userId_type_addressLine1: {
[7m  [0m [91m        ~~~~~~~~~~~~~~~~~~~~~~~~[0m

  [96mnode_modules/.prisma/client/index.d.ts[0m:[93m11475[0m:[93m5[0m
    [7m11475[0m     where: AddressWhereUniqueInput
    [7m     [0m [96m    ~~~~~[0m
    The expected type comes from property 'where' which is declared here on type '{ select?: AddressSelect<DefaultArgs> | null | undefined; omit?: AddressOmit<DefaultArgs> | null | undefined; include?: AddressInclude<...> | ... 1 more ... | undefined; where: AddressWhereUniqueInput; create: (Without<...> & AddressUncheckedCreateInput) | (Without<...> & AddressCreateInput); update: (Without<...> &...'

[96mdatabase/seeders/addresses.seeder.ts[0m:[93m74[0m:[93m9[0m - [91merror[0m[90m TS2561: [0mObject literal may only specify known properties, but 'addressLine1' does not exist in type 'Without<AddressCreateInput, AddressUncheckedCreateInput> & AddressUncheckedCreateInput'. Did you mean to write 'addressLine2'?

[7m74[0m         addressLine1: '456 Business Ave',
[7m  [0m [91m        ~~~~~~~~~~~~[0m

  [96mnode_modules/.prisma/client/index.d.ts[0m:[93m11479[0m:[93m5[0m
    [7m11479[0m     create: XOR<AddressCreateInput, AddressUncheckedCreateInput>
    [7m     [0m [96m    ~~~~~~[0m
    The expected type comes from property 'create' which is declared here on type '{ select?: AddressSelect<DefaultArgs> | null | undefined; omit?: AddressOmit<DefaultArgs> | null | undefined; include?: AddressInclude<...> | ... 1 more ... | undefined; where: AddressWhereUniqueInput; create: (Without<...> & AddressUncheckedCreateInput) | (Without<...> & AddressCreateInput); update: (Without<...> &...'

[96mdatabase/seeders/addresses.seeder.ts[0m:[93m100[0m:[93m9[0m - [91merror[0m[90m TS2353: [0mObject literal may only specify known properties, and 'userId_type_addressLine1' does not exist in type 'AddressWhereUniqueInput'.

[7m100[0m         userId_type_addressLine1: {
[7m   [0m [91m        ~~~~~~~~~~~~~~~~~~~~~~~~[0m

  [96mnode_modules/.prisma/client/index.d.ts[0m:[93m11475[0m:[93m5[0m
    [7m11475[0m     where: AddressWhereUniqueInput
    [7m     [0m [96m    ~~~~~[0m
    The expected type comes from property 'where' which is declared here on type '{ select?: AddressSelect<DefaultArgs> | null | undefined; omit?: AddressOmit<DefaultArgs> | null | undefined; include?: AddressInclude<...> | ... 1 more ... | undefined; where: AddressWhereUniqueInput; create: (Without<...> & AddressUncheckedCreateInput) | (Without<...> & AddressCreateInput); update: (Without<...> &...'

[96mdatabase/seeders/addresses.seeder.ts[0m:[93m110[0m:[93m9[0m - [91merror[0m[90m TS2561: [0mObject literal may only specify known properties, but 'addressLine1' does not exist in type 'Without<AddressCreateInput, AddressUncheckedCreateInput> & AddressUncheckedCreateInput'. Did you mean to write 'addressLine2'?

[7m110[0m         addressLine1: '789 Driver Lane',
[7m   [0m [91m        ~~~~~~~~~~~~[0m

  [96mnode_modules/.prisma/client/index.d.ts[0m:[93m11479[0m:[93m5[0m
    [7m11479[0m     create: XOR<AddressCreateInput, AddressUncheckedCreateInput>
    [7m     [0m [96m    ~~~~~~[0m
    The expected type comes from property 'create' which is declared here on type '{ select?: AddressSelect<DefaultArgs> | null | undefined; omit?: AddressOmit<DefaultArgs> | null | undefined; include?: AddressInclude<...> | ... 1 more ... | undefined; where: AddressWhereUniqueInput; create: (Without<...> & AddressUncheckedCreateInput) | (Without<...> & AddressCreateInput); update: (Without<...> &...'

[96mdatabase/seeders/addresses.seeder.ts[0m:[93m135[0m:[93m9[0m - [91merror[0m[90m TS2353: [0mObject literal may only specify known properties, and 'userId_type_addressLine1' does not exist in type 'AddressWhereUniqueInput'.

[7m135[0m         userId_type_addressLine1: {
[7m   [0m [91m        ~~~~~~~~~~~~~~~~~~~~~~~~[0m

  [96mnode_modules/.prisma/client/index.d.ts[0m:[93m11475[0m:[93m5[0m
    [7m11475[0m     where: AddressWhereUniqueInput
    [7m     [0m [96m    ~~~~~[0m
    The expected type comes from property 'where' which is declared here on type '{ select?: AddressSelect<DefaultArgs> | null | undefined; omit?: AddressOmit<DefaultArgs> | null | undefined; include?: AddressInclude<...> | ... 1 more ... | undefined; where: AddressWhereUniqueInput; create: (Without<...> & AddressUncheckedCreateInput) | (Without<...> & AddressCreateInput); update: (Without<...> &...'

[96mdatabase/seeders/addresses.seeder.ts[0m:[93m137[0m:[93m29[0m - [91merror[0m[90m TS2339: [0mProperty 'BUSINESS' does not exist on type '{ HOME: "HOME"; WORK: "WORK"; OTHER: "OTHER"; }'.

[7m137[0m           type: AddressType.BUSINESS,
[7m   [0m [91m                            ~~~~~~~~[0m

[96mdatabase/seeders/addresses.seeder.ts[0m:[93m144[0m:[93m27[0m - [91merror[0m[90m TS2339: [0mProperty 'BUSINESS' does not exist on type '{ HOME: "HOME"; WORK: "WORK"; OTHER: "OTHER"; }'.

[7m144[0m         type: AddressType.BUSINESS,
[7m   [0m [91m                          ~~~~~~~~[0m

[96mdatabase/seeders/addresses.seeder.ts[0m:[93m145[0m:[93m9[0m - [91merror[0m[90m TS2561: [0mObject literal may only specify known properties, but 'addressLine1' does not exist in type 'Without<AddressCreateInput, AddressUncheckedCreateInput> & AddressUncheckedCreateInput'. Did you mean to write 'addressLine2'?

[7m145[0m         addressLine1: '321 Commerce Street',
[7m   [0m [91m        ~~~~~~~~~~~~[0m

  [96mnode_modules/.prisma/client/index.d.ts[0m:[93m11479[0m:[93m5[0m
    [7m11479[0m     create: XOR<AddressCreateInput, AddressUncheckedCreateInput>
    [7m     [0m [96m    ~~~~~~[0m
    The expected type comes from property 'create' which is declared here on type '{ select?: AddressSelect<DefaultArgs> | null | undefined; omit?: AddressOmit<DefaultArgs> | null | undefined; include?: AddressInclude<...> | ... 1 more ... | undefined; where: AddressWhereUniqueInput; create: (Without<...> & AddressUncheckedCreateInput) | (Without<...> & AddressCreateInput); update: (Without<...> &...'

[96mdatabase/seeders/addresses.seeder.ts[0m:[93m169[0m:[93m9[0m - [91merror[0m[90m TS2353: [0mObject literal may only specify known properties, and 'userId_type_addressLine1' does not exist in type 'AddressWhereUniqueInput'.

[7m169[0m         userId_type_addressLine1: {
[7m   [0m [91m        ~~~~~~~~~~~~~~~~~~~~~~~~[0m

  [96mnode_modules/.prisma/client/index.d.ts[0m:[93m11475[0m:[93m5[0m
    [7m11475[0m     where: AddressWhereUniqueInput
    [7m     [0m [96m    ~~~~~[0m
    The expected type comes from property 'where' which is declared here on type '{ select?: AddressSelect<DefaultArgs> | null | undefined; omit?: AddressOmit<DefaultArgs> | null | undefined; include?: AddressInclude<...> | ... 1 more ... | undefined; where: AddressWhereUniqueInput; create: (Without<...> & AddressUncheckedCreateInput) | (Without<...> & AddressCreateInput); update: (Without<...> &...'

[96mdatabase/seeders/addresses.seeder.ts[0m:[93m179[0m:[93m9[0m - [91merror[0m[90m TS2561: [0mObject literal may only specify known properties, but 'addressLine1' does not exist in type 'Without<AddressCreateInput, AddressUncheckedCreateInput> & AddressUncheckedCreateInput'. Did you mean to write 'addressLine2'?

[7m179[0m         addressLine1: '555 Warehouse District',
[7m   [0m [91m        ~~~~~~~~~~~~[0m

  [96mnode_modules/.prisma/client/index.d.ts[0m:[93m11479[0m:[93m5[0m
    [7m11479[0m     create: XOR<AddressCreateInput, AddressUncheckedCreateInput>
    [7m     [0m [96m    ~~~~~~[0m
    The expected type comes from property 'create' which is declared here on type '{ select?: AddressSelect<DefaultArgs> | null | undefined; omit?: AddressOmit<DefaultArgs> | null | undefined; include?: AddressInclude<...> | ... 1 more ... | undefined; where: AddressWhereUniqueInput; create: (Without<...> & AddressUncheckedCreateInput) | (Without<...> & AddressCreateInput); update: (Without<...> &...'

[96mdatabase/seeders/user-roles.seeder.ts[0m:[93m23[0m:[93m9[0m - [91merror[0m[90m TS2353: [0mObject literal may only specify known properties, and 'availableRoles' does not exist in type '(Without<UserCreateInput, UserUncheckedCreateInput> & UserUncheckedCreateInput) | (Without<...> & UserCreateInput)'.

[7m23[0m         availableRoles: [UserRole.ADMIN],
[7m  [0m [91m        ~~~~~~~~~~~~~~[0m

  [96mnode_modules/.prisma/client/index.d.ts[0m:[93m8160[0m:[93m5[0m
    [7m8160[0m     create: XOR<UserCreateInput, UserUncheckedCreateInput>
    [7m    [0m [96m    ~~~~~~[0m
    The expected type comes from property 'create' which is declared here on type '{ select?: UserSelect<DefaultArgs> | null | undefined; omit?: UserOmit<DefaultArgs> | null | undefined; include?: UserInclude<DefaultArgs> | null | undefined; where: UserWhereUniqueInput; create: (Without<...> & UserUncheckedCreateInput) | (Without<...> & UserCreateInput); update: (Without<...> & UserUncheckedUpdate...'

[96mdatabase/seeders/user-roles.seeder.ts[0m:[93m51[0m:[93m9[0m - [91merror[0m[90m TS2353: [0mObject literal may only specify known properties, and 'availableRoles' does not exist in type '(Without<UserCreateInput, UserUncheckedCreateInput> & UserUncheckedCreateInput) | (Without<...> & UserCreateInput)'.

[7m51[0m         availableRoles: [UserRole.CUSTOMER],
[7m  [0m [91m        ~~~~~~~~~~~~~~[0m

  [96mnode_modules/.prisma/client/index.d.ts[0m:[93m8160[0m:[93m5[0m
    [7m8160[0m     create: XOR<UserCreateInput, UserUncheckedCreateInput>
    [7m    [0m [96m    ~~~~~~[0m
    The expected type comes from property 'create' which is declared here on type '{ select?: UserSelect<DefaultArgs> | null | undefined; omit?: UserOmit<DefaultArgs> | null | undefined; include?: UserInclude<DefaultArgs> | null | undefined; where: UserWhereUniqueInput; create: (Without<...> & UserUncheckedCreateInput) | (Without<...> & UserCreateInput); update: (Without<...> & UserUncheckedUpdate...'

[96mdatabase/seeders/user-roles.seeder.ts[0m:[93m82[0m:[93m9[0m - [91merror[0m[90m TS2353: [0mObject literal may only specify known properties, and 'availableRoles' does not exist in type '(Without<UserCreateInput, UserUncheckedCreateInput> & UserUncheckedCreateInput) | (Without<...> & UserCreateInput)'.

[7m82[0m         availableRoles: [UserRole.DRIVER],
[7m  [0m [91m        ~~~~~~~~~~~~~~[0m

  [96mnode_modules/.prisma/client/index.d.ts[0m:[93m8160[0m:[93m5[0m
    [7m8160[0m     create: XOR<UserCreateInput, UserUncheckedCreateInput>
    [7m    [0m [96m    ~~~~~~[0m
    The expected type comes from property 'create' which is declared here on type '{ select?: UserSelect<DefaultArgs> | null | undefined; omit?: UserOmit<DefaultArgs> | null | undefined; include?: UserInclude<DefaultArgs> | null | undefined; where: UserWhereUniqueInput; create: (Without<...> & UserUncheckedCreateInput) | (Without<...> & UserCreateInput); update: (Without<...> & UserUncheckedUpdate...'

[96mdatabase/seeders/user-roles.seeder.ts[0m:[93m110[0m:[93m9[0m - [91merror[0m[90m TS2353: [0mObject literal may only specify known properties, and 'availableRoles' does not exist in type '(Without<UserCreateInput, UserUncheckedCreateInput> & UserUncheckedCreateInput) | (Without<...> & UserCreateInput)'.

[7m110[0m         availableRoles: [UserRole.VENDOR],
[7m   [0m [91m        ~~~~~~~~~~~~~~[0m

  [96mnode_modules/.prisma/client/index.d.ts[0m:[93m8160[0m:[93m5[0m
    [7m8160[0m     create: XOR<UserCreateInput, UserUncheckedCreateInput>
    [7m    [0m [96m    ~~~~~~[0m
    The expected type comes from property 'create' which is declared here on type '{ select?: UserSelect<DefaultArgs> | null | undefined; omit?: UserOmit<DefaultArgs> | null | undefined; include?: UserInclude<DefaultArgs> | null | undefined; where: UserWhereUniqueInput; create: (Without<...> & UserUncheckedCreateInput) | (Without<...> & UserCreateInput); update: (Without<...> & UserUncheckedUpdate...'

[96msrc/modules/auth/application/services/authentication.service.spec.ts[0m:[93m137[0m:[93m49[0m - [91merror[0m[90m TS2345: [0mArgument of type '{ email: string; phone: string; password: string; name: string; role: string; }' is not assignable to parameter of type 'RegisterUserCommand'.
  Type '{ email: string; phone: string; password: string; name: string; role: string; }' is missing the following properties from type 'RegisterUserCommand': firstName, lastName

[7m137[0m       const result = await service.registerUser(registerCommand);
[7m   [0m [91m                                                ~~~~~~~~~~~~~~~[0m

[96msrc/modules/auth/application/services/authentication.service.spec.ts[0m:[93m157[0m:[93m41[0m - [91merror[0m[90m TS2345: [0mArgument of type '{ email: string; phone: string; password: string; name: string; role: string; }' is not assignable to parameter of type 'RegisterUserCommand'.

[7m157[0m       await expect(service.registerUser(registerCommand)).rejects.toThrow(
[7m   [0m [91m                                        ~~~~~~~~~~~~~~~[0m

[96msrc/modules/auth/application/services/authentication.service.spec.ts[0m:[93m166[0m:[93m41[0m - [91merror[0m[90m TS2345: [0mArgument of type '{ email: string; phone: string; password: string; name: string; role: string; }' is not assignable to parameter of type 'RegisterUserCommand'.

[7m166[0m       await expect(service.registerUser(registerCommand)).rejects.toThrow(
[7m   [0m [91m                                        ~~~~~~~~~~~~~~~[0m

[96msrc/modules/auth/application/services/authentication.service.spec.ts[0m:[93m180[0m:[93m41[0m - [91merror[0m[90m TS2345: [0mArgument of type '{ role: string; email: string; phone: string; password: string; name: string; }' is not assignable to parameter of type 'RegisterUserCommand'.
  Type '{ role: string; email: string; phone: string; password: string; name: string; }' is missing the following properties from type 'RegisterUserCommand': firstName, lastName

[7m180[0m       await expect(service.registerUser(invalidRoleCommand)).rejects.toThrow(
[7m   [0m [91m                                        ~~~~~~~~~~~~~~~~~~[0m

[96msrc/modules/auth/application/services/authentication.service.spec.ts[0m:[93m244[0m:[93m79[0m - [91merror[0m[90m TS2345: [0mArgument of type 'boolean' is not assignable to parameter of type 'never'.

[7m244[0m       userManagementService.validateTokenRefreshEligibility.mockResolvedValue(true);
[7m   [0m [91m                                                                              ~~~~[0m

[96msrc/modules/auth/application/services/otp-security.adapter.ts[0m:[93m55[0m:[93m9[0m - [91merror[0m[90m TS2322: [0mType 'User | null' is not assignable to type 'null'.
  Type 'User' is not assignable to type 'null'.

[7m55[0m         existingUser = await this.userRepository.findByPhone(phone.value);
[7m  [0m [91m        ~~~~~~~~~~~~[0m

[96msrc/modules/auth/application/services/otp-security.adapter.ts[0m:[93m59[0m:[93m9[0m - [91merror[0m[90m TS2322: [0mType 'User | null' is not assignable to type 'null'.
  Type 'User' is not assignable to type 'null'.

[7m59[0m         existingUser = await this.userRepository.findByEmail(emailVO);
[7m  [0m [91m        ~~~~~~~~~~~~[0m

[96msrc/modules/auth/application/services/otp-security.adapter.ts[0m:[93m68[0m:[93m9[0m - [91merror[0m[90m TS2322: [0mType 'string | undefined' is not assignable to type 'string'.
  Type 'undefined' is not assignable to type 'string'.

[7m68[0m         identifier: phoneNumber || email,
[7m  [0m [91m        ~~~~~~~~~~[0m

  [96msrc/modules/security/application/services/otp-application.service.ts[0m:[93m9[0m:[93m3[0m
    [7m9[0m   identifier: string;
    [7m [0m [96m  ~~~~~~~~~~[0m
    The expected type comes from property 'identifier' which is declared here on type 'GenerateOtpDto'

[96msrc/modules/auth/application/services/otp-security.adapter.ts[0m:[93m108[0m:[93m9[0m - [91merror[0m[90m TS2322: [0mType 'User | null' is not assignable to type 'null'.
  Type 'User' is not assignable to type 'null'.

[7m108[0m         user = await this.userRepository.findByPhone(phone.value);
[7m   [0m [91m        ~~~~[0m

[96msrc/modules/auth/application/services/otp-security.adapter.ts[0m:[93m112[0m:[93m9[0m - [91merror[0m[90m TS2322: [0mType 'User | null' is not assignable to type 'null'.
  Type 'User' is not assignable to type 'null'.

[7m112[0m         user = await this.userRepository.findByEmail(emailVO);
[7m   [0m [91m        ~~~~[0m

[96msrc/modules/auth/application/services/otp-security.adapter.ts[0m:[93m121[0m:[93m9[0m - [91merror[0m[90m TS2322: [0mType 'string | undefined' is not assignable to type 'string'.
  Type 'undefined' is not assignable to type 'string'.

[7m121[0m         identifier: phoneNumber || email,
[7m   [0m [91m        ~~~~~~~~~~[0m

  [96msrc/modules/security/application/services/otp-application.service.ts[0m:[93m9[0m:[93m3[0m
    [7m9[0m   identifier: string;
    [7m [0m [96m  ~~~~~~~~~~[0m
    The expected type comes from property 'identifier' which is declared here on type 'GenerateOtpDto'

[96msrc/modules/auth/application/services/otp-security.adapter.ts[0m:[93m131[0m:[93m24[0m - [91merror[0m[90m TS2339: [0mProperty 'id' does not exist on type 'never'.

[7m131[0m           userId: user.id,
[7m   [0m [91m                       ~~[0m

[96msrc/modules/auth/application/services/otp-security.adapter.ts[0m:[93m162[0m:[93m9[0m - [91merror[0m[90m TS2322: [0mType 'User | null' is not assignable to type 'null'.
  Type 'User' is not assignable to type 'null'.

[7m162[0m         user = await this.userRepository.findByPhone(phone.value);
[7m   [0m [91m        ~~~~[0m

[96msrc/modules/auth/application/services/otp-security.adapter.ts[0m:[93m166[0m:[93m9[0m - [91merror[0m[90m TS2322: [0mType 'User | null' is not assignable to type 'null'.
  Type 'User' is not assignable to type 'null'.

[7m166[0m         user = await this.userRepository.findByEmail(emailVO);
[7m   [0m [91m        ~~~~[0m

[96msrc/modules/auth/application/services/otp-security.adapter.ts[0m:[93m175[0m:[93m9[0m - [91merror[0m[90m TS2322: [0mType 'string | undefined' is not assignable to type 'string'.
  Type 'undefined' is not assignable to type 'string'.

[7m175[0m         identifier: phoneNumber || email,
[7m   [0m [91m        ~~~~~~~~~~[0m

  [96msrc/modules/security/application/services/otp-application.service.ts[0m:[93m9[0m:[93m3[0m
    [7m9[0m   identifier: string;
    [7m [0m [96m  ~~~~~~~~~~[0m
    The expected type comes from property 'identifier' which is declared here on type 'GenerateOtpDto'

[96msrc/modules/auth/application/services/otp-security.adapter.ts[0m:[93m185[0m:[93m24[0m - [91merror[0m[90m TS2339: [0mProperty 'id' does not exist on type 'never'.

[7m185[0m           userId: user.id,
[7m   [0m [91m                       ~~[0m

[96msrc/modules/auth/application/services/otp-security.adapter.ts[0m:[93m214[0m:[93m9[0m - [91merror[0m[90m TS2322: [0mType 'string | undefined' is not assignable to type 'string'.
  Type 'undefined' is not assignable to type 'string'.

[7m214[0m         identifier: phoneNumber || email,
[7m   [0m [91m        ~~~~~~~~~~[0m

  [96msrc/modules/security/application/services/otp-application.service.ts[0m:[93m18[0m:[93m3[0m
    [7m18[0m   identifier: string;
    [7m  [0m [96m  ~~~~~~~~~~[0m
    The expected type comes from property 'identifier' which is declared here on type 'ValidateOtpDto'

[96msrc/modules/auth/application/services/otp-security.adapter.ts[0m:[93m315[0m:[93m9[0m - [91merror[0m[90m TS2322: [0mType 'User | null' is not assignable to type 'null'.
  Type 'User' is not assignable to type 'null'.

[7m315[0m         user = await this.userRepository.findByPhone(phone.value);
[7m   [0m [91m        ~~~~[0m

[96msrc/modules/auth/application/services/otp-security.adapter.ts[0m:[93m319[0m:[93m9[0m - [91merror[0m[90m TS2322: [0mType 'User | null' is not assignable to type 'null'.
  Type 'User' is not assignable to type 'null'.

[7m319[0m         user = await this.userRepository.findByEmail(emailVO);
[7m   [0m [91m        ~~~~[0m

[96msrc/modules/auth/application/services/otp-security.adapter.ts[0m:[93m328[0m:[93m19[0m - [91merror[0m[90m TS2339: [0mProperty 'id' does not exist on type 'never'.

[7m328[0m         sub: user.id,
[7m   [0m [91m                  ~~[0m

[96msrc/modules/auth/application/services/otp-security.adapter.ts[0m:[93m329[0m:[93m21[0m - [91merror[0m[90m TS2339: [0mProperty 'email' does not exist on type 'never'.

[7m329[0m         email: user.email.value,
[7m   [0m [91m                    ~~~~~[0m

[96msrc/modules/auth/application/services/otp-security.adapter.ts[0m:[93m330[0m:[93m20[0m - [91merror[0m[90m TS2339: [0mProperty 'role' does not exist on type 'never'.

[7m330[0m         role: user.role.value,
[7m   [0m [91m                   ~~~~[0m

[96msrc/modules/auth/application/services/otp-security.adapter.ts[0m:[93m338[0m:[93m21[0m - [91merror[0m[90m TS2339: [0mProperty 'id' does not exist on type 'never'.

[7m338[0m         { sub: user.id },
[7m   [0m [91m                    ~~[0m

[96msrc/modules/auth/application/services/otp-security.adapter.ts[0m:[93m370[0m:[93m9[0m - [91merror[0m[90m TS2322: [0mType 'User | null' is not assignable to type 'null'.
  Type 'User' is not assignable to type 'null'.

[7m370[0m         user = await this.userRepository.findByPhone(phone.value);
[7m   [0m [91m        ~~~~[0m

[96msrc/modules/auth/application/services/otp-security.adapter.ts[0m:[93m374[0m:[93m9[0m - [91merror[0m[90m TS2322: [0mType 'User | null' is not assignable to type 'null'.
  Type 'User' is not assignable to type 'null'.

[7m374[0m         user = await this.userRepository.findByEmail(emailVO);
[7m   [0m [91m        ~~~~[0m

[96msrc/modules/auth/application/services/otp-security.adapter.ts[0m:[93m383[0m:[93m12[0m - [91merror[0m[90m TS2339: [0mProperty 'updatePassword' does not exist on type 'never'.

[7m383[0m       user.updatePassword(password.hashedValue);
[7m   [0m [91m           ~~~~~~~~~~~~~~[0m

[96msrc/modules/auth/application/services/password-management.service.spec.ts[0m:[93m106[0m:[93m49[0m - [91merror[0m[90m TS2345: [0mArgument of type '{ id: string; email: { value: string; }; firstName: string; lastName: string; phone: { value: string; }; currentRole: { value: string; }; validatePassword: jest.Mock<any, any, any>; changePassword: jest.Mock<...>; setPasswordResetToken: jest.Mock<...>; resetPassword: jest.Mock<...>; toJSON: jest.Mock<...>; }' is not assignable to parameter of type 'User | Promise<User | null> | null'.
  Type '{ id: string; email: { value: string; }; firstName: string; lastName: string; phone: { value: string; }; currentRole: { value: string; }; validatePassword: Mock<any, any, any>; changePassword: Mock<...>; setPasswordResetToken: Mock<...>; resetPassword: Mock<...>; toJSON: Mock<...>; }' is missing the following properties from type 'User': _id, _email, _password, _firstName, and 40 more.

[7m106[0m       userRepository.findById.mockResolvedValue(mockUser);
[7m   [0m [91m                                                ~~~~~~~~[0m

[96msrc/modules/auth/application/services/password-management.service.spec.ts[0m:[93m108[0m:[93m9[0m - [91merror[0m[90m TS2353: [0mObject literal may only specify known properties, and 'isValid' does not exist in type 'Promise<void>'.

[7m108[0m         isValid: true,
[7m   [0m [91m        ~~~~~~~[0m

[96msrc/modules/auth/application/services/password-management.service.spec.ts[0m:[93m111[0m:[93m45[0m - [91merror[0m[90m TS2345: [0mArgument of type '{ id: string; email: { value: string; }; firstName: string; lastName: string; phone: { value: string; }; currentRole: { value: string; }; validatePassword: jest.Mock<any, any, any>; changePassword: jest.Mock<...>; setPasswordResetToken: jest.Mock<...>; resetPassword: jest.Mock<...>; toJSON: jest.Mock<...>; }' is not assignable to parameter of type 'User | Promise<User>'.
  Type '{ id: string; email: { value: string; }; firstName: string; lastName: string; phone: { value: string; }; currentRole: { value: string; }; validatePassword: jest.Mock<any, any, any>; changePassword: jest.Mock<...>; setPasswordResetToken: jest.Mock<...>; resetPassword: jest.Mock<...>; toJSON: jest.Mock<...>; }' is not assignable to type 'User'.

[7m111[0m       userRepository.save.mockResolvedValue(mockUser);
[7m   [0m [91m                                            ~~~~~~~~[0m

[96msrc/modules/auth/application/services/password-management.service.spec.ts[0m:[93m149[0m:[93m49[0m - [91merror[0m[90m TS2345: [0mArgument of type '{ id: string; email: { value: string; }; firstName: string; lastName: string; phone: { value: string; }; currentRole: { value: string; }; validatePassword: jest.Mock<any, any, any>; changePassword: jest.Mock<...>; setPasswordResetToken: jest.Mock<...>; resetPassword: jest.Mock<...>; toJSON: jest.Mock<...>; }' is not assignable to parameter of type 'User | Promise<User | null> | null'.

[7m149[0m       userRepository.findById.mockResolvedValue(mockUser);
[7m   [0m [91m                                                ~~~~~~~~[0m

[96msrc/modules/auth/application/services/password-management.service.spec.ts[0m:[93m165[0m:[93m49[0m - [91merror[0m[90m TS2345: [0mArgument of type '{ id: string; email: { value: string; }; firstName: string; lastName: string; phone: { value: string; }; currentRole: { value: string; }; validatePassword: jest.Mock<any, any, any>; changePassword: jest.Mock<...>; setPasswordResetToken: jest.Mock<...>; resetPassword: jest.Mock<...>; toJSON: jest.Mock<...>; }' is not assignable to parameter of type 'User | Promise<User | null> | null'.

[7m165[0m       userRepository.findById.mockResolvedValue(mockUser);
[7m   [0m [91m                                                ~~~~~~~~[0m

[96msrc/modules/auth/application/services/password-management.service.spec.ts[0m:[93m167[0m:[93m9[0m - [91merror[0m[90m TS2353: [0mObject literal may only specify known properties, and 'isValid' does not exist in type 'Promise<void>'.

[7m167[0m         isValid: false,
[7m   [0m [91m        ~~~~~~~[0m

[96msrc/modules/auth/application/services/password-management.service.spec.ts[0m:[93m185[0m:[93m52[0m - [91merror[0m[90m TS2345: [0mArgument of type '{ id: string; email: { value: string; }; firstName: string; lastName: string; phone: { value: string; }; currentRole: { value: string; }; validatePassword: jest.Mock<any, any, any>; changePassword: jest.Mock<...>; setPasswordResetToken: jest.Mock<...>; resetPassword: jest.Mock<...>; toJSON: jest.Mock<...>; }' is not assignable to parameter of type 'User | Promise<User | null> | null'.

[7m185[0m       userRepository.findByEmail.mockResolvedValue(mockUser);
[7m   [0m [91m                                                   ~~~~~~~~[0m

[96msrc/modules/auth/application/services/password-management.service.spec.ts[0m:[93m186[0m:[93m29[0m - [91merror[0m[90m TS2551: [0mProperty 'generatePasswordResetToken' does not exist on type 'Mocked<UserManagementDomainService>'. Did you mean 'generateResetToken'?

[7m186[0m       userManagementService.generatePasswordResetToken.mockResolvedValue(resetToken);
[7m   [0m [91m                            ~~~~~~~~~~~~~~~~~~~~~~~~~~[0m

  [96msrc/modules/auth/domain/services/user-management-domain.service.ts[0m:[93m197[0m:[93m3[0m
    [7m197[0m   generateResetToken(userId: string): PasswordResetToken {
    [7m   [0m [96m  ~~~~~~~~~~~~~~~~~~[0m
    'generateResetToken' is declared here.

[96msrc/modules/auth/application/services/password-management.service.spec.ts[0m:[93m188[0m:[93m45[0m - [91merror[0m[90m TS2345: [0mArgument of type '{ id: string; email: { value: string; }; firstName: string; lastName: string; phone: { value: string; }; currentRole: { value: string; }; validatePassword: jest.Mock<any, any, any>; changePassword: jest.Mock<...>; setPasswordResetToken: jest.Mock<...>; resetPassword: jest.Mock<...>; toJSON: jest.Mock<...>; }' is not assignable to parameter of type 'User | Promise<User>'.

[7m188[0m       userRepository.save.mockResolvedValue(mockUser);
[7m   [0m [91m                                            ~~~~~~~~[0m

[96msrc/modules/auth/application/services/password-management.service.spec.ts[0m:[93m224[0m:[93m57[0m - [91merror[0m[90m TS2345: [0mArgument of type '{ id: string; email: { value: string; }; firstName: string; lastName: string; phone: { value: string; }; currentRole: { value: string; }; validatePassword: jest.Mock<any, any, any>; changePassword: jest.Mock<...>; setPasswordResetToken: jest.Mock<...>; resetPassword: jest.Mock<...>; toJSON: jest.Mock<...>; }' is not assignable to parameter of type 'User | Promise<User | null> | null'.

[7m224[0m       userRepository.findByResetToken.mockResolvedValue(mockUser);
[7m   [0m [91m                                                        ~~~~~~~~[0m

[96msrc/modules/auth/application/services/password-management.service.spec.ts[0m:[93m225[0m:[93m29[0m - [91merror[0m[90m TS2551: [0mProperty 'validatePasswordResetToken' does not exist on type 'Mocked<UserManagementDomainService>'. Did you mean 'validateResetToken'?

[7m225[0m       userManagementService.validatePasswordResetToken.mockResolvedValue({
[7m   [0m [91m                            ~~~~~~~~~~~~~~~~~~~~~~~~~~[0m

  [96msrc/modules/auth/domain/services/user-management-domain.service.ts[0m:[93m210[0m:[93m3[0m
    [7m210[0m   validateResetToken(resetToken: PasswordResetToken): void {
    [7m   [0m [96m  ~~~~~~~~~~~~~~~~~~[0m
    'validateResetToken' is declared here.

[96msrc/modules/auth/application/services/password-management.service.spec.ts[0m:[93m230[0m:[93m45[0m - [91merror[0m[90m TS2345: [0mArgument of type '{ id: string; email: { value: string; }; firstName: string; lastName: string; phone: { value: string; }; currentRole: { value: string; }; validatePassword: jest.Mock<any, any, any>; changePassword: jest.Mock<...>; setPasswordResetToken: jest.Mock<...>; resetPassword: jest.Mock<...>; toJSON: jest.Mock<...>; }' is not assignable to parameter of type 'User | Promise<User>'.

[7m230[0m       userRepository.save.mockResolvedValue(mockUser);
[7m   [0m [91m                                            ~~~~~~~~[0m

[96msrc/modules/auth/application/services/password-management.service.spec.ts[0m:[93m231[0m:[93m22[0m - [91merror[0m[90m TS2339: [0mProperty 'clearAllRefreshTokens' does not exist on type 'Mocked<UserRepository>'.

[7m231[0m       userRepository.clearAllRefreshTokens.mockResolvedValue(undefined);
[7m   [0m [91m                     ~~~~~~~~~~~~~~~~~~~~~[0m

[96msrc/modules/auth/application/services/password-management.service.spec.ts[0m:[93m234[0m:[93m50[0m - [91merror[0m[90m TS2345: [0mArgument of type '{ token: string; newPassword: string; }' is not assignable to parameter of type 'ResetPasswordCommand'.
  Type '{ token: string; newPassword: string; }' is missing the following properties from type 'ResetPasswordCommand': otp, requestId

[7m234[0m       const result = await service.resetPassword(command);
[7m   [0m [91m                                                 ~~~~~~~[0m

[96msrc/modules/auth/application/services/password-management.service.spec.ts[0m:[93m239[0m:[93m29[0m - [91merror[0m[90m TS2339: [0mProperty 'clearAllRefreshTokens' does not exist on type 'Mocked<UserRepository>'.

[7m239[0m       expect(userRepository.clearAllRefreshTokens).toHaveBeenCalledWith(mockUser.id);
[7m   [0m [91m                            ~~~~~~~~~~~~~~~~~~~~~[0m

[96msrc/modules/auth/application/services/password-management.service.spec.ts[0m:[93m251[0m:[93m50[0m - [91merror[0m[90m TS2345: [0mArgument of type '{ token: string; newPassword: string; }' is not assignable to parameter of type 'ResetPasswordCommand'.
  Type '{ token: string; newPassword: string; }' is missing the following properties from type 'ResetPasswordCommand': otp, requestId

[7m251[0m       const result = await service.resetPassword(command);
[7m   [0m [91m                                                 ~~~~~~~[0m

[96msrc/modules/auth/application/services/password-management.service.spec.ts[0m:[93m263[0m:[93m57[0m - [91merror[0m[90m TS2345: [0mArgument of type '{ id: string; email: { value: string; }; firstName: string; lastName: string; phone: { value: string; }; currentRole: { value: string; }; validatePassword: jest.Mock<any, any, any>; changePassword: jest.Mock<...>; setPasswordResetToken: jest.Mock<...>; resetPassword: jest.Mock<...>; toJSON: jest.Mock<...>; }' is not assignable to parameter of type 'User | Promise<User | null> | null'.

[7m263[0m       userRepository.findByResetToken.mockResolvedValue(mockUser);
[7m   [0m [91m                                                        ~~~~~~~~[0m

[96msrc/modules/auth/application/services/password-management.service.spec.ts[0m:[93m264[0m:[93m29[0m - [91merror[0m[90m TS2551: [0mProperty 'validatePasswordResetToken' does not exist on type 'Mocked<UserManagementDomainService>'. Did you mean 'validateResetToken'?

[7m264[0m       userManagementService.validatePasswordResetToken.mockResolvedValue({
[7m   [0m [91m                            ~~~~~~~~~~~~~~~~~~~~~~~~~~[0m

  [96msrc/modules/auth/domain/services/user-management-domain.service.ts[0m:[93m210[0m:[93m3[0m
    [7m210[0m   validateResetToken(resetToken: PasswordResetToken): void {
    [7m   [0m [96m  ~~~~~~~~~~~~~~~~~~[0m
    'validateResetToken' is declared here.

[96msrc/modules/auth/application/services/password-management.service.spec.ts[0m:[93m269[0m:[93m50[0m - [91merror[0m[90m TS2345: [0mArgument of type '{ token: string; newPassword: string; }' is not assignable to parameter of type 'ResetPasswordCommand'.
  Type '{ token: string; newPassword: string; }' is missing the following properties from type 'ResetPasswordCommand': otp, requestId

[7m269[0m       const result = await service.resetPassword(command);
[7m   [0m [91m                                                 ~~~~~~~[0m

[96msrc/modules/auth/application/services/password-management.service.spec.ts[0m:[93m283[0m:[93m50[0m - [91merror[0m[90m TS2345: [0mArgument of type '{ token: string; newPassword: string; }' is not assignable to parameter of type 'ResetPasswordCommand'.
  Type '{ token: string; newPassword: string; }' is missing the following properties from type 'ResetPasswordCommand': otp, requestId

[7m283[0m       const result = await service.resetPassword(command);
[7m   [0m [91m                                                 ~~~~~~~[0m

[96msrc/modules/auth/auth.controller.spec.ts[0m:[93m102[0m:[93m50[0m - [91merror[0m[90m TS2345: [0mArgument of type '{ user: { id: string; email: string; name: string; role: string; }; tokens: { accessToken: string; refreshToken: string; }; }' is not assignable to parameter of type 'AuthenticationResult | Promise<AuthenticationResult>'.
  Type '{ user: { id: string; email: string; name: string; role: string; }; tokens: { accessToken: string; refreshToken: string; }; }' is missing the following properties from type 'AuthenticationResult': accessToken, refreshToken

[7m102[0m       authService.registerUser.mockResolvedValue(expectedResult);
[7m   [0m [91m                                                 ~~~~~~~~~~~~~~[0m

[96msrc/modules/auth/auth.controller.spec.ts[0m:[93m125[0m:[93m9[0m - [91merror[0m[90m TS2353: [0mObject literal may only specify known properties, and 'name' does not exist in type 'RegisterDto'.

[7m125[0m         name: 'Test User',
[7m   [0m [91m        ~~~~[0m

[96msrc/modules/auth/auth.controller.spec.ts[0m:[93m147[0m:[93m47[0m - [91merror[0m[90m TS2345: [0mArgument of type '{ user: { id: string; email: string; name: string; role: string; }; tokens: { accessToken: string; refreshToken: string; }; }' is not assignable to parameter of type 'AuthenticationResult | Promise<AuthenticationResult>'.
  Type '{ user: { id: string; email: string; name: string; role: string; }; tokens: { accessToken: string; refreshToken: string; }; }' is missing the following properties from type 'AuthenticationResult': accessToken, refreshToken

[7m147[0m       authService.loginUser.mockResolvedValue(expectedResult);
[7m   [0m [91m                                              ~~~~~~~~~~~~~~[0m

[96msrc/modules/auth/auth.controller.spec.ts[0m:[93m181[0m:[93m50[0m - [91merror[0m[90m TS2345: [0mArgument of type '{ accessToken: string; refreshToken: string; }' is not assignable to parameter of type 'TokenRefreshResult | Promise<TokenRefreshResult>'.
  Property 'expiresAt' is missing in type '{ accessToken: string; refreshToken: string; }' but required in type 'TokenRefreshResult'.

[7m181[0m       authService.refreshToken.mockResolvedValue(expectedResult);
[7m   [0m [91m                                                 ~~~~~~~~~~~~~~[0m

  [96msrc/modules/auth/application/use-cases/authentication.use-case.ts[0m:[93m55[0m:[93m3[0m
    [7m55[0m   expiresAt: Date;
    [7m  [0m [96m  ~~~~~~~~~[0m
    'expiresAt' is declared here.

[96msrc/modules/auth/auth.controller.spec.ts[0m:[93m342[0m:[93m52[0m - [91merror[0m[90m TS2345: [0mArgument of type '{ success: boolean; user: { id: string; email: string; name: string; role: string; }; }' is not assignable to parameter of type 'GetUserProfileResult | Promise<GetUserProfileResult>'.
  Type '{ success: boolean; user: { id: string; email: string; name: string; role: string; }; }' is not assignable to type 'GetUserProfileResult'.
    Types of property 'user' are incompatible.
      Type '{ id: string; email: string; name: string; role: string; }' is missing the following properties from type '{ id: string; email: string; name: string; role: string; phone?: string | undefined; isEmailVerified: boolean; isPhoneVerified: boolean; }': isEmailVerified, isPhoneVerified

[7m342[0m       authService.getUserProfile.mockResolvedValue(expectedResult);
[7m   [0m [91m                                                   ~~~~~~~~~~~~~~[0m

[96msrc/modules/auth/auth.controller.spec.ts[0m:[93m358[0m:[93m9[0m - [91merror[0m[90m TS2322: [0mType '"mobile"' is not assignable to type 'DeviceType | undefined'.

[7m358[0m         deviceType: 'mobile',
[7m   [0m [91m        ~~~~~~~~~~[0m

  [96msrc/modules/auth/dto/register-otp.dto.ts[0m:[93m66[0m:[93m3[0m
    [7m66[0m   deviceType?: DeviceType;
    [7m  [0m [96m  ~~~~~~~~~~[0m
    The expected type comes from property 'deviceType' which is declared here on type 'RegisterOtpDto'

[96msrc/modules/auth/auth.controller.spec.ts[0m:[93m403[0m:[93m47[0m - [91merror[0m[90m TS2345: [0mArgument of type '{ success: boolean; verified: boolean; message: string; }' is not assignable to parameter of type 'OtpVerificationResult | Promise<OtpVerificationResult>'.
  Property 'isValid' is missing in type '{ success: boolean; verified: boolean; message: string; }' but required in type 'OtpVerificationResult'.

[7m403[0m       authService.verifyOtp.mockResolvedValue(expectedResult);
[7m   [0m [91m                                              ~~~~~~~~~~~~~~[0m

  [96msrc/modules/auth/application/use-cases/otp-management.use-case.ts[0m:[93m54[0m:[93m3[0m
    [7m54[0m   isValid: boolean;
    [7m  [0m [96m  ~~~~~~~[0m
    'isValid' is declared here.

[96msrc/modules/auth/auth.controller.spec.ts[0m:[93m446[0m:[93m9[0m - [91merror[0m[90m TS2322: [0mType '"CUSTOMER"' is not assignable to type 'UserRole | undefined'.

[7m446[0m         role: 'CUSTOMER',
[7m   [0m [91m        ~~~~[0m

  [96msrc/modules/auth/dto/complete-registration.dto.ts[0m:[93m84[0m:[93m3[0m
    [7m84[0m   role?: UserRole;
    [7m  [0m [96m  ~~~~[0m
    The expected type comes from property 'role' which is declared here on type 'CompleteRegistrationDto'

[96msrc/modules/auth/auth.controller.spec.ts[0m:[93m454[0m:[93m58[0m - [91merror[0m[90m TS2345: [0mArgument of type '{ user: { id: string; email: string; name: string; role: string; }; tokens: { accessToken: string; refreshToken: string; }; }' is not assignable to parameter of type 'RegistrationResult | Promise<RegistrationResult>'.
  Type '{ user: { id: string; email: string; name: string; role: string; }; tokens: { accessToken: string; refreshToken: string; }; }' is missing the following properties from type 'RegistrationResult': isNewUser, accessToken, refreshToken

[7m454[0m       authService.completeRegistration.mockResolvedValue(expectedResult);
[7m   [0m [91m                                                         ~~~~~~~~~~~~~~[0m

[96msrc/modules/auth/auth.controller.spec.ts[0m:[93m491[0m:[93m9[0m - [91merror[0m[90m TS2322: [0mType '"mobile"' is not assignable to type 'DeviceType | undefined'.

[7m491[0m         deviceType: 'mobile',
[7m   [0m [91m        ~~~~~~~~~~[0m

  [96msrc/modules/auth/dto/login-otp.dto.ts[0m:[93m69[0m:[93m3[0m
    [7m69[0m   deviceType?: DeviceType;
    [7m  [0m [96m  ~~~~~~~~~~[0m
    The expected type comes from property 'deviceType' which is declared here on type 'LoginOtpDto'

[96msrc/modules/auth/auth.controller.spec.ts[0m:[93m514[0m:[93m9[0m - [91merror[0m[90m TS2322: [0mType '"mobile"' is not assignable to type 'DeviceType | undefined'.

[7m514[0m         deviceType: 'mobile',
[7m   [0m [91m        ~~~~~~~~~~[0m

  [96msrc/modules/auth/dto/login-otp.dto.ts[0m:[93m69[0m:[93m3[0m
    [7m69[0m   deviceType?: DeviceType;
    [7m  [0m [96m  ~~~~~~~~~~[0m
    The expected type comes from property 'deviceType' which is declared here on type 'LoginOtpDto'

[96msrc/modules/auth/auth.controller.spec.ts[0m:[93m522[0m:[93m46[0m - [91merror[0m[90m TS2345: [0mArgument of type '{ user: { id: string; email: string; name: string; role: string; }; tokens: { accessToken: string; refreshToken: string; }; }' is not assignable to parameter of type 'OtpGenerationResult | Promise<OtpGenerationResult>'.

[7m522[0m       authService.loginOtp.mockResolvedValue(expectedResult);
[7m   [0m [91m                                             ~~~~~~~~~~~~~~[0m

[96msrc/modules/communication/application/services/message-orchestration.service.ts[0m:[93m15[0m:[93m3[0m - [91merror[0m[90m TS2724: [0m'"../../domain/interfaces/communication-domain.interface"' has no exported member named 'ICommunicationChannel'. Did you mean 'CommunicationChannel'?

[7m15[0m   ICommunicationChannel,
[7m  [0m [91m  ~~~~~~~~~~~~~~~~~~~~~[0m

[96msrc/modules/communication/application/services/message-orchestration.service.ts[0m:[93m113[0m:[93m44[0m - [91merror[0m[90m TS2339: [0mProperty 'create' does not exist on type 'typeof MessageRecipient'.

[7m113[0m         const recipient = MessageRecipient.create(
[7m   [0m [91m                                           ~~~~~~[0m

[96msrc/modules/communication/application/services/message-orchestration.service.ts[0m:[93m127[0m:[93m11[0m - [91merror[0m[90m TS2554: [0mExpected 0-1 arguments, but got 4.

[7m127[0m           request.context.sessionId,
[7m   [0m [91m          ~~~~~~~~~~~~~~~~~~~~~~~~~~[0m
[7m128[0m           request.context.requestId || uuidv4(),
[7m   [0m [91m~~~~~~~~~~~~~~~~~~~~~~~~~~~~~~~~~~~~~~~~~~~~~~~~[0m
[7m129[0m           request.context.metadata,
[7m   [0m [91m~~~~~~~~~~~~~~~~~~~~~~~~~~~~~~~~~~[0m

[96msrc/modules/communication/application/services/message-orchestration.service.ts[0m:[93m149[0m:[93m13[0m - [91merror[0m[90m TS2554: [0mExpected 1 arguments, but got 3.

[7m149[0m             request.content.subject,
[7m   [0m [91m            ~~~~~~~~~~~~~~~~~~~~~~~~[0m
[7m150[0m             attachments,
[7m   [0m [91m~~~~~~~~~~~~~~~~~~~~~~~[0m

[96msrc/modules/communication/application/services/message-orchestration.service.ts[0m:[93m301[0m:[93m36[0m - [91merror[0m[90m TS2339: [0mProperty 'toJSON' does not exist on type 'CommunicationContext'.

[7m301[0m           context: message.context.toJSON(),
[7m   [0m [91m                                   ~~~~~~[0m

[96msrc/modules/communication/application/services/message-orchestration.service.ts[0m:[93m310[0m:[93m19[0m - [91merror[0m[90m TS2339: [0mProperty 'providerId' does not exist on type 'CommunicationChannel'.

[7m310[0m           channel.providerId || channel.name,
[7m   [0m [91m                  ~~~~~~~~~~[0m

[96msrc/modules/communication/application/services/message-orchestration.service.ts[0m:[93m312[0m:[93m11[0m - [91merror[0m[90m TS2554: [0mExpected 1-3 arguments, but got 4.

[7m312[0m           message.retryCount,
[7m   [0m [91m          ~~~~~~~~~~~~~~~~~~[0m

[96msrc/modules/communication/application/services/template-management.service.ts[0m:[93m105[0m:[93m16[0m - [91merror[0m[90m TS2673: [0mConstructor of class 'MessageAttachment' is private and only accessible within the class declaration.

[7m105[0m         att => new MessageAttachment(
[7m   [0m [91m               ~~~~~~~~~~~~~~~~~~~~~~[0m
[7m106[0m           att.filename,
[7m   [0m [91m~~~~~~~~~~~~~~~~~~~~~~~[0m
[7m...[0m 
[7m109[0m           att.content.length,
[7m   [0m [91m~~~~~~~~~~~~~~~~~~~~~~~~~~~~~[0m
[7m110[0m         ),
[7m   [0m [91m~~~~~~~~~[0m

[96msrc/modules/communication/application/services/template-management.service.ts[0m:[93m165[0m:[93m18[0m - [91merror[0m[90m TS2673: [0mConstructor of class 'MessageAttachment' is private and only accessible within the class declaration.

[7m165[0m           att => new MessageAttachment(
[7m   [0m [91m                 ~~~~~~~~~~~~~~~~~~~~~~[0m
[7m166[0m             att.filename,
[7m   [0m [91m~~~~~~~~~~~~~~~~~~~~~~~~~[0m
[7m...[0m 
[7m169[0m             att.content.length,
[7m   [0m [91m~~~~~~~~~~~~~~~~~~~~~~~~~~~~~~~[0m
[7m170[0m           ),
[7m   [0m [91m~~~~~~~~~~~[0m

[96msrc/modules/communication/application/services/template-management.service.ts[0m:[93m447[0m:[93m9[0m - [91merror[0m[90m TS2322: [0mType '{ filename: string; content: string | Buffer; contentType: string; }[]' is not assignable to type '{ filename: string; content: Buffer; contentType: string; }[]'.
  Type '{ filename: string; content: string | Buffer; contentType: string; }' is not assignable to type '{ filename: string; content: Buffer; contentType: string; }'.
    Types of property 'content' are incompatible.
      Type 'string | Buffer' is not assignable to type 'Buffer'.
        Type 'string' is not assignable to type 'Buffer'.

[7m447[0m         attachments: originalTemplate.attachments.map(att => ({
[7m   [0m [91m        ~~~~~~~~~~~[0m

  [96msrc/modules/communication/application/services/template-management.service.ts[0m:[93m24[0m:[93m3[0m
    [7m24[0m   attachments?: Array<{
    [7m  [0m [96m  ~~~~~~~~~~~[0m
    The expected type comes from property 'attachments' which is declared here on type 'CreateTemplateRequest'

[96msrc/modules/communication/communication.module.ts[0m:[93m44[0m:[93m3[0m - [91merror[0m[90m TS2724: [0m'"./domain/repositories/communication.repository"' has no exported member named 'IMessageRepository'. Did you mean 'MessageRepository'?

[7m44[0m   IMessageRepository,
[7m  [0m [91m  ~~~~~~~~~~~~~~~~~~[0m

[96msrc/modules/communication/communication.module.ts[0m:[93m45[0m:[93m3[0m - [91merror[0m[90m TS2305: [0mModule '"./domain/repositories/communication.repository"' has no exported member 'ICommunicationTemplateRepository'.

[7m45[0m   ICommunicationTemplateRepository,
[7m  [0m [91m  ~~~~~~~~~~~~~~~~~~~~~~~~~~~~~~~~[0m

[96msrc/modules/communication/communication.module.ts[0m:[93m46[0m:[93m3[0m - [91merror[0m[90m TS2724: [0m'"./domain/repositories/communication.repository"' has no exported member named 'IDeliveryResultRepository'. Did you mean 'DeliveryResultRepository'?

[7m46[0m   IDeliveryResultRepository,
[7m  [0m [91m  ~~~~~~~~~~~~~~~~~~~~~~~~~[0m

[96msrc/modules/communication/communication.module.ts[0m:[93m47[0m:[93m3[0m - [91merror[0m[90m TS2724: [0m'"./domain/repositories/communication.repository"' has no exported member named 'ICommunicationUnitOfWork'. Did you mean 'CommunicationUnitOfWork'?

[7m47[0m   ICommunicationUnitOfWork,
[7m  [0m [91m  ~~~~~~~~~~~~~~~~~~~~~~~~[0m

[96msrc/modules/communication/communication.module.ts[0m:[93m51[0m:[93m10[0m - [91merror[0m[90m TS2724: [0m'"./domain/interfaces/communication-domain.interface"' has no exported member named 'ICommunicationChannel'. Did you mean 'CommunicationChannel'?

[7m51[0m import { ICommunicationChannel } from './domain/interfaces/communication-domain.interface';
[7m  [0m [91m         ~~~~~~~~~~~~~~~~~~~~~[0m

[96msrc/modules/communication/communication.module.ts[0m:[93m132[0m:[93m7[0m - [91merror[0m[90m TS2353: [0mObject literal may only specify known properties, and 'multi' does not exist in type 'Provider'.

[7m132[0m       multi: true,
[7m   [0m [91m      ~~~~~[0m

[96msrc/modules/communication/communication.module.ts[0m:[93m137[0m:[93m7[0m - [91merror[0m[90m TS2353: [0mObject literal may only specify known properties, and 'multi' does not exist in type 'Provider'.

[7m137[0m       multi: true,
[7m   [0m [91m      ~~~~~[0m

[96msrc/modules/communication/communication.module.ts[0m:[93m142[0m:[93m7[0m - [91merror[0m[90m TS2353: [0mObject literal may only specify known properties, and 'multi' does not exist in type 'Provider'.

[7m142[0m       multi: true,
[7m   [0m [91m      ~~~~~[0m

[96msrc/modules/communication/controllers/communication.controller.ts[0m:[93m137[0m:[93m42[0m - [91merror[0m[90m TS2339: [0mProperty 'create' does not exist on type 'typeof MessageRecipient'.

[7m137[0m       const recipient = MessageRecipient.create(dto.recipientType, dto.recipientValue);
[7m   [0m [91m                                         ~~~~~~[0m

[96msrc/modules/communication/controllers/communication.controller.ts[0m:[93m144[0m:[93m55[0m - [91merror[0m[90m TS2554: [0mExpected 1 arguments, but got 3.

[7m144[0m       const content = MessageContent.create(dto.body, dto.subject, attachments);
[7m   [0m [91m                                                      ~~~~~~~~~~~~~~~~~~~~~~~~[0m

[96msrc/modules/communication/controllers/communication.controller.ts[0m:[93m147[0m:[93m9[0m - [91merror[0m[90m TS2554: [0mExpected 0-1 arguments, but got 4.

[7m147[0m         dto.context.sessionId,
[7m   [0m [91m        ~~~~~~~~~~~~~~~~~~~~~~[0m
[7m148[0m         dto.context.requestId,
[7m   [0m [91m~~~~~~~~~~~~~~~~~~~~~~~~~~~~~~[0m
[7m149[0m         dto.context.metadata,
[7m   [0m [91m~~~~~~~~~~~~~~~~~~~~~~~~~~~~[0m

[96msrc/modules/communication/controllers/communication.controller.ts[0m:[93m162[0m:[93m73[0m - [91merror[0m[90m TS2345: [0mArgument of type '{ recipient: any; channel: string; content: MessageContent; priority: MessagePriority; scheduledAt: Date | undefined; context: CommunicationContext | undefined; metadata: any; }' is not assignable to parameter of type 'SendMessageRequest'.
  The types of 'content.attachments' are incompatible between these types.
    Type 'MessageAttachment[] | undefined' is not assignable to type '{ filename: string; content: Buffer; contentType: string; }[] | undefined'.
      Type 'MessageAttachment[]' is not assignable to type '{ filename: string; content: Buffer; contentType: string; }[]'.
        Type 'MessageAttachment' is not assignable to type '{ filename: string; content: Buffer; contentType: string; }'.
          Types of property 'content' are incompatible.
            Type 'string | Buffer' is not assignable to type 'Buffer'.
              Type 'string' is not assignable to type 'Buffer'.

[7m162[0m       const result = await this.messageOrchestrationService.sendMessage(request);
[7m   [0m [91m                                                                        ~~~~~~~[0m

[96msrc/modules/communication/controllers/communication.controller.ts[0m:[93m170[0m:[93m31[0m - [91merror[0m[90m TS2339: [0mProperty 'channelUsed' does not exist on type 'SendMessageResponse'.

[7m170[0m           channelUsed: result.channelUsed,
[7m   [0m [91m                              ~~~~~~~~~~~[0m

[96msrc/modules/communication/controllers/communication.controller.ts[0m:[93m196[0m:[93m44[0m - [91merror[0m[90m TS2339: [0mProperty 'create' does not exist on type 'typeof MessageRecipient'.

[7m196[0m         const recipient = MessageRecipient.create(msg.recipientType, msg.recipientValue);
[7m   [0m [91m                                           ~~~~~~[0m

[96msrc/modules/communication/controllers/communication.controller.ts[0m:[93m203[0m:[93m57[0m - [91merror[0m[90m TS2554: [0mExpected 1 arguments, but got 3.

[7m203[0m         const content = MessageContent.create(msg.body, msg.subject, attachments);
[7m   [0m [91m                                                        ~~~~~~~~~~~~~~~~~~~~~~~~[0m

[96msrc/modules/communication/controllers/communication.controller.ts[0m:[93m206[0m:[93m11[0m - [91merror[0m[90m TS2554: [0mExpected 0-1 arguments, but got 4.

[7m206[0m           msg.context.sessionId,
[7m   [0m [91m          ~~~~~~~~~~~~~~~~~~~~~~[0m
[7m207[0m           msg.context.requestId,
[7m   [0m [91m~~~~~~~~~~~~~~~~~~~~~~~~~~~~~~~~[0m
[7m208[0m           msg.context.metadata,
[7m   [0m [91m~~~~~~~~~~~~~~~~~~~~~~~~~~~~~~[0m

[96msrc/modules/communication/controllers/communication.controller.ts[0m:[93m228[0m:[93m61[0m - [91merror[0m[90m TS2551: [0mProperty 'bulkSendMessages' does not exist on type 'MessageOrchestrationService'. Did you mean 'sendMessage'?

[7m228[0m       const result = await this.messageOrchestrationService.bulkSendMessages(bulkRequest);
[7m   [0m [91m                                                            ~~~~~~~~~~~~~~~~[0m

  [96msrc/modules/communication/application/services/message-orchestration.service.ts[0m:[93m107[0m:[93m9[0m
    [7m107[0m   async sendMessage(request: SendMessageRequest): Promise<SendMessageResponse> {
    [7m   [0m [96m        ~~~~~~~~~~~[0m
    'sendMessage' is declared here.

[96msrc/modules/communication/controllers/communication.controller.ts[0m:[93m270[0m:[93m9[0m - [91merror[0m[90m TS2554: [0mExpected 1 arguments, but got 8.

[7m270[0m         dto.type,
[7m   [0m [91m        ~~~~~~~~~[0m
[7m271[0m         dto.category,
[7m   [0m [91m~~~~~~~~~~~~~~~~~~~~~[0m
[7m...[0m 
[7m275[0m         attachments,
[7m   [0m [91m~~~~~~~~~~~~~~~~~~~~[0m
[7m276[0m         dto.metadata,
[7m   [0m [91m~~~~~~~~~~~~~~~~~~~~[0m

[96msrc/modules/communication/controllers/communication.controller.ts[0m:[93m282[0m:[93m32[0m - [91merror[0m[90m TS2339: [0mProperty 'getId' does not exist on type 'CommunicationTemplate'.

[7m282[0m           templateId: template.getId(),
[7m   [0m [91m                               ~~~~~[0m

[96msrc/modules/communication/controllers/communication.controller.ts[0m:[93m283[0m:[93m26[0m - [91merror[0m[90m TS2339: [0mProperty 'getName' does not exist on type 'CommunicationTemplate'.

[7m283[0m           name: template.getName(),
[7m   [0m [91m                         ~~~~~~~[0m

[96msrc/modules/communication/controllers/communication.controller.ts[0m:[93m284[0m:[93m26[0m - [91merror[0m[90m TS2339: [0mProperty 'getType' does not exist on type 'CommunicationTemplate'.

[7m284[0m           type: template.getType(),
[7m   [0m [91m                         ~~~~~~~[0m

[96msrc/modules/communication/controllers/communication.controller.ts[0m:[93m285[0m:[93m30[0m - [91merror[0m[90m TS2551: [0mProperty 'getCategory' does not exist on type 'CommunicationTemplate'. Did you mean 'category'?

[7m285[0m           category: template.getCategory(),
[7m   [0m [91m                             ~~~~~~~~~~~[0m

  [96msrc/modules/communication/domain/entities/communication-template.entity.ts[0m:[93m50[0m:[93m5[0m
    [7m50[0m     public readonly category: TemplateCategory,
    [7m  [0m [96m    ~~~~~~~~~~~~~~~~~~~~~~~~~~~~~~~~~~~~~~~~~~[0m
    'category' is declared here.

[96msrc/modules/communication/controllers/communication.controller.ts[0m:[93m286[0m:[93m29[0m - [91merror[0m[90m TS2339: [0mProperty 'getVersion' does not exist on type 'CommunicationTemplate'.

[7m286[0m           version: template.getVersion(),
[7m   [0m [91m                            ~~~~~~~~~~[0m

[96msrc/modules/communication/controllers/communication.controller.ts[0m:[93m322[0m:[93m76[0m - [91merror[0m[90m TS2345: [0mArgument of type '{ type: TemplateType | undefined; category: TemplateCategory | undefined; isActive: boolean | undefined; }' is not assignable to parameter of type 'TemplateFilters'.
  Types of property 'type' are incompatible.
    Type 'TemplateType | undefined' is not assignable to type 'TemplateType[] | undefined'.
      Type 'import("C:/Users/user/Desktop/ntumai/backend/src/modules/communication/domain/entities/communication-template.entity").TemplateType' is not assignable to type 'TemplateType[]'.

[7m322[0m       const templates = await this.templateManagementService.listTemplates(filter, pagination);
[7m   [0m [91m                                                                           ~~~~~~[0m

[96msrc/modules/communication/controllers/communication.controller.ts[0m:[93m323[0m:[93m58[0m - [91merror[0m[90m TS2339: [0mProperty 'countTemplates' does not exist on type 'TemplateManagementService'.

[7m323[0m       const total = await this.templateManagementService.countTemplates(filter);
[7m   [0m [91m                                                         ~~~~~~~~~~~~~~[0m

[96msrc/modules/communication/controllers/communication.controller.ts[0m:[93m328[0m:[93m32[0m - [91merror[0m[90m TS2339: [0mProperty 'map' does not exist on type 'PaginatedResult<CommunicationTemplate>'.

[7m328[0m           templates: templates.map(template => ({
[7m   [0m [91m                               ~~~[0m

[96msrc/modules/communication/controllers/communication.controller.ts[0m:[93m385[0m:[93m24[0m - [91merror[0m[90m TS2339: [0mProperty 'getId' does not exist on type 'CommunicationTemplate'.

[7m385[0m           id: template.getId(),
[7m   [0m [91m                       ~~~~~[0m

[96msrc/modules/communication/controllers/communication.controller.ts[0m:[93m386[0m:[93m26[0m - [91merror[0m[90m TS2339: [0mProperty 'getName' does not exist on type 'CommunicationTemplate'.

[7m386[0m           name: template.getName(),
[7m   [0m [91m                         ~~~~~~~[0m

[96msrc/modules/communication/controllers/communication.controller.ts[0m:[93m387[0m:[93m26[0m - [91merror[0m[90m TS2339: [0mProperty 'getType' does not exist on type 'CommunicationTemplate'.

[7m387[0m           type: template.getType(),
[7m   [0m [91m                         ~~~~~~~[0m

[96msrc/modules/communication/controllers/communication.controller.ts[0m:[93m388[0m:[93m30[0m - [91merror[0m[90m TS2551: [0mProperty 'getCategory' does not exist on type 'CommunicationTemplate'. Did you mean 'category'?

[7m388[0m           category: template.getCategory(),
[7m   [0m [91m                             ~~~~~~~~~~~[0m

  [96msrc/modules/communication/domain/entities/communication-template.entity.ts[0m:[93m50[0m:[93m5[0m
    [7m50[0m     public readonly category: TemplateCategory,
    [7m  [0m [96m    ~~~~~~~~~~~~~~~~~~~~~~~~~~~~~~~~~~~~~~~~~~[0m
    'category' is declared here.

[96msrc/modules/communication/controllers/communication.controller.ts[0m:[93m389[0m:[93m29[0m - [91merror[0m[90m TS2551: [0mProperty 'getSubject' does not exist on type 'CommunicationTemplate'. Did you mean 'subject'?

[7m389[0m           subject: template.getSubject(),
[7m   [0m [91m                            ~~~~~~~~~~[0m

  [96msrc/modules/communication/domain/entities/communication-template.entity.ts[0m:[93m126[0m:[93m7[0m
    [7m126[0m   get subject(): string {
    [7m   [0m [96m      ~~~~~~~[0m
    'subject' is declared here.

[96msrc/modules/communication/controllers/communication.controller.ts[0m:[93m390[0m:[93m26[0m - [91merror[0m[90m TS2339: [0mProperty 'getBody' does not exist on type 'CommunicationTemplate'.

[7m390[0m           body: template.getBody(),
[7m   [0m [91m                         ~~~~~~~[0m

[96msrc/modules/communication/controllers/communication.controller.ts[0m:[93m391[0m:[93m31[0m - [91merror[0m[90m TS2551: [0mProperty 'getVariables' does not exist on type 'CommunicationTemplate'. Did you mean 'variables'?

[7m391[0m           variables: template.getVariables(),
[7m   [0m [91m                              ~~~~~~~~~~~~[0m

  [96msrc/modules/communication/domain/entities/communication-template.entity.ts[0m:[93m134[0m:[93m7[0m
    [7m134[0m   get variables(): TemplateVariable[] {
    [7m   [0m [96m      ~~~~~~~~~[0m
    'variables' is declared here.

[96msrc/modules/communication/controllers/communication.controller.ts[0m:[93m392[0m:[93m33[0m - [91merror[0m[90m TS2551: [0mProperty 'getAttachments' does not exist on type 'CommunicationTemplate'. Did you mean 'attachments'?

[7m392[0m           attachments: template.getAttachments().map(att => ({
[7m   [0m [91m                                ~~~~~~~~~~~~~~[0m

  [96msrc/modules/communication/domain/entities/communication-template.entity.ts[0m:[93m138[0m:[93m7[0m
    [7m138[0m   get attachments(): MessageAttachment[] {
    [7m   [0m [96m      ~~~~~~~~~~~[0m
    'attachments' is declared here.

[96msrc/modules/communication/controllers/communication.controller.ts[0m:[93m397[0m:[93m30[0m - [91merror[0m[90m TS6234: [0mThis expression is not callable because it is a 'get' accessor. Did you mean to use it without '()'?
  Type 'Boolean' has no call signatures.

[7m397[0m           isActive: template.isActive(),
[7m   [0m [91m                             ~~~~~~~~[0m

[96msrc/modules/communication/controllers/communication.controller.ts[0m:[93m398[0m:[93m32[0m - [91merror[0m[90m TS6234: [0mThis expression is not callable because it is a 'get' accessor. Did you mean to use it without '()'?
  Type 'Boolean' has no call signatures.

[7m398[0m           isApproved: template.isApproved(),
[7m   [0m [91m                               ~~~~~~~~~~[0m

[96msrc/modules/communication/controllers/communication.controller.ts[0m:[93m399[0m:[93m29[0m - [91merror[0m[90m TS2339: [0mProperty 'getVersion' does not exist on type 'CommunicationTemplate'.

[7m399[0m           version: template.getVersion(),
[7m   [0m [91m                            ~~~~~~~~~~[0m

[96msrc/modules/communication/controllers/communication.controller.ts[0m:[93m400[0m:[93m30[0m - [91merror[0m[90m TS2551: [0mProperty 'getMetadata' does not exist on type 'CommunicationTemplate'. Did you mean 'metadata'?

[7m400[0m           metadata: template.getMetadata(),
[7m   [0m [91m                             ~~~~~~~~~~~[0m

  [96msrc/modules/communication/domain/entities/communication-template.entity.ts[0m:[93m142[0m:[93m7[0m
    [7m142[0m   get metadata(): TemplateMetadata {
    [7m   [0m [96m      ~~~~~~~~[0m
    'metadata' is declared here.

[96msrc/modules/communication/controllers/communication.controller.ts[0m:[93m401[0m:[93m31[0m - [91merror[0m[90m TS2551: [0mProperty 'getCreatedAt' does not exist on type 'CommunicationTemplate'. Did you mean 'createdAt'?

[7m401[0m           createdAt: template.getCreatedAt(),
[7m   [0m [91m                              ~~~~~~~~~~~~[0m

  [96msrc/modules/communication/domain/entities/communication-template.entity.ts[0m:[93m146[0m:[93m7[0m
    [7m146[0m   get createdAt(): Date {
    [7m   [0m [96m      ~~~~~~~~~[0m
    'createdAt' is declared here.

[96msrc/modules/communication/controllers/communication.controller.ts[0m:[93m402[0m:[93m31[0m - [91merror[0m[90m TS2551: [0mProperty 'getUpdatedAt' does not exist on type 'CommunicationTemplate'. Did you mean 'updatedAt'?

[7m402[0m           updatedAt: template.getUpdatedAt(),
[7m   [0m [91m                              ~~~~~~~~~~~~[0m

  [96msrc/modules/communication/domain/entities/communication-template.entity.ts[0m:[93m150[0m:[93m7[0m
    [7m150[0m   get updatedAt(): Date {
    [7m   [0m [96m      ~~~~~~~~~[0m
    'updatedAt' is declared here.

[96msrc/modules/communication/controllers/communication.controller.ts[0m:[93m438[0m:[93m9[0m - [91merror[0m[90m TS2554: [0mExpected 2 arguments, but got 6.

[7m438[0m         dto.body,
[7m   [0m [91m        ~~~~~~~~~[0m
[7m439[0m         dto.variables,
[7m   [0m [91m~~~~~~~~~~~~~~~~~~~~~~[0m
[7m440[0m         attachments,
[7m   [0m [91m~~~~~~~~~~~~~~~~~~~~[0m
[7m441[0m         dto.metadata,
[7m   [0m [91m~~~~~~~~~~~~~~~~~~~~[0m

[96msrc/modules/communication/controllers/communication.controller.ts[0m:[93m447[0m:[93m32[0m - [91merror[0m[90m TS2339: [0mProperty 'getId' does not exist on type 'CommunicationTemplate'.

[7m447[0m           templateId: template.getId(),
[7m   [0m [91m                               ~~~~~[0m

[96msrc/modules/communication/controllers/communication.controller.ts[0m:[93m448[0m:[93m29[0m - [91merror[0m[90m TS2339: [0mProperty 'getVersion' does not exist on type 'CommunicationTemplate'.

[7m448[0m           version: template.getVersion(),
[7m   [0m [91m                            ~~~~~~~~~~[0m

[96msrc/modules/communication/controllers/communication.controller.ts[0m:[93m449[0m:[93m31[0m - [91merror[0m[90m TS2551: [0mProperty 'getUpdatedAt' does not exist on type 'CommunicationTemplate'. Did you mean 'updatedAt'?

[7m449[0m           updatedAt: template.getUpdatedAt(),
[7m   [0m [91m                              ~~~~~~~~~~~~[0m

  [96msrc/modules/communication/domain/entities/communication-template.entity.ts[0m:[93m150[0m:[93m7[0m
    [7m150[0m   get updatedAt(): Date {
    [7m   [0m [96m      ~~~~~~~~~[0m
    'updatedAt' is declared here.

[96msrc/modules/communication/controllers/communication.controller.ts[0m:[93m518[0m:[93m42[0m - [91merror[0m[90m TS2339: [0mProperty 'create' does not exist on type 'typeof MessageRecipient'.

[7m518[0m       const recipient = MessageRecipient.create(dto.recipientType, dto.recipientValue);
[7m   [0m [91m                                         ~~~~~~[0m

[96msrc/modules/communication/controllers/communication.controller.ts[0m:[93m521[0m:[93m9[0m - [91merror[0m[90m TS2554: [0mExpected 0-1 arguments, but got 4.

[7m521[0m         dto.context.sessionId,
[7m   [0m [91m        ~~~~~~~~~~~~~~~~~~~~~~[0m
[7m522[0m         dto.context.requestId,
[7m   [0m [91m~~~~~~~~~~~~~~~~~~~~~~~~~~~~~~[0m
[7m523[0m         dto.context.metadata,
[7m   [0m [91m~~~~~~~~~~~~~~~~~~~~~~~~~~~~[0m

[96msrc/modules/communication/controllers/communication.controller.ts[0m:[93m536[0m:[93m61[0m - [91merror[0m[90m TS2339: [0mProperty 'sendTemplateMessage' does not exist on type 'MessageOrchestrationService'.

[7m536[0m       const result = await this.messageOrchestrationService.sendTemplateMessage(request);
[7m   [0m [91m                                                            ~~~~~~~~~~~~~~~~~~~[0m

[96msrc/modules/communication/controllers/communication.controller.ts[0m:[93m571[0m:[93m13[0m - [91merror[0m[90m TS2554: [0mExpected 1 arguments, but got 2.

[7m571[0m             recipient.value,
[7m   [0m [91m            ~~~~~~~~~~~~~~~[0m

[96msrc/modules/communication/controllers/communication.controller.ts[0m:[93m612[0m:[93m62[0m - [91merror[0m[90m TS2339: [0mProperty 'getAvailableChannels' does not exist on type 'CommunicationDomainService'.

[7m612[0m       const channels = await this.communicationDomainService.getAvailableChannels();
[7m   [0m [91m                                                             ~~~~~~~~~~~~~~~~~~~~[0m

[96msrc/modules/communication/domain/entities/communication-template.entity.ts[0m:[93m244[0m:[93m7[0m - [91merror[0m[90m TS2554: [0mExpected 1 arguments, but got 3.

[7m244[0m       renderedSubject,
[7m   [0m [91m      ~~~~~~~~~~~~~~~~[0m
[7m245[0m       this._attachments,
[7m   [0m [91m~~~~~~~~~~~~~~~~~~~~~~~[0m

[96msrc/modules/communication/domain/entities/communication-template.entity.ts[0m:[93m470[0m:[93m53[0m - [91merror[0m[90m TS2339: [0mProperty 'toJSON' does not exist on type 'MessageAttachment'.

[7m470[0m       attachments: this._attachments.map(att => att.toJSON()),
[7m   [0m [91m                                                    ~~~~~~[0m

[96msrc/modules/communication/domain/entities/message.entity.ts[0m:[93m301[0m:[93m33[0m - [91merror[0m[90m TS2339: [0mProperty 'toJSON' does not exist on type 'MessageRecipient'.

[7m301[0m       recipient: this.recipient.toJSON(),
[7m   [0m [91m                                ~~~~~~[0m

[96msrc/modules/communication/domain/entities/message.entity.ts[0m:[93m302[0m:[93m29[0m - [91merror[0m[90m TS2339: [0mProperty 'toJSON' does not exist on type 'MessageContent'.

[7m302[0m       content: this.content.toJSON(),
[7m   [0m [91m                            ~~~~~~[0m

[96msrc/modules/communication/domain/entities/message.entity.ts[0m:[93m303[0m:[93m29[0m - [91merror[0m[90m TS2339: [0mProperty 'toJSON' does not exist on type 'CommunicationContext'.

[7m303[0m       context: this.context.toJSON(),
[7m   [0m [91m                            ~~~~~~[0m

[96msrc/modules/communication/domain/entities/message.entity.ts[0m:[93m310[0m:[93m67[0m - [91merror[0m[90m TS2339: [0mProperty 'toJSON' does not exist on type 'DeliveryResult'.

[7m310[0m       deliveryResults: this._deliveryResults.map(result => result.toJSON()),
[7m   [0m [91m                                                                  ~~~~~~[0m

[96msrc/modules/communication/infrastructure/adapters/email-channel.adapter.ts[0m:[93m3[0m:[93m29[0m - [91merror[0m[90m TS2307: [0mCannot find module 'nodemailer' or its corresponding type declarations.

[7m3[0m import * as nodemailer from 'nodemailer';
[7m [0m [91m                            ~~~~~~~~~~~~[0m

[96msrc/modules/communication/infrastructure/adapters/email-channel.adapter.ts[0m:[93m4[0m:[93m10[0m - [91merror[0m[90m TS2724: [0m'"../../domain/interfaces/communication-domain.interface"' has no exported member named 'ICommunicationChannel'. Did you mean 'CommunicationChannel'?

[7m4[0m import { ICommunicationChannel } from '../../domain/interfaces/communication-domain.interface';
[7m [0m [91m         ~~~~~~~~~~~~~~~~~~~~~[0m

[96msrc/modules/communication/infrastructure/adapters/email-channel.adapter.ts[0m:[93m63[0m:[93m11[0m - [91merror[0m[90m TS2300: [0mDuplicate identifier 'isHealthy'.

[7m63[0m   private isHealthy = true;
[7m  [0m [91m          ~~~~~~~~~[0m

[96msrc/modules/communication/infrastructure/adapters/email-channel.adapter.ts[0m:[93m96[0m:[93m3[0m - [91merror[0m[90m TS2300: [0mDuplicate identifier 'isHealthy'.

[7m96[0m   isHealthy(): boolean {
[7m  [0m [91m  ~~~~~~~~~[0m

[96msrc/modules/communication/infrastructure/adapters/sms-channel.adapter.ts[0m:[93m3[0m:[93m24[0m - [91merror[0m[90m TS2307: [0mCannot find module 'twilio' or its corresponding type declarations.

[7m3[0m import { Twilio } from 'twilio';
[7m [0m [91m                       ~~~~~~~~[0m

[96msrc/modules/communication/infrastructure/adapters/sms-channel.adapter.ts[0m:[93m4[0m:[93m10[0m - [91merror[0m[90m TS2724: [0m'"../../domain/interfaces/communication-domain.interface"' has no exported member named 'ICommunicationChannel'. Did you mean 'CommunicationChannel'?

[7m4[0m import { ICommunicationChannel } from '../../domain/interfaces/communication-domain.interface';
[7m [0m [91m         ~~~~~~~~~~~~~~~~~~~~~[0m

[96msrc/modules/communication/infrastructure/adapters/sms-channel.adapter.ts[0m:[93m57[0m:[93m11[0m - [91merror[0m[90m TS2300: [0mDuplicate identifier 'isHealthy'.

[7m57[0m   private isHealthy = true;
[7m  [0m [91m          ~~~~~~~~~[0m

[96msrc/modules/communication/infrastructure/adapters/sms-channel.adapter.ts[0m:[93m90[0m:[93m3[0m - [91merror[0m[90m TS2300: [0mDuplicate identifier 'isHealthy'.

[7m90[0m   isHealthy(): boolean {
[7m  [0m [91m  ~~~~~~~~~[0m

[96msrc/modules/communication/infrastructure/adapters/whatsapp-channel.adapter.ts[0m:[93m3[0m:[93m24[0m - [91merror[0m[90m TS2307: [0mCannot find module 'twilio' or its corresponding type declarations.

[7m3[0m import { Twilio } from 'twilio';
[7m [0m [91m                       ~~~~~~~~[0m

[96msrc/modules/communication/infrastructure/adapters/whatsapp-channel.adapter.ts[0m:[93m4[0m:[93m10[0m - [91merror[0m[90m TS2724: [0m'"../../domain/interfaces/communication-domain.interface"' has no exported member named 'ICommunicationChannel'. Did you mean 'CommunicationChannel'?

[7m4[0m import { ICommunicationChannel } from '../../domain/interfaces/communication-domain.interface';
[7m [0m [91m         ~~~~~~~~~~~~~~~~~~~~~[0m

[96msrc/modules/communication/infrastructure/adapters/whatsapp-channel.adapter.ts[0m:[93m57[0m:[93m11[0m - [91merror[0m[90m TS2300: [0mDuplicate identifier 'isHealthy'.

[7m57[0m   private isHealthy = true;
[7m  [0m [91m          ~~~~~~~~~[0m

[96msrc/modules/communication/infrastructure/adapters/whatsapp-channel.adapter.ts[0m:[93m90[0m:[93m3[0m - [91merror[0m[90m TS2300: [0mDuplicate identifier 'isHealthy'.

[7m90[0m   isHealthy(): boolean {
[7m  [0m [91m  ~~~~~~~~~[0m

[96msrc/modules/communication/infrastructure/adapters/whatsapp-channel.adapter.ts[0m:[93m413[0m:[93m26[0m - [91merror[0m[90m TS2345: [0mArgument of type 'string' is not assignable to parameter of type 'never'.

[7m413[0m           mediaUrls.push(`${this.config.mediaUrl}/${attachment.filename}`);
[7m   [0m [91m                         ~~~~~~~~~~~~~~~~~~~~~~~~~~~~~~~~~~~~~~~~~~~~~~~~[0m

[96msrc/modules/communication/infrastructure/persistence/communication.repository.impl.ts[0m:[93m4[0m:[93m3[0m - [91merror[0m[90m TS2724: [0m'"../../domain/repositories/communication.repository"' has no exported member named 'IMessageRepository'. Did you mean 'MessageRepository'?

[7m4[0m   IMessageRepository,
[7m [0m [91m  ~~~~~~~~~~~~~~~~~~[0m

[96msrc/modules/communication/infrastructure/persistence/communication.repository.impl.ts[0m:[93m5[0m:[93m3[0m - [91merror[0m[90m TS2305: [0mModule '"../../domain/repositories/communication.repository"' has no exported member 'ICommunicationTemplateRepository'.

[7m5[0m   ICommunicationTemplateRepository,
[7m [0m [91m  ~~~~~~~~~~~~~~~~~~~~~~~~~~~~~~~~[0m

[96msrc/modules/communication/infrastructure/persistence/communication.repository.impl.ts[0m:[93m6[0m:[93m3[0m - [91merror[0m[90m TS2724: [0m'"../../domain/repositories/communication.repository"' has no exported member named 'IDeliveryResultRepository'. Did you mean 'DeliveryResultRepository'?

[7m6[0m   IDeliveryResultRepository,
[7m [0m [91m  ~~~~~~~~~~~~~~~~~~~~~~~~~[0m

[96msrc/modules/communication/infrastructure/persistence/communication.repository.impl.ts[0m:[93m7[0m:[93m3[0m - [91merror[0m[90m TS2724: [0m'"../../domain/repositories/communication.repository"' has no exported member named 'ICommunicationUnitOfWork'. Did you mean 'CommunicationUnitOfWork'?

[7m7[0m   ICommunicationUnitOfWork,
[7m [0m [91m  ~~~~~~~~~~~~~~~~~~~~~~~~[0m

[96msrc/modules/communication/infrastructure/persistence/communication.repository.impl.ts[0m:[93m8[0m:[93m3[0m - [91merror[0m[90m TS2724: [0m'"../../domain/repositories/communication.repository"' has no exported member named 'MessageFilter'. Did you mean 'MessageFilters'?

[7m8[0m   MessageFilter,
[7m [0m [91m  ~~~~~~~~~~~~~[0m

[96msrc/modules/communication/infrastructure/persistence/communication.repository.impl.ts[0m:[93m9[0m:[93m3[0m - [91merror[0m[90m TS2724: [0m'"../../domain/repositories/communication.repository"' has no exported member named 'TemplateFilter'. Did you mean 'TemplateFilters'?

[7m9[0m   TemplateFilter,
[7m [0m [91m  ~~~~~~~~~~~~~~[0m

[96msrc/modules/communication/infrastructure/persistence/communication.repository.impl.ts[0m:[93m10[0m:[93m3[0m - [91merror[0m[90m TS2305: [0mModule '"../../domain/repositories/communication.repository"' has no exported member 'DeliveryResultFilter'.

[7m10[0m   DeliveryResultFilter,
[7m  [0m [91m  ~~~~~~~~~~~~~~~~~~~~[0m

[96msrc/modules/communication/infrastructure/persistence/communication.repository.impl.ts[0m:[93m11[0m:[93m3[0m - [91merror[0m[90m TS2305: [0mModule '"../../domain/repositories/communication.repository"' has no exported member 'SortOptions'.

[7m11[0m   SortOptions,
[7m  [0m [91m  ~~~~~~~~~~~[0m

[96msrc/modules/communication/infrastructure/persistence/communication.repository.impl.ts[0m:[93m30[0m:[93m21[0m - [91merror[0m[90m TS2339: [0mProperty 'getId' does not exist on type 'Message'.

[7m30[0m         id: message.getId(),
[7m  [0m [91m                    ~~~~~[0m

[96msrc/modules/communication/infrastructure/persistence/communication.repository.impl.ts[0m:[93m31[0m:[93m33[0m - [91merror[0m[90m TS2551: [0mProperty 'getRecipient' does not exist on type 'Message'. Did you mean 'recipient'?

[7m31[0m         recipient_type: message.getRecipient().getType(),
[7m  [0m [91m                                ~~~~~~~~~~~~[0m

  [96msrc/modules/communication/domain/entities/message.entity.ts[0m:[93m37[0m:[93m5[0m
    [7m37[0m     public readonly recipient: MessageRecipient,
    [7m  [0m [96m    ~~~~~~~~~~~~~~~~~~~~~~~~~~~~~~~~~~~~~~~~~~~[0m
    'recipient' is declared here.

[96msrc/modules/communication/infrastructure/persistence/communication.repository.impl.ts[0m:[93m32[0m:[93m34[0m - [91merror[0m[90m TS2551: [0mProperty 'getRecipient' does not exist on type 'Message'. Did you mean 'recipient'?

[7m32[0m         recipient_value: message.getRecipient().getValue(),
[7m  [0m [91m                                 ~~~~~~~~~~~~[0m

  [96msrc/modules/communication/domain/entities/message.entity.ts[0m:[93m37[0m:[93m5[0m
    [7m37[0m     public readonly recipient: MessageRecipient,
    [7m  [0m [96m    ~~~~~~~~~~~~~~~~~~~~~~~~~~~~~~~~~~~~~~~~~~~[0m
    'recipient' is declared here.

[96msrc/modules/communication/infrastructure/persistence/communication.repository.impl.ts[0m:[93m33[0m:[93m26[0m - [91merror[0m[90m TS2551: [0mProperty 'getChannel' does not exist on type 'Message'. Did you mean 'channel'?

[7m33[0m         channel: message.getChannel(),
[7m  [0m [91m                         ~~~~~~~~~~[0m

  [96msrc/modules/communication/domain/entities/message.entity.ts[0m:[93m40[0m:[93m5[0m
    [7m40[0m     public readonly channel: string,
    [7m  [0m [96m    ~~~~~~~~~~~~~~~~~~~~~~~~~~~~~~~[0m
    'channel' is declared here.

[96msrc/modules/communication/infrastructure/persistence/communication.repository.impl.ts[0m:[93m34[0m:[93m26[0m - [91merror[0m[90m TS2551: [0mProperty 'getContent' does not exist on type 'Message'. Did you mean 'content'?

[7m34[0m         subject: message.getContent().getSubject(),
[7m  [0m [91m                         ~~~~~~~~~~[0m

  [96msrc/modules/communication/domain/entities/message.entity.ts[0m:[93m38[0m:[93m5[0m
    [7m38[0m     public readonly content: MessageContent,
    [7m  [0m [96m    ~~~~~~~~~~~~~~~~~~~~~~~~~~~~~~~~~~~~~~~[0m
    'content' is declared here.

[96msrc/modules/communication/infrastructure/persistence/communication.repository.impl.ts[0m:[93m35[0m:[93m23[0m - [91merror[0m[90m TS2551: [0mProperty 'getContent' does not exist on type 'Message'. Did you mean 'content'?

[7m35[0m         body: message.getContent().getBody(),
[7m  [0m [91m                      ~~~~~~~~~~[0m

  [96msrc/modules/communication/domain/entities/message.entity.ts[0m:[93m38[0m:[93m5[0m
    [7m38[0m     public readonly content: MessageContent,
    [7m  [0m [96m    ~~~~~~~~~~~~~~~~~~~~~~~~~~~~~~~~~~~~~~~[0m
    'content' is declared here.

[96msrc/modules/communication/infrastructure/persistence/communication.repository.impl.ts[0m:[93m36[0m:[93m30[0m - [91merror[0m[90m TS2551: [0mProperty 'getContent' does not exist on type 'Message'. Did you mean 'content'?

[7m36[0m         attachments: message.getContent().getAttachments().map(att => ({
[7m  [0m [91m                             ~~~~~~~~~~[0m

  [96msrc/modules/communication/domain/entities/message.entity.ts[0m:[93m38[0m:[93m5[0m
    [7m38[0m     public readonly content: MessageContent,
    [7m  [0m [96m    ~~~~~~~~~~~~~~~~~~~~~~~~~~~~~~~~~~~~~~~[0m
    'content' is declared here.

[96msrc/modules/communication/infrastructure/persistence/communication.repository.impl.ts[0m:[93m42[0m:[93m25[0m - [91merror[0m[90m TS2551: [0mProperty 'getStatus' does not exist on type 'Message'. Did you mean 'status'?

[7m42[0m         status: message.getStatus(),
[7m  [0m [91m                        ~~~~~~~~~[0m

  [96msrc/modules/communication/domain/entities/message.entity.ts[0m:[93m105[0m:[93m7[0m
    [7m105[0m   get status(): MessageStatus {
    [7m   [0m [96m      ~~~~~~[0m
    'status' is declared here.

[96msrc/modules/communication/infrastructure/persistence/communication.repository.impl.ts[0m:[93m43[0m:[93m27[0m - [91merror[0m[90m TS2551: [0mProperty 'getPriority' does not exist on type 'Message'. Did you mean 'priority'?

[7m43[0m         priority: message.getPriority(),
[7m  [0m [91m                          ~~~~~~~~~~~[0m

  [96msrc/modules/communication/domain/entities/message.entity.ts[0m:[93m41[0m:[93m5[0m
    [7m41[0m     public readonly priority: MessagePriority,
    [7m  [0m [96m    ~~~~~~~~~~~~~~~~~~~~~~~~~~~~~~~~~~~~~~~~~[0m
    'priority' is declared here.

[96msrc/modules/communication/infrastructure/persistence/communication.repository.impl.ts[0m:[93m44[0m:[93m30[0m - [91merror[0m[90m TS2551: [0mProperty 'getRetryCount' does not exist on type 'Message'. Did you mean 'retryCount'?

[7m44[0m         retry_count: message.getRetryCount(),
[7m  [0m [91m                             ~~~~~~~~~~~~~[0m

  [96msrc/modules/communication/domain/entities/message.entity.ts[0m:[93m121[0m:[93m7[0m
    [7m121[0m   get retryCount(): number {
    [7m   [0m [96m      ~~~~~~~~~~[0m
    'retryCount' is declared here.

[96msrc/modules/communication/infrastructure/persistence/communication.repository.impl.ts[0m:[93m45[0m:[93m30[0m - [91merror[0m[90m TS2339: [0mProperty 'getMaxRetries' does not exist on type 'Message'.

[7m45[0m         max_retries: message.getMaxRetries(),
[7m  [0m [91m                             ~~~~~~~~~~~~~[0m

[96msrc/modules/communication/infrastructure/persistence/communication.repository.impl.ts[0m:[93m46[0m:[93m31[0m - [91merror[0m[90m TS2339: [0mProperty 'getScheduledAt' does not exist on type 'Message'.

[7m46[0m         scheduled_at: message.getScheduledAt(),
[7m  [0m [91m                              ~~~~~~~~~~~~~~[0m

[96msrc/modules/communication/infrastructure/persistence/communication.repository.impl.ts[0m:[93m47[0m:[93m26[0m - [91merror[0m[90m TS2339: [0mProperty 'getSentAt' does not exist on type 'Message'.

[7m47[0m         sent_at: message.getSentAt(),
[7m  [0m [91m                         ~~~~~~~~~[0m

[96msrc/modules/communication/infrastructure/persistence/communication.repository.impl.ts[0m:[93m48[0m:[93m31[0m - [91merror[0m[90m TS2339: [0mProperty 'getDeliveredAt' does not exist on type 'Message'.

[7m48[0m         delivered_at: message.getDeliveredAt(),
[7m  [0m [91m                              ~~~~~~~~~~~~~~[0m

[96msrc/modules/communication/infrastructure/persistence/communication.repository.impl.ts[0m:[93m49[0m:[93m28[0m - [91merror[0m[90m TS2339: [0mProperty 'getFailedAt' does not exist on type 'Message'.

[7m49[0m         failed_at: message.getFailedAt(),
[7m  [0m [91m                           ~~~~~~~~~~~[0m

[96msrc/modules/communication/infrastructure/persistence/communication.repository.impl.ts[0m:[93m50[0m:[93m34[0m - [91merror[0m[90m TS2551: [0mProperty 'getContext' does not exist on type 'Message'. Did you mean 'context'?

[7m50[0m         context_user_id: message.getContext()?.userId,
[7m  [0m [91m                                 ~~~~~~~~~~[0m

  [96msrc/modules/communication/domain/entities/message.entity.ts[0m:[93m39[0m:[93m5[0m
    [7m39[0m     public readonly context: CommunicationContext,
    [7m  [0m [96m    ~~~~~~~~~~~~~~~~~~~~~~~~~~~~~~~~~~~~~~~~~~~~~[0m
    'context' is declared here.

[96msrc/modules/communication/infrastructure/persistence/communication.repository.impl.ts[0m:[93m51[0m:[93m37[0m - [91merror[0m[90m TS2551: [0mProperty 'getContext' does not exist on type 'Message'. Did you mean 'context'?

[7m51[0m         context_session_id: message.getContext()?.sessionId,
[7m  [0m [91m                                    ~~~~~~~~~~[0m

  [96msrc/modules/communication/domain/entities/message.entity.ts[0m:[93m39[0m:[93m5[0m
    [7m39[0m     public readonly context: CommunicationContext,
    [7m  [0m [96m    ~~~~~~~~~~~~~~~~~~~~~~~~~~~~~~~~~~~~~~~~~~~~~[0m
    'context' is declared here.

[96msrc/modules/communication/infrastructure/persistence/communication.repository.impl.ts[0m:[93m52[0m:[93m37[0m - [91merror[0m[90m TS2551: [0mProperty 'getContext' does not exist on type 'Message'. Did you mean 'context'?

[7m52[0m         context_request_id: message.getContext()?.requestId,
[7m  [0m [91m                                    ~~~~~~~~~~[0m

  [96msrc/modules/communication/domain/entities/message.entity.ts[0m:[93m39[0m:[93m5[0m
    [7m39[0m     public readonly context: CommunicationContext,
    [7m  [0m [96m    ~~~~~~~~~~~~~~~~~~~~~~~~~~~~~~~~~~~~~~~~~~~~~[0m
    'context' is declared here.

[96msrc/modules/communication/infrastructure/persistence/communication.repository.impl.ts[0m:[93m53[0m:[93m35[0m - [91merror[0m[90m TS2551: [0mProperty 'getContext' does not exist on type 'Message'. Did you mean 'context'?

[7m53[0m         context_metadata: message.getContext()?.metadata || {},
[7m  [0m [91m                                  ~~~~~~~~~~[0m

  [96msrc/modules/communication/domain/entities/message.entity.ts[0m:[93m39[0m:[93m5[0m
    [7m39[0m     public readonly context: CommunicationContext,
    [7m  [0m [96m    ~~~~~~~~~~~~~~~~~~~~~~~~~~~~~~~~~~~~~~~~~~~~~[0m
    'context' is declared here.

[96msrc/modules/communication/infrastructure/persistence/communication.repository.impl.ts[0m:[93m54[0m:[93m27[0m - [91merror[0m[90m TS2551: [0mProperty 'getMetadata' does not exist on type 'Message'. Did you mean 'metadata'?

[7m54[0m         metadata: message.getMetadata(),
[7m  [0m [91m                          ~~~~~~~~~~~[0m

  [96msrc/modules/communication/domain/entities/message.entity.ts[0m:[93m42[0m:[93m5[0m
    [7m42[0m     public readonly metadata: MessageMetadata,
    [7m  [0m [96m    ~~~~~~~~~~~~~~~~~~~~~~~~~~~~~~~~~~~~~~~~~[0m
    'metadata' is declared here.

[96msrc/modules/communication/infrastructure/persistence/communication.repository.impl.ts[0m:[93m55[0m:[93m29[0m - [91merror[0m[90m TS2551: [0mProperty 'getCreatedAt' does not exist on type 'Message'. Did you mean 'createdAt'?

[7m55[0m         created_at: message.getCreatedAt(),
[7m  [0m [91m                            ~~~~~~~~~~~~[0m

  [96msrc/modules/communication/domain/entities/message.entity.ts[0m:[93m109[0m:[93m7[0m
    [7m109[0m   get createdAt(): Date {
    [7m   [0m [96m      ~~~~~~~~~[0m
    'createdAt' is declared here.

[96msrc/modules/communication/infrastructure/persistence/communication.repository.impl.ts[0m:[93m56[0m:[93m29[0m - [91merror[0m[90m TS2551: [0mProperty 'getUpdatedAt' does not exist on type 'Message'. Did you mean 'updatedAt'?

[7m56[0m         updated_at: message.getUpdatedAt(),
[7m  [0m [91m                            ~~~~~~~~~~~~[0m

  [96msrc/modules/communication/domain/entities/message.entity.ts[0m:[93m113[0m:[93m7[0m
    [7m113[0m   get updatedAt(): Date {
    [7m   [0m [96m      ~~~~~~~~~[0m
    'updatedAt' is declared here.

[96msrc/modules/communication/infrastructure/persistence/communication.repository.impl.ts[0m:[93m59[0m:[93m40[0m - [91merror[0m[90m TS2339: [0mProperty 'message' does not exist on type 'PrismaService'.

[7m59[0m       const result = await this.prisma.message.upsert({
[7m  [0m [91m                                       ~~~~~~~[0m

[96msrc/modules/communication/infrastructure/persistence/communication.repository.impl.ts[0m:[93m60[0m:[93m30[0m - [91merror[0m[90m TS2339: [0mProperty 'getId' does not exist on type 'Message'.

[7m60[0m         where: { id: message.getId() },
[7m  [0m [91m                             ~~~~~[0m

[96msrc/modules/communication/infrastructure/persistence/communication.repository.impl.ts[0m:[93m67[0m:[93m59[0m - [91merror[0m[90m TS2339: [0mProperty 'getId' does not exist on type 'Message'.

[7m67[0m       this.logger.error(`Failed to save message ${message.getId()}: ${error.message}`, error.stack);
[7m  [0m [91m                                                          ~~~~~[0m

[96msrc/modules/communication/infrastructure/persistence/communication.repository.impl.ts[0m:[93m74[0m:[93m40[0m - [91merror[0m[90m TS2339: [0mProperty 'message' does not exist on type 'PrismaService'.

[7m74[0m       const result = await this.prisma.message.findUnique({
[7m  [0m [91m                                       ~~~~~~~[0m

[96msrc/modules/communication/infrastructure/persistence/communication.repository.impl.ts[0m:[93m93[0m:[93m32[0m - [91merror[0m[90m TS2339: [0mProperty 'offset' does not exist on type 'PaginationOptions'.

[7m93[0m       const skip = pagination?.offset || 0;
[7m  [0m [91m                               ~~~~~~[0m

[96msrc/modules/communication/infrastructure/persistence/communication.repository.impl.ts[0m:[93m96[0m:[93m41[0m - [91merror[0m[90m TS2339: [0mProperty 'message' does not exist on type 'PrismaService'.

[7m96[0m       const results = await this.prisma.message.findMany({
[7m  [0m [91m                                        ~~~~~~~[0m

[96msrc/modules/communication/infrastructure/persistence/communication.repository.impl.ts[0m:[93m113[0m:[93m32[0m - [91merror[0m[90m TS2339: [0mProperty 'message' does not exist on type 'PrismaService'.

[7m113[0m       return await this.prisma.message.count({ where });
[7m   [0m [91m                               ~~~~~~~[0m

[96msrc/modules/communication/infrastructure/persistence/communication.repository.impl.ts[0m:[93m139[0m:[93m25[0m - [91merror[0m[90m TS2339: [0mProperty 'message' does not exist on type 'PrismaService'.

[7m139[0m       await this.prisma.message.update({
[7m   [0m [91m                        ~~~~~~~[0m

[96msrc/modules/communication/infrastructure/persistence/communication.repository.impl.ts[0m:[93m151[0m:[93m25[0m - [91merror[0m[90m TS2339: [0mProperty 'message' does not exist on type 'PrismaService'.

[7m151[0m       await this.prisma.message.delete({
[7m   [0m [91m                        ~~~~~~~[0m

[96msrc/modules/communication/infrastructure/persistence/communication.repository.impl.ts[0m:[93m162[0m:[93m41[0m - [91merror[0m[90m TS2339: [0mProperty 'message' does not exist on type 'PrismaService'.

[7m162[0m       const results = await this.prisma.message.findMany({
[7m   [0m [91m                                        ~~~~~~~[0m

[96msrc/modules/communication/infrastructure/persistence/communication.repository.impl.ts[0m:[93m164[0m:[93m33[0m - [91merror[0m[90m TS2551: [0mProperty 'PENDING' does not exist on type 'typeof MessageStatus'. Did you mean 'SENDING'?

[7m164[0m           status: MessageStatus.PENDING,
[7m   [0m [91m                                ~~~~~~~[0m

  [96msrc/modules/communication/domain/entities/message.entity.ts[0m:[93m9[0m:[93m3[0m
    [7m9[0m   SENDING = 'sending',
    [7m [0m [96m  ~~~~~~~[0m
    'SENDING' is declared here.

[96msrc/modules/communication/infrastructure/persistence/communication.repository.impl.ts[0m:[93m186[0m:[93m41[0m - [91merror[0m[90m TS2339: [0mProperty 'message' does not exist on type 'PrismaService'.

[7m186[0m       const results = await this.prisma.message.findMany({
[7m   [0m [91m                                        ~~~~~~~[0m

[96msrc/modules/communication/infrastructure/persistence/communication.repository.impl.ts[0m:[93m189[0m:[93m42[0m - [91merror[0m[90m TS2339: [0mProperty 'message' does not exist on type 'PrismaService'.

[7m189[0m           retry_count: { lt: this.prisma.message.fields.max_retries },
[7m   [0m [91m                                         ~~~~~~~[0m

[96msrc/modules/communication/infrastructure/persistence/communication.repository.impl.ts[0m:[93m254[0m:[93m40[0m - [91merror[0m[90m TS2339: [0mProperty 'create' does not exist on type 'typeof MessageRecipient'.

[7m254[0m     const recipient = MessageRecipient.create(data.recipient_type, data.recipient_value);
[7m   [0m [91m                                       ~~~~~~[0m

[96msrc/modules/communication/infrastructure/persistence/communication.repository.impl.ts[0m:[93m261[0m:[93m54[0m - [91merror[0m[90m TS2554: [0mExpected 1 arguments, but got 3.

[7m261[0m     const content = MessageContent.create(data.body, data.subject, attachments);
[7m   [0m [91m                                                     ~~~~~~~~~~~~~~~~~~~~~~~~~[0m

[96msrc/modules/communication/infrastructure/persistence/communication.repository.impl.ts[0m:[93m264[0m:[93m7[0m - [91merror[0m[90m TS2554: [0mExpected 0-1 arguments, but got 4.

[7m264[0m       data.context_session_id,
[7m   [0m [91m      ~~~~~~~~~~~~~~~~~~~~~~~~[0m
[7m265[0m       data.context_request_id,
[7m   [0m [91m~~~~~~~~~~~~~~~~~~~~~~~~~~~~~~[0m
[7m266[0m       data.context_metadata,
[7m   [0m [91m~~~~~~~~~~~~~~~~~~~~~~~~~~~[0m

[96msrc/modules/communication/infrastructure/persistence/communication.repository.impl.ts[0m:[93m275[0m:[93m7[0m - [91merror[0m[90m TS2345: [0mArgument of type 'CommunicationContext | undefined' is not assignable to parameter of type 'MessagePriority | undefined'.
  Type 'CommunicationContext' is not assignable to type 'MessagePriority | undefined'.

[7m275[0m       context,
[7m   [0m [91m      ~~~~~~~[0m

[96msrc/modules/communication/infrastructure/persistence/communication.repository.impl.ts[0m:[93m280[0m:[93m13[0m - [91merror[0m[90m TS2540: [0mCannot assign to 'id' because it is a read-only property.

[7m280[0m     message['id'] = data.id;
[7m   [0m [91m            ~~~~[0m

[96msrc/modules/communication/infrastructure/persistence/communication.repository.impl.ts[0m:[93m281[0m:[93m13[0m - [91merror[0m[90m TS2540: [0mCannot assign to 'status' because it is a read-only property.

[7m281[0m     message['status'] = data.status;
[7m   [0m [91m            ~~~~~~~~[0m

[96msrc/modules/communication/infrastructure/persistence/communication.repository.impl.ts[0m:[93m282[0m:[93m13[0m - [91merror[0m[90m TS2540: [0mCannot assign to 'retryCount' because it is a read-only property.

[7m282[0m     message['retryCount'] = data.retry_count;
[7m   [0m [91m            ~~~~~~~~~~~~[0m

[96msrc/modules/communication/infrastructure/persistence/communication.repository.impl.ts[0m:[93m287[0m:[93m13[0m - [91merror[0m[90m TS2540: [0mCannot assign to 'createdAt' because it is a read-only property.

[7m287[0m     message['createdAt'] = data.created_at;
[7m   [0m [91m            ~~~~~~~~~~~[0m

[96msrc/modules/communication/infrastructure/persistence/communication.repository.impl.ts[0m:[93m288[0m:[93m13[0m - [91merror[0m[90m TS2540: [0mCannot assign to 'updatedAt' because it is a read-only property.

[7m288[0m     message['updatedAt'] = data.updated_at;
[7m   [0m [91m            ~~~~~~~~~~~[0m

[96msrc/modules/communication/infrastructure/persistence/communication.repository.impl.ts[0m:[93m303[0m:[93m22[0m - [91merror[0m[90m TS2339: [0mProperty 'getId' does not exist on type 'CommunicationTemplate'.

[7m303[0m         id: template.getId(),
[7m   [0m [91m                     ~~~~~[0m

[96msrc/modules/communication/infrastructure/persistence/communication.repository.impl.ts[0m:[93m304[0m:[93m24[0m - [91merror[0m[90m TS2339: [0mProperty 'getName' does not exist on type 'CommunicationTemplate'.

[7m304[0m         name: template.getName(),
[7m   [0m [91m                       ~~~~~~~[0m

[96msrc/modules/communication/infrastructure/persistence/communication.repository.impl.ts[0m:[93m305[0m:[93m24[0m - [91merror[0m[90m TS2339: [0mProperty 'getType' does not exist on type 'CommunicationTemplate'.

[7m305[0m         type: template.getType(),
[7m   [0m [91m                       ~~~~~~~[0m

[96msrc/modules/communication/infrastructure/persistence/communication.repository.impl.ts[0m:[93m306[0m:[93m28[0m - [91merror[0m[90m TS2551: [0mProperty 'getCategory' does not exist on type 'CommunicationTemplate'. Did you mean 'category'?

[7m306[0m         category: template.getCategory(),
[7m   [0m [91m                           ~~~~~~~~~~~[0m

  [96msrc/modules/communication/domain/entities/communication-template.entity.ts[0m:[93m50[0m:[93m5[0m
    [7m50[0m     public readonly category: TemplateCategory,
    [7m  [0m [96m    ~~~~~~~~~~~~~~~~~~~~~~~~~~~~~~~~~~~~~~~~~~[0m
    'category' is declared here.

[96msrc/modules/communication/infrastructure/persistence/communication.repository.impl.ts[0m:[93m307[0m:[93m27[0m - [91merror[0m[90m TS2551: [0mProperty 'getSubject' does not exist on type 'CommunicationTemplate'. Did you mean 'subject'?

[7m307[0m         subject: template.getSubject(),
[7m   [0m [91m                          ~~~~~~~~~~[0m

  [96msrc/modules/communication/domain/entities/communication-template.entity.ts[0m:[93m126[0m:[93m7[0m
    [7m126[0m   get subject(): string {
    [7m   [0m [96m      ~~~~~~~[0m
    'subject' is declared here.

[96msrc/modules/communication/infrastructure/persistence/communication.repository.impl.ts[0m:[93m308[0m:[93m24[0m - [91merror[0m[90m TS2339: [0mProperty 'getBody' does not exist on type 'CommunicationTemplate'.

[7m308[0m         body: template.getBody(),
[7m   [0m [91m                       ~~~~~~~[0m

[96msrc/modules/communication/infrastructure/persistence/communication.repository.impl.ts[0m:[93m309[0m:[93m29[0m - [91merror[0m[90m TS2551: [0mProperty 'getVariables' does not exist on type 'CommunicationTemplate'. Did you mean 'variables'?

[7m309[0m         variables: template.getVariables(),
[7m   [0m [91m                            ~~~~~~~~~~~~[0m

  [96msrc/modules/communication/domain/entities/communication-template.entity.ts[0m:[93m134[0m:[93m7[0m
    [7m134[0m   get variables(): TemplateVariable[] {
    [7m   [0m [96m      ~~~~~~~~~[0m
    'variables' is declared here.

[96msrc/modules/communication/infrastructure/persistence/communication.repository.impl.ts[0m:[93m310[0m:[93m31[0m - [91merror[0m[90m TS2551: [0mProperty 'getAttachments' does not exist on type 'CommunicationTemplate'. Did you mean 'attachments'?

[7m310[0m         attachments: template.getAttachments().map(att => ({
[7m   [0m [91m                              ~~~~~~~~~~~~~~[0m

  [96msrc/modules/communication/domain/entities/communication-template.entity.ts[0m:[93m138[0m:[93m7[0m
    [7m138[0m   get attachments(): MessageAttachment[] {
    [7m   [0m [96m      ~~~~~~~~~~~[0m
    'attachments' is declared here.

[96msrc/modules/communication/infrastructure/persistence/communication.repository.impl.ts[0m:[93m316[0m:[93m29[0m - [91merror[0m[90m TS6234: [0mThis expression is not callable because it is a 'get' accessor. Did you mean to use it without '()'?
  Type 'Boolean' has no call signatures.

[7m316[0m         is_active: template.isActive(),
[7m   [0m [91m                            ~~~~~~~~[0m

[96msrc/modules/communication/infrastructure/persistence/communication.repository.impl.ts[0m:[93m317[0m:[93m31[0m - [91merror[0m[90m TS6234: [0mThis expression is not callable because it is a 'get' accessor. Did you mean to use it without '()'?
  Type 'Boolean' has no call signatures.

[7m317[0m         is_approved: template.isApproved(),
[7m   [0m [91m                              ~~~~~~~~~~[0m

[96msrc/modules/communication/infrastructure/persistence/communication.repository.impl.ts[0m:[93m318[0m:[93m27[0m - [91merror[0m[90m TS2339: [0mProperty 'getVersion' does not exist on type 'CommunicationTemplate'.

[7m318[0m         version: template.getVersion(),
[7m   [0m [91m                          ~~~~~~~~~~[0m

[96msrc/modules/communication/infrastructure/persistence/communication.repository.impl.ts[0m:[93m319[0m:[93m28[0m - [91merror[0m[90m TS2551: [0mProperty 'getMetadata' does not exist on type 'CommunicationTemplate'. Did you mean 'metadata'?

[7m319[0m         metadata: template.getMetadata(),
[7m   [0m [91m                           ~~~~~~~~~~~[0m

  [96msrc/modules/communication/domain/entities/communication-template.entity.ts[0m:[93m142[0m:[93m7[0m
    [7m142[0m   get metadata(): TemplateMetadata {
    [7m   [0m [96m      ~~~~~~~~[0m
    'metadata' is declared here.

[96msrc/modules/communication/infrastructure/persistence/communication.repository.impl.ts[0m:[93m320[0m:[93m30[0m - [91merror[0m[90m TS2551: [0mProperty 'getCreatedAt' does not exist on type 'CommunicationTemplate'. Did you mean 'createdAt'?

[7m320[0m         created_at: template.getCreatedAt(),
[7m   [0m [91m                             ~~~~~~~~~~~~[0m

  [96msrc/modules/communication/domain/entities/communication-template.entity.ts[0m:[93m146[0m:[93m7[0m
    [7m146[0m   get createdAt(): Date {
    [7m   [0m [96m      ~~~~~~~~~[0m
    'createdAt' is declared here.

[96msrc/modules/communication/infrastructure/persistence/communication.repository.impl.ts[0m:[93m321[0m:[93m30[0m - [91merror[0m[90m TS2551: [0mProperty 'getUpdatedAt' does not exist on type 'CommunicationTemplate'. Did you mean 'updatedAt'?

[7m321[0m         updated_at: template.getUpdatedAt(),
[7m   [0m [91m                             ~~~~~~~~~~~~[0m

  [96msrc/modules/communication/domain/entities/communication-template.entity.ts[0m:[93m150[0m:[93m7[0m
    [7m150[0m   get updatedAt(): Date {
    [7m   [0m [96m      ~~~~~~~~~[0m
    'updatedAt' is declared here.

[96msrc/modules/communication/infrastructure/persistence/communication.repository.impl.ts[0m:[93m324[0m:[93m40[0m - [91merror[0m[90m TS2339: [0mProperty 'communicationTemplate' does not exist on type 'PrismaService'.

[7m324[0m       const result = await this.prisma.communicationTemplate.upsert({
[7m   [0m [91m                                       ~~~~~~~~~~~~~~~~~~~~~[0m

[96msrc/modules/communication/infrastructure/persistence/communication.repository.impl.ts[0m:[93m325[0m:[93m31[0m - [91merror[0m[90m TS2339: [0mProperty 'getId' does not exist on type 'CommunicationTemplate'.

[7m325[0m         where: { id: template.getId() },
[7m   [0m [91m                              ~~~~~[0m

[96msrc/modules/communication/infrastructure/persistence/communication.repository.impl.ts[0m:[93m332[0m:[93m61[0m - [91merror[0m[90m TS2339: [0mProperty 'getId' does not exist on type 'CommunicationTemplate'.

[7m332[0m       this.logger.error(`Failed to save template ${template.getId()}: ${error.message}`, error.stack);
[7m   [0m [91m                                                            ~~~~~[0m

[96msrc/modules/communication/infrastructure/persistence/communication.repository.impl.ts[0m:[93m339[0m:[93m40[0m - [91merror[0m[90m TS2339: [0mProperty 'communicationTemplate' does not exist on type 'PrismaService'.

[7m339[0m       const result = await this.prisma.communicationTemplate.findUnique({
[7m   [0m [91m                                       ~~~~~~~~~~~~~~~~~~~~~[0m

[96msrc/modules/communication/infrastructure/persistence/communication.repository.impl.ts[0m:[93m352[0m:[93m40[0m - [91merror[0m[90m TS2339: [0mProperty 'communicationTemplate' does not exist on type 'PrismaService'.

[7m352[0m       const result = await this.prisma.communicationTemplate.findFirst({
[7m   [0m [91m                                       ~~~~~~~~~~~~~~~~~~~~~[0m

[96msrc/modules/communication/infrastructure/persistence/communication.repository.impl.ts[0m:[93m372[0m:[93m32[0m - [91merror[0m[90m TS2339: [0mProperty 'offset' does not exist on type 'PaginationOptions'.

[7m372[0m       const skip = pagination?.offset || 0;
[7m   [0m [91m                               ~~~~~~[0m

[96msrc/modules/communication/infrastructure/persistence/communication.repository.impl.ts[0m:[93m375[0m:[93m41[0m - [91merror[0m[90m TS2339: [0mProperty 'communicationTemplate' does not exist on type 'PrismaService'.

[7m375[0m       const results = await this.prisma.communicationTemplate.findMany({
[7m   [0m [91m                                        ~~~~~~~~~~~~~~~~~~~~~[0m

[96msrc/modules/communication/infrastructure/persistence/communication.repository.impl.ts[0m:[93m392[0m:[93m32[0m - [91merror[0m[90m TS2339: [0mProperty 'communicationTemplate' does not exist on type 'PrismaService'.

[7m392[0m       return await this.prisma.communicationTemplate.count({ where });
[7m   [0m [91m                               ~~~~~~~~~~~~~~~~~~~~~[0m

[96msrc/modules/communication/infrastructure/persistence/communication.repository.impl.ts[0m:[93m401[0m:[93m25[0m - [91merror[0m[90m TS2339: [0mProperty 'communicationTemplate' does not exist on type 'PrismaService'.

[7m401[0m       await this.prisma.communicationTemplate.delete({
[7m   [0m [91m                        ~~~~~~~~~~~~~~~~~~~~~[0m

[96msrc/modules/communication/infrastructure/persistence/communication.repository.impl.ts[0m:[93m412[0m:[93m41[0m - [91merror[0m[90m TS2339: [0mProperty 'communicationTemplate' does not exist on type 'PrismaService'.

[7m412[0m       const results = await this.prisma.communicationTemplate.findMany({
[7m   [0m [91m                                        ~~~~~~~~~~~~~~~~~~~~~[0m

[96msrc/modules/communication/infrastructure/persistence/communication.repository.impl.ts[0m:[93m482[0m:[93m14[0m - [91merror[0m[90m TS2540: [0mCannot assign to 'id' because it is a read-only property.

[7m482[0m     template['id'] = data.id;
[7m   [0m [91m             ~~~~[0m

[96msrc/modules/communication/infrastructure/persistence/communication.repository.impl.ts[0m:[93m483[0m:[93m14[0m - [91merror[0m[90m TS2540: [0mCannot assign to 'isActive' because it is a read-only property.

[7m483[0m     template['isActive'] = data.is_active;
[7m   [0m [91m             ~~~~~~~~~~[0m

[96msrc/modules/communication/infrastructure/persistence/communication.repository.impl.ts[0m:[93m484[0m:[93m14[0m - [91merror[0m[90m TS2540: [0mCannot assign to 'isApproved' because it is a read-only property.

[7m484[0m     template['isApproved'] = data.is_approved;
[7m   [0m [91m             ~~~~~~~~~~~~[0m

[96msrc/modules/communication/infrastructure/persistence/communication.repository.impl.ts[0m:[93m486[0m:[93m14[0m - [91merror[0m[90m TS2540: [0mCannot assign to 'createdAt' because it is a read-only property.

[7m486[0m     template['createdAt'] = data.created_at;
[7m   [0m [91m             ~~~~~~~~~~~[0m

[96msrc/modules/communication/infrastructure/persistence/communication.repository.impl.ts[0m:[93m487[0m:[93m14[0m - [91merror[0m[90m TS2540: [0mCannot assign to 'updatedAt' because it is a read-only property.

[7m487[0m     template['updatedAt'] = data.updated_at;
[7m   [0m [91m             ~~~~~~~~~~~[0m

[96msrc/modules/communication/infrastructure/persistence/communication.repository.impl.ts[0m:[93m502[0m:[93m20[0m - [91merror[0m[90m TS2339: [0mProperty 'getId' does not exist on type 'DeliveryResult'.

[7m502[0m         id: result.getId(),
[7m   [0m [91m                   ~~~~~[0m

[96msrc/modules/communication/infrastructure/persistence/communication.repository.impl.ts[0m:[93m503[0m:[93m28[0m - [91merror[0m[90m TS2551: [0mProperty 'getMessageId' does not exist on type 'DeliveryResult'. Did you mean 'messageId'?

[7m503[0m         message_id: result.getMessageId(),
[7m   [0m [91m                           ~~~~~~~~~~~~[0m

  [96msrc/modules/communication/domain/value-objects/delivery-result.vo.ts[0m:[93m149[0m:[93m7[0m
    [7m149[0m   get messageId(): string | undefined {
    [7m   [0m [96m      ~~~~~~~~~[0m
    'messageId' is declared here.

[96msrc/modules/communication/infrastructure/persistence/communication.repository.impl.ts[0m:[93m504[0m:[93m29[0m - [91merror[0m[90m TS2551: [0mProperty 'getProviderId' does not exist on type 'DeliveryResult'. Did you mean 'providerId'?

[7m504[0m         provider_id: result.getProviderId(),
[7m   [0m [91m                            ~~~~~~~~~~~~~[0m

  [96msrc/modules/communication/domain/value-objects/delivery-result.vo.ts[0m:[93m153[0m:[93m7[0m
    [7m153[0m   get providerId(): string | undefined {
    [7m   [0m [96m      ~~~~~~~~~~[0m
    'providerId' is declared here.

[96msrc/modules/communication/infrastructure/persistence/communication.repository.impl.ts[0m:[93m505[0m:[93m37[0m - [91merror[0m[90m TS2339: [0mProperty 'getProviderMessageId' does not exist on type 'DeliveryResult'.

[7m505[0m         provider_message_id: result.getProviderMessageId(),
[7m   [0m [91m                                    ~~~~~~~~~~~~~~~~~~~~[0m

[96msrc/modules/communication/infrastructure/persistence/communication.repository.impl.ts[0m:[93m506[0m:[93m25[0m - [91merror[0m[90m TS2551: [0mProperty 'isSuccess' does not exist on type 'DeliveryResult'. Did you mean 'success'?

[7m506[0m         success: result.isSuccess(),
[7m   [0m [91m                        ~~~~~~~~~[0m

  [96msrc/modules/communication/domain/value-objects/delivery-result.vo.ts[0m:[93m145[0m:[93m7[0m
    [7m145[0m   get success(): boolean {
    [7m   [0m [96m      ~~~~~~~[0m
    'success' is declared here.

[96msrc/modules/communication/infrastructure/persistence/communication.repository.impl.ts[0m:[93m507[0m:[93m36[0m - [91merror[0m[90m TS2339: [0mProperty 'getDeliveryTimestamp' does not exist on type 'DeliveryResult'.

[7m507[0m         delivery_timestamp: result.getDeliveryTimestamp(),
[7m   [0m [91m                                   ~~~~~~~~~~~~~~~~~~~~[0m

[96msrc/modules/communication/infrastructure/persistence/communication.repository.impl.ts[0m:[93m508[0m:[93m29[0m - [91merror[0m[90m TS2551: [0mProperty 'getRetryCount' does not exist on type 'DeliveryResult'. Did you mean 'retryCount'?

[7m508[0m         retry_count: result.getRetryCount(),
[7m   [0m [91m                            ~~~~~~~~~~~~~[0m

  [96msrc/modules/communication/domain/value-objects/delivery-result.vo.ts[0m:[93m165[0m:[93m7[0m
    [7m165[0m   get retryCount(): number {
    [7m   [0m [96m      ~~~~~~~~~~[0m
    'retryCount' is declared here.

[96msrc/modules/communication/infrastructure/persistence/communication.repository.impl.ts[0m:[93m509[0m:[93m28[0m - [91merror[0m[90m TS2339: [0mProperty 'getError' does not exist on type 'DeliveryResult'.

[7m509[0m         error_code: result.getError()?.code,
[7m   [0m [91m                           ~~~~~~~~[0m

[96msrc/modules/communication/infrastructure/persistence/communication.repository.impl.ts[0m:[93m510[0m:[93m31[0m - [91merror[0m[90m TS2339: [0mProperty 'getError' does not exist on type 'DeliveryResult'.

[7m510[0m         error_message: result.getError()?.message,
[7m   [0m [91m                              ~~~~~~~~[0m

[96msrc/modules/communication/infrastructure/persistence/communication.repository.impl.ts[0m:[93m511[0m:[93m28[0m - [91merror[0m[90m TS2339: [0mProperty 'getError' does not exist on type 'DeliveryResult'.

[7m511[0m         error_type: result.getError()?.type,
[7m   [0m [91m                           ~~~~~~~~[0m

[96msrc/modules/communication/infrastructure/persistence/communication.repository.impl.ts[0m:[93m512[0m:[93m38[0m - [91merror[0m[90m TS2339: [0mProperty 'getError' does not exist on type 'DeliveryResult'.

[7m512[0m         error_retry_after_ms: result.getError()?.retryAfterMs,
[7m   [0m [91m                                     ~~~~~~~~[0m

[96msrc/modules/communication/infrastructure/persistence/communication.repository.impl.ts[0m:[93m513[0m:[93m26[0m - [91merror[0m[90m TS2339: [0mProperty 'getMetadata' does not exist on type 'DeliveryResult'.

[7m513[0m         metadata: result.getMetadata(),
[7m   [0m [91m                         ~~~~~~~~~~~[0m

[96msrc/modules/communication/infrastructure/persistence/communication.repository.impl.ts[0m:[93m514[0m:[93m28[0m - [91merror[0m[90m TS2339: [0mProperty 'getCreatedAt' does not exist on type 'DeliveryResult'.

[7m514[0m         created_at: result.getCreatedAt(),
[7m   [0m [91m                           ~~~~~~~~~~~~[0m

[96msrc/modules/communication/infrastructure/persistence/communication.repository.impl.ts[0m:[93m517[0m:[93m42[0m - [91merror[0m[90m TS2339: [0mProperty 'deliveryResult' does not exist on type 'PrismaService'.

[7m517[0m       const dbResult = await this.prisma.deliveryResult.upsert({
[7m   [0m [91m                                         ~~~~~~~~~~~~~~[0m

[96msrc/modules/communication/infrastructure/persistence/communication.repository.impl.ts[0m:[93m518[0m:[93m29[0m - [91merror[0m[90m TS2339: [0mProperty 'getId' does not exist on type 'DeliveryResult'.

[7m518[0m         where: { id: result.getId() },
[7m   [0m [91m                            ~~~~~[0m

[96msrc/modules/communication/infrastructure/persistence/communication.repository.impl.ts[0m:[93m525[0m:[93m66[0m - [91merror[0m[90m TS2339: [0mProperty 'getId' does not exist on type 'DeliveryResult'.

[7m525[0m       this.logger.error(`Failed to save delivery result ${result.getId()}: ${error.message}`, error.stack);
[7m   [0m [91m                                                                 ~~~~~[0m

[96msrc/modules/communication/infrastructure/persistence/communication.repository.impl.ts[0m:[93m532[0m:[93m40[0m - [91merror[0m[90m TS2339: [0mProperty 'deliveryResult' does not exist on type 'PrismaService'.

[7m532[0m       const result = await this.prisma.deliveryResult.findUnique({
[7m   [0m [91m                                       ~~~~~~~~~~~~~~[0m

[96msrc/modules/communication/infrastructure/persistence/communication.repository.impl.ts[0m:[93m545[0m:[93m41[0m - [91merror[0m[90m TS2339: [0mProperty 'deliveryResult' does not exist on type 'PrismaService'.

[7m545[0m       const results = await this.prisma.deliveryResult.findMany({
[7m   [0m [91m                                        ~~~~~~~~~~~~~~[0m

[96msrc/modules/communication/infrastructure/persistence/communication.repository.impl.ts[0m:[93m565[0m:[93m32[0m - [91merror[0m[90m TS2339: [0mProperty 'offset' does not exist on type 'PaginationOptions'.

[7m565[0m       const skip = pagination?.offset || 0;
[7m   [0m [91m                               ~~~~~~[0m

[96msrc/modules/communication/infrastructure/persistence/communication.repository.impl.ts[0m:[93m568[0m:[93m41[0m - [91merror[0m[90m TS2339: [0mProperty 'deliveryResult' does not exist on type 'PrismaService'.

[7m568[0m       const results = await this.prisma.deliveryResult.findMany({
[7m   [0m [91m                                        ~~~~~~~~~~~~~~[0m

[96msrc/modules/communication/infrastructure/persistence/communication.repository.impl.ts[0m:[93m585[0m:[93m32[0m - [91merror[0m[90m TS2339: [0mProperty 'deliveryResult' does not exist on type 'PrismaService'.

[7m585[0m       return await this.prisma.deliveryResult.count({ where });
[7m   [0m [91m                               ~~~~~~~~~~~~~~[0m

[96msrc/modules/communication/infrastructure/persistence/communication.repository.impl.ts[0m:[93m594[0m:[93m25[0m - [91merror[0m[90m TS2339: [0mProperty 'deliveryResult' does not exist on type 'PrismaService'.

[7m594[0m       await this.prisma.deliveryResult.delete({
[7m   [0m [91m                        ~~~~~~~~~~~~~~[0m

[96msrc/modules/communication/infrastructure/persistence/communication.repository.impl.ts[0m:[93m660[0m:[93m9[0m - [91merror[0m[90m TS2554: [0mExpected 1-3 arguments, but got 6.

[7m660[0m         data.delivery_timestamp,
[7m   [0m [91m        ~~~~~~~~~~~~~~~~~~~~~~~~[0m
[7m661[0m         data.retry_count,
[7m   [0m [91m~~~~~~~~~~~~~~~~~~~~~~~~~[0m
[7m662[0m         data.metadata,
[7m   [0m [91m~~~~~~~~~~~~~~~~~~~~~[0m

[96msrc/modules/communication/infrastructure/persistence/communication.repository.impl.ts[0m:[93m668[0m:[93m9[0m - [91merror[0m[90m TS2554: [0mExpected 1-2 arguments, but got 5.

[7m668[0m         error,
[7m   [0m [91m        ~~~~~~[0m
[7m669[0m         data.retry_count,
[7m   [0m [91m~~~~~~~~~~~~~~~~~~~~~~~~~[0m
[7m670[0m         data.metadata,
[7m   [0m [91m~~~~~~~~~~~~~~~~~~~~~[0m

[96msrc/modules/communication/services/communication-logger.service.ts[0m:[93m4[0m:[93m32[0m - [91merror[0m[90m TS2305: [0mModule '"../interfaces/communication.interface"' has no exported member 'CommunicationChannel'.

[7m4[0m import { ICommunicationLogger, CommunicationChannel } from '../interfaces/communication.interface';
[7m [0m [91m                               ~~~~~~~~~~~~~~~~~~~~[0m

[96msrc/modules/communication/services/communication-logger.service.ts[0m:[93m18[0m:[93m14[0m - [91merror[0m[90m TS2420: [0mClass 'CommunicationLogger' incorrectly implements interface 'ICommunicationLogger'.
  Type 'CommunicationLogger' is missing the following properties from type 'ICommunicationLogger': logMessage, getMessageHistory

[7m18[0m export class CommunicationLogger implements ICommunicationLogger {
[7m  [0m [91m             ~~~~~~~~~~~~~~~~~~~[0m

[96msrc/modules/communication/services/communication-logger.service.ts[0m:[93m67[0m:[93m27[0m - [91merror[0m[90m TS2339: [0mProperty 'communicationLog' does not exist on type 'PrismaService'.

[7m67[0m         await this.prisma.communicationLog.create({
[7m  [0m [91m                          ~~~~~~~~~~~~~~~~[0m

[96msrc/modules/communication/services/communication-logger.service.ts[0m:[93m163[0m:[93m27[0m - [91merror[0m[90m TS2339: [0mProperty 'templateUsageLog' does not exist on type 'PrismaService'.

[7m163[0m         await this.prisma.templateUsageLog.create({
[7m   [0m [91m                          ~~~~~~~~~~~~~~~~[0m

[96msrc/modules/communication/services/communication-logger.service.ts[0m:[93m197[0m:[93m27[0m - [91merror[0m[90m TS2339: [0mProperty 'bulkCommunicationLog' does not exist on type 'PrismaService'.

[7m197[0m         await this.prisma.bulkCommunicationLog.create({
[7m   [0m [91m                          ~~~~~~~~~~~~~~~~~~~~[0m

[96msrc/modules/communication/services/communication-logger.service.ts[0m:[93m226[0m:[93m38[0m - [91merror[0m[90m TS2339: [0mProperty 'communicationLog' does not exist on type 'PrismaService'.

[7m226[0m       const logs = await this.prisma.communicationLog.findMany({
[7m   [0m [91m                                     ~~~~~~~~~~~~~~~~[0m

[96msrc/modules/communication/services/communication-logger.service.ts[0m:[93m279[0m:[93m38[0m - [91merror[0m[90m TS2339: [0mProperty 'communicationLog' does not exist on type 'PrismaService'.

[7m279[0m       const logs = await this.prisma.communicationLog.findMany({
[7m   [0m [91m                                     ~~~~~~~~~~~~~~~~[0m

[96msrc/modules/communication/services/communication-logger.service.ts[0m:[93m341[0m:[93m21[0m - [91merror[0m[90m TS2339: [0mProperty 'communicationLog' does not exist on type 'PrismaService'.

[7m341[0m         this.prisma.communicationLog.deleteMany({
[7m   [0m [91m                    ~~~~~~~~~~~~~~~~[0m

[96msrc/modules/communication/services/communication-logger.service.ts[0m:[93m344[0m:[93m21[0m - [91merror[0m[90m TS2339: [0mProperty 'templateUsageLog' does not exist on type 'PrismaService'.

[7m344[0m         this.prisma.templateUsageLog.deleteMany({
[7m   [0m [91m                    ~~~~~~~~~~~~~~~~[0m

[96msrc/modules/communication/services/communication-logger.service.ts[0m:[93m347[0m:[93m21[0m - [91merror[0m[90m TS2339: [0mProperty 'bulkCommunicationLog' does not exist on type 'PrismaService'.

[7m347[0m         this.prisma.bulkCommunicationLog.deleteMany({
[7m   [0m [91m                    ~~~~~~~~~~~~~~~~~~~~[0m

[96msrc/modules/communication/services/email.service.ts[0m:[93m4[0m:[93m29[0m - [91merror[0m[90m TS2307: [0mCannot find module 'nodemailer' or its corresponding type declarations.

[7m4[0m import * as nodemailer from 'nodemailer';
[7m [0m [91m                            ~~~~~~~~~~~~[0m

[96msrc/modules/communication/services/email.service.ts[0m:[93m5[0m:[93m29[0m - [91merror[0m[90m TS2307: [0mCannot find module 'nodemailer' or its corresponding type declarations.

[7m5[0m import { Transporter } from 'nodemailer';
[7m [0m [91m                            ~~~~~~~~~~~~[0m

[96msrc/modules/communication/services/email.service.ts[0m:[93m18[0m:[93m14[0m - [91merror[0m[90m TS2420: [0mClass 'EmailService' incorrectly implements interface 'IEmailService'.
  Property 'sendMessage' is missing in type 'EmailService' but required in type 'IEmailService'.

[7m18[0m export class EmailService implements IEmailService {
[7m  [0m [91m             ~~~~~~~~~~~~[0m

  [96msrc/modules/communication/interfaces/communication.interface.ts[0m:[93m51[0m:[93m3[0m
    [7m51[0m   sendMessage(payload: MessagePayload): Promise<CommunicationResult>;
    [7m  [0m [96m  ~~~~~~~~~~~~~~~~~~~~~~~~~~~~~~~~~~~~~~~~~~~~~~~~~~~~~~~~~~~~~~~~~~~[0m
    'sendMessage' is declared here.

[96msrc/modules/communication/services/email.service.ts[0m:[93m136[0m:[93m7[0m - [91merror[0m[90m TS2741: [0mProperty 'timestamp' is missing in type '{ success: true; messageId: any; provider: string; }' but required in type 'CommunicationResult'.

[7m136[0m       return {
[7m   [0m [91m      ~~~~~~[0m

  [96msrc/modules/communication/interfaces/communication.interface.ts[0m:[93m47[0m:[93m3[0m
    [7m47[0m   timestamp: Date;
    [7m  [0m [96m  ~~~~~~~~~[0m
    'timestamp' is declared here.

[96msrc/modules/communication/services/email.service.ts[0m:[93m146[0m:[93m9[0m - [91merror[0m[90m TS2322: [0mType 'null' is not assignable to type 'string | undefined'.

[7m146[0m         messageId: null,
[7m   [0m [91m        ~~~~~~~~~[0m

  [96msrc/modules/communication/interfaces/communication.interface.ts[0m:[93m44[0m:[93m3[0m
    [7m44[0m   messageId?: string;
    [7m  [0m [96m  ~~~~~~~~~[0m
    The expected type comes from property 'messageId' which is declared here on type 'CommunicationResult'

[96msrc/modules/communication/services/email.service.ts[0m:[93m165[0m:[93m49[0m - [91merror[0m[90m TS2352: [0mConversion of type '{ success: false; messageId: null; error: any; provider: string; }' to type 'CommunicationResult' may be a mistake because neither type sufficiently overlaps with the other. If this was intentional, convert the expression to 'unknown' first.
  Property 'timestamp' is missing in type '{ success: false; messageId: null; error: any; provider: string; }' but required in type 'CommunicationResult'.

[7m165[0m         this.sendEmail(payload).catch(error => ({
[7m   [0m [91m                                                ~[0m
[7m166[0m           success: false,
[7m   [0m [91m~~~~~~~~~~~~~~~~~~~~~~~~~[0m
[7m...[0m 
[7m169[0m           provider: 'SMTP',
[7m   [0m [91m~~~~~~~~~~~~~~~~~~~~~~~~~~~[0m
[7m170[0m         } as CommunicationResult))
[7m   [0m [91m~~~~~~~~~~~~~~~~~~~~~~~~~~~~~~~~[0m

  [96msrc/modules/communication/interfaces/communication.interface.ts[0m:[93m47[0m:[93m3[0m
    [7m47[0m   timestamp: Date;
    [7m  [0m [96m  ~~~~~~~~~[0m
    'timestamp' is declared here.

[96msrc/modules/communication/services/message.service.ts[0m:[93m11[0m:[93m3[0m - [91merror[0m[90m TS2305: [0mModule '"../interfaces/communication.interface"' has no exported member 'CommunicationChannel'.

[7m11[0m   CommunicationChannel,
[7m  [0m [91m  ~~~~~~~~~~~~~~~~~~~~[0m

[96msrc/modules/communication/services/message.service.ts[0m:[93m42[0m:[93m30[0m - [91merror[0m[90m TS2339: [0mProperty 'channel' does not exist on type 'MessagePayload'.

[7m42[0m           `Sending ${payload.channel} message to ${payload.recipient} (attempt ${attempt}/${attempts})`,
[7m  [0m [91m                             ~~~~~~~[0m

[96msrc/modules/communication/services/message.service.ts[0m:[93m42[0m:[93m60[0m - [91merror[0m[90m TS2339: [0mProperty 'recipient' does not exist on type 'MessagePayload'.

[7m42[0m           `Sending ${payload.channel} message to ${payload.recipient} (attempt ${attempt}/${attempts})`,
[7m  [0m [91m                                                           ~~~~~~~~~[0m

[96msrc/modules/communication/services/message.service.ts[0m:[93m47[0m:[93m25[0m - [91merror[0m[90m TS2339: [0mProperty 'channel' does not exist on type 'MessagePayload'.

[7m47[0m         switch (payload.channel) {
[7m  [0m [91m                        ~~~~~~~[0m

[96msrc/modules/communication/services/message.service.ts[0m:[93m50[0m:[93m27[0m - [91merror[0m[90m TS2339: [0mProperty 'recipient' does not exist on type 'MessagePayload'.

[7m50[0m               to: payload.recipient,
[7m  [0m [91m                          ~~~~~~~~~[0m

[96msrc/modules/communication/services/message.service.ts[0m:[93m55[0m:[93m36[0m - [91merror[0m[90m TS2339: [0mProperty 'attachments' does not exist on type 'MessagePayload'.

[7m55[0m               attachments: payload.attachments,
[7m  [0m [91m                                   ~~~~~~~~~~~[0m

[96msrc/modules/communication/services/message.service.ts[0m:[93m61[0m:[93m36[0m - [91merror[0m[90m TS2339: [0mProperty 'recipient' does not exist on type 'MessagePayload'.

[7m61[0m               phoneNumber: payload.recipient,
[7m  [0m [91m                                   ~~~~~~~~~[0m

[96msrc/modules/communication/services/message.service.ts[0m:[93m70[0m:[93m36[0m - [91merror[0m[90m TS2339: [0mProperty 'recipient' does not exist on type 'MessagePayload'.

[7m70[0m               phoneNumber: payload.recipient,
[7m  [0m [91m                                   ~~~~~~~~~[0m

[96msrc/modules/communication/services/message.service.ts[0m:[93m74[0m:[93m33[0m - [91merror[0m[90m TS2339: [0mProperty 'mediaUrl' does not exist on type 'MessagePayload'.

[7m74[0m               mediaUrl: payload.mediaUrl,
[7m  [0m [91m                                ~~~~~~~~[0m

[96msrc/modules/communication/services/message.service.ts[0m:[93m79[0m:[93m75[0m - [91merror[0m[90m TS2339: [0mProperty 'channel' does not exist on type 'MessagePayload'.

[7m79[0m             throw new Error(`Unsupported communication channel: ${payload.channel}`);
[7m  [0m [91m                                                                          ~~~~~~~[0m

[96msrc/modules/communication/services/message.service.ts[0m:[93m83[0m:[93m40[0m - [91merror[0m[90m TS2339: [0mProperty 'logCommunication' does not exist on type 'ICommunicationLogger'.

[7m83[0m         await this.communicationLogger.logCommunication(
[7m  [0m [91m                                       ~~~~~~~~~~~~~~~~[0m

[96msrc/modules/communication/services/message.service.ts[0m:[93m84[0m:[93m19[0m - [91merror[0m[90m TS2339: [0mProperty 'userId' does not exist on type 'MessagePayload'.

[7m84[0m           payload.userId,
[7m  [0m [91m                  ~~~~~~[0m

[96msrc/modules/communication/services/message.service.ts[0m:[93m85[0m:[93m19[0m - [91merror[0m[90m TS2339: [0mProperty 'channel' does not exist on type 'MessagePayload'.

[7m85[0m           payload.channel,
[7m  [0m [91m                  ~~~~~~~[0m

[96msrc/modules/communication/services/message.service.ts[0m:[93m86[0m:[93m19[0m - [91merror[0m[90m TS2339: [0mProperty 'recipient' does not exist on type 'MessagePayload'.

[7m86[0m           payload.recipient,
[7m  [0m [91m                  ~~~~~~~~~[0m

[96msrc/modules/communication/services/message.service.ts[0m:[93m96[0m:[93m52[0m - [91merror[0m[90m TS2339: [0mProperty 'channel' does not exist on type 'MessagePayload'.

[7m96[0m           `Message sent successfully via ${payload.channel} to ${payload.recipient} (messageId: ${result.messageId})`,
[7m  [0m [91m                                                   ~~~~~~~[0m

[96msrc/modules/communication/services/message.service.ts[0m:[93m96[0m:[93m74[0m - [91merror[0m[90m TS2339: [0mProperty 'recipient' does not exist on type 'MessagePayload'.

[7m96[0m           `Message sent successfully via ${payload.channel} to ${payload.recipient} (messageId: ${result.messageId})`,
[7m  [0m [91m                                                                         ~~~~~~~~~[0m

[96msrc/modules/communication/services/message.service.ts[0m:[93m103[0m:[93m37[0m - [91merror[0m[90m TS2339: [0mProperty 'channel' does not exist on type 'MessagePayload'.

[7m103[0m           `Failed to send ${payload.channel} message to ${payload.recipient} (attempt ${attempt}/${attempts}): ${error.message}`,
[7m   [0m [91m                                    ~~~~~~~[0m

[96msrc/modules/communication/services/message.service.ts[0m:[93m103[0m:[93m67[0m - [91merror[0m[90m TS2339: [0mProperty 'recipient' does not exist on type 'MessagePayload'.

[7m103[0m           `Failed to send ${payload.channel} message to ${payload.recipient} (attempt ${attempt}/${attempts}): ${error.message}`,
[7m   [0m [91m                                                                  ~~~~~~~~~[0m

[96msrc/modules/communication/services/message.service.ts[0m:[93m107[0m:[93m40[0m - [91merror[0m[90m TS2339: [0mProperty 'logCommunication' does not exist on type 'ICommunicationLogger'.

[7m107[0m         await this.communicationLogger.logCommunication(
[7m   [0m [91m                                       ~~~~~~~~~~~~~~~~[0m

[96msrc/modules/communication/services/message.service.ts[0m:[93m108[0m:[93m19[0m - [91merror[0m[90m TS2339: [0mProperty 'userId' does not exist on type 'MessagePayload'.

[7m108[0m           payload.userId,
[7m   [0m [91m                  ~~~~~~[0m

[96msrc/modules/communication/services/message.service.ts[0m:[93m109[0m:[93m19[0m - [91merror[0m[90m TS2339: [0mProperty 'channel' does not exist on type 'MessagePayload'.

[7m109[0m           payload.channel,
[7m   [0m [91m                  ~~~~~~~[0m

[96msrc/modules/communication/services/message.service.ts[0m:[93m110[0m:[93m19[0m - [91merror[0m[90m TS2339: [0mProperty 'recipient' does not exist on type 'MessagePayload'.

[7m110[0m           payload.recipient,
[7m   [0m [91m                  ~~~~~~~~~[0m

[96msrc/modules/communication/services/message.service.ts[0m:[93m127[0m:[93m52[0m - [91merror[0m[90m TS2339: [0mProperty 'channel' does not exist on type 'MessagePayload'.

[7m127[0m     const errorMessage = `Failed to send ${payload.channel} message after ${attempts} attempts: ${lastError?.message}`;
[7m   [0m [91m                                                   ~~~~~~~[0m

[96msrc/modules/communication/services/message.service.ts[0m:[93m132[0m:[93m7[0m - [91merror[0m[90m TS2322: [0mType 'null' is not assignable to type 'string | undefined'.

[7m132[0m       messageId: null,
[7m   [0m [91m      ~~~~~~~~~[0m

  [96msrc/modules/communication/interfaces/communication.interface.ts[0m:[93m44[0m:[93m3[0m
    [7m44[0m   messageId?: string;
    [7m  [0m [96m  ~~~~~~~~~[0m
    The expected type comes from property 'messageId' which is declared here on type 'CommunicationResult'

[96msrc/modules/communication/services/message.service.ts[0m:[93m134[0m:[93m25[0m - [91merror[0m[90m TS2339: [0mProperty 'channel' does not exist on type 'MessagePayload'.

[7m134[0m       provider: payload.channel,
[7m   [0m [91m                        ~~~~~~~[0m

[96msrc/modules/communication/services/message.service.ts[0m:[93m151[0m:[93m51[0m - [91merror[0m[90m TS2352: [0mConversion of type '{ success: false; messageId: null; error: any; provider: any; }' to type 'CommunicationResult' may be a mistake because neither type sufficiently overlaps with the other. If this was intentional, convert the expression to 'unknown' first.
  Property 'timestamp' is missing in type '{ success: false; messageId: null; error: any; provider: any; }' but required in type 'CommunicationResult'.

[7m151[0m         this.sendMessage(payload).catch(error => ({
[7m   [0m [91m                                                  ~[0m
[7m152[0m           success: false,
[7m   [0m [91m~~~~~~~~~~~~~~~~~~~~~~~~~[0m
[7m...[0m 
[7m155[0m           provider: payload.channel,
[7m   [0m [91m~~~~~~~~~~~~~~~~~~~~~~~~~~~~~~~~~~~~[0m
[7m156[0m         } as CommunicationResult))
[7m   [0m [91m~~~~~~~~~~~~~~~~~~~~~~~~~~~~~~~~[0m

  [96msrc/modules/communication/interfaces/communication.interface.ts[0m:[93m47[0m:[93m3[0m
    [7m47[0m   timestamp: Date;
    [7m  [0m [96m  ~~~~~~~~~[0m
    'timestamp' is declared here.

[96msrc/modules/communication/services/message.service.ts[0m:[93m155[0m:[93m29[0m - [91merror[0m[90m TS2339: [0mProperty 'channel' does not exist on type 'MessagePayload'.

[7m155[0m           provider: payload.channel,
[7m   [0m [91m                            ~~~~~~~[0m

[96msrc/modules/communication/services/message.service.ts[0m:[93m182[0m:[93m42[0m - [91merror[0m[90m TS2339: [0mProperty 'getDeliveryStatus' does not exist on type 'IEmailService'.

[7m182[0m           return await this.emailService.getDeliveryStatus(messageId);
[7m   [0m [91m                                         ~~~~~~~~~~~~~~~~~[0m

[96msrc/modules/communication/services/message.service.ts[0m:[93m184[0m:[93m40[0m - [91merror[0m[90m TS2339: [0mProperty 'getDeliveryStatus' does not exist on type 'ISMSService'.

[7m184[0m           return await this.smsService.getDeliveryStatus(messageId);
[7m   [0m [91m                                       ~~~~~~~~~~~~~~~~~[0m

[96msrc/modules/communication/services/message.service.ts[0m:[93m186[0m:[93m45[0m - [91merror[0m[90m TS2339: [0mProperty 'getDeliveryStatus' does not exist on type 'IWhatsAppService'.

[7m186[0m           return await this.whatsAppService.getDeliveryStatus(messageId);
[7m   [0m [91m                                            ~~~~~~~~~~~~~~~~~[0m

[96msrc/modules/communication/services/sms.service.ts[0m:[93m4[0m:[93m24[0m - [91merror[0m[90m TS2307: [0mCannot find module 'twilio' or its corresponding type declarations.

[7m4[0m import { Twilio } from 'twilio';
[7m [0m [91m                       ~~~~~~~~[0m

[96msrc/modules/communication/services/sms.service.ts[0m:[93m16[0m:[93m14[0m - [91merror[0m[90m TS2420: [0mClass 'SmsService' incorrectly implements interface 'ISMSService'.
  Property 'sendMessage' is missing in type 'SmsService' but required in type 'ISMSService'.

[7m16[0m export class SmsService implements ISMSService {
[7m  [0m [91m             ~~~~~~~~~~[0m

  [96msrc/modules/communication/interfaces/communication.interface.ts[0m:[93m51[0m:[93m3[0m
    [7m51[0m   sendMessage(payload: MessagePayload): Promise<CommunicationResult>;
    [7m  [0m [96m  ~~~~~~~~~~~~~~~~~~~~~~~~~~~~~~~~~~~~~~~~~~~~~~~~~~~~~~~~~~~~~~~~~~~[0m
    'sendMessage' is declared here.

[96msrc/modules/communication/services/sms.service.ts[0m:[93m130[0m:[93m7[0m - [91merror[0m[90m TS2741: [0mProperty 'timestamp' is missing in type '{ success: true; messageId: any; provider: string; }' but required in type 'CommunicationResult'.

[7m130[0m       return {
[7m   [0m [91m      ~~~~~~[0m

  [96msrc/modules/communication/interfaces/communication.interface.ts[0m:[93m47[0m:[93m3[0m
    [7m47[0m   timestamp: Date;
    [7m  [0m [96m  ~~~~~~~~~[0m
    'timestamp' is declared here.

[96msrc/modules/communication/services/sms.service.ts[0m:[93m140[0m:[93m9[0m - [91merror[0m[90m TS2322: [0mType 'null' is not assignable to type 'string | undefined'.

[7m140[0m         messageId: null,
[7m   [0m [91m        ~~~~~~~~~[0m

  [96msrc/modules/communication/interfaces/communication.interface.ts[0m:[93m44[0m:[93m3[0m
    [7m44[0m   messageId?: string;
    [7m  [0m [96m  ~~~~~~~~~[0m
    The expected type comes from property 'messageId' which is declared here on type 'CommunicationResult'

[96msrc/modules/communication/services/sms.service.ts[0m:[93m159[0m:[93m47[0m - [91merror[0m[90m TS2352: [0mConversion of type '{ success: false; messageId: null; error: any; provider: string; }' to type 'CommunicationResult' may be a mistake because neither type sufficiently overlaps with the other. If this was intentional, convert the expression to 'unknown' first.
  Property 'timestamp' is missing in type '{ success: false; messageId: null; error: any; provider: string; }' but required in type 'CommunicationResult'.

[7m159[0m         this.sendSMS(payload).catch(error => ({
[7m   [0m [91m                                              ~[0m
[7m160[0m           success: false,
[7m   [0m [91m~~~~~~~~~~~~~~~~~~~~~~~~~[0m
[7m...[0m 
[7m163[0m           provider: 'Twilio',
[7m   [0m [91m~~~~~~~~~~~~~~~~~~~~~~~~~~~~~[0m
[7m164[0m         } as CommunicationResult))
[7m   [0m [91m~~~~~~~~~~~~~~~~~~~~~~~~~~~~~~~~[0m

  [96msrc/modules/communication/interfaces/communication.interface.ts[0m:[93m47[0m:[93m3[0m
    [7m47[0m   timestamp: Date;
    [7m  [0m [96m  ~~~~~~~~~[0m
    'timestamp' is declared here.

[96msrc/modules/communication/services/whatsapp.service.ts[0m:[93m4[0m:[93m24[0m - [91merror[0m[90m TS2307: [0mCannot find module 'twilio' or its corresponding type declarations.

[7m4[0m import { Twilio } from 'twilio';
[7m [0m [91m                       ~~~~~~~~[0m

[96msrc/modules/communication/services/whatsapp.service.ts[0m:[93m17[0m:[93m14[0m - [91merror[0m[90m TS2420: [0mClass 'WhatsAppService' incorrectly implements interface 'IWhatsAppService'.
  Property 'sendMessage' is missing in type 'WhatsAppService' but required in type 'IWhatsAppService'.

[7m17[0m export class WhatsAppService implements IWhatsAppService {
[7m  [0m [91m             ~~~~~~~~~~~~~~~[0m

  [96msrc/modules/communication/interfaces/communication.interface.ts[0m:[93m51[0m:[93m3[0m
    [7m51[0m   sendMessage(payload: MessagePayload): Promise<CommunicationResult>;
    [7m  [0m [96m  ~~~~~~~~~~~~~~~~~~~~~~~~~~~~~~~~~~~~~~~~~~~~~~~~~~~~~~~~~~~~~~~~~~~[0m
    'sendMessage' is declared here.

[96msrc/modules/communication/services/whatsapp.service.ts[0m:[93m139[0m:[93m7[0m - [91merror[0m[90m TS2741: [0mProperty 'timestamp' is missing in type '{ success: true; messageId: any; provider: string; }' but required in type 'CommunicationResult'.

[7m139[0m       return {
[7m   [0m [91m      ~~~~~~[0m

  [96msrc/modules/communication/interfaces/communication.interface.ts[0m:[93m47[0m:[93m3[0m
    [7m47[0m   timestamp: Date;
    [7m  [0m [96m  ~~~~~~~~~[0m
    'timestamp' is declared here.

[96msrc/modules/communication/services/whatsapp.service.ts[0m:[93m149[0m:[93m9[0m - [91merror[0m[90m TS2322: [0mType 'null' is not assignable to type 'string | undefined'.

[7m149[0m         messageId: null,
[7m   [0m [91m        ~~~~~~~~~[0m

  [96msrc/modules/communication/interfaces/communication.interface.ts[0m:[93m44[0m:[93m3[0m
    [7m44[0m   messageId?: string;
    [7m  [0m [96m  ~~~~~~~~~[0m
    The expected type comes from property 'messageId' which is declared here on type 'CommunicationResult'

[96msrc/modules/communication/services/whatsapp.service.ts[0m:[93m168[0m:[93m52[0m - [91merror[0m[90m TS2352: [0mConversion of type '{ success: false; messageId: null; error: any; provider: string; }' to type 'CommunicationResult' may be a mistake because neither type sufficiently overlaps with the other. If this was intentional, convert the expression to 'unknown' first.
  Property 'timestamp' is missing in type '{ success: false; messageId: null; error: any; provider: string; }' but required in type 'CommunicationResult'.

[7m168[0m         this.sendWhatsApp(payload).catch(error => ({
[7m   [0m [91m                                                   ~[0m
[7m169[0m           success: false,
[7m   [0m [91m~~~~~~~~~~~~~~~~~~~~~~~~~[0m
[7m...[0m 
[7m172[0m           provider: 'Twilio WhatsApp',
[7m   [0m [91m~~~~~~~~~~~~~~~~~~~~~~~~~~~~~~~~~~~~~~[0m
[7m173[0m         } as CommunicationResult))
[7m   [0m [91m~~~~~~~~~~~~~~~~~~~~~~~~~~~~~~~~[0m

  [96msrc/modules/communication/interfaces/communication.interface.ts[0m:[93m47[0m:[93m3[0m
    [7m47[0m   timestamp: Date;
    [7m  [0m [96m  ~~~~~~~~~[0m
    'timestamp' is declared here.

[96msrc/modules/communication/services/whatsapp.service.ts[0m:[93m383[0m:[93m7[0m - [91merror[0m[90m TS2741: [0mProperty 'timestamp' is missing in type '{ success: true; messageId: any; provider: string; }' but required in type 'CommunicationResult'.

[7m383[0m       return {
[7m   [0m [91m      ~~~~~~[0m

  [96msrc/modules/communication/interfaces/communication.interface.ts[0m:[93m47[0m:[93m3[0m
    [7m47[0m   timestamp: Date;
    [7m  [0m [96m  ~~~~~~~~~[0m
    'timestamp' is declared here.

[96msrc/modules/communication/services/whatsapp.service.ts[0m:[93m393[0m:[93m9[0m - [91merror[0m[90m TS2322: [0mType 'null' is not assignable to type 'string | undefined'.

[7m393[0m         messageId: null,
[7m   [0m [91m        ~~~~~~~~~[0m

  [96msrc/modules/communication/interfaces/communication.interface.ts[0m:[93m44[0m:[93m3[0m
    [7m44[0m   messageId?: string;
    [7m  [0m [96m  ~~~~~~~~~[0m
    The expected type comes from property 'messageId' which is declared here on type 'CommunicationResult'

[96msrc/modules/drivers/application/services/financial-management.service.ts[0m:[93m228[0m:[93m7[0m - [91merror[0m[90m TS2554: [0mExpected 1 arguments, but got 5.

[7m228[0m       request.amount,
[7m   [0m [91m      ~~~~~~~~~~~~~~~[0m
[7m229[0m       request.currency || 'USD',
[7m   [0m [91m~~~~~~~~~~~~~~~~~~~~~~~~~~~~~~~~[0m
[7m230[0m       request.description,
[7m   [0m [91m~~~~~~~~~~~~~~~~~~~~~~~~~~[0m
[7m231[0m       request.metadata,
[7m   [0m [91m~~~~~~~~~~~~~~~~~~~~~~[0m

[96msrc/modules/drivers/application/services/financial-management.service.ts[0m:[93m235[0m:[93m22[0m - [91merror[0m[90m TS2673: [0mConstructor of class 'Earnings' is private and only accessible within the class declaration.

[7m235[0m     const earnings = new Earnings(
[7m   [0m [91m                     ~~~~~~~~~~~~~[0m
[7m236[0m       '', // ID will be generated
[7m   [0m [91m~~~~~~~~~~~~~~~~~~~~~~~~~~~~~~~~~[0m
[7m...[0m 
[7m242[0m       new Date(),
[7m   [0m [91m~~~~~~~~~~~~~~~~~[0m
[7m243[0m     );
[7m   [0m [91m~~~~~[0m

[96msrc/modules/drivers/application/services/financial-management.service.ts[0m:[93m248[0m:[93m11[0m - [91merror[0m[90m TS2551: [0mProperty 'addEarnings' does not exist on type 'Rider'. Did you mean 'earnings'?

[7m248[0m     rider.addEarnings(request.amount);
[7m   [0m [91m          ~~~~~~~~~~~[0m

  [96msrc/modules/drivers/domain/entities/rider.entity.ts[0m:[93m132[0m:[93m7[0m
    [7m132[0m   get earnings(): EarningsDetails {
    [7m   [0m [96m      ~~~~~~~~[0m
    'earnings' is declared here.

[96msrc/modules/drivers/application/services/financial-management.service.ts[0m:[93m251[0m:[93m39[0m - [91merror[0m[90m TS2345: [0mArgument of type 'void' is not assignable to parameter of type 'Earnings'.

[7m251[0m     return this.mapToEarningsResponse(savedEarnings);
[7m   [0m [91m                                      ~~~~~~~~~~~~~[0m

[96msrc/modules/drivers/application/services/financial-management.service.ts[0m:[93m262[0m:[93m21[0m - [91merror[0m[90m TS2673: [0mConstructor of class 'Expense' is private and only accessible within the class declaration.

[7m262[0m     const expense = new Expense(
[7m   [0m [91m                    ~~~~~~~~~~~~[0m
[7m263[0m       '', // ID will be generated
[7m   [0m [91m~~~~~~~~~~~~~~~~~~~~~~~~~~~~~~~~~[0m
[7m...[0m 
[7m278[0m       request.mileageDriven,
[7m   [0m [91m~~~~~~~~~~~~~~~~~~~~~~~~~~~~[0m
[7m279[0m     );
[7m   [0m [91m~~~~~[0m

[96msrc/modules/drivers/application/services/financial-management.service.ts[0m:[93m282[0m:[93m38[0m - [91merror[0m[90m TS2345: [0mArgument of type 'void' is not assignable to parameter of type 'Expense'.

[7m282[0m     return this.mapToExpenseResponse(savedExpense);
[7m   [0m [91m                                     ~~~~~~~~~~~~[0m

[96msrc/modules/drivers/application/services/financial-management.service.ts[0m:[93m290[0m:[93m63[0m - [91merror[0m[90m TS2339: [0mProperty 'searchEarnings' does not exist on type 'EarningsRepository'.

[7m290[0m     const { earnings, total } = await this.earningsRepository.searchEarnings(filters, {
[7m   [0m [91m                                                              ~~~~~~~~~~~~~~[0m

[96msrc/modules/drivers/application/services/financial-management.service.ts[0m:[93m311[0m:[93m62[0m - [91merror[0m[90m TS2339: [0mProperty 'searchExpenses' does not exist on type 'ExpenseRepository'.

[7m311[0m     const { expenses, total } = await this.expenseRepository.searchExpenses(filters, {
[7m   [0m [91m                                                             ~~~~~~~~~~~~~~[0m

[96msrc/modules/drivers/application/services/financial-management.service.ts[0m:[93m366[0m:[93m33[0m - [91merror[0m[90m TS2345: [0mArgument of type 'boolean' is not assignable to parameter of type 'number'.

[7m366[0m     expense.approve(approvedBy, isReimbursable, reimbursedAmount);
[7m   [0m [91m                                ~~~~~~~~~~~~~~[0m

[96msrc/modules/drivers/application/services/financial-management.service.ts[0m:[93m369[0m:[93m38[0m - [91merror[0m[90m TS2345: [0mArgument of type 'void' is not assignable to parameter of type 'Expense'.

[7m369[0m     return this.mapToExpenseResponse(updatedExpense);
[7m   [0m [91m                                     ~~~~~~~~~~~~~~[0m

[96msrc/modules/drivers/application/services/financial-management.service.ts[0m:[93m381[0m:[93m13[0m - [91merror[0m[90m TS2554: [0mExpected 2 arguments, but got 1.

[7m381[0m     expense.reject(rejectionReason);
[7m   [0m [91m            ~~~~~~~~~~~~~~~~~~~~~~~[0m

  [96msrc/modules/drivers/domain/entities/expense.entity.ts[0m:[93m281[0m:[93m37[0m
    [7m281[0m   public reject(rejectedBy: string, reason: string): void {
    [7m   [0m [96m                                    ~~~~~~~~~~~~~~[0m
    An argument for 'reason' was not provided.

[96msrc/modules/drivers/application/services/financial-management.service.ts[0m:[93m384[0m:[93m38[0m - [91merror[0m[90m TS2345: [0mArgument of type 'void' is not assignable to parameter of type 'Expense'.

[7m384[0m     return this.mapToExpenseResponse(updatedExpense);
[7m   [0m [91m                                     ~~~~~~~~~~~~~~[0m

[96msrc/modules/drivers/application/services/financial-management.service.ts[0m:[93m401[0m:[93m22[0m - [91merror[0m[90m TS2551: [0mProperty 'getRiderId' does not exist on type 'Earnings'. Did you mean 'riderId'?

[7m401[0m              earning.getRiderId() === request.riderId &&
[7m   [0m [91m                     ~~~~~~~~~~[0m

  [96msrc/modules/drivers/domain/entities/earnings.entity.ts[0m:[93m81[0m:[93m7[0m
    [7m81[0m   get riderId(): string {
    [7m  [0m [96m      ~~~~~~~[0m
    'riderId' is declared here.

[96msrc/modules/drivers/application/services/financial-management.service.ts[0m:[93m402[0m:[93m22[0m - [91merror[0m[90m TS2339: [0mProperty 'getPayoutStatus' does not exist on type 'Earnings'.

[7m402[0m              earning.getPayoutStatus() === 'PENDING';
[7m   [0m [91m                     ~~~~~~~~~~~~~~~[0m

[96msrc/modules/drivers/application/services/financial-management.service.ts[0m:[93m411[0m:[93m39[0m - [91merror[0m[90m TS2339: [0mProperty 'getAmount' does not exist on type 'Earnings'.

[7m411[0m       (sum, earning) => sum + earning.getAmount(),
[7m   [0m [91m                                      ~~~~~~~~~[0m

[96msrc/modules/drivers/application/services/financial-management.service.ts[0m:[93m422[0m:[93m17[0m - [91merror[0m[90m TS2339: [0mProperty 'processPayout' does not exist on type 'Earnings'.

[7m422[0m         earning.processPayout(payoutReference, new Date());
[7m   [0m [91m                ~~~~~~~~~~~~~[0m

[96msrc/modules/drivers/application/services/financial-management.service.ts[0m:[93m437[0m:[93m77[0m - [91merror[0m[90m TS2345: [0mArgument of type 'void' is not assignable to parameter of type 'Earnings'.

[7m437[0m       earnings: processedEarnings.map(earning => this.mapToEarningsResponse(earning)),
[7m   [0m [91m                                                                            ~~~~~~~[0m

[96msrc/modules/drivers/application/services/financial-management.service.ts[0m:[93m444[0m:[93m59[0m - [91merror[0m[90m TS2339: [0mProperty 'getEarningsSummary' does not exist on type 'EarningsRepository'.

[7m444[0m     const earningsSummary = await this.earningsRepository.getEarningsSummary(
[7m   [0m [91m                                                          ~~~~~~~~~~~~~~~~~~[0m

[96msrc/modules/drivers/application/services/financial-management.service.ts[0m:[93m451[0m:[93m58[0m - [91merror[0m[90m TS2339: [0mProperty 'getExpensesSummary' does not exist on type 'ExpenseRepository'.

[7m451[0m     const expensesSummary = await this.expenseRepository.getExpensesSummary(
[7m   [0m [91m                                                         ~~~~~~~~~~~~~~~~~~[0m

[96msrc/modules/drivers/application/services/financial-management.service.ts[0m:[93m575[0m:[93m54[0m - [91merror[0m[90m TS2339: [0mProperty 'getTaxSummary' does not exist on type 'EarningsRepository'.

[7m575[0m     const taxSummary = await this.earningsRepository.getTaxSummary(
[7m   [0m [91m                                                     ~~~~~~~~~~~~~[0m

[96msrc/modules/drivers/application/services/financial-management.service.ts[0m:[93m580[0m:[93m60[0m - [91merror[0m[90m TS2339: [0mProperty 'getTaxSummary' does not exist on type 'ExpenseRepository'.

[7m580[0m     const expenseTaxSummary = await this.expenseRepository.getTaxSummary(
[7m   [0m [91m                                                           ~~~~~~~~~~~~~[0m

[96msrc/modules/drivers/application/services/financial-management.service.ts[0m:[93m603[0m:[93m59[0m - [91merror[0m[90m TS2339: [0mProperty 'findPendingPayoutsByRiderId' does not exist on type 'EarningsRepository'.

[7m603[0m     const pendingEarnings = await this.earningsRepository.findPendingPayoutsByRiderId(riderId);
[7m   [0m [91m                                                          ~~~~~~~~~~~~~~~~~~~~~~~~~~~[0m

[96msrc/modules/drivers/application/services/financial-management.service.ts[0m:[93m619[0m:[93m49[0m - [91merror[0m[90m TS2339: [0mProperty 'updateMerchant' does not exist on type 'Expense'.

[7m619[0m     if (updates.merchant !== undefined) expense.updateMerchant(updates.merchant);
[7m   [0m [91m                                                ~~~~~~~~~~~~~~[0m

[96msrc/modules/drivers/application/services/financial-management.service.ts[0m:[93m620[0m:[93m51[0m - [91merror[0m[90m TS2551: [0mProperty 'updateReceipt' does not exist on type 'Expense'. Did you mean 'updateReceiptOCR'?

[7m620[0m     if (updates.receiptUrl !== undefined) expense.updateReceipt(updates.receiptUrl, updates.receiptNumber);
[7m   [0m [91m                                                  ~~~~~~~~~~~~~[0m

  [96msrc/modules/drivers/domain/entities/expense.entity.ts[0m:[93m378[0m:[93m10[0m
    [7m378[0m   public updateReceiptOCR(receiptId: string, ocrText: string, extractedData?: ExpenseReceipt['extractedData']): void {
    [7m   [0m [96m         ~~~~~~~~~~~~~~~~[0m
    'updateReceiptOCR' is declared here.

[96msrc/modules/drivers/application/services/financial-management.service.ts[0m:[93m621[0m:[93m52[0m - [91merror[0m[90m TS2339: [0mProperty 'updateExpenseDate' does not exist on type 'Expense'.

[7m621[0m     if (updates.expenseDate !== undefined) expense.updateExpenseDate(updates.expenseDate);
[7m   [0m [91m                                                   ~~~~~~~~~~~~~~~~~[0m

[96msrc/modules/drivers/application/services/financial-management.service.ts[0m:[93m623[0m:[93m15[0m - [91merror[0m[90m TS2339: [0mProperty 'updateMileage' does not exist on type 'Expense'.

[7m623[0m       expense.updateMileage(updates.mileageStart, updates.mileageEnd, updates.mileageDriven);
[7m   [0m [91m              ~~~~~~~~~~~~~[0m

[96msrc/modules/drivers/application/services/financial-management.service.ts[0m:[93m627[0m:[93m38[0m - [91merror[0m[90m TS2345: [0mArgument of type 'void' is not assignable to parameter of type 'Expense'.

[7m627[0m     return this.mapToExpenseResponse(updatedExpense);
[7m   [0m [91m                                     ~~~~~~~~~~~~~~[0m

[96msrc/modules/drivers/application/services/financial-management.service.ts[0m:[93m632[0m:[93m20[0m - [91merror[0m[90m TS2339: [0mProperty 'getId' does not exist on type 'Earnings'.

[7m632[0m       id: earnings.getId(),
[7m   [0m [91m                   ~~~~~[0m

[96msrc/modules/drivers/application/services/financial-management.service.ts[0m:[93m633[0m:[93m25[0m - [91merror[0m[90m TS2551: [0mProperty 'getRiderId' does not exist on type 'Earnings'. Did you mean 'riderId'?

[7m633[0m       riderId: earnings.getRiderId(),
[7m   [0m [91m                        ~~~~~~~~~~[0m

  [96msrc/modules/drivers/domain/entities/earnings.entity.ts[0m:[93m81[0m:[93m7[0m
    [7m81[0m   get riderId(): string {
    [7m  [0m [96m      ~~~~~~~[0m
    'riderId' is declared here.

[96msrc/modules/drivers/application/services/financial-management.service.ts[0m:[93m634[0m:[93m30[0m - [91merror[0m[90m TS2339: [0mProperty 'getRiderOrderId' does not exist on type 'Earnings'.

[7m634[0m       riderOrderId: earnings.getRiderOrderId(),
[7m   [0m [91m                             ~~~~~~~~~~~~~~~[0m

[96msrc/modules/drivers/application/services/financial-management.service.ts[0m:[93m635[0m:[93m22[0m - [91merror[0m[90m TS2339: [0mProperty 'getType' does not exist on type 'Earnings'.

[7m635[0m       type: earnings.getType(),
[7m   [0m [91m                     ~~~~~~~[0m

[96msrc/modules/drivers/application/services/financial-management.service.ts[0m:[93m636[0m:[93m24[0m - [91merror[0m[90m TS2339: [0mProperty 'getAmount' does not exist on type 'Earnings'.

[7m636[0m       amount: earnings.getAmount(),
[7m   [0m [91m                       ~~~~~~~~~[0m

[96msrc/modules/drivers/application/services/financial-management.service.ts[0m:[93m637[0m:[93m26[0m - [91merror[0m[90m TS2551: [0mProperty 'getCurrency' does not exist on type 'Earnings'. Did you mean 'currency'?

[7m637[0m       currency: earnings.getCurrency(),
[7m   [0m [91m                         ~~~~~~~~~~~[0m

  [96msrc/modules/drivers/domain/entities/earnings.entity.ts[0m:[93m113[0m:[93m7[0m
    [7m113[0m   get currency(): string {
    [7m   [0m [96m      ~~~~~~~~[0m
    'currency' is declared here.

[96msrc/modules/drivers/application/services/financial-management.service.ts[0m:[93m638[0m:[93m29[0m - [91merror[0m[90m TS2339: [0mProperty 'getDescription' does not exist on type 'Earnings'.

[7m638[0m       description: earnings.getDescription(),
[7m   [0m [91m                            ~~~~~~~~~~~~~~[0m

[96msrc/modules/drivers/application/services/financial-management.service.ts[0m:[93m639[0m:[93m30[0m - [91merror[0m[90m TS2339: [0mProperty 'getPayoutStatus' does not exist on type 'Earnings'.

[7m639[0m       payoutStatus: earnings.getPayoutStatus(),
[7m   [0m [91m                             ~~~~~~~~~~~~~~~[0m

[96msrc/modules/drivers/application/services/financial-management.service.ts[0m:[93m640[0m:[93m28[0m - [91merror[0m[90m TS2551: [0mProperty 'getPayoutDate' does not exist on type 'Earnings'. Did you mean 'nextPayoutDate'?

[7m640[0m       payoutDate: earnings.getPayoutDate(),
[7m   [0m [91m                           ~~~~~~~~~~~~~[0m

  [96msrc/modules/drivers/domain/entities/earnings.entity.ts[0m:[93m105[0m:[93m7[0m
    [7m105[0m   get nextPayoutDate(): Date | undefined {
    [7m   [0m [96m      ~~~~~~~~~~~~~~[0m
    'nextPayoutDate' is declared here.

[96msrc/modules/drivers/application/services/financial-management.service.ts[0m:[93m641[0m:[93m33[0m - [91merror[0m[90m TS2339: [0mProperty 'getPayoutReference' does not exist on type 'Earnings'.

[7m641[0m       payoutReference: earnings.getPayoutReference(),
[7m   [0m [91m                                ~~~~~~~~~~~~~~~~~~[0m

[96msrc/modules/drivers/application/services/financial-management.service.ts[0m:[93m642[0m:[93m27[0m - [91merror[0m[90m TS2339: [0mProperty 'getIsTaxable' does not exist on type 'Earnings'.

[7m642[0m       isTaxable: earnings.getIsTaxable(),
[7m   [0m [91m                          ~~~~~~~~~~~~[0m

[96msrc/modules/drivers/application/services/financial-management.service.ts[0m:[93m643[0m:[93m27[0m - [91merror[0m[90m TS2339: [0mProperty 'getTaxAmount' does not exist on type 'Earnings'.

[7m643[0m       taxAmount: earnings.getTaxAmount(),
[7m   [0m [91m                          ~~~~~~~~~~~~[0m

[96msrc/modules/drivers/application/services/financial-management.service.ts[0m:[93m644[0m:[93m25[0m - [91merror[0m[90m TS2339: [0mProperty 'getTaxYear' does not exist on type 'Earnings'.

[7m644[0m       taxYear: earnings.getTaxYear(),
[7m   [0m [91m                        ~~~~~~~~~~[0m

[96msrc/modules/drivers/application/services/financial-management.service.ts[0m:[93m645[0m:[93m26[0m - [91merror[0m[90m TS2339: [0mProperty 'getMetadata' does not exist on type 'Earnings'.

[7m645[0m       metadata: earnings.getMetadata(),
[7m   [0m [91m                         ~~~~~~~~~~~[0m

[96msrc/modules/drivers/application/services/financial-management.service.ts[0m:[93m646[0m:[93m26[0m - [91merror[0m[90m TS2339: [0mProperty 'getEarnedAt' does not exist on type 'Earnings'.

[7m646[0m       earnedAt: earnings.getEarnedAt(),
[7m   [0m [91m                         ~~~~~~~~~~~[0m

[96msrc/modules/drivers/application/services/financial-management.service.ts[0m:[93m647[0m:[93m27[0m - [91merror[0m[90m TS2551: [0mProperty 'getCreatedAt' does not exist on type 'Earnings'. Did you mean 'createdAt'?

[7m647[0m       createdAt: earnings.getCreatedAt(),
[7m   [0m [91m                          ~~~~~~~~~~~~[0m

  [96msrc/modules/drivers/domain/entities/earnings.entity.ts[0m:[93m125[0m:[93m7[0m
    [7m125[0m   get createdAt(): Date {
    [7m   [0m [96m      ~~~~~~~~~[0m
    'createdAt' is declared here.

[96msrc/modules/drivers/application/services/financial-management.service.ts[0m:[93m648[0m:[93m27[0m - [91merror[0m[90m TS2551: [0mProperty 'getUpdatedAt' does not exist on type 'Earnings'. Did you mean 'updatedAt'?

[7m648[0m       updatedAt: earnings.getUpdatedAt(),
[7m   [0m [91m                          ~~~~~~~~~~~~[0m

  [96msrc/modules/drivers/domain/entities/earnings.entity.ts[0m:[93m129[0m:[93m7[0m
    [7m129[0m   get updatedAt(): Date {
    [7m   [0m [96m      ~~~~~~~~~[0m
    'updatedAt' is declared here.

[96msrc/modules/drivers/application/services/financial-management.service.ts[0m:[93m654[0m:[93m19[0m - [91merror[0m[90m TS2339: [0mProperty 'getId' does not exist on type 'Expense'.

[7m654[0m       id: expense.getId(),
[7m   [0m [91m                  ~~~~~[0m

[96msrc/modules/drivers/application/services/financial-management.service.ts[0m:[93m655[0m:[93m24[0m - [91merror[0m[90m TS2551: [0mProperty 'getRiderId' does not exist on type 'Expense'. Did you mean 'riderId'?

[7m655[0m       riderId: expense.getRiderId(),
[7m   [0m [91m                       ~~~~~~~~~~[0m

  [96msrc/modules/drivers/domain/entities/expense.entity.ts[0m:[93m116[0m:[93m7[0m
    [7m116[0m   get riderId(): string {
    [7m   [0m [96m      ~~~~~~~[0m
    'riderId' is declared here.

[96msrc/modules/drivers/application/services/financial-management.service.ts[0m:[93m656[0m:[93m25[0m - [91merror[0m[90m TS2551: [0mProperty 'getCategory' does not exist on type 'Expense'. Did you mean 'category'?

[7m656[0m       category: expense.getCategory(),
[7m   [0m [91m                        ~~~~~~~~~~~[0m

  [96msrc/modules/drivers/domain/entities/expense.entity.ts[0m:[93m128[0m:[93m7[0m
    [7m128[0m   get category(): ExpenseCategory {
    [7m   [0m [96m      ~~~~~~~~[0m
    'category' is declared here.

[96msrc/modules/drivers/application/services/financial-management.service.ts[0m:[93m657[0m:[93m23[0m - [91merror[0m[90m TS2551: [0mProperty 'getAmount' does not exist on type 'Expense'. Did you mean 'amount'?

[7m657[0m       amount: expense.getAmount(),
[7m   [0m [91m                      ~~~~~~~~~[0m

  [96msrc/modules/drivers/domain/entities/expense.entity.ts[0m:[93m140[0m:[93m7[0m
    [7m140[0m   get amount(): number {
    [7m   [0m [96m      ~~~~~~[0m
    'amount' is declared here.

[96msrc/modules/drivers/application/services/financial-management.service.ts[0m:[93m658[0m:[93m25[0m - [91merror[0m[90m TS2551: [0mProperty 'getCurrency' does not exist on type 'Expense'. Did you mean 'currency'?

[7m658[0m       currency: expense.getCurrency(),
[7m   [0m [91m                        ~~~~~~~~~~~[0m

  [96msrc/modules/drivers/domain/entities/expense.entity.ts[0m:[93m144[0m:[93m7[0m
    [7m144[0m   get currency(): string {
    [7m   [0m [96m      ~~~~~~~~[0m
    'currency' is declared here.

[96msrc/modules/drivers/application/services/financial-management.service.ts[0m:[93m659[0m:[93m28[0m - [91merror[0m[90m TS2551: [0mProperty 'getDescription' does not exist on type 'Expense'. Did you mean 'description'?

[7m659[0m       description: expense.getDescription(),
[7m   [0m [91m                           ~~~~~~~~~~~~~~[0m

  [96msrc/modules/drivers/domain/entities/expense.entity.ts[0m:[93m136[0m:[93m7[0m
    [7m136[0m   get description(): string {
    [7m   [0m [96m      ~~~~~~~~~~~[0m
    'description' is declared here.

[96msrc/modules/drivers/application/services/financial-management.service.ts[0m:[93m660[0m:[93m25[0m - [91merror[0m[90m TS2551: [0mProperty 'getMerchant' does not exist on type 'Expense'. Did you mean 'merchant'?

[7m660[0m       merchant: expense.getMerchant(),
[7m   [0m [91m                        ~~~~~~~~~~~[0m

  [96msrc/modules/drivers/domain/entities/expense.entity.ts[0m:[93m156[0m:[93m7[0m
    [7m156[0m   get merchant(): string | undefined {
    [7m   [0m [96m      ~~~~~~~~[0m
    'merchant' is declared here.

[96msrc/modules/drivers/application/services/financial-management.service.ts[0m:[93m661[0m:[93m27[0m - [91merror[0m[90m TS2339: [0mProperty 'getReceiptUrl' does not exist on type 'Expense'.

[7m661[0m       receiptUrl: expense.getReceiptUrl(),
[7m   [0m [91m                          ~~~~~~~~~~~~~[0m

[96msrc/modules/drivers/application/services/financial-management.service.ts[0m:[93m662[0m:[93m30[0m - [91merror[0m[90m TS2339: [0mProperty 'getReceiptNumber' does not exist on type 'Expense'.

[7m662[0m       receiptNumber: expense.getReceiptNumber(),
[7m   [0m [91m                             ~~~~~~~~~~~~~~~~[0m

[96msrc/modules/drivers/application/services/financial-management.service.ts[0m:[93m663[0m:[93m23[0m - [91merror[0m[90m TS2551: [0mProperty 'getStatus' does not exist on type 'Expense'. Did you mean 'status'?

[7m663[0m       status: expense.getStatus(),
[7m   [0m [91m                      ~~~~~~~~~[0m

  [96msrc/modules/drivers/domain/entities/expense.entity.ts[0m:[93m176[0m:[93m7[0m
    [7m176[0m   get status(): ExpenseStatus {
    [7m   [0m [96m      ~~~~~~[0m
    'status' is declared here.

[96msrc/modules/drivers/application/services/financial-management.service.ts[0m:[93m664[0m:[93m27[0m - [91merror[0m[90m TS2339: [0mProperty 'getApprovedBy' does not exist on type 'Expense'.

[7m664[0m       approvedBy: expense.getApprovedBy(),
[7m   [0m [91m                          ~~~~~~~~~~~~~[0m

[96msrc/modules/drivers/application/services/financial-management.service.ts[0m:[93m665[0m:[93m27[0m - [91merror[0m[90m TS2551: [0mProperty 'getApprovedAt' does not exist on type 'Expense'. Did you mean 'getApprovedAmount'?

[7m665[0m       approvedAt: expense.getApprovedAt(),
[7m   [0m [91m                          ~~~~~~~~~~~~~[0m

  [96msrc/modules/drivers/domain/entities/expense.entity.ts[0m:[93m583[0m:[93m10[0m
    [7m583[0m   public getApprovedAmount(): number {
    [7m   [0m [96m         ~~~~~~~~~~~~~~~~~[0m
    'getApprovedAmount' is declared here.

[96msrc/modules/drivers/application/services/financial-management.service.ts[0m:[93m666[0m:[93m27[0m - [91merror[0m[90m TS2339: [0mProperty 'getRejectedAt' does not exist on type 'Expense'.

[7m666[0m       rejectedAt: expense.getRejectedAt(),
[7m   [0m [91m                          ~~~~~~~~~~~~~[0m

[96msrc/modules/drivers/application/services/financial-management.service.ts[0m:[93m667[0m:[93m32[0m - [91merror[0m[90m TS2339: [0mProperty 'getRejectionReason' does not exist on type 'Expense'.

[7m667[0m       rejectionReason: expense.getRejectionReason(),
[7m   [0m [91m                               ~~~~~~~~~~~~~~~~~~[0m

[96msrc/modules/drivers/application/services/financial-management.service.ts[0m:[93m668[0m:[93m31[0m - [91merror[0m[90m TS2551: [0mProperty 'getIsReimbursable' does not exist on type 'Expense'. Did you mean 'isReimbursable'?

[7m668[0m       isReimbursable: expense.getIsReimbursable(),
[7m   [0m [91m                              ~~~~~~~~~~~~~~~~~[0m

  [96msrc/modules/drivers/domain/entities/expense.entity.ts[0m:[93m579[0m:[93m10[0m
    [7m579[0m   public isReimbursable(): boolean {
    [7m   [0m [96m         ~~~~~~~~~~~~~~[0m
    'isReimbursable' is declared here.

[96msrc/modules/drivers/application/services/financial-management.service.ts[0m:[93m669[0m:[93m33[0m - [91merror[0m[90m TS2551: [0mProperty 'getReimbursedAmount' does not exist on type 'Expense'. Did you mean 'getReimbursementAmount'?

[7m669[0m       reimbursedAmount: expense.getReimbursedAmount(),
[7m   [0m [91m                                ~~~~~~~~~~~~~~~~~~~[0m

  [96msrc/modules/drivers/domain/entities/expense.entity.ts[0m:[93m594[0m:[93m10[0m
    [7m594[0m   public getReimbursementAmount(): number {
    [7m   [0m [96m         ~~~~~~~~~~~~~~~~~~~~~~[0m
    'getReimbursementAmount' is declared here.

[96msrc/modules/drivers/application/services/financial-management.service.ts[0m:[93m670[0m:[93m29[0m - [91merror[0m[90m TS2339: [0mProperty 'getReimbursedAt' does not exist on type 'Expense'.

[7m670[0m       reimbursedAt: expense.getReimbursedAt(),
[7m   [0m [91m                            ~~~~~~~~~~~~~~~[0m

[96msrc/modules/drivers/application/services/financial-management.service.ts[0m:[93m671[0m:[93m39[0m - [91merror[0m[90m TS2339: [0mProperty 'getReimbursementReference' does not exist on type 'Expense'.

[7m671[0m       reimbursementReference: expense.getReimbursementReference(),
[7m   [0m [91m                                      ~~~~~~~~~~~~~~~~~~~~~~~~~[0m

[96msrc/modules/drivers/application/services/financial-management.service.ts[0m:[93m672[0m:[93m32[0m - [91merror[0m[90m TS2551: [0mProperty 'getIsTaxDeductible' does not exist on type 'Expense'. Did you mean 'isTaxDeductible'?

[7m672[0m       isTaxDeductible: expense.getIsTaxDeductible(),
[7m   [0m [91m                               ~~~~~~~~~~~~~~~~~~[0m

  [96msrc/modules/drivers/domain/entities/expense.entity.ts[0m:[93m168[0m:[93m7[0m
    [7m168[0m   get isTaxDeductible(): boolean {
    [7m   [0m [96m      ~~~~~~~~~~~~~~~[0m
    'isTaxDeductible' is declared here.

[96msrc/modules/drivers/application/services/financial-management.service.ts[0m:[93m673[0m:[93m24[0m - [91merror[0m[90m TS2339: [0mProperty 'getTaxYear' does not exist on type 'Expense'.

[7m673[0m       taxYear: expense.getTaxYear(),
[7m   [0m [91m                       ~~~~~~~~~~[0m

[96msrc/modules/drivers/application/services/financial-management.service.ts[0m:[93m674[0m:[93m28[0m - [91merror[0m[90m TS2339: [0mProperty 'getMileageStart' does not exist on type 'Expense'.

[7m674[0m       mileageInfo: expense.getMileageStart() ? {
[7m   [0m [91m                           ~~~~~~~~~~~~~~~[0m

[96msrc/modules/drivers/application/services/financial-management.service.ts[0m:[93m675[0m:[93m24[0m - [91merror[0m[90m TS2339: [0mProperty 'getMileageStart' does not exist on type 'Expense'.

[7m675[0m         start: expense.getMileageStart(),
[7m   [0m [91m                       ~~~~~~~~~~~~~~~[0m

[96msrc/modules/drivers/application/services/financial-management.service.ts[0m:[93m676[0m:[93m22[0m - [91merror[0m[90m TS2339: [0mProperty 'getMileageEnd' does not exist on type 'Expense'.

[7m676[0m         end: expense.getMileageEnd(),
[7m   [0m [91m                     ~~~~~~~~~~~~~[0m

[96msrc/modules/drivers/application/services/financial-management.service.ts[0m:[93m677[0m:[93m25[0m - [91merror[0m[90m TS2339: [0mProperty 'getMileageDriven' does not exist on type 'Expense'.

[7m677[0m         driven: expense.getMileageDriven(),
[7m   [0m [91m                        ~~~~~~~~~~~~~~~~[0m

[96msrc/modules/drivers/application/services/financial-management.service.ts[0m:[93m679[0m:[93m28[0m - [91merror[0m[90m TS2339: [0mProperty 'getExpenseDate' does not exist on type 'Expense'.

[7m679[0m       expenseDate: expense.getExpenseDate(),
[7m   [0m [91m                           ~~~~~~~~~~~~~~[0m

[96msrc/modules/drivers/application/services/financial-management.service.ts[0m:[93m680[0m:[93m26[0m - [91merror[0m[90m TS2551: [0mProperty 'getCreatedAt' does not exist on type 'Expense'. Did you mean 'createdAt'?

[7m680[0m       createdAt: expense.getCreatedAt(),
[7m   [0m [91m                         ~~~~~~~~~~~~[0m

  [96msrc/modules/drivers/domain/entities/expense.entity.ts[0m:[93m236[0m:[93m7[0m
    [7m236[0m   get createdAt(): Date {
    [7m   [0m [96m      ~~~~~~~~~[0m
    'createdAt' is declared here.

[96msrc/modules/drivers/application/services/financial-management.service.ts[0m:[93m681[0m:[93m26[0m - [91merror[0m[90m TS2551: [0mProperty 'getUpdatedAt' does not exist on type 'Expense'. Did you mean 'updatedAt'?

[7m681[0m       updatedAt: expense.getUpdatedAt(),
[7m   [0m [91m                         ~~~~~~~~~~~~[0m

  [96msrc/modules/drivers/domain/entities/expense.entity.ts[0m:[93m240[0m:[93m7[0m
    [7m240[0m   get updatedAt(): Date {
    [7m   [0m [96m      ~~~~~~~~~[0m
    'updatedAt' is declared here.

[96msrc/modules/drivers/application/services/order-handling.service.ts[0m:[93m211[0m:[93m64[0m - [91merror[0m[90m TS2554: [0mExpected 4-5 arguments, but got 1.

[7m211[0m     const assignmentResult = await this.orderAssignmentService.assignOrder(assignmentRequest);
[7m   [0m [91m                                                               ~~~~~~~~~~~~~~~~~~~~~~~~~~~~~~[0m

  [96msrc/modules/drivers/domain/services/order-assignment.service.ts[0m:[93m99[0m:[93m5[0m
    [7m99[0m     availableRiders: Rider[],
    [7m  [0m [96m    ~~~~~~~~~~~~~~~~~~~~~~~~[0m
    An argument for 'availableRiders' was not provided.

[96msrc/modules/drivers/application/services/order-handling.service.ts[0m:[93m214[0m:[93m81[0m - [91merror[0m[90m TS2339: [0mProperty 'reason' does not exist on type 'AssignmentResult'.

[7m214[0m       throw new BadRequestException(`Failed to assign order: ${assignmentResult.reason}`);
[7m   [0m [91m                                                                                ~~~~~~[0m

[96msrc/modules/drivers/application/services/order-handling.service.ts[0m:[93m217[0m:[93m70[0m - [91merror[0m[90m TS2339: [0mProperty 'riderId' does not exist on type 'AssignmentResult'.

[7m217[0m     return this.assignOrderToRider(request.orderId, assignmentResult.riderId!, request);
[7m   [0m [91m                                                                     ~~~~~~~[0m

[96msrc/modules/drivers/application/services/order-handling.service.ts[0m:[93m231[0m:[93m16[0m - [91merror[0m[90m TS2339: [0mProperty 'getIsActive' does not exist on type 'Rider'.

[7m231[0m     if (!rider.getIsActive() || rider.getStatus().getValue() === 'OFFLINE') {
[7m   [0m [91m               ~~~~~~~~~~~[0m

[96msrc/modules/drivers/application/services/order-handling.service.ts[0m:[93m231[0m:[93m39[0m - [91merror[0m[90m TS2339: [0mProperty 'getStatus' does not exist on type 'Rider'.

[7m231[0m     if (!rider.getIsActive() || rider.getStatus().getValue() === 'OFFLINE') {
[7m   [0m [91m                                      ~~~~~~~~~[0m

[96msrc/modules/drivers/application/services/order-handling.service.ts[0m:[93m243[0m:[93m58[0m - [91merror[0m[90m TS2554: [0mExpected 1 arguments, but got 2.

[7m243[0m       ? Location.create(request.pickupLocation.latitude, request.pickupLocation.longitude)
[7m   [0m [91m                                                         ~~~~~~~~~~~~~~~~~~~~~~~~~~~~~~~~[0m

[96msrc/modules/drivers/application/services/order-handling.service.ts[0m:[93m247[0m:[93m60[0m - [91merror[0m[90m TS2554: [0mExpected 1 arguments, but got 2.

[7m247[0m       ? Location.create(request.deliveryLocation.latitude, request.deliveryLocation.longitude)
[7m   [0m [91m                                                           ~~~~~~~~~~~~~~~~~~~~~~~~~~~~~~~~~~[0m

[96msrc/modules/drivers/application/services/order-handling.service.ts[0m:[93m250[0m:[93m24[0m - [91merror[0m[90m TS2673: [0mConstructor of class 'RiderOrder' is private and only accessible within the class declaration.

[7m250[0m     const riderOrder = new RiderOrder(
[7m   [0m [91m                       ~~~~~~~~~~~~~~~[0m
[7m251[0m       '', // ID will be generated
[7m   [0m [91m~~~~~~~~~~~~~~~~~~~~~~~~~~~~~~~~~[0m
[7m...[0m 
[7m259[0m       request.estimatedDuration,
[7m   [0m [91m~~~~~~~~~~~~~~~~~~~~~~~~~~~~~~~~[0m
[7m260[0m     );
[7m   [0m [91m~~~~~[0m

[96msrc/modules/drivers/application/services/order-handling.service.ts[0m:[93m263[0m:[93m41[0m - [91merror[0m[90m TS2345: [0mArgument of type 'void' is not assignable to parameter of type 'RiderOrder'.

[7m263[0m     return this.mapToRiderOrderResponse(savedRiderOrder);
[7m   [0m [91m                                        ~~~~~~~~~~~~~~~[0m

[96msrc/modules/drivers/application/services/order-handling.service.ts[0m:[93m269[0m:[93m20[0m - [91merror[0m[90m TS2551: [0mProperty 'getStatus' does not exist on type 'RiderOrder'. Did you mean 'status'?

[7m269[0m     if (riderOrder.getStatus() !== 'ASSIGNED') {
[7m   [0m [91m                   ~~~~~~~~~[0m

  [96msrc/modules/drivers/domain/entities/rider-order.entity.ts[0m:[93m119[0m:[93m7[0m
    [7m119[0m   get status(): OrderStatus {
    [7m   [0m [96m      ~~~~~~[0m
    'status' is declared here.

[96msrc/modules/drivers/application/services/order-handling.service.ts[0m:[93m273[0m:[93m23[0m - [91merror[0m[90m TS2345: [0mArgument of type 'Date | undefined' is not assignable to parameter of type 'string | undefined'.
  Type 'Date' is not assignable to type 'string'.

[7m273[0m     riderOrder.accept(request.acceptedAt);
[7m   [0m [91m                      ~~~~~~~~~~~~~~~~~~[0m

[96msrc/modules/drivers/application/services/order-handling.service.ts[0m:[93m276[0m:[93m41[0m - [91merror[0m[90m TS2345: [0mArgument of type 'void' is not assignable to parameter of type 'RiderOrder'.

[7m276[0m     return this.mapToRiderOrderResponse(updatedRiderOrder);
[7m   [0m [91m                                        ~~~~~~~~~~~~~~~~~[0m

[96msrc/modules/drivers/application/services/order-handling.service.ts[0m:[93m282[0m:[93m20[0m - [91merror[0m[90m TS2551: [0mProperty 'getStatus' does not exist on type 'RiderOrder'. Did you mean 'status'?

[7m282[0m     if (riderOrder.getStatus() !== 'ASSIGNED') {
[7m   [0m [91m                   ~~~~~~~~~[0m

  [96msrc/modules/drivers/domain/entities/rider-order.entity.ts[0m:[93m119[0m:[93m7[0m
    [7m119[0m   get status(): OrderStatus {
    [7m   [0m [96m      ~~~~~~[0m
    'status' is declared here.

[96msrc/modules/drivers/application/services/order-handling.service.ts[0m:[93m286[0m:[93m16[0m - [91merror[0m[90m TS2339: [0mProperty 'reject' does not exist on type 'RiderOrder'.

[7m286[0m     riderOrder.reject(request.reason, request.rejectedAt);
[7m   [0m [91m               ~~~~~~[0m

[96msrc/modules/drivers/application/services/order-handling.service.ts[0m:[93m289[0m:[93m41[0m - [91merror[0m[90m TS2345: [0mArgument of type 'void' is not assignable to parameter of type 'RiderOrder'.

[7m289[0m     return this.mapToRiderOrderResponse(updatedRiderOrder);
[7m   [0m [91m                                        ~~~~~~~~~~~~~~~~~[0m

[96msrc/modules/drivers/application/services/order-handling.service.ts[0m:[93m295[0m:[93m20[0m - [91merror[0m[90m TS2551: [0mProperty 'getStatus' does not exist on type 'RiderOrder'. Did you mean 'status'?

[7m295[0m     if (riderOrder.getStatus() !== 'ACCEPTED') {
[7m   [0m [91m                   ~~~~~~~~~[0m

  [96msrc/modules/drivers/domain/entities/rider-order.entity.ts[0m:[93m119[0m:[93m7[0m
    [7m119[0m   get status(): OrderStatus {
    [7m   [0m [96m      ~~~~~~[0m
    'status' is declared here.

[96msrc/modules/drivers/application/services/order-handling.service.ts[0m:[93m300[0m:[93m58[0m - [91merror[0m[90m TS2554: [0mExpected 1 arguments, but got 2.

[7m300[0m       ? Location.create(request.pickupLocation.latitude, request.pickupLocation.longitude)
[7m   [0m [91m                                                         ~~~~~~~~~~~~~~~~~~~~~~~~~~~~~~~~[0m

[96msrc/modules/drivers/application/services/order-handling.service.ts[0m:[93m303[0m:[93m16[0m - [91merror[0m[90m TS2551: [0mProperty 'pickup' does not exist on type 'RiderOrder'. Did you mean 'pickUp'?

[7m303[0m     riderOrder.pickup(pickupLocation, request.pickupNotes, request.pickedUpAt);
[7m   [0m [91m               ~~~~~~[0m

  [96msrc/modules/drivers/domain/entities/rider-order.entity.ts[0m:[93m262[0m:[93m10[0m
    [7m262[0m   public pickUp(location?: Location, notes?: string): void {
    [7m   [0m [96m         ~~~~~~[0m
    'pickUp' is declared here.

[96msrc/modules/drivers/application/services/order-handling.service.ts[0m:[93m306[0m:[93m41[0m - [91merror[0m[90m TS2345: [0mArgument of type 'void' is not assignable to parameter of type 'RiderOrder'.

[7m306[0m     return this.mapToRiderOrderResponse(updatedRiderOrder);
[7m   [0m [91m                                        ~~~~~~~~~~~~~~~~~[0m

[96msrc/modules/drivers/application/services/order-handling.service.ts[0m:[93m312[0m:[93m20[0m - [91merror[0m[90m TS2551: [0mProperty 'getStatus' does not exist on type 'RiderOrder'. Did you mean 'status'?

[7m312[0m     if (riderOrder.getStatus() !== 'PICKED_UP') {
[7m   [0m [91m                   ~~~~~~~~~[0m

  [96msrc/modules/drivers/domain/entities/rider-order.entity.ts[0m:[93m119[0m:[93m7[0m
    [7m119[0m   get status(): OrderStatus {
    [7m   [0m [96m      ~~~~~~[0m
    'status' is declared here.

[96msrc/modules/drivers/application/services/order-handling.service.ts[0m:[93m317[0m:[93m60[0m - [91merror[0m[90m TS2554: [0mExpected 1 arguments, but got 2.

[7m317[0m       ? Location.create(request.deliveryLocation.latitude, request.deliveryLocation.longitude)
[7m   [0m [91m                                                           ~~~~~~~~~~~~~~~~~~~~~~~~~~~~~~~~~~[0m

[96msrc/modules/drivers/application/services/order-handling.service.ts[0m:[93m324[0m:[93m7[0m - [91merror[0m[90m TS2554: [0mExpected 0-3 arguments, but got 7.

[7m324[0m       request.deliveryNotes,
[7m   [0m [91m      ~~~~~~~~~~~~~~~~~~~~~~[0m
[7m325[0m       request.customerRating,
[7m   [0m [91m~~~~~~~~~~~~~~~~~~~~~~~~~~~~~[0m
[7m326[0m       request.customerFeedback,
[7m   [0m [91m~~~~~~~~~~~~~~~~~~~~~~~~~~~~~~~[0m
[7m327[0m       request.deliveredAt,
[7m   [0m [91m~~~~~~~~~~~~~~~~~~~~~~~~~[0m

[96msrc/modules/drivers/application/services/order-handling.service.ts[0m:[93m335[0m:[93m13[0m - [91merror[0m[90m TS2339: [0mProperty 'incrementCompletedOrders' does not exist on type 'Rider'.

[7m335[0m       rider.incrementCompletedOrders();
[7m   [0m [91m            ~~~~~~~~~~~~~~~~~~~~~~~~[0m

[96msrc/modules/drivers/application/services/order-handling.service.ts[0m:[93m337[0m:[93m15[0m - [91merror[0m[90m TS2339: [0mProperty 'updateRating' does not exist on type 'Rider'.

[7m337[0m         rider.updateRating(request.customerRating);
[7m   [0m [91m              ~~~~~~~~~~~~[0m

[96msrc/modules/drivers/application/services/order-handling.service.ts[0m:[93m342[0m:[93m41[0m - [91merror[0m[90m TS2345: [0mArgument of type 'void' is not assignable to parameter of type 'RiderOrder'.

[7m342[0m     return this.mapToRiderOrderResponse(updatedRiderOrder);
[7m   [0m [91m                                        ~~~~~~~~~~~~~~~~~[0m

[96msrc/modules/drivers/application/services/order-handling.service.ts[0m:[93m349[0m:[93m46[0m - [91merror[0m[90m TS2551: [0mProperty 'getStatus' does not exist on type 'RiderOrder'. Did you mean 'status'?

[7m349[0m     if (!allowedStatuses.includes(riderOrder.getStatus())) {
[7m   [0m [91m                                             ~~~~~~~~~[0m

  [96msrc/modules/drivers/domain/entities/rider-order.entity.ts[0m:[93m119[0m:[93m7[0m
    [7m119[0m   get status(): OrderStatus {
    [7m   [0m [96m      ~~~~~~[0m
    'status' is declared here.

[96msrc/modules/drivers/application/services/order-handling.service.ts[0m:[93m353[0m:[93m23[0m - [91merror[0m[90m TS2345: [0mArgument of type 'string' is not assignable to parameter of type 'CancellationReason'.

[7m353[0m     riderOrder.cancel(request.reason, request.cancelledAt);
[7m   [0m [91m                      ~~~~~~~~~~~~~~[0m

[96msrc/modules/drivers/application/services/order-handling.service.ts[0m:[93m359[0m:[93m13[0m - [91merror[0m[90m TS2339: [0mProperty 'incrementCancelledOrders' does not exist on type 'Rider'.

[7m359[0m       rider.incrementCancelledOrders();
[7m   [0m [91m            ~~~~~~~~~~~~~~~~~~~~~~~~[0m

[96msrc/modules/drivers/application/services/order-handling.service.ts[0m:[93m363[0m:[93m41[0m - [91merror[0m[90m TS2345: [0mArgument of type 'void' is not assignable to parameter of type 'RiderOrder'.

[7m363[0m     return this.mapToRiderOrderResponse(updatedRiderOrder);
[7m   [0m [91m                                        ~~~~~~~~~~~~~~~~~[0m

[96msrc/modules/drivers/application/services/order-handling.service.ts[0m:[93m386[0m:[93m63[0m - [91merror[0m[90m TS2339: [0mProperty 'searchOrders' does not exist on type 'RiderOrderRepository'.

[7m386[0m     const { orders, total } = await this.riderOrderRepository.searchOrders(orderFilters, {
[7m   [0m [91m                                                              ~~~~~~~~~~~~[0m

[96msrc/modules/drivers/application/services/order-handling.service.ts[0m:[93m403[0m:[93m58[0m - [91merror[0m[90m TS2339: [0mProperty 'findActiveOrdersByRiderId' does not exist on type 'RiderOrderRepository'.

[7m403[0m     const activeOrders = await this.riderOrderRepository.findActiveOrdersByRiderId(riderId);
[7m   [0m [91m                                                         ~~~~~~~~~~~~~~~~~~~~~~~~~[0m

[96msrc/modules/drivers/application/services/order-handling.service.ts[0m:[93m408[0m:[93m58[0m - [91merror[0m[90m TS2339: [0mProperty 'findNearbyAvailableOrders' does not exist on type 'RiderOrderRepository'.

[7m408[0m     const nearbyOrders = await this.riderOrderRepository.findNearbyAvailableOrders(
[7m   [0m [91m                                                         ~~~~~~~~~~~~~~~~~~~~~~~~~[0m

[96msrc/modules/drivers/application/services/order-handling.service.ts[0m:[93m423[0m:[93m53[0m - [91merror[0m[90m TS2339: [0mProperty 'getOrderSummary' does not exist on type 'RiderOrderRepository'.

[7m423[0m     const summary = await this.riderOrderRepository.getOrderSummary(riderId, startDate, endDate);
[7m   [0m [91m                                                    ~~~~~~~~~~~~~~~[0m

[96msrc/modules/drivers/application/services/order-handling.service.ts[0m:[93m455[0m:[93m19[0m - [91merror[0m[90m TS2339: [0mProperty 'getIsActive' does not exist on type 'Rider'.

[7m455[0m     if (!newRider.getIsActive() || newRider.getStatus().getValue() === 'OFFLINE') {
[7m   [0m [91m                  ~~~~~~~~~~~[0m

[96msrc/modules/drivers/application/services/order-handling.service.ts[0m:[93m455[0m:[93m45[0m - [91merror[0m[90m TS2339: [0mProperty 'getStatus' does not exist on type 'Rider'.

[7m455[0m     if (!newRider.getIsActive() || newRider.getStatus().getValue() === 'OFFLINE') {
[7m   [0m [91m                                            ~~~~~~~~~[0m

[96msrc/modules/drivers/application/services/order-handling.service.ts[0m:[93m462[0m:[93m34[0m - [91merror[0m[90m TS2551: [0mProperty 'getRiderId' does not exist on type 'RiderOrder'. Did you mean 'riderId'?

[7m462[0m       currentRiderId: riderOrder.getRiderId(),
[7m   [0m [91m                                 ~~~~~~~~~~[0m

  [96msrc/modules/drivers/domain/entities/rider-order.entity.ts[0m:[93m99[0m:[93m7[0m
    [7m99[0m   get riderId(): string {
    [7m  [0m [96m      ~~~~~~~[0m
    'riderId' is declared here.

[96msrc/modules/drivers/application/services/order-handling.service.ts[0m:[93m467[0m:[93m66[0m - [91merror[0m[90m TS2554: [0mExpected 5 arguments, but got 1.

[7m467[0m     const reassignmentResult = await this.orderAssignmentService.reassignOrder(reassignmentRequest);
[7m   [0m [91m                                                                 ~~~~~~~~~~~~~~~~~~~~~~~~~~~~~~~~~~[0m

  [96msrc/modules/drivers/domain/services/order-assignment.service.ts[0m:[93m398[0m:[93m5[0m
    [7m398[0m     availableRiders: Rider[],
    [7m   [0m [96m    ~~~~~~~~~~~~~~~~~~~~~~~~[0m
    An argument for 'availableRiders' was not provided.

[96msrc/modules/drivers/application/services/order-handling.service.ts[0m:[93m470[0m:[93m85[0m - [91merror[0m[90m TS2339: [0mProperty 'reason' does not exist on type 'AssignmentResult'.

[7m470[0m       throw new BadRequestException(`Failed to reassign order: ${reassignmentResult.reason}`);
[7m   [0m [91m                                                                                    ~~~~~~[0m

[96msrc/modules/drivers/application/services/order-handling.service.ts[0m:[93m474[0m:[93m16[0m - [91merror[0m[90m TS2339: [0mProperty 'reassign' does not exist on type 'RiderOrder'.

[7m474[0m     riderOrder.reassign(newRiderId, reason);
[7m   [0m [91m               ~~~~~~~~[0m

[96msrc/modules/drivers/application/services/order-handling.service.ts[0m:[93m477[0m:[93m41[0m - [91merror[0m[90m TS2345: [0mArgument of type 'void' is not assignable to parameter of type 'RiderOrder'.

[7m477[0m     return this.mapToRiderOrderResponse(updatedRiderOrder);
[7m   [0m [91m                                        ~~~~~~~~~~~~~~~~~[0m

[96msrc/modules/drivers/application/services/order-handling.service.ts[0m:[93m486[0m:[93m59[0m - [91merror[0m[90m TS2554: [0mExpected 4 arguments, but got 1.

[7m486[0m     const batchResult = await this.orderAssignmentService.batchAssignOrders(batchRequest);
[7m   [0m [91m                                                          ~~~~~~~~~~~~~~~~~~~~~~~~~~~~~~~[0m

  [96msrc/modules/drivers/domain/services/order-assignment.service.ts[0m:[93m467[0m:[93m5[0m
    [7m467[0m     availableRiders: Rider[],
    [7m   [0m [96m    ~~~~~~~~~~~~~~~~~~~~~~~~[0m
    An argument for 'availableRiders' was not provided.

[96msrc/modules/drivers/application/services/order-handling.service.ts[0m:[93m491[0m:[93m38[0m - [91merror[0m[90m TS2339: [0mProperty 'results' does not exist on type 'BatchAssignmentResult'.

[7m491[0m     for (const result of batchResult.results) {
[7m   [0m [91m                                     ~~~~~~~[0m

[96msrc/modules/drivers/application/services/order-handling.service.ts[0m:[93m495[0m:[93m30[0m - [91merror[0m[90m TS2673: [0mConstructor of class 'RiderOrder' is private and only accessible within the class declaration.

[7m495[0m           const riderOrder = new RiderOrder(
[7m   [0m [91m                             ~~~~~~~~~~~~~~~[0m
[7m496[0m             '',
[7m   [0m [91m~~~~~~~~~~~~~~~[0m
[7m...[0m 
[7m500[0m             new Date(),
[7m   [0m [91m~~~~~~~~~~~~~~~~~~~~~~~[0m
[7m501[0m           );
[7m   [0m [91m~~~~~~~~~~~[0m

[96msrc/modules/drivers/application/services/order-handling.service.ts[0m:[93m506[0m:[93m43[0m - [91merror[0m[90m TS2339: [0mProperty 'getId' does not exist on type 'void'.

[7m506[0m             riderOrderId: savedRiderOrder.getId(),
[7m   [0m [91m                                          ~~~~~[0m

[96msrc/modules/drivers/application/services/order-handling.service.ts[0m:[93m539[0m:[93m20[0m - [91merror[0m[90m TS2551: [0mProperty 'getRiderId' does not exist on type 'RiderOrder'. Did you mean 'riderId'?

[7m539[0m     if (riderOrder.getRiderId() !== riderId) {
[7m   [0m [91m                   ~~~~~~~~~~[0m

  [96msrc/modules/drivers/domain/entities/rider-order.entity.ts[0m:[93m99[0m:[93m7[0m
    [7m99[0m   get riderId(): string {
    [7m  [0m [96m      ~~~~~~~[0m
    'riderId' is declared here.

[96msrc/modules/drivers/application/services/order-handling.service.ts[0m:[93m548[0m:[93m22[0m - [91merror[0m[90m TS2339: [0mProperty 'getId' does not exist on type 'RiderOrder'.

[7m548[0m       id: riderOrder.getId(),
[7m   [0m [91m                     ~~~~~[0m

[96msrc/modules/drivers/application/services/order-handling.service.ts[0m:[93m549[0m:[93m27[0m - [91merror[0m[90m TS2551: [0mProperty 'getRiderId' does not exist on type 'RiderOrder'. Did you mean 'riderId'?

[7m549[0m       riderId: riderOrder.getRiderId(),
[7m   [0m [91m                          ~~~~~~~~~~[0m

  [96msrc/modules/drivers/domain/entities/rider-order.entity.ts[0m:[93m99[0m:[93m7[0m
    [7m99[0m   get riderId(): string {
    [7m  [0m [96m      ~~~~~~~[0m
    'riderId' is declared here.

[96msrc/modules/drivers/application/services/order-handling.service.ts[0m:[93m550[0m:[93m27[0m - [91merror[0m[90m TS2551: [0mProperty 'getOrderId' does not exist on type 'RiderOrder'. Did you mean 'orderId'?

[7m550[0m       orderId: riderOrder.getOrderId(),
[7m   [0m [91m                          ~~~~~~~~~~[0m

  [96msrc/modules/drivers/domain/entities/rider-order.entity.ts[0m:[93m95[0m:[93m7[0m
    [7m95[0m   get orderId(): string {
    [7m  [0m [96m      ~~~~~~~[0m
    'orderId' is declared here.

[96msrc/modules/drivers/application/services/order-handling.service.ts[0m:[93m551[0m:[93m26[0m - [91merror[0m[90m TS2551: [0mProperty 'getStatus' does not exist on type 'RiderOrder'. Did you mean 'status'?

[7m551[0m       status: riderOrder.getStatus(),
[7m   [0m [91m                         ~~~~~~~~~[0m

  [96msrc/modules/drivers/domain/entities/rider-order.entity.ts[0m:[93m119[0m:[93m7[0m
    [7m119[0m   get status(): OrderStatus {
    [7m   [0m [96m      ~~~~~~[0m
    'status' is declared here.

[96msrc/modules/drivers/application/services/order-handling.service.ts[0m:[93m552[0m:[93m30[0m - [91merror[0m[90m TS2551: [0mProperty 'getAssignedAt' does not exist on type 'RiderOrder'. Did you mean 'assignedAt'?

[7m552[0m       assignedAt: riderOrder.getAssignedAt(),
[7m   [0m [91m                             ~~~~~~~~~~~~~[0m

  [96msrc/modules/drivers/domain/entities/rider-order.entity.ts[0m:[93m219[0m:[93m7[0m
    [7m219[0m   get assignedAt(): Date {
    [7m   [0m [96m      ~~~~~~~~~~[0m
    'assignedAt' is declared here.

[96msrc/modules/drivers/application/services/order-handling.service.ts[0m:[93m553[0m:[93m30[0m - [91merror[0m[90m TS2551: [0mProperty 'getAcceptedAt' does not exist on type 'RiderOrder'. Did you mean 'acceptedAt'?

[7m553[0m       acceptedAt: riderOrder.getAcceptedAt(),
[7m   [0m [91m                             ~~~~~~~~~~~~~[0m

  [96msrc/modules/drivers/domain/entities/rider-order.entity.ts[0m:[93m223[0m:[93m7[0m
    [7m223[0m   get acceptedAt(): Date | undefined {
    [7m   [0m [96m      ~~~~~~~~~~[0m
    'acceptedAt' is declared here.

[96msrc/modules/drivers/application/services/order-handling.service.ts[0m:[93m554[0m:[93m30[0m - [91merror[0m[90m TS2339: [0mProperty 'getRejectedAt' does not exist on type 'RiderOrder'.

[7m554[0m       rejectedAt: riderOrder.getRejectedAt(),
[7m   [0m [91m                             ~~~~~~~~~~~~~[0m

[96msrc/modules/drivers/application/services/order-handling.service.ts[0m:[93m555[0m:[93m30[0m - [91merror[0m[90m TS2551: [0mProperty 'getPickedUpAt' does not exist on type 'RiderOrder'. Did you mean 'pickedUpAt'?

[7m555[0m       pickedUpAt: riderOrder.getPickedUpAt(),
[7m   [0m [91m                             ~~~~~~~~~~~~~[0m

  [96msrc/modules/drivers/domain/entities/rider-order.entity.ts[0m:[93m227[0m:[93m7[0m
    [7m227[0m   get pickedUpAt(): Date | undefined {
    [7m   [0m [96m      ~~~~~~~~~~[0m
    'pickedUpAt' is declared here.

[96msrc/modules/drivers/application/services/order-handling.service.ts[0m:[93m556[0m:[93m31[0m - [91merror[0m[90m TS2551: [0mProperty 'getDeliveredAt' does not exist on type 'RiderOrder'. Did you mean 'deliveredAt'?

[7m556[0m       deliveredAt: riderOrder.getDeliveredAt(),
[7m   [0m [91m                              ~~~~~~~~~~~~~~[0m

  [96msrc/modules/drivers/domain/entities/rider-order.entity.ts[0m:[93m231[0m:[93m7[0m
    [7m231[0m   get deliveredAt(): Date | undefined {
    [7m   [0m [96m      ~~~~~~~~~~~[0m
    'deliveredAt' is declared here.

[96msrc/modules/drivers/application/services/order-handling.service.ts[0m:[93m557[0m:[93m31[0m - [91merror[0m[90m TS2551: [0mProperty 'getCancelledAt' does not exist on type 'RiderOrder'. Did you mean 'cancelledAt'?

[7m557[0m       cancelledAt: riderOrder.getCancelledAt(),
[7m   [0m [91m                              ~~~~~~~~~~~~~~[0m

  [96msrc/modules/drivers/domain/entities/rider-order.entity.ts[0m:[93m235[0m:[93m7[0m
    [7m235[0m   get cancelledAt(): Date | undefined {
    [7m   [0m [96m      ~~~~~~~~~~~[0m
    'cancelledAt' is declared here.

[96msrc/modules/drivers/application/services/order-handling.service.ts[0m:[93m558[0m:[93m35[0m - [91merror[0m[90m TS2339: [0mProperty 'getRejectionReason' does not exist on type 'RiderOrder'.

[7m558[0m       rejectionReason: riderOrder.getRejectionReason(),
[7m   [0m [91m                                  ~~~~~~~~~~~~~~~~~~[0m

[96msrc/modules/drivers/application/services/order-handling.service.ts[0m:[93m559[0m:[93m38[0m - [91merror[0m[90m TS2551: [0mProperty 'getCancellationReason' does not exist on type 'RiderOrder'. Did you mean 'cancellationReason'?

[7m559[0m       cancellationReason: riderOrder.getCancellationReason(),
[7m   [0m [91m                                     ~~~~~~~~~~~~~~~~~~~~~[0m

  [96msrc/modules/drivers/domain/entities/rider-order.entity.ts[0m:[93m199[0m:[93m7[0m
    [7m199[0m   get cancellationReason(): CancellationReason | undefined {
    [7m   [0m [96m      ~~~~~~~~~~~~~~~~~~[0m
    'cancellationReason' is declared here.

[96msrc/modules/drivers/application/services/order-handling.service.ts[0m:[93m560[0m:[93m34[0m - [91merror[0m[90m TS2339: [0mProperty 'getPickupLocation' does not exist on type 'RiderOrder'.

[7m560[0m       pickupLocation: riderOrder.getPickupLocation() ? {
[7m   [0m [91m                                 ~~~~~~~~~~~~~~~~~[0m

[96msrc/modules/drivers/application/services/order-handling.service.ts[0m:[93m561[0m:[93m30[0m - [91merror[0m[90m TS2339: [0mProperty 'getPickupLocation' does not exist on type 'RiderOrder'.

[7m561[0m         latitude: riderOrder.getPickupLocation()!.getLatitude(),
[7m   [0m [91m                             ~~~~~~~~~~~~~~~~~[0m

[96msrc/modules/drivers/application/services/order-handling.service.ts[0m:[93m562[0m:[93m31[0m - [91merror[0m[90m TS2339: [0mProperty 'getPickupLocation' does not exist on type 'RiderOrder'.

[7m562[0m         longitude: riderOrder.getPickupLocation()!.getLongitude(),
[7m   [0m [91m                              ~~~~~~~~~~~~~~~~~[0m

[96msrc/modules/drivers/application/services/order-handling.service.ts[0m:[93m564[0m:[93m36[0m - [91merror[0m[90m TS2339: [0mProperty 'getDeliveryLocation' does not exist on type 'RiderOrder'.

[7m564[0m       deliveryLocation: riderOrder.getDeliveryLocation() ? {
[7m   [0m [91m                                   ~~~~~~~~~~~~~~~~~~~[0m

[96msrc/modules/drivers/application/services/order-handling.service.ts[0m:[93m565[0m:[93m30[0m - [91merror[0m[90m TS2339: [0mProperty 'getDeliveryLocation' does not exist on type 'RiderOrder'.

[7m565[0m         latitude: riderOrder.getDeliveryLocation()!.getLatitude(),
[7m   [0m [91m                             ~~~~~~~~~~~~~~~~~~~[0m

[96msrc/modules/drivers/application/services/order-handling.service.ts[0m:[93m566[0m:[93m31[0m - [91merror[0m[90m TS2339: [0mProperty 'getDeliveryLocation' does not exist on type 'RiderOrder'.

[7m566[0m         longitude: riderOrder.getDeliveryLocation()!.getLongitude(),
[7m   [0m [91m                              ~~~~~~~~~~~~~~~~~~~[0m

[96msrc/modules/drivers/application/services/order-handling.service.ts[0m:[93m568[0m:[93m37[0m - [91merror[0m[90m TS2339: [0mProperty 'getEstimatedDistance' does not exist on type 'RiderOrder'.

[7m568[0m       estimatedDistance: riderOrder.getEstimatedDistance(),
[7m   [0m [91m                                    ~~~~~~~~~~~~~~~~~~~~[0m

[96msrc/modules/drivers/application/services/order-handling.service.ts[0m:[93m569[0m:[93m34[0m - [91merror[0m[90m TS2339: [0mProperty 'getActualDistance' does not exist on type 'RiderOrder'.

[7m569[0m       actualDistance: riderOrder.getActualDistance(),
[7m   [0m [91m                                 ~~~~~~~~~~~~~~~~~[0m

[96msrc/modules/drivers/application/services/order-handling.service.ts[0m:[93m570[0m:[93m37[0m - [91merror[0m[90m TS2339: [0mProperty 'getEstimatedDuration' does not exist on type 'RiderOrder'.

[7m570[0m       estimatedDuration: riderOrder.getEstimatedDuration(),
[7m   [0m [91m                                    ~~~~~~~~~~~~~~~~~~~~[0m

[96msrc/modules/drivers/application/services/order-handling.service.ts[0m:[93m571[0m:[93m34[0m - [91merror[0m[90m TS2339: [0mProperty 'getActualDuration' does not exist on type 'RiderOrder'.

[7m571[0m       actualDuration: riderOrder.getActualDuration(),
[7m   [0m [91m                                 ~~~~~~~~~~~~~~~~~[0m

[96msrc/modules/drivers/application/services/order-handling.service.ts[0m:[93m572[0m:[93m32[0m - [91merror[0m[90m TS2339: [0mProperty 'getDeliveryProofType' does not exist on type 'RiderOrder'.

[7m572[0m       deliveryInfo: riderOrder.getDeliveryProofType() ? {
[7m   [0m [91m                               ~~~~~~~~~~~~~~~~~~~~[0m

[96msrc/modules/drivers/application/services/order-handling.service.ts[0m:[93m573[0m:[93m31[0m - [91merror[0m[90m TS2339: [0mProperty 'getDeliveryProofType' does not exist on type 'RiderOrder'.

[7m573[0m         proofType: riderOrder.getDeliveryProofType(),
[7m   [0m [91m                              ~~~~~~~~~~~~~~~~~~~~[0m

[96msrc/modules/drivers/application/services/order-handling.service.ts[0m:[93m574[0m:[93m31[0m - [91merror[0m[90m TS2339: [0mProperty 'getDeliveryProofData' does not exist on type 'RiderOrder'.

[7m574[0m         proofData: riderOrder.getDeliveryProofData(),
[7m   [0m [91m                              ~~~~~~~~~~~~~~~~~~~~[0m

[96msrc/modules/drivers/application/services/order-handling.service.ts[0m:[93m575[0m:[93m27[0m - [91merror[0m[90m TS2339: [0mProperty 'getDeliveryNotes' does not exist on type 'RiderOrder'.

[7m575[0m         notes: riderOrder.getDeliveryNotes(),
[7m   [0m [91m                          ~~~~~~~~~~~~~~~~[0m

[96msrc/modules/drivers/application/services/order-handling.service.ts[0m:[93m576[0m:[93m36[0m - [91merror[0m[90m TS2339: [0mProperty 'getCustomerRating' does not exist on type 'RiderOrder'.

[7m576[0m         customerRating: riderOrder.getCustomerRating(),
[7m   [0m [91m                                   ~~~~~~~~~~~~~~~~~[0m

[96msrc/modules/drivers/application/services/order-handling.service.ts[0m:[93m577[0m:[93m38[0m - [91merror[0m[90m TS2339: [0mProperty 'getCustomerFeedback' does not exist on type 'RiderOrder'.

[7m577[0m         customerFeedback: riderOrder.getCustomerFeedback(),
[7m   [0m [91m                                     ~~~~~~~~~~~~~~~~~~~[0m

[96msrc/modules/drivers/application/services/order-handling.service.ts[0m:[93m580[0m:[93m29[0m - [91merror[0m[90m TS2339: [0mProperty 'getBasePay' does not exist on type 'RiderOrder'.

[7m580[0m         basePay: riderOrder.getBasePay(),
[7m   [0m [91m                            ~~~~~~~~~~[0m

[96msrc/modules/drivers/application/services/order-handling.service.ts[0m:[93m581[0m:[93m35[0m - [91merror[0m[90m TS2339: [0mProperty 'getDistanceBonus' does not exist on type 'RiderOrder'.

[7m581[0m         distanceBonus: riderOrder.getDistanceBonus(),
[7m   [0m [91m                                  ~~~~~~~~~~~~~~~~[0m

[96msrc/modules/drivers/application/services/order-handling.service.ts[0m:[93m582[0m:[93m31[0m - [91merror[0m[90m TS2339: [0mProperty 'getTimeBonus' does not exist on type 'RiderOrder'.

[7m582[0m         timeBonus: riderOrder.getTimeBonus(),
[7m   [0m [91m                              ~~~~~~~~~~~~[0m

[96msrc/modules/drivers/application/services/order-handling.service.ts[0m:[93m583[0m:[93m35[0m - [91merror[0m[90m TS2339: [0mProperty 'getPeakHourBonus' does not exist on type 'RiderOrder'.

[7m583[0m         peakHourBonus: riderOrder.getPeakHourBonus(),
[7m   [0m [91m                                  ~~~~~~~~~~~~~~~~[0m

[96msrc/modules/drivers/application/services/order-handling.service.ts[0m:[93m584[0m:[93m25[0m - [91merror[0m[90m TS2339: [0mProperty 'getTip' does not exist on type 'RiderOrder'.

[7m584[0m         tip: riderOrder.getTip(),
[7m   [0m [91m                        ~~~~~~[0m

[96msrc/modules/drivers/application/services/order-handling.service.ts[0m:[93m585[0m:[93m35[0m - [91merror[0m[90m TS2551: [0mProperty 'getTotalEarnings' does not exist on type 'RiderOrder'. Did you mean 'totalEarnings'?

[7m585[0m         totalEarnings: riderOrder.getTotalEarnings(),
[7m   [0m [91m                                  ~~~~~~~~~~~~~~~~[0m

  [96msrc/modules/drivers/domain/entities/rider-order.entity.ts[0m:[93m167[0m:[93m7[0m
    [7m167[0m   get totalEarnings(): number {
    [7m   [0m [96m      ~~~~~~~~~~~~~[0m
    'totalEarnings' is declared here.

[96msrc/modules/drivers/application/services/order-handling.service.ts[0m:[93m587[0m:[93m29[0m - [91merror[0m[90m TS2551: [0mProperty 'getCreatedAt' does not exist on type 'RiderOrder'. Did you mean 'createdAt'?

[7m587[0m       createdAt: riderOrder.getCreatedAt(),
[7m   [0m [91m                            ~~~~~~~~~~~~[0m

  [96msrc/modules/drivers/domain/entities/rider-order.entity.ts[0m:[93m239[0m:[93m7[0m
    [7m239[0m   get createdAt(): Date {
    [7m   [0m [96m      ~~~~~~~~~[0m
    'createdAt' is declared here.

[96msrc/modules/drivers/application/services/order-handling.service.ts[0m:[93m588[0m:[93m29[0m - [91merror[0m[90m TS2551: [0mProperty 'getUpdatedAt' does not exist on type 'RiderOrder'. Did you mean 'updatedAt'?

[7m588[0m       updatedAt: riderOrder.getUpdatedAt(),
[7m   [0m [91m                            ~~~~~~~~~~~~[0m

  [96msrc/modules/drivers/domain/entities/rider-order.entity.ts[0m:[93m243[0m:[93m7[0m
    [7m243[0m   get updatedAt(): Date {
    [7m   [0m [96m      ~~~~~~~~~[0m
    'updatedAt' is declared here.

[96msrc/modules/drivers/application/services/rider-management.service.ts[0m:[93m141[0m:[93m54[0m - [91merror[0m[90m TS2551: [0mProperty 'findByUserId' does not exist on type 'RiderRepository'. Did you mean 'findById'?

[7m141[0m     const existingRider = await this.riderRepository.findByUserId(request.userId);
[7m   [0m [91m                                                     ~~~~~~~~~~~~[0m

  [96msrc/modules/drivers/domain/repositories/rider.repository.ts[0m:[93m56[0m:[93m3[0m
    [7m56[0m   findById(id: UniqueEntityID): Promise<Rider | null>;
    [7m  [0m [96m  ~~~~~~~~~~~~~~~~~~~~~~~~~~~~~~~~~~~~~~~~~~~~~~~~~~~~[0m
    'findById' is declared here.

[96msrc/modules/drivers/application/services/rider-management.service.ts[0m:[93m150[0m:[93m19[0m - [91merror[0m[90m TS2673: [0mConstructor of class 'Rider' is private and only accessible within the class declaration.

[7m150[0m     const rider = new Rider(
[7m   [0m [91m                  ~~~~~~~~~~[0m
[7m151[0m       '', // ID will be generated
[7m   [0m [91m~~~~~~~~~~~~~~~~~~~~~~~~~~~~~~~~~[0m
[7m...[0m 
[7m164[0m       10, // default service radius
[7m   [0m [91m~~~~~~~~~~~~~~~~~~~~~~~~~~~~~~~~~~~[0m
[7m165[0m     );
[7m   [0m [91m~~~~~[0m

[96msrc/modules/drivers/application/services/rider-management.service.ts[0m:[93m154[0m:[93m26[0m - [91merror[0m[90m TS2345: [0mArgument of type 'string' is not assignable to parameter of type 'RiderStatusProps'.

[7m154[0m       RiderStatus.create('OFFLINE'),
[7m   [0m [91m                         ~~~~~~~~~[0m

[96msrc/modules/drivers/application/services/rider-management.service.ts[0m:[93m168[0m:[93m43[0m - [91merror[0m[90m TS2345: [0mArgument of type 'void' is not assignable to parameter of type 'Rider'.

[7m168[0m     return this.mapToRiderProfileResponse(savedRider);
[7m   [0m [91m                                          ~~~~~~~~~~[0m

[96msrc/modules/drivers/application/services/rider-management.service.ts[0m:[93m181[0m:[93m46[0m - [91merror[0m[90m TS2551: [0mProperty 'findByUserId' does not exist on type 'RiderRepository'. Did you mean 'findById'?

[7m181[0m     const rider = await this.riderRepository.findByUserId(userId);
[7m   [0m [91m                                             ~~~~~~~~~~~~[0m

  [96msrc/modules/drivers/domain/repositories/rider.repository.ts[0m:[93m56[0m:[93m3[0m
    [7m56[0m   findById(id: UniqueEntityID): Promise<Rider | null>;
    [7m  [0m [96m  ~~~~~~~~~~~~~~~~~~~~~~~~~~~~~~~~~~~~~~~~~~~~~~~~~~~~[0m
    'findById' is declared here.

[96msrc/modules/drivers/application/services/rider-management.service.ts[0m:[93m200[0m:[93m13[0m - [91merror[0m[90m TS2339: [0mProperty 'updateEmergencyContact' does not exist on type 'Rider'.

[7m200[0m       rider.updateEmergencyContact(request.emergencyContactName, request.emergencyContactPhone);
[7m   [0m [91m            ~~~~~~~~~~~~~~~~~~~~~~[0m

[96msrc/modules/drivers/application/services/rider-management.service.ts[0m:[93m204[0m:[93m13[0m - [91merror[0m[90m TS2339: [0mProperty 'updatePreferredVehicleTypes' does not exist on type 'Rider'.

[7m204[0m       rider.updatePreferredVehicleTypes(request.preferredVehicleTypes);
[7m   [0m [91m            ~~~~~~~~~~~~~~~~~~~~~~~~~~~[0m

[96msrc/modules/drivers/application/services/rider-management.service.ts[0m:[93m208[0m:[93m13[0m - [91merror[0m[90m TS2339: [0mProperty 'updateWorkingHours' does not exist on type 'Rider'.

[7m208[0m       rider.updateWorkingHours(request.workingHours);
[7m   [0m [91m            ~~~~~~~~~~~~~~~~~~[0m

[96msrc/modules/drivers/application/services/rider-management.service.ts[0m:[93m212[0m:[93m13[0m - [91merror[0m[90m TS2339: [0mProperty 'updateMaxOrdersPerShift' does not exist on type 'Rider'.

[7m212[0m       rider.updateMaxOrdersPerShift(request.maxOrdersPerShift);
[7m   [0m [91m            ~~~~~~~~~~~~~~~~~~~~~~~[0m

[96msrc/modules/drivers/application/services/rider-management.service.ts[0m:[93m216[0m:[93m13[0m - [91merror[0m[90m TS2339: [0mProperty 'updateServiceRadius' does not exist on type 'Rider'.

[7m216[0m       rider.updateServiceRadius(request.serviceRadius);
[7m   [0m [91m            ~~~~~~~~~~~~~~~~~~~[0m

[96msrc/modules/drivers/application/services/rider-management.service.ts[0m:[93m220[0m:[93m43[0m - [91merror[0m[90m TS2345: [0mArgument of type 'void' is not assignable to parameter of type 'Rider'.

[7m220[0m     return this.mapToRiderProfileResponse(updatedRider);
[7m   [0m [91m                                          ~~~~~~~~~~~~[0m

[96msrc/modules/drivers/application/services/rider-management.service.ts[0m:[93m233[0m:[93m42[0m - [91merror[0m[90m TS2345: [0mArgument of type 'string' is not assignable to parameter of type 'RiderStatusProps'.
  Type 'string' is not assignable to type 'RiderStatusProps'.

[7m233[0m     const newStatus = RiderStatus.create(request.status);
[7m   [0m [91m                                         ~~~~~~~~~~~~~~[0m

[96msrc/modules/drivers/application/services/rider-management.service.ts[0m:[93m234[0m:[93m11[0m - [91merror[0m[90m TS2339: [0mProperty 'updateStatus' does not exist on type 'Rider'.

[7m234[0m     rider.updateStatus(newStatus);
[7m   [0m [91m          ~~~~~~~~~~~~[0m

[96msrc/modules/drivers/application/services/rider-management.service.ts[0m:[93m240[0m:[93m9[0m - [91merror[0m[90m TS2554: [0mExpected 1 arguments, but got 2.

[7m240[0m         request.location.longitude,
[7m   [0m [91m        ~~~~~~~~~~~~~~~~~~~~~~~~~~[0m

[96msrc/modules/drivers/application/services/rider-management.service.ts[0m:[93m246[0m:[93m43[0m - [91merror[0m[90m TS2345: [0mArgument of type 'void' is not assignable to parameter of type 'Rider'.

[7m246[0m     return this.mapToRiderProfileResponse(updatedRider);
[7m   [0m [91m                                          ~~~~~~~~~~~~[0m

[96msrc/modules/drivers/application/services/rider-management.service.ts[0m:[93m258[0m:[93m56[0m - [91merror[0m[90m TS2554: [0mExpected 1 arguments, but got 2.

[7m258[0m     const location = Location.create(request.latitude, request.longitude);
[7m   [0m [91m                                                       ~~~~~~~~~~~~~~~~~[0m

[96msrc/modules/drivers/application/services/rider-management.service.ts[0m:[93m278[0m:[93m7[0m - [91merror[0m[90m TS2554: [0mExpected 1 arguments, but got 11.

[7m278[0m       request.make,
[7m   [0m [91m      ~~~~~~~~~~~~~[0m
[7m279[0m       request.model,
[7m   [0m [91m~~~~~~~~~~~~~~~~~~~~[0m
[7m...[0m 
[7m286[0m       request.insurancePolicyNumber,
[7m   [0m [91m~~~~~~~~~~~~~~~~~~~~~~~~~~~~~~~~~~~~[0m
[7m287[0m       request.insuranceExpiry,
[7m   [0m [91m~~~~~~~~~~~~~~~~~~~~~~~~~~~~~[0m

[96msrc/modules/drivers/application/services/rider-management.service.ts[0m:[93m290[0m:[93m21[0m - [91merror[0m[90m TS2673: [0mConstructor of class 'Vehicle' is private and only accessible within the class declaration.

[7m290[0m     const vehicle = new Vehicle(
[7m   [0m [91m                    ~~~~~~~~~~~~[0m
[7m291[0m       '', // ID will be generated
[7m   [0m [91m~~~~~~~~~~~~~~~~~~~~~~~~~~~~~~~~~[0m
[7m...[0m 
[7m299[0m       0, // mileage
[7m   [0m [91m~~~~~~~~~~~~~~~~~~~[0m
[7m300[0m     );
[7m   [0m [91m~~~~~[0m

[96msrc/modules/drivers/application/services/rider-management.service.ts[0m:[93m303[0m:[93m25[0m - [91merror[0m[90m TS2339: [0mProperty 'getVehicleInfo' does not exist on type 'void'.

[7m303[0m     return savedVehicle.getVehicleInfo();
[7m   [0m [91m                        ~~~~~~~~~~~~~~[0m

[96msrc/modules/drivers/application/services/rider-management.service.ts[0m:[93m312[0m:[93m29[0m - [91merror[0m[90m TS2551: [0mProperty 'getRiderId' does not exist on type 'Vehicle'. Did you mean 'riderId'?

[7m312[0m     if (!vehicle || vehicle.getRiderId() !== riderId) {
[7m   [0m [91m                            ~~~~~~~~~~[0m

  [96msrc/modules/drivers/domain/entities/vehicle.entity.ts[0m:[93m56[0m:[93m7[0m
    [7m56[0m   get riderId(): string {
    [7m  [0m [96m      ~~~~~~~[0m
    'riderId' is declared here.

[96msrc/modules/drivers/application/services/rider-management.service.ts[0m:[93m317[0m:[93m45[0m - [91merror[0m[90m TS2339: [0mProperty 'updateMake' does not exist on type 'Vehicle'.

[7m317[0m     if (request.make !== undefined) vehicle.updateMake(request.make);
[7m   [0m [91m                                            ~~~~~~~~~~[0m

[96msrc/modules/drivers/application/services/rider-management.service.ts[0m:[93m318[0m:[93m46[0m - [91merror[0m[90m TS2339: [0mProperty 'updateModel' does not exist on type 'Vehicle'.

[7m318[0m     if (request.model !== undefined) vehicle.updateModel(request.model);
[7m   [0m [91m                                             ~~~~~~~~~~~[0m

[96msrc/modules/drivers/application/services/rider-management.service.ts[0m:[93m319[0m:[93m45[0m - [91merror[0m[90m TS2339: [0mProperty 'updateYear' does not exist on type 'Vehicle'.

[7m319[0m     if (request.year !== undefined) vehicle.updateYear(request.year);
[7m   [0m [91m                                            ~~~~~~~~~~[0m

[96msrc/modules/drivers/application/services/rider-management.service.ts[0m:[93m320[0m:[93m46[0m - [91merror[0m[90m TS2339: [0mProperty 'updateColor' does not exist on type 'Vehicle'.

[7m320[0m     if (request.color !== undefined) vehicle.updateColor(request.color);
[7m   [0m [91m                                             ~~~~~~~~~~~[0m

[96msrc/modules/drivers/application/services/rider-management.service.ts[0m:[93m322[0m:[93m15[0m - [91merror[0m[90m TS2551: [0mProperty 'updateRegistration' does not exist on type 'Vehicle'. Did you mean 'updateRegistrationExpiry'?

[7m322[0m       vehicle.updateRegistration(request.registrationNumber, request.registrationExpiry);
[7m   [0m [91m              ~~~~~~~~~~~~~~~~~~[0m

  [96msrc/modules/drivers/domain/entities/vehicle.entity.ts[0m:[93m184[0m:[93m10[0m
    [7m184[0m   public updateRegistrationExpiry(expiryDate: Date): void {
    [7m   [0m [96m         ~~~~~~~~~~~~~~~~~~~~~~~~[0m
    'updateRegistrationExpiry' is declared here.

[96msrc/modules/drivers/application/services/rider-management.service.ts[0m:[93m325[0m:[93m15[0m - [91merror[0m[90m TS2339: [0mProperty 'updateInsurance' does not exist on type 'Vehicle'.

[7m325[0m       vehicle.updateInsurance(
[7m   [0m [91m              ~~~~~~~~~~~~~~~[0m

[96msrc/modules/drivers/application/services/rider-management.service.ts[0m:[93m332[0m:[93m15[0m - [91merror[0m[90m TS2339: [0mProperty 'updateMaintenance' does not exist on type 'Vehicle'.

[7m332[0m       vehicle.updateMaintenance(request.lastMaintenanceDate, request.nextMaintenanceDate);
[7m   [0m [91m              ~~~~~~~~~~~~~~~~~[0m

[96msrc/modules/drivers/application/services/rider-management.service.ts[0m:[93m339[0m:[93m27[0m - [91merror[0m[90m TS2339: [0mProperty 'getVehicleInfo' does not exist on type 'void'.

[7m339[0m     return updatedVehicle.getVehicleInfo();
[7m   [0m [91m                          ~~~~~~~~~~~~~~[0m

[96msrc/modules/drivers/application/services/rider-management.service.ts[0m:[93m344[0m:[93m29[0m - [91merror[0m[90m TS2551: [0mProperty 'getRiderId' does not exist on type 'Vehicle'. Did you mean 'riderId'?

[7m344[0m     if (!vehicle || vehicle.getRiderId() !== riderId) {
[7m   [0m [91m                            ~~~~~~~~~~[0m

  [96msrc/modules/drivers/domain/entities/vehicle.entity.ts[0m:[93m56[0m:[93m7[0m
    [7m56[0m   get riderId(): string {
    [7m  [0m [96m      ~~~~~~~[0m
    'riderId' is declared here.

[96msrc/modules/drivers/application/services/rider-management.service.ts[0m:[93m353[0m:[93m44[0m - [91merror[0m[90m TS2551: [0mProperty 'getVehicleInfo' does not exist on type 'Vehicle'. Did you mean 'vehicleInfo'?

[7m353[0m     return vehicles.map(vehicle => vehicle.getVehicleInfo());
[7m   [0m [91m                                           ~~~~~~~~~~~~~~[0m

  [96msrc/modules/drivers/domain/entities/vehicle.entity.ts[0m:[93m60[0m:[93m7[0m
    [7m60[0m   get vehicleInfo(): VehicleInfo {
    [7m  [0m [96m      ~~~~~~~~~~~[0m
    'vehicleInfo' is declared here.

[96msrc/modules/drivers/application/services/rider-management.service.ts[0m:[93m361[0m:[93m58[0m - [91merror[0m[90m TS2339: [0mProperty 'searchRiders' does not exist on type 'RiderRepository'.

[7m361[0m     const { riders, total } = await this.riderRepository.searchRiders(filters, {
[7m   [0m [91m                                                         ~~~~~~~~~~~~[0m

[96msrc/modules/drivers/application/services/rider-management.service.ts[0m:[93m385[0m:[93m43[0m - [91merror[0m[90m TS2345: [0mArgument of type 'void' is not assignable to parameter of type 'Rider'.

[7m385[0m     return this.mapToRiderProfileResponse(updatedRider);
[7m   [0m [91m                                          ~~~~~~~~~~~~[0m

[96msrc/modules/drivers/application/services/rider-management.service.ts[0m:[93m394[0m:[93m11[0m - [91merror[0m[90m TS2551: [0mProperty 'deactivate' does not exist on type 'Rider'. Did you mean 'activate'?

[7m394[0m     rider.deactivate();
[7m   [0m [91m          ~~~~~~~~~~[0m

  [96msrc/modules/drivers/domain/entities/rider.entity.ts[0m:[93m305[0m:[93m10[0m
    [7m305[0m   public activate(): void {
    [7m   [0m [96m         ~~~~~~~~[0m
    'activate' is declared here.

[96msrc/modules/drivers/application/services/rider-management.service.ts[0m:[93m396[0m:[93m43[0m - [91merror[0m[90m TS2345: [0mArgument of type 'void' is not assignable to parameter of type 'Rider'.

[7m396[0m     return this.mapToRiderProfileResponse(updatedRider);
[7m   [0m [91m                                          ~~~~~~~~~~~~[0m

[96msrc/modules/drivers/application/services/rider-management.service.ts[0m:[93m405[0m:[93m11[0m - [91merror[0m[90m TS2339: [0mProperty 'verify' does not exist on type 'Rider'.

[7m405[0m     rider.verify();
[7m   [0m [91m          ~~~~~~[0m

[96msrc/modules/drivers/application/services/rider-management.service.ts[0m:[93m407[0m:[93m43[0m - [91merror[0m[90m TS2345: [0mArgument of type 'void' is not assignable to parameter of type 'Rider'.

[7m407[0m     return this.mapToRiderProfileResponse(updatedRider);
[7m   [0m [91m                                          ~~~~~~~~~~~~[0m

[96msrc/modules/drivers/application/services/rider-management.service.ts[0m:[93m416[0m:[93m56[0m - [91merror[0m[90m TS2339: [0mProperty 'findByRiderCode' does not exist on type 'RiderRepository'.

[7m416[0m       const existingRider = await this.riderRepository.findByRiderCode(code);
[7m   [0m [91m                                                       ~~~~~~~~~~~~~~~[0m

[96msrc/modules/drivers/application/services/rider-management.service.ts[0m:[93m424[0m:[93m71[0m - [91merror[0m[90m TS2339: [0mProperty 'getId' does not exist on type 'Rider'.

[7m424[0m     const vehicles = await this.vehicleRepository.findByRiderId(rider.getId());
[7m   [0m [91m                                                                      ~~~~~[0m

[96msrc/modules/drivers/application/services/rider-management.service.ts[0m:[93m425[0m:[93m58[0m - [91merror[0m[90m TS2551: [0mProperty 'getVehicleInfo' does not exist on type 'Vehicle'. Did you mean 'vehicleInfo'?

[7m425[0m     const vehicleInfos = vehicles.map(vehicle => vehicle.getVehicleInfo());
[7m   [0m [91m                                                         ~~~~~~~~~~~~~~[0m

  [96msrc/modules/drivers/domain/entities/vehicle.entity.ts[0m:[93m60[0m:[93m7[0m
    [7m60[0m   get vehicleInfo(): VehicleInfo {
    [7m  [0m [96m      ~~~~~~~~~~~[0m
    'vehicleInfo' is declared here.

[96msrc/modules/drivers/application/services/rider-management.service.ts[0m:[93m428[0m:[93m17[0m - [91merror[0m[90m TS2339: [0mProperty 'getId' does not exist on type 'Rider'.

[7m428[0m       id: rider.getId(),
[7m   [0m [91m                ~~~~~[0m

[96msrc/modules/drivers/application/services/rider-management.service.ts[0m:[93m429[0m:[93m21[0m - [91merror[0m[90m TS2551: [0mProperty 'getUserId' does not exist on type 'Rider'. Did you mean 'userId'?

[7m429[0m       userId: rider.getUserId(),
[7m   [0m [91m                    ~~~~~~~~~[0m

  [96msrc/modules/drivers/domain/entities/rider.entity.ts[0m:[93m64[0m:[93m7[0m
    [7m64[0m   get userId(): string {
    [7m  [0m [96m      ~~~~~~[0m
    'userId' is declared here.

[96msrc/modules/drivers/application/services/rider-management.service.ts[0m:[93m430[0m:[93m24[0m - [91merror[0m[90m TS2339: [0mProperty 'getRiderCode' does not exist on type 'Rider'.

[7m430[0m       riderCode: rider.getRiderCode(),
[7m   [0m [91m                       ~~~~~~~~~~~~[0m

[96msrc/modules/drivers/application/services/rider-management.service.ts[0m:[93m431[0m:[93m21[0m - [91merror[0m[90m TS2339: [0mProperty 'getStatus' does not exist on type 'Rider'.

[7m431[0m       status: rider.getStatus().getValue(),
[7m   [0m [91m                    ~~~~~~~~~[0m

[96msrc/modules/drivers/application/services/rider-management.service.ts[0m:[93m432[0m:[93m23[0m - [91merror[0m[90m TS2339: [0mProperty 'getIsActive' does not exist on type 'Rider'.

[7m432[0m       isActive: rider.getIsActive(),
[7m   [0m [91m                      ~~~~~~~~~~~[0m

[96msrc/modules/drivers/application/services/rider-management.service.ts[0m:[93m433[0m:[93m25[0m - [91merror[0m[90m TS2339: [0mProperty 'getIsVerified' does not exist on type 'Rider'.

[7m433[0m       isVerified: rider.getIsVerified(),
[7m   [0m [91m                        ~~~~~~~~~~~~~[0m

[96msrc/modules/drivers/application/services/rider-management.service.ts[0m:[93m434[0m:[93m25[0m - [91merror[0m[90m TS2339: [0mProperty 'getVerifiedAt' does not exist on type 'Rider'.

[7m434[0m       verifiedAt: rider.getVerifiedAt(),
[7m   [0m [91m                        ~~~~~~~~~~~~~[0m

[96msrc/modules/drivers/application/services/rider-management.service.ts[0m:[93m435[0m:[93m30[0m - [91merror[0m[90m TS2551: [0mProperty 'getCurrentLocation' does not exist on type 'Rider'. Did you mean 'currentLocation'?

[7m435[0m       currentLocation: rider.getCurrentLocation() ? {
[7m   [0m [91m                             ~~~~~~~~~~~~~~~~~~[0m

  [96msrc/modules/drivers/domain/entities/rider.entity.ts[0m:[93m108[0m:[93m7[0m
    [7m108[0m   get currentLocation(): Location | undefined {
    [7m   [0m [96m      ~~~~~~~~~~~~~~~[0m
    'currentLocation' is declared here.

[96msrc/modules/drivers/application/services/rider-management.service.ts[0m:[93m436[0m:[93m25[0m - [91merror[0m[90m TS2551: [0mProperty 'getCurrentLocation' does not exist on type 'Rider'. Did you mean 'currentLocation'?

[7m436[0m         latitude: rider.getCurrentLocation()!.getLatitude(),
[7m   [0m [91m                        ~~~~~~~~~~~~~~~~~~[0m

  [96msrc/modules/drivers/domain/entities/rider.entity.ts[0m:[93m108[0m:[93m7[0m
    [7m108[0m   get currentLocation(): Location | undefined {
    [7m   [0m [96m      ~~~~~~~~~~~~~~~[0m
    'currentLocation' is declared here.

[96msrc/modules/drivers/application/services/rider-management.service.ts[0m:[93m437[0m:[93m26[0m - [91merror[0m[90m TS2551: [0mProperty 'getCurrentLocation' does not exist on type 'Rider'. Did you mean 'currentLocation'?

[7m437[0m         longitude: rider.getCurrentLocation()!.getLongitude(),
[7m   [0m [91m                         ~~~~~~~~~~~~~~~~~~[0m

  [96msrc/modules/drivers/domain/entities/rider.entity.ts[0m:[93m108[0m:[93m7[0m
    [7m108[0m   get currentLocation(): Location | undefined {
    [7m   [0m [96m      ~~~~~~~~~~~~~~~[0m
    'currentLocation' is declared here.

[96msrc/modules/drivers/application/services/rider-management.service.ts[0m:[93m438[0m:[93m27[0m - [91merror[0m[90m TS2339: [0mProperty 'getLastLocationUpdate' does not exist on type 'Rider'.

[7m438[0m         lastUpdate: rider.getLastLocationUpdate()!,
[7m   [0m [91m                          ~~~~~~~~~~~~~~~~~~~~~[0m

[96msrc/modules/drivers/application/services/rider-management.service.ts[0m:[93m440[0m:[93m28[0m - [91merror[0m[90m TS2339: [0mProperty 'getServiceRadius' does not exist on type 'Rider'.

[7m440[0m       serviceRadius: rider.getServiceRadius(),
[7m   [0m [91m                           ~~~~~~~~~~~~~~~~[0m

[96msrc/modules/drivers/application/services/rider-management.service.ts[0m:[93m442[0m:[93m28[0m - [91merror[0m[90m TS2339: [0mProperty 'getTotalOrders' does not exist on type 'Rider'.

[7m442[0m         totalOrders: rider.getTotalOrders(),
[7m   [0m [91m                           ~~~~~~~~~~~~~~[0m

[96msrc/modules/drivers/application/services/rider-management.service.ts[0m:[93m443[0m:[93m32[0m - [91merror[0m[90m TS2339: [0mProperty 'getCompletedOrders' does not exist on type 'Rider'.

[7m443[0m         completedOrders: rider.getCompletedOrders(),
[7m   [0m [91m                               ~~~~~~~~~~~~~~~~~~[0m

[96msrc/modules/drivers/application/services/rider-management.service.ts[0m:[93m444[0m:[93m32[0m - [91merror[0m[90m TS2339: [0mProperty 'getCancelledOrders' does not exist on type 'Rider'.

[7m444[0m         cancelledOrders: rider.getCancelledOrders(),
[7m   [0m [91m                               ~~~~~~~~~~~~~~~~~~[0m

[96msrc/modules/drivers/application/services/rider-management.service.ts[0m:[93m445[0m:[93m31[0m - [91merror[0m[90m TS2339: [0mProperty 'getAcceptanceRate' does not exist on type 'Rider'.

[7m445[0m         acceptanceRate: rider.getAcceptanceRate(),
[7m   [0m [91m                              ~~~~~~~~~~~~~~~~~[0m

[96msrc/modules/drivers/application/services/rider-management.service.ts[0m:[93m446[0m:[93m31[0m - [91merror[0m[90m TS2339: [0mProperty 'getCompletionRate' does not exist on type 'Rider'.

[7m446[0m         completionRate: rider.getCompletionRate(),
[7m   [0m [91m                              ~~~~~~~~~~~~~~~~~[0m

[96msrc/modules/drivers/application/services/rider-management.service.ts[0m:[93m447[0m:[93m30[0m - [91merror[0m[90m TS2339: [0mProperty 'getAverageRating' does not exist on type 'Rider'.

[7m447[0m         averageRating: rider.getAverageRating(),
[7m   [0m [91m                             ~~~~~~~~~~~~~~~~[0m

[96msrc/modules/drivers/application/services/rider-management.service.ts[0m:[93m448[0m:[93m29[0m - [91merror[0m[90m TS2339: [0mProperty 'getTotalRatings' does not exist on type 'Rider'.

[7m448[0m         totalRatings: rider.getTotalRatings(),
[7m   [0m [91m                            ~~~~~~~~~~~~~~~[0m

[96msrc/modules/drivers/application/services/rider-management.service.ts[0m:[93m449[0m:[93m30[0m - [91merror[0m[90m TS2339: [0mProperty 'getTotalEarnings' does not exist on type 'Rider'.

[7m449[0m         totalEarnings: rider.getTotalEarnings(),
[7m   [0m [91m                             ~~~~~~~~~~~~~~~~[0m

[96msrc/modules/drivers/application/services/rider-management.service.ts[0m:[93m450[0m:[93m30[0m - [91merror[0m[90m TS2339: [0mProperty 'getTotalDistance' does not exist on type 'Rider'.

[7m450[0m         totalDistance: rider.getTotalDistance(),
[7m   [0m [91m                             ~~~~~~~~~~~~~~~~[0m

[96msrc/modules/drivers/application/services/rider-management.service.ts[0m:[93m453[0m:[93m38[0m - [91merror[0m[90m TS2339: [0mProperty 'getPreferredVehicleTypes' does not exist on type 'Rider'.

[7m453[0m         preferredVehicleTypes: rider.getPreferredVehicleTypes(),
[7m   [0m [91m                                     ~~~~~~~~~~~~~~~~~~~~~~~~[0m

[96msrc/modules/drivers/application/services/rider-management.service.ts[0m:[93m454[0m:[93m29[0m - [91merror[0m[90m TS2551: [0mProperty 'getWorkingHours' does not exist on type 'Rider'. Did you mean 'getWorkingHoursToday'?

[7m454[0m         workingHours: rider.getWorkingHours(),
[7m   [0m [91m                            ~~~~~~~~~~~~~~~[0m

  [96msrc/modules/drivers/domain/entities/rider.entity.ts[0m:[93m367[0m:[93m10[0m
    [7m367[0m   public getWorkingHoursToday(): number {
    [7m   [0m [96m         ~~~~~~~~~~~~~~~~~~~~[0m
    'getWorkingHoursToday' is declared here.

[96msrc/modules/drivers/application/services/rider-management.service.ts[0m:[93m455[0m:[93m34[0m - [91merror[0m[90m TS2339: [0mProperty 'getMaxOrdersPerShift' does not exist on type 'Rider'.

[7m455[0m         maxOrdersPerShift: rider.getMaxOrdersPerShift(),
[7m   [0m [91m                                 ~~~~~~~~~~~~~~~~~~~~[0m

[96msrc/modules/drivers/application/services/rider-management.service.ts[0m:[93m457[0m:[93m31[0m - [91merror[0m[90m TS2551: [0mProperty 'getEmergencyContactName' does not exist on type 'Rider'. Did you mean 'emergencyContactName'?

[7m457[0m       emergencyContact: rider.getEmergencyContactName() ? {
[7m   [0m [91m                              ~~~~~~~~~~~~~~~~~~~~~~~[0m

  [96msrc/modules/drivers/domain/entities/rider.entity.ts[0m:[93m96[0m:[93m7[0m
    [7m96[0m   get emergencyContactName(): string | undefined {
    [7m  [0m [96m      ~~~~~~~~~~~~~~~~~~~~[0m
    'emergencyContactName' is declared here.

[96msrc/modules/drivers/application/services/rider-management.service.ts[0m:[93m458[0m:[93m21[0m - [91merror[0m[90m TS2551: [0mProperty 'getEmergencyContactName' does not exist on type 'Rider'. Did you mean 'emergencyContactName'?

[7m458[0m         name: rider.getEmergencyContactName()!,
[7m   [0m [91m                    ~~~~~~~~~~~~~~~~~~~~~~~[0m

  [96msrc/modules/drivers/domain/entities/rider.entity.ts[0m:[93m96[0m:[93m7[0m
    [7m96[0m   get emergencyContactName(): string | undefined {
    [7m  [0m [96m      ~~~~~~~~~~~~~~~~~~~~[0m
    'emergencyContactName' is declared here.

[96msrc/modules/drivers/application/services/rider-management.service.ts[0m:[93m459[0m:[93m22[0m - [91merror[0m[90m TS2551: [0mProperty 'getEmergencyContactPhone' does not exist on type 'Rider'. Did you mean 'emergencyContactPhone'?

[7m459[0m         phone: rider.getEmergencyContactPhone()!,
[7m   [0m [91m                     ~~~~~~~~~~~~~~~~~~~~~~~~[0m

  [96msrc/modules/drivers/domain/entities/rider.entity.ts[0m:[93m100[0m:[93m7[0m
    [7m100[0m   get emergencyContactPhone(): string | undefined {
    [7m   [0m [96m      ~~~~~~~~~~~~~~~~~~~~~[0m
    'emergencyContactPhone' is declared here.

[96msrc/modules/drivers/application/services/rider-management.service.ts[0m:[93m462[0m:[93m24[0m - [91merror[0m[90m TS2551: [0mProperty 'getCreatedAt' does not exist on type 'Rider'. Did you mean 'createdAt'?

[7m462[0m       createdAt: rider.getCreatedAt(),
[7m   [0m [91m                       ~~~~~~~~~~~~[0m

  [96msrc/modules/drivers/domain/entities/rider.entity.ts[0m:[93m164[0m:[93m7[0m
    [7m164[0m   get createdAt(): Date {
    [7m   [0m [96m      ~~~~~~~~~[0m
    'createdAt' is declared here.

[96msrc/modules/drivers/application/services/rider-management.service.ts[0m:[93m463[0m:[93m24[0m - [91merror[0m[90m TS2551: [0mProperty 'getUpdatedAt' does not exist on type 'Rider'. Did you mean 'updatedAt'?

[7m463[0m       updatedAt: rider.getUpdatedAt(),
[7m   [0m [91m                       ~~~~~~~~~~~~[0m

  [96msrc/modules/drivers/domain/entities/rider.entity.ts[0m:[93m168[0m:[93m7[0m
    [7m168[0m   get updatedAt(): Date {
    [7m   [0m [96m      ~~~~~~~~~[0m
    'updatedAt' is declared here.

[96msrc/modules/drivers/application/services/shift-operations.service.ts[0m:[93m143[0m:[93m52[0m - [91merror[0m[90m TS2339: [0mProperty 'findActiveShiftByRiderId' does not exist on type 'ShiftRepository'.

[7m143[0m     const activeShift = await this.shiftRepository.findActiveShiftByRiderId(request.riderId);
[7m   [0m [91m                                                   ~~~~~~~~~~~~~~~~~~~~~~~~[0m

[96msrc/modules/drivers/application/services/shift-operations.service.ts[0m:[93m151[0m:[93m7[0m - [91merror[0m[90m TS2322: [0mType 'Vehicle | null' is not assignable to type 'null'.
  Type 'Vehicle' is not assignable to type 'null'.

[7m151[0m       vehicle = await this.vehicleRepository.findById(request.vehicleId);
[7m   [0m [91m      ~~~~~~~[0m

[96msrc/modules/drivers/application/services/shift-operations.service.ts[0m:[93m152[0m:[93m31[0m - [91merror[0m[90m TS2339: [0mProperty 'getRiderId' does not exist on type 'never'.

[7m152[0m       if (!vehicle || vehicle.getRiderId() !== request.riderId) {
[7m   [0m [91m                              ~~~~~~~~~~[0m

[96msrc/modules/drivers/application/services/shift-operations.service.ts[0m:[93m155[0m:[93m20[0m - [91merror[0m[90m TS2339: [0mProperty 'getIsActive' does not exist on type 'never'.

[7m155[0m       if (!vehicle.getIsActive() || !vehicle.getIsVerified()) {
[7m   [0m [91m                   ~~~~~~~~~~~[0m

[96msrc/modules/drivers/application/services/shift-operations.service.ts[0m:[93m155[0m:[93m46[0m - [91merror[0m[90m TS2339: [0mProperty 'getIsVerified' does not exist on type 'never'.

[7m155[0m       if (!vehicle.getIsActive() || !vehicle.getIsVerified()) {
[7m   [0m [91m                                             ~~~~~~~~~~~~~[0m

[96msrc/modules/drivers/application/services/shift-operations.service.ts[0m:[93m167[0m:[93m64[0m - [91merror[0m[90m TS2339: [0mProperty 'validateShiftEligibility' does not exist on type 'ShiftManagementService'.

[7m167[0m     const validationResult = await this.shiftManagementService.validateShiftEligibility(
[7m   [0m [91m                                                               ~~~~~~~~~~~~~~~~~~~~~~~~[0m

[96msrc/modules/drivers/application/services/shift-operations.service.ts[0m:[93m177[0m:[93m57[0m - [91merror[0m[90m TS2554: [0mExpected 1 arguments, but got 2.

[7m177[0m       ? Location.create(request.startLocation.latitude, request.startLocation.longitude)
[7m   [0m [91m                                                        ~~~~~~~~~~~~~~~~~~~~~~~~~~~~~~~[0m

[96msrc/modules/drivers/application/services/shift-operations.service.ts[0m:[93m180[0m:[93m19[0m - [91merror[0m[90m TS2673: [0mConstructor of class 'Shift' is private and only accessible within the class declaration.

[7m180[0m     const shift = new Shift(
[7m   [0m [91m                  ~~~~~~~~~~[0m
[7m181[0m       '', // ID will be generated
[7m   [0m [91m~~~~~~~~~~~~~~~~~~~~~~~~~~~~~~~~~[0m
[7m...[0m 
[7m189[0m       null, // endLocation
[7m   [0m [91m~~~~~~~~~~~~~~~~~~~~~~~~~~[0m
[7m190[0m     );
[7m   [0m [91m~~~~~[0m

[96msrc/modules/drivers/application/services/shift-operations.service.ts[0m:[93m184[0m:[93m26[0m - [91merror[0m[90m TS2345: [0mArgument of type 'string' is not assignable to parameter of type 'ShiftStatusProps'.

[7m184[0m       ShiftStatus.create('ACTIVE'),
[7m   [0m [91m                         ~~~~~~~~[0m

[96msrc/modules/drivers/application/services/shift-operations.service.ts[0m:[93m195[0m:[93m11[0m - [91merror[0m[90m TS2339: [0mProperty 'updateStatus' does not exist on type 'Rider'.

[7m195[0m     rider.updateStatus(rider.getStatus().goOnline());
[7m   [0m [91m          ~~~~~~~~~~~~[0m

[96msrc/modules/drivers/application/services/shift-operations.service.ts[0m:[93m195[0m:[93m30[0m - [91merror[0m[90m TS2339: [0mProperty 'getStatus' does not exist on type 'Rider'.

[7m195[0m     rider.updateStatus(rider.getStatus().goOnline());
[7m   [0m [91m                             ~~~~~~~~~[0m

[96msrc/modules/drivers/application/services/shift-operations.service.ts[0m:[93m198[0m:[93m36[0m - [91merror[0m[90m TS2345: [0mArgument of type 'void' is not assignable to parameter of type 'Shift'.

[7m198[0m     return this.mapToShiftResponse(savedShift);
[7m   [0m [91m                                   ~~~~~~~~~~[0m

[96msrc/modules/drivers/application/services/shift-operations.service.ts[0m:[93m203[0m:[93m52[0m - [91merror[0m[90m TS2339: [0mProperty 'findActiveShiftByRiderId' does not exist on type 'ShiftRepository'.

[7m203[0m     const activeShift = await this.shiftRepository.findActiveShiftByRiderId(request.riderId);
[7m   [0m [91m                                                   ~~~~~~~~~~~~~~~~~~~~~~~~[0m

[96msrc/modules/drivers/application/services/shift-operations.service.ts[0m:[93m210[0m:[93m55[0m - [91merror[0m[90m TS2554: [0mExpected 1 arguments, but got 2.

[7m210[0m       ? Location.create(request.endLocation.latitude, request.endLocation.longitude)
[7m   [0m [91m                                                      ~~~~~~~~~~~~~~~~~~~~~~~~~~~~~[0m

[96msrc/modules/drivers/application/services/shift-operations.service.ts[0m:[93m220[0m:[93m13[0m - [91merror[0m[90m TS2339: [0mProperty 'updateStatus' does not exist on type 'Rider'.

[7m220[0m       rider.updateStatus(rider.getStatus().goOffline());
[7m   [0m [91m            ~~~~~~~~~~~~[0m

[96msrc/modules/drivers/application/services/shift-operations.service.ts[0m:[93m220[0m:[93m32[0m - [91merror[0m[90m TS2339: [0mProperty 'getStatus' does not exist on type 'Rider'.

[7m220[0m       rider.updateStatus(rider.getStatus().goOffline());
[7m   [0m [91m                               ~~~~~~~~~[0m

[96msrc/modules/drivers/application/services/shift-operations.service.ts[0m:[93m224[0m:[93m36[0m - [91merror[0m[90m TS2345: [0mArgument of type 'void' is not assignable to parameter of type 'Shift'.

[7m224[0m     return this.mapToShiftResponse(savedShift);
[7m   [0m [91m                                   ~~~~~~~~~~[0m

[96msrc/modules/drivers/application/services/shift-operations.service.ts[0m:[93m228[0m:[93m52[0m - [91merror[0m[90m TS2339: [0mProperty 'findActiveShiftByRiderId' does not exist on type 'ShiftRepository'.

[7m228[0m     const activeShift = await this.shiftRepository.findActiveShiftByRiderId(request.riderId);
[7m   [0m [91m                                                   ~~~~~~~~~~~~~~~~~~~~~~~~[0m

[96msrc/modules/drivers/application/services/shift-operations.service.ts[0m:[93m243[0m:[93m13[0m - [91merror[0m[90m TS2339: [0mProperty 'updateStatus' does not exist on type 'Rider'.

[7m243[0m       rider.updateStatus(rider.getStatus().goOnBreak());
[7m   [0m [91m            ~~~~~~~~~~~~[0m

[96msrc/modules/drivers/application/services/shift-operations.service.ts[0m:[93m243[0m:[93m32[0m - [91merror[0m[90m TS2339: [0mProperty 'getStatus' does not exist on type 'Rider'.

[7m243[0m       rider.updateStatus(rider.getStatus().goOnBreak());
[7m   [0m [91m                               ~~~~~~~~~[0m

[96msrc/modules/drivers/application/services/shift-operations.service.ts[0m:[93m247[0m:[93m36[0m - [91merror[0m[90m TS2345: [0mArgument of type 'void' is not assignable to parameter of type 'Shift'.

[7m247[0m     return this.mapToShiftResponse(savedShift);
[7m   [0m [91m                                   ~~~~~~~~~~[0m

[96msrc/modules/drivers/application/services/shift-operations.service.ts[0m:[93m251[0m:[93m52[0m - [91merror[0m[90m TS2339: [0mProperty 'findActiveShiftByRiderId' does not exist on type 'ShiftRepository'.

[7m251[0m     const activeShift = await this.shiftRepository.findActiveShiftByRiderId(request.riderId);
[7m   [0m [91m                                                   ~~~~~~~~~~~~~~~~~~~~~~~~[0m

[96msrc/modules/drivers/application/services/shift-operations.service.ts[0m:[93m266[0m:[93m13[0m - [91merror[0m[90m TS2339: [0mProperty 'updateStatus' does not exist on type 'Rider'.

[7m266[0m       rider.updateStatus(rider.getStatus().goOnline());
[7m   [0m [91m            ~~~~~~~~~~~~[0m

[96msrc/modules/drivers/application/services/shift-operations.service.ts[0m:[93m266[0m:[93m32[0m - [91merror[0m[90m TS2339: [0mProperty 'getStatus' does not exist on type 'Rider'.

[7m266[0m       rider.updateStatus(rider.getStatus().goOnline());
[7m   [0m [91m                               ~~~~~~~~~[0m

[96msrc/modules/drivers/application/services/shift-operations.service.ts[0m:[93m270[0m:[93m36[0m - [91merror[0m[90m TS2345: [0mArgument of type 'void' is not assignable to parameter of type 'Shift'.

[7m270[0m     return this.mapToShiftResponse(savedShift);
[7m   [0m [91m                                   ~~~~~~~~~~[0m

[96msrc/modules/drivers/application/services/shift-operations.service.ts[0m:[93m274[0m:[93m52[0m - [91merror[0m[90m TS2339: [0mProperty 'findActiveShiftByRiderId' does not exist on type 'ShiftRepository'.

[7m274[0m     const activeShift = await this.shiftRepository.findActiveShiftByRiderId(riderId);
[7m   [0m [91m                                                   ~~~~~~~~~~~~~~~~~~~~~~~~[0m

[96msrc/modules/drivers/application/services/shift-operations.service.ts[0m:[93m302[0m:[93m58[0m - [91merror[0m[90m TS2339: [0mProperty 'searchShifts' does not exist on type 'ShiftRepository'.

[7m302[0m     const { shifts, total } = await this.shiftRepository.searchShifts(shiftFilters, {
[7m   [0m [91m                                                         ~~~~~~~~~~~~[0m

[96msrc/modules/drivers/application/services/shift-operations.service.ts[0m:[93m323[0m:[93m47[0m - [91merror[0m[90m TS2339: [0mProperty 'findShiftsByRiderAndDateRange' does not exist on type 'ShiftRepository'.

[7m323[0m     const shifts = await this.shiftRepository.findShiftsByRiderAndDateRange(
[7m   [0m [91m                                              ~~~~~~~~~~~~~~~~~~~~~~~~~~~~~[0m

[96msrc/modules/drivers/application/services/shift-operations.service.ts[0m:[93m368[0m:[93m7[0m - [91merror[0m[90m TS2554: [0mExpected 0-2 arguments, but got 4.

[7m368[0m       request.riderId,
[7m   [0m [91m      ~~~~~~~~~~~~~~~~[0m
[7m369[0m       request.groupBy || 'day',
[7m   [0m [91m~~~~~~~~~~~~~~~~~~~~~~~~~~~~~~[0m

[96msrc/modules/drivers/application/services/shift-operations.service.ts[0m:[93m372[0m:[93m22[0m - [91merror[0m[90m TS2339: [0mProperty 'map' does not exist on type 'ShiftAnalytics'.

[7m372[0m     return analytics.map(data => ({
[7m   [0m [91m                     ~~~[0m

[96msrc/modules/drivers/application/services/shift-operations.service.ts[0m:[93m402[0m:[93m13[0m - [91merror[0m[90m TS2339: [0mProperty 'updateTotalOrders' does not exist on type 'Shift'.

[7m402[0m       shift.updateTotalOrders(metrics.totalOrders);
[7m   [0m [91m            ~~~~~~~~~~~~~~~~~[0m

[96msrc/modules/drivers/application/services/shift-operations.service.ts[0m:[93m405[0m:[93m13[0m - [91merror[0m[90m TS2551: [0mProperty 'updateCompletedOrders' does not exist on type 'Shift'. Did you mean 'completedOrders'?

[7m405[0m       shift.updateCompletedOrders(metrics.completedOrders);
[7m   [0m [91m            ~~~~~~~~~~~~~~~~~~~~~[0m

  [96msrc/modules/drivers/domain/entities/shift.entity.ts[0m:[93m115[0m:[93m7[0m
    [7m115[0m   get completedOrders(): number {
    [7m   [0m [96m      ~~~~~~~~~~~~~~~[0m
    'completedOrders' is declared here.

[96msrc/modules/drivers/application/services/shift-operations.service.ts[0m:[93m408[0m:[93m13[0m - [91merror[0m[90m TS2551: [0mProperty 'updateTotalDistance' does not exist on type 'Shift'. Did you mean 'totalDistance'?

[7m408[0m       shift.updateTotalDistance(metrics.totalDistance);
[7m   [0m [91m            ~~~~~~~~~~~~~~~~~~~[0m

  [96msrc/modules/drivers/domain/entities/shift.entity.ts[0m:[93m107[0m:[93m7[0m
    [7m107[0m   get totalDistance(): number {
    [7m   [0m [96m      ~~~~~~~~~~~~~[0m
    'totalDistance' is declared here.

[96msrc/modules/drivers/application/services/shift-operations.service.ts[0m:[93m411[0m:[93m13[0m - [91merror[0m[90m TS2551: [0mProperty 'updateTotalEarnings' does not exist on type 'Shift'. Did you mean 'totalEarnings'?

[7m411[0m       shift.updateTotalEarnings(metrics.totalEarnings);
[7m   [0m [91m            ~~~~~~~~~~~~~~~~~~~[0m

  [96msrc/modules/drivers/domain/entities/shift.entity.ts[0m:[93m123[0m:[93m7[0m
    [7m123[0m   get totalEarnings(): number {
    [7m   [0m [96m      ~~~~~~~~~~~~~[0m
    'totalEarnings' is declared here.

[96msrc/modules/drivers/application/services/shift-operations.service.ts[0m:[93m414[0m:[93m13[0m - [91merror[0m[90m TS2339: [0mProperty 'updateAverageDeliveryTime' does not exist on type 'Shift'.

[7m414[0m       shift.updateAverageDeliveryTime(metrics.averageDeliveryTime);
[7m   [0m [91m            ~~~~~~~~~~~~~~~~~~~~~~~~~[0m

[96msrc/modules/drivers/application/services/shift-operations.service.ts[0m:[93m417[0m:[93m13[0m - [91merror[0m[90m TS2339: [0mProperty 'updateCustomerRating' does not exist on type 'Shift'.

[7m417[0m       shift.updateCustomerRating(metrics.customerRating);
[7m   [0m [91m            ~~~~~~~~~~~~~~~~~~~~[0m

[96msrc/modules/drivers/application/services/shift-operations.service.ts[0m:[93m421[0m:[93m36[0m - [91merror[0m[90m TS2345: [0mArgument of type 'void' is not assignable to parameter of type 'Shift'.

[7m421[0m     return this.mapToShiftResponse(updatedShift);
[7m   [0m [91m                                   ~~~~~~~~~~~~[0m

[96msrc/modules/drivers/application/services/shift-operations.service.ts[0m:[93m429[0m:[93m58[0m - [91merror[0m[90m TS2339: [0mProperty 'searchShifts' does not exist on type 'ShiftRepository'.

[7m429[0m     const { shifts, total } = await this.shiftRepository.searchShifts(filters, {
[7m   [0m [91m                                                         ~~~~~~~~~~~~[0m

[96msrc/modules/drivers/application/services/shift-operations.service.ts[0m:[93m446[0m:[93m28[0m - [91merror[0m[90m TS2339: [0mProperty 'getDuration' does not exist on type 'Shift'.

[7m446[0m     const duration = shift.getDuration() || 0;
[7m   [0m [91m                           ~~~~~~~~~~~[0m

[96msrc/modules/drivers/application/services/shift-operations.service.ts[0m:[93m449[0m:[93m17[0m - [91merror[0m[90m TS2339: [0mProperty 'getId' does not exist on type 'Shift'.

[7m449[0m       id: shift.getId(),
[7m   [0m [91m                ~~~~~[0m

[96msrc/modules/drivers/application/services/shift-operations.service.ts[0m:[93m450[0m:[93m22[0m - [91merror[0m[90m TS2551: [0mProperty 'getRiderId' does not exist on type 'Shift'. Did you mean 'riderId'?

[7m450[0m       riderId: shift.getRiderId(),
[7m   [0m [91m                     ~~~~~~~~~~[0m

  [96msrc/modules/drivers/domain/entities/shift.entity.ts[0m:[93m83[0m:[93m7[0m
    [7m83[0m   get riderId(): string {
    [7m  [0m [96m      ~~~~~~~[0m
    'riderId' is declared here.

[96msrc/modules/drivers/application/services/shift-operations.service.ts[0m:[93m451[0m:[93m24[0m - [91merror[0m[90m TS2339: [0mProperty 'getVehicleId' does not exist on type 'Shift'.

[7m451[0m       vehicleId: shift.getVehicleId(),
[7m   [0m [91m                       ~~~~~~~~~~~~[0m

[96msrc/modules/drivers/application/services/shift-operations.service.ts[0m:[93m452[0m:[93m21[0m - [91merror[0m[90m TS2339: [0mProperty 'getStatus' does not exist on type 'Shift'.

[7m452[0m       status: shift.getStatus().getValue(),
[7m   [0m [91m                    ~~~~~~~~~[0m

[96msrc/modules/drivers/application/services/shift-operations.service.ts[0m:[93m453[0m:[93m24[0m - [91merror[0m[90m TS2551: [0mProperty 'getStartTime' does not exist on type 'Shift'. Did you mean 'startTime'?

[7m453[0m       startTime: shift.getStartTime(),
[7m   [0m [91m                       ~~~~~~~~~~~~[0m

  [96msrc/modules/drivers/domain/entities/shift.entity.ts[0m:[93m87[0m:[93m7[0m
    [7m87[0m   get startTime(): Date {
    [7m  [0m [96m      ~~~~~~~~~[0m
    'startTime' is declared here.

[96msrc/modules/drivers/application/services/shift-operations.service.ts[0m:[93m454[0m:[93m22[0m - [91merror[0m[90m TS2551: [0mProperty 'getEndTime' does not exist on type 'Shift'. Did you mean 'endTime'?

[7m454[0m       endTime: shift.getEndTime(),
[7m   [0m [91m                     ~~~~~~~~~~[0m

  [96msrc/modules/drivers/domain/entities/shift.entity.ts[0m:[93m91[0m:[93m7[0m
    [7m91[0m   get endTime(): Date | undefined {
    [7m  [0m [96m      ~~~~~~~[0m
    'endTime' is declared here.

[96msrc/modules/drivers/application/services/shift-operations.service.ts[0m:[93m455[0m:[93m29[0m - [91merror[0m[90m TS2339: [0mProperty 'getPlannedEndTime' does not exist on type 'Shift'.

[7m455[0m       plannedEndTime: shift.getPlannedEndTime(),
[7m   [0m [91m                            ~~~~~~~~~~~~~~~~~[0m

[96msrc/modules/drivers/application/services/shift-operations.service.ts[0m:[93m456[0m:[93m28[0m - [91merror[0m[90m TS2551: [0mProperty 'getStartLocation' does not exist on type 'Shift'. Did you mean 'startLocation'?

[7m456[0m       startLocation: shift.getStartLocation() ? {
[7m   [0m [91m                           ~~~~~~~~~~~~~~~~[0m

  [96msrc/modules/drivers/domain/entities/shift.entity.ts[0m:[93m99[0m:[93m7[0m
    [7m99[0m   get startLocation(): Location | undefined {
    [7m  [0m [96m      ~~~~~~~~~~~~~[0m
    'startLocation' is declared here.

[96msrc/modules/drivers/application/services/shift-operations.service.ts[0m:[93m457[0m:[93m25[0m - [91merror[0m[90m TS2551: [0mProperty 'getStartLocation' does not exist on type 'Shift'. Did you mean 'startLocation'?

[7m457[0m         latitude: shift.getStartLocation()!.getLatitude(),
[7m   [0m [91m                        ~~~~~~~~~~~~~~~~[0m

  [96msrc/modules/drivers/domain/entities/shift.entity.ts[0m:[93m99[0m:[93m7[0m
    [7m99[0m   get startLocation(): Location | undefined {
    [7m  [0m [96m      ~~~~~~~~~~~~~[0m
    'startLocation' is declared here.

[96msrc/modules/drivers/application/services/shift-operations.service.ts[0m:[93m458[0m:[93m26[0m - [91merror[0m[90m TS2551: [0mProperty 'getStartLocation' does not exist on type 'Shift'. Did you mean 'startLocation'?

[7m458[0m         longitude: shift.getStartLocation()!.getLongitude(),
[7m   [0m [91m                         ~~~~~~~~~~~~~~~~[0m

  [96msrc/modules/drivers/domain/entities/shift.entity.ts[0m:[93m99[0m:[93m7[0m
    [7m99[0m   get startLocation(): Location | undefined {
    [7m  [0m [96m      ~~~~~~~~~~~~~[0m
    'startLocation' is declared here.

[96msrc/modules/drivers/application/services/shift-operations.service.ts[0m:[93m460[0m:[93m26[0m - [91merror[0m[90m TS2551: [0mProperty 'getEndLocation' does not exist on type 'Shift'. Did you mean 'endLocation'?

[7m460[0m       endLocation: shift.getEndLocation() ? {
[7m   [0m [91m                         ~~~~~~~~~~~~~~[0m

  [96msrc/modules/drivers/domain/entities/shift.entity.ts[0m:[93m103[0m:[93m7[0m
    [7m103[0m   get endLocation(): Location | undefined {
    [7m   [0m [96m      ~~~~~~~~~~~[0m
    'endLocation' is declared here.

[96msrc/modules/drivers/application/services/shift-operations.service.ts[0m:[93m461[0m:[93m25[0m - [91merror[0m[90m TS2551: [0mProperty 'getEndLocation' does not exist on type 'Shift'. Did you mean 'endLocation'?

[7m461[0m         latitude: shift.getEndLocation()!.getLatitude(),
[7m   [0m [91m                        ~~~~~~~~~~~~~~[0m

  [96msrc/modules/drivers/domain/entities/shift.entity.ts[0m:[93m103[0m:[93m7[0m
    [7m103[0m   get endLocation(): Location | undefined {
    [7m   [0m [96m      ~~~~~~~~~~~[0m
    'endLocation' is declared here.

[96msrc/modules/drivers/application/services/shift-operations.service.ts[0m:[93m462[0m:[93m26[0m - [91merror[0m[90m TS2551: [0mProperty 'getEndLocation' does not exist on type 'Shift'. Did you mean 'endLocation'?

[7m462[0m         longitude: shift.getEndLocation()!.getLongitude(),
[7m   [0m [91m                         ~~~~~~~~~~~~~~[0m

  [96msrc/modules/drivers/domain/entities/shift.entity.ts[0m:[93m103[0m:[93m7[0m
    [7m103[0m   get endLocation(): Location | undefined {
    [7m   [0m [96m      ~~~~~~~~~~~[0m
    'endLocation' is declared here.

[96msrc/modules/drivers/application/services/shift-operations.service.ts[0m:[93m465[0m:[93m28[0m - [91merror[0m[90m TS2551: [0mProperty 'getTotalOrders' does not exist on type 'Shift'. Did you mean 'totalOrders'?

[7m465[0m         totalOrders: shift.getTotalOrders(),
[7m   [0m [91m                           ~~~~~~~~~~~~~~[0m

  [96msrc/modules/drivers/domain/entities/shift.entity.ts[0m:[93m111[0m:[93m7[0m
    [7m111[0m   get totalOrders(): number {
    [7m   [0m [96m      ~~~~~~~~~~~[0m
    'totalOrders' is declared here.

[96msrc/modules/drivers/application/services/shift-operations.service.ts[0m:[93m466[0m:[93m32[0m - [91merror[0m[90m TS2551: [0mProperty 'getCompletedOrders' does not exist on type 'Shift'. Did you mean 'completedOrders'?

[7m466[0m         completedOrders: shift.getCompletedOrders(),
[7m   [0m [91m                               ~~~~~~~~~~~~~~~~~~[0m

  [96msrc/modules/drivers/domain/entities/shift.entity.ts[0m:[93m115[0m:[93m7[0m
    [7m115[0m   get completedOrders(): number {
    [7m   [0m [96m      ~~~~~~~~~~~~~~~[0m
    'completedOrders' is declared here.

[96msrc/modules/drivers/application/services/shift-operations.service.ts[0m:[93m467[0m:[93m30[0m - [91merror[0m[90m TS2551: [0mProperty 'getTotalDistance' does not exist on type 'Shift'. Did you mean 'totalDistance'?

[7m467[0m         totalDistance: shift.getTotalDistance(),
[7m   [0m [91m                             ~~~~~~~~~~~~~~~~[0m

  [96msrc/modules/drivers/domain/entities/shift.entity.ts[0m:[93m107[0m:[93m7[0m
    [7m107[0m   get totalDistance(): number {
    [7m   [0m [96m      ~~~~~~~~~~~~~[0m
    'totalDistance' is declared here.

[96msrc/modules/drivers/application/services/shift-operations.service.ts[0m:[93m468[0m:[93m30[0m - [91merror[0m[90m TS2551: [0mProperty 'getTotalEarnings' does not exist on type 'Shift'. Did you mean 'totalEarnings'?

[7m468[0m         totalEarnings: shift.getTotalEarnings(),
[7m   [0m [91m                             ~~~~~~~~~~~~~~~~[0m

  [96msrc/modules/drivers/domain/entities/shift.entity.ts[0m:[93m123[0m:[93m7[0m
    [7m123[0m   get totalEarnings(): number {
    [7m   [0m [96m      ~~~~~~~~~~~~~[0m
    'totalEarnings' is declared here.

[96msrc/modules/drivers/application/services/shift-operations.service.ts[0m:[93m469[0m:[93m31[0m - [91merror[0m[90m TS2339: [0mProperty 'getTotalBreakTime' does not exist on type 'Shift'.

[7m469[0m         totalBreakTime: shift.getTotalBreakTime(),
[7m   [0m [91m                              ~~~~~~~~~~~~~~~~~[0m

[96msrc/modules/drivers/application/services/shift-operations.service.ts[0m:[93m470[0m:[93m36[0m - [91merror[0m[90m TS2339: [0mProperty 'getAverageDeliveryTime' does not exist on type 'Shift'.

[7m470[0m         averageDeliveryTime: shift.getAverageDeliveryTime(),
[7m   [0m [91m                                   ~~~~~~~~~~~~~~~~~~~~~~[0m

[96msrc/modules/drivers/application/services/shift-operations.service.ts[0m:[93m471[0m:[93m31[0m - [91merror[0m[90m TS2339: [0mProperty 'getCustomerRating' does not exist on type 'Shift'.

[7m471[0m         customerRating: shift.getCustomerRating(),
[7m   [0m [91m                              ~~~~~~~~~~~~~~~~~[0m

[96msrc/modules/drivers/application/services/shift-operations.service.ts[0m:[93m473[0m:[93m24[0m - [91merror[0m[90m TS2339: [0mProperty 'getBreakStartTime' does not exist on type 'Shift'.

[7m473[0m       breakInfo: shift.getBreakStartTime() ? {
[7m   [0m [91m                       ~~~~~~~~~~~~~~~~~[0m

[96msrc/modules/drivers/application/services/shift-operations.service.ts[0m:[93m474[0m:[93m26[0m - [91merror[0m[90m TS2339: [0mProperty 'getBreakStartTime' does not exist on type 'Shift'.

[7m474[0m         startTime: shift.getBreakStartTime()!,
[7m   [0m [91m                         ~~~~~~~~~~~~~~~~~[0m

[96msrc/modules/drivers/application/services/shift-operations.service.ts[0m:[93m475[0m:[93m24[0m - [91merror[0m[90m TS2339: [0mProperty 'getBreakEndTime' does not exist on type 'Shift'.

[7m475[0m         endTime: shift.getBreakEndTime(),
[7m   [0m [91m                       ~~~~~~~~~~~~~~~[0m

[96msrc/modules/drivers/application/services/shift-operations.service.ts[0m:[93m476[0m:[93m23[0m - [91merror[0m[90m TS2339: [0mProperty 'getBreakReason' does not exist on type 'Shift'.

[7m476[0m         reason: shift.getBreakReason(),
[7m   [0m [91m                      ~~~~~~~~~~~~~~[0m

[96msrc/modules/drivers/application/services/shift-operations.service.ts[0m:[93m479[0m:[93m24[0m - [91merror[0m[90m TS2551: [0mProperty 'getCreatedAt' does not exist on type 'Shift'. Did you mean 'createdAt'?

[7m479[0m       createdAt: shift.getCreatedAt(),
[7m   [0m [91m                       ~~~~~~~~~~~~[0m

  [96msrc/modules/drivers/domain/entities/shift.entity.ts[0m:[93m143[0m:[93m7[0m
    [7m143[0m   get createdAt(): Date {
    [7m   [0m [96m      ~~~~~~~~~[0m
    'createdAt' is declared here.

[96msrc/modules/drivers/application/services/shift-operations.service.ts[0m:[93m480[0m:[93m24[0m - [91merror[0m[90m TS2551: [0mProperty 'getUpdatedAt' does not exist on type 'Shift'. Did you mean 'updatedAt'?

[7m480[0m       updatedAt: shift.getUpdatedAt(),
[7m   [0m [91m                       ~~~~~~~~~~~~[0m

  [96msrc/modules/drivers/domain/entities/shift.entity.ts[0m:[93m147[0m:[93m7[0m
    [7m147[0m   get updatedAt(): Date {
    [7m   [0m [96m      ~~~~~~~~~[0m
    'updatedAt' is declared here.

[96msrc/modules/drivers/domain/entities/earnings.entity.ts[0m:[93m1[0m:[93m24[0m - [91merror[0m[90m TS2307: [0mCannot find module '../../../common/domain/entity' or its corresponding type declarations.

[7m1[0m import { Entity } from '../../../common/domain/entity';
[7m [0m [91m                       ~~~~~~~~~~~~~~~~~~~~~~~~~~~~~~~[0m

[96msrc/modules/drivers/domain/entities/earnings.entity.ts[0m:[93m2[0m:[93m32[0m - [91merror[0m[90m TS2307: [0mCannot find module '../../../common/domain/unique-entity-id' or its corresponding type declarations.

[7m2[0m import { UniqueEntityID } from '../../../common/domain/unique-entity-id';
[7m [0m [91m                               ~~~~~~~~~~~~~~~~~~~~~~~~~~~~~~~~~~~~~~~~~[0m

[96msrc/modules/drivers/domain/entities/earnings.entity.ts[0m:[93m78[0m:[93m17[0m - [91merror[0m[90m TS2339: [0mProperty '_id' does not exist on type 'Earnings'.

[7m78[0m     return this._id;
[7m  [0m [91m                ~~~[0m

[96msrc/modules/drivers/domain/entities/earnings.entity.ts[0m:[93m82[0m:[93m17[0m - [91merror[0m[90m TS2339: [0mProperty 'props' does not exist on type 'Earnings'.

[7m82[0m     return this.props.riderId;
[7m  [0m [91m                ~~~~~[0m

[96msrc/modules/drivers/domain/entities/earnings.entity.ts[0m:[93m86[0m:[93m17[0m - [91merror[0m[90m TS2339: [0mProperty 'props' does not exist on type 'Earnings'.

[7m86[0m     return this.props.earningsDetails;
[7m  [0m [91m                ~~~~~[0m

[96msrc/modules/drivers/domain/entities/earnings.entity.ts[0m:[93m90[0m:[93m17[0m - [91merror[0m[90m TS2339: [0mProperty 'props' does not exist on type 'Earnings'.

[7m90[0m     return this.props.entries;
[7m  [0m [91m                ~~~~~[0m

[96msrc/modules/drivers/domain/entities/earnings.entity.ts[0m:[93m94[0m:[93m17[0m - [91merror[0m[90m TS2339: [0mProperty 'props' does not exist on type 'Earnings'.

[7m94[0m     return this.props.payoutRequests;
[7m  [0m [91m                ~~~~~[0m

[96msrc/modules/drivers/domain/entities/earnings.entity.ts[0m:[93m98[0m:[93m17[0m - [91merror[0m[90m TS2339: [0mProperty 'props' does not exist on type 'Earnings'.

[7m98[0m     return this.props.taxDocuments;
[7m  [0m [91m                ~~~~~[0m

[96msrc/modules/drivers/domain/entities/earnings.entity.ts[0m:[93m102[0m:[93m17[0m - [91merror[0m[90m TS2339: [0mProperty 'props' does not exist on type 'Earnings'.

[7m102[0m     return this.props.lastPayoutDate;
[7m   [0m [91m                ~~~~~[0m

[96msrc/modules/drivers/domain/entities/earnings.entity.ts[0m:[93m106[0m:[93m17[0m - [91merror[0m[90m TS2339: [0mProperty 'props' does not exist on type 'Earnings'.

[7m106[0m     return this.props.nextPayoutDate;
[7m   [0m [91m                ~~~~~[0m

[96msrc/modules/drivers/domain/entities/earnings.entity.ts[0m:[93m110[0m:[93m17[0m - [91merror[0m[90m TS2339: [0mProperty 'props' does not exist on type 'Earnings'.

[7m110[0m     return this.props.minimumPayoutAmount;
[7m   [0m [91m                ~~~~~[0m

[96msrc/modules/drivers/domain/entities/earnings.entity.ts[0m:[93m114[0m:[93m17[0m - [91merror[0m[90m TS2339: [0mProperty 'props' does not exist on type 'Earnings'.

[7m114[0m     return this.props.currency;
[7m   [0m [91m                ~~~~~[0m

[96msrc/modules/drivers/domain/entities/earnings.entity.ts[0m:[93m118[0m:[93m17[0m - [91merror[0m[90m TS2339: [0mProperty 'props' does not exist on type 'Earnings'.

[7m118[0m     return this.props.taxId;
[7m   [0m [91m                ~~~~~[0m

[96msrc/modules/drivers/domain/entities/earnings.entity.ts[0m:[93m122[0m:[93m17[0m - [91merror[0m[90m TS2339: [0mProperty 'props' does not exist on type 'Earnings'.

[7m122[0m     return this.props.isActive;
[7m   [0m [91m                ~~~~~[0m

[96msrc/modules/drivers/domain/entities/earnings.entity.ts[0m:[93m126[0m:[93m17[0m - [91merror[0m[90m TS2339: [0mProperty 'props' does not exist on type 'Earnings'.

[7m126[0m     return this.props.createdAt;
[7m   [0m [91m                ~~~~~[0m

[96msrc/modules/drivers/domain/entities/earnings.entity.ts[0m:[93m130[0m:[93m17[0m - [91merror[0m[90m TS2339: [0mProperty 'props' does not exist on type 'Earnings'.

[7m130[0m     return this.props.updatedAt;
[7m   [0m [91m                ~~~~~[0m

[96msrc/modules/drivers/domain/entities/earnings.entity.ts[0m:[93m154[0m:[93m10[0m - [91merror[0m[90m TS2339: [0mProperty 'props' does not exist on type 'Earnings'.

[7m154[0m     this.props.entries.push(entry);
[7m   [0m [91m         ~~~~~[0m

[96msrc/modules/drivers/domain/entities/earnings.entity.ts[0m:[93m159[0m:[93m14[0m - [91merror[0m[90m TS2339: [0mProperty 'props' does not exist on type 'Earnings'.

[7m159[0m         this.props.earningsDetails = this.props.earningsDetails.addDeliveryEarnings(amount);
[7m   [0m [91m             ~~~~~[0m

[96msrc/modules/drivers/domain/entities/earnings.entity.ts[0m:[93m159[0m:[93m43[0m - [91merror[0m[90m TS2339: [0mProperty 'props' does not exist on type 'Earnings'.

[7m159[0m         this.props.earningsDetails = this.props.earningsDetails.addDeliveryEarnings(amount);
[7m   [0m [91m                                          ~~~~~[0m

[96msrc/modules/drivers/domain/entities/earnings.entity.ts[0m:[93m162[0m:[93m14[0m - [91merror[0m[90m TS2339: [0mProperty 'props' does not exist on type 'Earnings'.

[7m162[0m         this.props.earningsDetails = this.props.earningsDetails.addBonusEarnings(amount);
[7m   [0m [91m             ~~~~~[0m

[96msrc/modules/drivers/domain/entities/earnings.entity.ts[0m:[93m162[0m:[93m43[0m - [91merror[0m[90m TS2339: [0mProperty 'props' does not exist on type 'Earnings'.

[7m162[0m         this.props.earningsDetails = this.props.earningsDetails.addBonusEarnings(amount);
[7m   [0m [91m                                          ~~~~~[0m

[96msrc/modules/drivers/domain/entities/earnings.entity.ts[0m:[93m165[0m:[93m14[0m - [91merror[0m[90m TS2339: [0mProperty 'props' does not exist on type 'Earnings'.

[7m165[0m         this.props.earningsDetails = this.props.earningsDetails.addTipEarnings(amount);
[7m   [0m [91m             ~~~~~[0m

[96msrc/modules/drivers/domain/entities/earnings.entity.ts[0m:[93m165[0m:[93m43[0m - [91merror[0m[90m TS2339: [0mProperty 'props' does not exist on type 'Earnings'.

[7m165[0m         this.props.earningsDetails = this.props.earningsDetails.addTipEarnings(amount);
[7m   [0m [91m                                          ~~~~~[0m

[96msrc/modules/drivers/domain/entities/earnings.entity.ts[0m:[93m170[0m:[93m14[0m - [91merror[0m[90m TS2339: [0mProperty 'props' does not exist on type 'Earnings'.

[7m170[0m         this.props.earningsDetails = this.props.earningsDetails.addIncentiveEarnings(amount);
[7m   [0m [91m             ~~~~~[0m

[96msrc/modules/drivers/domain/entities/earnings.entity.ts[0m:[93m170[0m:[93m43[0m - [91merror[0m[90m TS2339: [0mProperty 'props' does not exist on type 'Earnings'.

[7m170[0m         this.props.earningsDetails = this.props.earningsDetails.addIncentiveEarnings(amount);
[7m   [0m [91m                                          ~~~~~[0m

[96msrc/modules/drivers/domain/entities/earnings.entity.ts[0m:[93m173[0m:[93m14[0m - [91merror[0m[90m TS2339: [0mProperty 'props' does not exist on type 'Earnings'.

[7m173[0m         this.props.earningsDetails = this.props.earningsDetails.applyPenalty(Math.abs(amount));
[7m   [0m [91m             ~~~~~[0m

[96msrc/modules/drivers/domain/entities/earnings.entity.ts[0m:[93m173[0m:[93m43[0m - [91merror[0m[90m TS2339: [0mProperty 'props' does not exist on type 'Earnings'.

[7m173[0m         this.props.earningsDetails = this.props.earningsDetails.applyPenalty(Math.abs(amount));
[7m   [0m [91m                                          ~~~~~[0m

[96msrc/modules/drivers/domain/entities/earnings.entity.ts[0m:[93m177[0m:[93m16[0m - [91merror[0m[90m TS2339: [0mProperty 'props' does not exist on type 'Earnings'.

[7m177[0m           this.props.earningsDetails = this.props.earningsDetails.addBonusEarnings(amount);
[7m   [0m [91m               ~~~~~[0m

[96msrc/modules/drivers/domain/entities/earnings.entity.ts[0m:[93m177[0m:[93m45[0m - [91merror[0m[90m TS2339: [0mProperty 'props' does not exist on type 'Earnings'.

[7m177[0m           this.props.earningsDetails = this.props.earningsDetails.addBonusEarnings(amount);
[7m   [0m [91m                                            ~~~~~[0m

[96msrc/modules/drivers/domain/entities/earnings.entity.ts[0m:[93m179[0m:[93m16[0m - [91merror[0m[90m TS2339: [0mProperty 'props' does not exist on type 'Earnings'.

[7m179[0m           this.props.earningsDetails = this.props.earningsDetails.applyPenalty(Math.abs(amount));
[7m   [0m [91m               ~~~~~[0m

[96msrc/modules/drivers/domain/entities/earnings.entity.ts[0m:[93m179[0m:[93m45[0m - [91merror[0m[90m TS2339: [0mProperty 'props' does not exist on type 'Earnings'.

[7m179[0m           this.props.earningsDetails = this.props.earningsDetails.applyPenalty(Math.abs(amount));
[7m   [0m [91m                                            ~~~~~[0m

[96msrc/modules/drivers/domain/entities/earnings.entity.ts[0m:[93m184[0m:[93m10[0m - [91merror[0m[90m TS2339: [0mProperty 'props' does not exist on type 'Earnings'.

[7m184[0m     this.props.updatedAt = new Date();
[7m   [0m [91m         ~~~~~[0m

[96msrc/modules/drivers/domain/entities/earnings.entity.ts[0m:[93m193[0m:[93m23[0m - [91merror[0m[90m TS2339: [0mProperty 'props' does not exist on type 'Earnings'.

[7m193[0m     if (amount < this.props.minimumPayoutAmount) {
[7m   [0m [91m                      ~~~~~[0m

[96msrc/modules/drivers/domain/entities/earnings.entity.ts[0m:[93m194[0m:[93m74[0m - [91merror[0m[90m TS2339: [0mProperty 'props' does not exist on type 'Earnings'.

[7m194[0m       throw new Error(`Minimum payout amount is ${this.formatAmount(this.props.minimumPayoutAmount)}`);
[7m   [0m [91m                                                                         ~~~~~[0m

[96msrc/modules/drivers/domain/entities/earnings.entity.ts[0m:[93m197[0m:[93m23[0m - [91merror[0m[90m TS2339: [0mProperty 'props' does not exist on type 'Earnings'.

[7m197[0m     if (amount > this.props.earningsDetails.availableBalance) {
[7m   [0m [91m                      ~~~~~[0m

[96msrc/modules/drivers/domain/entities/earnings.entity.ts[0m:[93m201[0m:[93m15[0m - [91merror[0m[90m TS2339: [0mProperty 'props' does not exist on type 'Earnings'.

[7m201[0m     if (!this.props.isActive) {
[7m   [0m [91m              ~~~~~[0m

[96msrc/modules/drivers/domain/entities/earnings.entity.ts[0m:[93m220[0m:[93m10[0m - [91merror[0m[90m TS2339: [0mProperty 'props' does not exist on type 'Earnings'.

[7m220[0m     this.props.payoutRequests.push(payoutRequest);
[7m   [0m [91m         ~~~~~[0m

[96msrc/modules/drivers/domain/entities/earnings.entity.ts[0m:[93m223[0m:[93m10[0m - [91merror[0m[90m TS2339: [0mProperty 'props' does not exist on type 'Earnings'.

[7m223[0m     this.props.earningsDetails = this.props.earningsDetails.moveToPending(amount);
[7m   [0m [91m         ~~~~~[0m

[96msrc/modules/drivers/domain/entities/earnings.entity.ts[0m:[93m223[0m:[93m39[0m - [91merror[0m[90m TS2339: [0mProperty 'props' does not exist on type 'Earnings'.

[7m223[0m     this.props.earningsDetails = this.props.earningsDetails.moveToPending(amount);
[7m   [0m [91m                                      ~~~~~[0m

[96msrc/modules/drivers/domain/entities/earnings.entity.ts[0m:[93m224[0m:[93m10[0m - [91merror[0m[90m TS2339: [0mProperty 'props' does not exist on type 'Earnings'.

[7m224[0m     this.props.updatedAt = new Date();
[7m   [0m [91m         ~~~~~[0m

[96msrc/modules/drivers/domain/entities/earnings.entity.ts[0m:[93m230[0m:[93m25[0m - [91merror[0m[90m TS2339: [0mProperty 'props' does not exist on type 'Earnings'.

[7m230[0m     const payout = this.props.payoutRequests.find(p => p.id === payoutId);
[7m   [0m [91m                        ~~~~~[0m

[96msrc/modules/drivers/domain/entities/earnings.entity.ts[0m:[93m243[0m:[93m10[0m - [91merror[0m[90m TS2339: [0mProperty 'props' does not exist on type 'Earnings'.

[7m243[0m     this.props.updatedAt = new Date();
[7m   [0m [91m         ~~~~~[0m

[96msrc/modules/drivers/domain/entities/earnings.entity.ts[0m:[93m247[0m:[93m25[0m - [91merror[0m[90m TS2339: [0mProperty 'props' does not exist on type 'Earnings'.

[7m247[0m     const payout = this.props.payoutRequests.find(p => p.id === payoutId);
[7m   [0m [91m                        ~~~~~[0m

[96msrc/modules/drivers/domain/entities/earnings.entity.ts[0m:[93m261[0m:[93m10[0m - [91merror[0m[90m TS2339: [0mProperty 'props' does not exist on type 'Earnings'.

[7m261[0m     this.props.earningsDetails = this.props.earningsDetails.processWithdrawal(payout.amount);
[7m   [0m [91m         ~~~~~[0m

[96msrc/modules/drivers/domain/entities/earnings.entity.ts[0m:[93m261[0m:[93m39[0m - [91merror[0m[90m TS2339: [0mProperty 'props' does not exist on type 'Earnings'.

[7m261[0m     this.props.earningsDetails = this.props.earningsDetails.processWithdrawal(payout.amount);
[7m   [0m [91m                                      ~~~~~[0m

[96msrc/modules/drivers/domain/entities/earnings.entity.ts[0m:[93m262[0m:[93m10[0m - [91merror[0m[90m TS2339: [0mProperty 'props' does not exist on type 'Earnings'.

[7m262[0m     this.props.lastPayoutDate = new Date();
[7m   [0m [91m         ~~~~~[0m

[96msrc/modules/drivers/domain/entities/earnings.entity.ts[0m:[93m263[0m:[93m10[0m - [91merror[0m[90m TS2339: [0mProperty 'props' does not exist on type 'Earnings'.

[7m263[0m     this.props.updatedAt = new Date();
[7m   [0m [91m         ~~~~~[0m

[96msrc/modules/drivers/domain/entities/earnings.entity.ts[0m:[93m267[0m:[93m25[0m - [91merror[0m[90m TS2339: [0mProperty 'props' does not exist on type 'Earnings'.

[7m267[0m     const payout = this.props.payoutRequests.find(p => p.id === payoutId);
[7m   [0m [91m                        ~~~~~[0m

[96msrc/modules/drivers/domain/entities/earnings.entity.ts[0m:[93m280[0m:[93m10[0m - [91merror[0m[90m TS2339: [0mProperty 'props' does not exist on type 'Earnings'.

[7m280[0m     this.props.earningsDetails = this.props.earningsDetails.moveToAvailable(payout.amount);
[7m   [0m [91m         ~~~~~[0m

[96msrc/modules/drivers/domain/entities/earnings.entity.ts[0m:[93m280[0m:[93m39[0m - [91merror[0m[90m TS2339: [0mProperty 'props' does not exist on type 'Earnings'.

[7m280[0m     this.props.earningsDetails = this.props.earningsDetails.moveToAvailable(payout.amount);
[7m   [0m [91m                                      ~~~~~[0m

[96msrc/modules/drivers/domain/entities/earnings.entity.ts[0m:[93m281[0m:[93m10[0m - [91merror[0m[90m TS2339: [0mProperty 'props' does not exist on type 'Earnings'.

[7m281[0m     this.props.updatedAt = new Date();
[7m   [0m [91m         ~~~~~[0m

[96msrc/modules/drivers/domain/entities/earnings.entity.ts[0m:[93m285[0m:[93m25[0m - [91merror[0m[90m TS2339: [0mProperty 'props' does not exist on type 'Earnings'.

[7m285[0m     const payout = this.props.payoutRequests.find(p => p.id === payoutId);
[7m   [0m [91m                        ~~~~~[0m

[96msrc/modules/drivers/domain/entities/earnings.entity.ts[0m:[93m297[0m:[93m10[0m - [91merror[0m[90m TS2339: [0mProperty 'props' does not exist on type 'Earnings'.

[7m297[0m     this.props.earningsDetails = this.props.earningsDetails.moveToAvailable(payout.amount);
[7m   [0m [91m         ~~~~~[0m

[96msrc/modules/drivers/domain/entities/earnings.entity.ts[0m:[93m297[0m:[93m39[0m - [91merror[0m[90m TS2339: [0mProperty 'props' does not exist on type 'Earnings'.

[7m297[0m     this.props.earningsDetails = this.props.earningsDetails.moveToAvailable(payout.amount);
[7m   [0m [91m                                      ~~~~~[0m

[96msrc/modules/drivers/domain/entities/earnings.entity.ts[0m:[93m298[0m:[93m10[0m - [91merror[0m[90m TS2339: [0mProperty 'props' does not exist on type 'Earnings'.

[7m298[0m     this.props.updatedAt = new Date();
[7m   [0m [91m         ~~~~~[0m

[96msrc/modules/drivers/domain/entities/earnings.entity.ts[0m:[93m306[0m:[93m10[0m - [91merror[0m[90m TS2339: [0mProperty 'props' does not exist on type 'Earnings'.

[7m306[0m     this.props.minimumPayoutAmount = amount;
[7m   [0m [91m         ~~~~~[0m

[96msrc/modules/drivers/domain/entities/earnings.entity.ts[0m:[93m307[0m:[93m10[0m - [91merror[0m[90m TS2339: [0mProperty 'props' does not exist on type 'Earnings'.

[7m307[0m     this.props.updatedAt = new Date();
[7m   [0m [91m         ~~~~~[0m

[96msrc/modules/drivers/domain/entities/earnings.entity.ts[0m:[93m311[0m:[93m10[0m - [91merror[0m[90m TS2339: [0mProperty 'props' does not exist on type 'Earnings'.

[7m311[0m     this.props.nextPayoutDate = date;
[7m   [0m [91m         ~~~~~[0m

[96msrc/modules/drivers/domain/entities/earnings.entity.ts[0m:[93m312[0m:[93m10[0m - [91merror[0m[90m TS2339: [0mProperty 'props' does not exist on type 'Earnings'.

[7m312[0m     this.props.updatedAt = new Date();
[7m   [0m [91m         ~~~~~[0m

[96msrc/modules/drivers/domain/entities/earnings.entity.ts[0m:[93m316[0m:[93m10[0m - [91merror[0m[90m TS2339: [0mProperty 'props' does not exist on type 'Earnings'.

[7m316[0m     this.props.taxId = taxId;
[7m   [0m [91m         ~~~~~[0m

[96msrc/modules/drivers/domain/entities/earnings.entity.ts[0m:[93m317[0m:[93m10[0m - [91merror[0m[90m TS2339: [0mProperty 'props' does not exist on type 'Earnings'.

[7m317[0m     this.props.updatedAt = new Date();
[7m   [0m [91m         ~~~~~[0m

[96msrc/modules/drivers/domain/entities/earnings.entity.ts[0m:[93m321[0m:[93m10[0m - [91merror[0m[90m TS2339: [0mProperty 'props' does not exist on type 'Earnings'.

[7m321[0m     this.props.isActive = true;
[7m   [0m [91m         ~~~~~[0m

[96msrc/modules/drivers/domain/entities/earnings.entity.ts[0m:[93m322[0m:[93m10[0m - [91merror[0m[90m TS2339: [0mProperty 'props' does not exist on type 'Earnings'.

[7m322[0m     this.props.updatedAt = new Date();
[7m   [0m [91m         ~~~~~[0m

[96msrc/modules/drivers/domain/entities/earnings.entity.ts[0m:[93m326[0m:[93m10[0m - [91merror[0m[90m TS2339: [0mProperty 'props' does not exist on type 'Earnings'.

[7m326[0m     this.props.isActive = false;
[7m   [0m [91m         ~~~~~[0m

[96msrc/modules/drivers/domain/entities/earnings.entity.ts[0m:[93m327[0m:[93m10[0m - [91merror[0m[90m TS2339: [0mProperty 'props' does not exist on type 'Earnings'.

[7m327[0m     this.props.updatedAt = new Date();
[7m   [0m [91m         ~~~~~[0m

[96msrc/modules/drivers/domain/entities/earnings.entity.ts[0m:[93m340[0m:[93m30[0m - [91merror[0m[90m TS2339: [0mProperty 'props' does not exist on type 'Earnings'.

[7m340[0m     const existingDoc = this.props.taxDocuments.find(doc => doc.year === year);
[7m   [0m [91m                             ~~~~~[0m

[96msrc/modules/drivers/domain/entities/earnings.entity.ts[0m:[93m354[0m:[93m12[0m - [91merror[0m[90m TS2339: [0mProperty 'props' does not exist on type 'Earnings'.

[7m354[0m       this.props.taxDocuments.push(taxDocument);
[7m   [0m [91m           ~~~~~[0m

[96msrc/modules/drivers/domain/entities/earnings.entity.ts[0m:[93m357[0m:[93m10[0m - [91merror[0m[90m TS2339: [0mProperty 'props' does not exist on type 'Earnings'.

[7m357[0m     this.props.updatedAt = new Date();
[7m   [0m [91m         ~~~~~[0m

[96msrc/modules/drivers/domain/entities/earnings.entity.ts[0m:[93m361[0m:[93m25[0m - [91merror[0m[90m TS2339: [0mProperty 'props' does not exist on type 'Earnings'.

[7m361[0m     const taxDoc = this.props.taxDocuments.find(doc => doc.year === year);
[7m   [0m [91m                        ~~~~~[0m

[96msrc/modules/drivers/domain/entities/earnings.entity.ts[0m:[93m367[0m:[93m10[0m - [91merror[0m[90m TS2339: [0mProperty 'props' does not exist on type 'Earnings'.

[7m367[0m     this.props.updatedAt = new Date();
[7m   [0m [91m         ~~~~~[0m

[96msrc/modules/drivers/domain/entities/earnings.entity.ts[0m:[93m390[0m:[93m12[0m - [91merror[0m[90m TS2339: [0mProperty 'props' does not exist on type 'Earnings'.

[7m390[0m       this.props.isActive &&
[7m   [0m [91m           ~~~~~[0m

[96msrc/modules/drivers/domain/entities/earnings.entity.ts[0m:[93m391[0m:[93m12[0m - [91merror[0m[90m TS2339: [0mProperty 'props' does not exist on type 'Earnings'.

[7m391[0m       this.props.earningsDetails.availableBalance >= this.props.minimumPayoutAmount &&
[7m   [0m [91m           ~~~~~[0m

[96msrc/modules/drivers/domain/entities/earnings.entity.ts[0m:[93m391[0m:[93m59[0m - [91merror[0m[90m TS2339: [0mProperty 'props' does not exist on type 'Earnings'.

[7m391[0m       this.props.earningsDetails.availableBalance >= this.props.minimumPayoutAmount &&
[7m   [0m [91m                                                          ~~~~~[0m

[96msrc/modules/drivers/domain/entities/earnings.entity.ts[0m:[93m397[0m:[93m17[0m - [91merror[0m[90m TS2339: [0mProperty 'props' does not exist on type 'Earnings'.

[7m397[0m     return this.props.payoutRequests.some(p => ['pending', 'processing'].includes(p.status));
[7m   [0m [91m                ~~~~~[0m

[96msrc/modules/drivers/domain/entities/earnings.entity.ts[0m:[93m401[0m:[93m17[0m - [91merror[0m[90m TS2339: [0mProperty 'props' does not exist on type 'Earnings'.

[7m401[0m     return this.props.entries.filter(
[7m   [0m [91m                ~~~~~[0m

[96msrc/modules/drivers/domain/entities/earnings.entity.ts[0m:[93m407[0m:[93m17[0m - [91merror[0m[90m TS2339: [0mProperty 'props' does not exist on type 'Earnings'.

[7m407[0m     return this.props.entries.filter(
[7m   [0m [91m                ~~~~~[0m

[96msrc/modules/drivers/domain/entities/earnings.entity.ts[0m:[93m413[0m:[93m17[0m - [91merror[0m[90m TS2339: [0mProperty 'props' does not exist on type 'Earnings'.

[7m413[0m     return this.props.entries.filter(entry => entry.type === type);
[7m   [0m [91m                ~~~~~[0m

[96msrc/modules/drivers/domain/entities/earnings.entity.ts[0m:[93m417[0m:[93m17[0m - [91merror[0m[90m TS2339: [0mProperty 'props' does not exist on type 'Earnings'.

[7m417[0m     return this.props.entries.filter(entry => entry.orderId === orderId);
[7m   [0m [91m                ~~~~~[0m

[96msrc/modules/drivers/domain/entities/earnings.entity.ts[0m:[93m431[0m:[93m17[0m - [91merror[0m[90m TS2339: [0mProperty 'props' does not exist on type 'Earnings'.

[7m431[0m     return this.props.payoutRequests.filter(p => p.status === 'completed');
[7m   [0m [91m                ~~~~~[0m

[96msrc/modules/drivers/domain/entities/earnings.entity.ts[0m:[93m435[0m:[93m17[0m - [91merror[0m[90m TS2339: [0mProperty 'props' does not exist on type 'Earnings'.

[7m435[0m     return this.props.payoutRequests.filter(p => ['pending', 'processing'].includes(p.status));
[7m   [0m [91m                ~~~~~[0m

[96msrc/modules/drivers/domain/entities/earnings.entity.ts[0m:[93m457[0m:[93m15[0m - [91merror[0m[90m TS2339: [0mProperty 'props' does not exist on type 'Earnings'.

[7m457[0m     if (!this.props.nextPayoutDate) return null;
[7m   [0m [91m              ~~~~~[0m

[96msrc/modules/drivers/domain/entities/earnings.entity.ts[0m:[93m459[0m:[93m25[0m - [91merror[0m[90m TS2339: [0mProperty 'props' does not exist on type 'Earnings'.

[7m459[0m     const diffMs = this.props.nextPayoutDate.getTime() - Date.now();
[7m   [0m [91m                        ~~~~~[0m

[96msrc/modules/drivers/domain/entities/earnings.entity.ts[0m:[93m502[0m:[93m22[0m - [91merror[0m[90m TS2339: [0mProperty 'props' does not exist on type 'Earnings'.

[7m502[0m       currency: this.props.currency,
[7m   [0m [91m                     ~~~~~[0m

[96msrc/modules/drivers/domain/entities/earnings.entity.ts[0m:[93m535[0m:[93m16[0m - [91merror[0m[90m TS2339: [0mProperty '_id' does not exist on type 'Earnings'.

[7m535[0m       id: this._id.toString(),
[7m   [0m [91m               ~~~[0m

[96msrc/modules/drivers/domain/entities/earnings.entity.ts[0m:[93m536[0m:[93m21[0m - [91merror[0m[90m TS2339: [0mProperty 'props' does not exist on type 'Earnings'.

[7m536[0m       riderId: this.props.riderId,
[7m   [0m [91m                    ~~~~~[0m

[96msrc/modules/drivers/domain/entities/earnings.entity.ts[0m:[93m537[0m:[93m29[0m - [91merror[0m[90m TS2339: [0mProperty 'props' does not exist on type 'Earnings'.

[7m537[0m       earningsDetails: this.props.earningsDetails.toJSON(),
[7m   [0m [91m                            ~~~~~[0m

[96msrc/modules/drivers/domain/entities/earnings.entity.ts[0m:[93m538[0m:[93m21[0m - [91merror[0m[90m TS2339: [0mProperty 'props' does not exist on type 'Earnings'.

[7m538[0m       entries: this.props.entries.map(entry => ({
[7m   [0m [91m                    ~~~~~[0m

[96msrc/modules/drivers/domain/entities/earnings.entity.ts[0m:[93m543[0m:[93m28[0m - [91merror[0m[90m TS2339: [0mProperty 'props' does not exist on type 'Earnings'.

[7m543[0m       payoutRequests: this.props.payoutRequests.map(payout => ({
[7m   [0m [91m                           ~~~~~[0m

[96msrc/modules/drivers/domain/entities/earnings.entity.ts[0m:[93m550[0m:[93m26[0m - [91merror[0m[90m TS2339: [0mProperty 'props' does not exist on type 'Earnings'.

[7m550[0m       taxDocuments: this.props.taxDocuments.map(doc => ({
[7m   [0m [91m                         ~~~~~[0m

[96msrc/modules/drivers/domain/entities/earnings.entity.ts[0m:[93m556[0m:[93m28[0m - [91merror[0m[90m TS2339: [0mProperty 'props' does not exist on type 'Earnings'.

[7m556[0m       lastPayoutDate: this.props.lastPayoutDate,
[7m   [0m [91m                           ~~~~~[0m

[96msrc/modules/drivers/domain/entities/earnings.entity.ts[0m:[93m557[0m:[93m28[0m - [91merror[0m[90m TS2339: [0mProperty 'props' does not exist on type 'Earnings'.

[7m557[0m       nextPayoutDate: this.props.nextPayoutDate,
[7m   [0m [91m                           ~~~~~[0m

[96msrc/modules/drivers/domain/entities/earnings.entity.ts[0m:[93m559[0m:[93m33[0m - [91merror[0m[90m TS2339: [0mProperty 'props' does not exist on type 'Earnings'.

[7m559[0m       minimumPayoutAmount: this.props.minimumPayoutAmount,
[7m   [0m [91m                                ~~~~~[0m

[96msrc/modules/drivers/domain/entities/earnings.entity.ts[0m:[93m560[0m:[93m54[0m - [91merror[0m[90m TS2339: [0mProperty 'props' does not exist on type 'Earnings'.

[7m560[0m       formattedMinimumPayout: this.formatAmount(this.props.minimumPayoutAmount),
[7m   [0m [91m                                                     ~~~~~[0m

[96msrc/modules/drivers/domain/entities/earnings.entity.ts[0m:[93m561[0m:[93m22[0m - [91merror[0m[90m TS2339: [0mProperty 'props' does not exist on type 'Earnings'.

[7m561[0m       currency: this.props.currency,
[7m   [0m [91m                     ~~~~~[0m

[96msrc/modules/drivers/domain/entities/earnings.entity.ts[0m:[93m562[0m:[93m19[0m - [91merror[0m[90m TS2339: [0mProperty 'props' does not exist on type 'Earnings'.

[7m562[0m       taxId: this.props.taxId,
[7m   [0m [91m                  ~~~~~[0m

[96msrc/modules/drivers/domain/entities/earnings.entity.ts[0m:[93m563[0m:[93m22[0m - [91merror[0m[90m TS2339: [0mProperty 'props' does not exist on type 'Earnings'.

[7m563[0m       isActive: this.props.isActive,
[7m   [0m [91m                     ~~~~~[0m

[96msrc/modules/drivers/domain/entities/earnings.entity.ts[0m:[93m574[0m:[93m23[0m - [91merror[0m[90m TS2339: [0mProperty 'props' does not exist on type 'Earnings'.

[7m574[0m       createdAt: this.props.createdAt,
[7m   [0m [91m                      ~~~~~[0m

[96msrc/modules/drivers/domain/entities/earnings.entity.ts[0m:[93m575[0m:[93m23[0m - [91merror[0m[90m TS2339: [0mProperty 'props' does not exist on type 'Earnings'.

[7m575[0m       updatedAt: this.props.updatedAt,
[7m   [0m [91m                      ~~~~~[0m

[96msrc/modules/drivers/domain/entities/expense.entity.ts[0m:[93m1[0m:[93m24[0m - [91merror[0m[90m TS2307: [0mCannot find module '../../../common/domain/entity' or its corresponding type declarations.

[7m1[0m import { Entity } from '../../../common/domain/entity';
[7m [0m [91m                       ~~~~~~~~~~~~~~~~~~~~~~~~~~~~~~~[0m

[96msrc/modules/drivers/domain/entities/expense.entity.ts[0m:[93m2[0m:[93m32[0m - [91merror[0m[90m TS2307: [0mCannot find module '../../../common/domain/unique-entity-id' or its corresponding type declarations.

[7m2[0m import { UniqueEntityID } from '../../../common/domain/unique-entity-id';
[7m [0m [91m                               ~~~~~~~~~~~~~~~~~~~~~~~~~~~~~~~~~~~~~~~~~[0m

[96msrc/modules/drivers/domain/entities/expense.entity.ts[0m:[93m113[0m:[93m17[0m - [91merror[0m[90m TS2339: [0mProperty '_id' does not exist on type 'Expense'.

[7m113[0m     return this._id;
[7m   [0m [91m                ~~~[0m

[96msrc/modules/drivers/domain/entities/expense.entity.ts[0m:[93m117[0m:[93m17[0m - [91merror[0m[90m TS2339: [0mProperty 'props' does not exist on type 'Expense'.

[7m117[0m     return this.props.riderId;
[7m   [0m [91m                ~~~~~[0m

[96msrc/modules/drivers/domain/entities/expense.entity.ts[0m:[93m121[0m:[93m17[0m - [91merror[0m[90m TS2339: [0mProperty 'props' does not exist on type 'Expense'.

[7m121[0m     return this.props.orderId;
[7m   [0m [91m                ~~~~~[0m

[96msrc/modules/drivers/domain/entities/expense.entity.ts[0m:[93m125[0m:[93m17[0m - [91merror[0m[90m TS2339: [0mProperty 'props' does not exist on type 'Expense'.

[7m125[0m     return this.props.shiftId;
[7m   [0m [91m                ~~~~~[0m

[96msrc/modules/drivers/domain/entities/expense.entity.ts[0m:[93m129[0m:[93m17[0m - [91merror[0m[90m TS2339: [0mProperty 'props' does not exist on type 'Expense'.

[7m129[0m     return this.props.category;
[7m   [0m [91m                ~~~~~[0m

[96msrc/modules/drivers/domain/entities/expense.entity.ts[0m:[93m133[0m:[93m17[0m - [91merror[0m[90m TS2339: [0mProperty 'props' does not exist on type 'Expense'.

[7m133[0m     return this.props.subcategory;
[7m   [0m [91m                ~~~~~[0m

[96msrc/modules/drivers/domain/entities/expense.entity.ts[0m:[93m137[0m:[93m17[0m - [91merror[0m[90m TS2339: [0mProperty 'props' does not exist on type 'Expense'.

[7m137[0m     return this.props.description;
[7m   [0m [91m                ~~~~~[0m

[96msrc/modules/drivers/domain/entities/expense.entity.ts[0m:[93m141[0m:[93m17[0m - [91merror[0m[90m TS2339: [0mProperty 'props' does not exist on type 'Expense'.

[7m141[0m     return this.props.amount;
[7m   [0m [91m                ~~~~~[0m

[96msrc/modules/drivers/domain/entities/expense.entity.ts[0m:[93m145[0m:[93m17[0m - [91merror[0m[90m TS2339: [0mProperty 'props' does not exist on type 'Expense'.

[7m145[0m     return this.props.currency;
[7m   [0m [91m                ~~~~~[0m

[96msrc/modules/drivers/domain/entities/expense.entity.ts[0m:[93m149[0m:[93m17[0m - [91merror[0m[90m TS2339: [0mProperty 'props' does not exist on type 'Expense'.

[7m149[0m     return this.props.date;
[7m   [0m [91m                ~~~~~[0m

[96msrc/modules/drivers/domain/entities/expense.entity.ts[0m:[93m153[0m:[93m17[0m - [91merror[0m[90m TS2339: [0mProperty 'props' does not exist on type 'Expense'.

[7m153[0m     return this.props.location;
[7m   [0m [91m                ~~~~~[0m

[96msrc/modules/drivers/domain/entities/expense.entity.ts[0m:[93m157[0m:[93m17[0m - [91merror[0m[90m TS2339: [0mProperty 'props' does not exist on type 'Expense'.

[7m157[0m     return this.props.merchant;
[7m   [0m [91m                ~~~~~[0m

[96msrc/modules/drivers/domain/entities/expense.entity.ts[0m:[93m161[0m:[93m17[0m - [91merror[0m[90m TS2339: [0mProperty 'props' does not exist on type 'Expense'.

[7m161[0m     return this.props.paymentMethod;
[7m   [0m [91m                ~~~~~[0m

[96msrc/modules/drivers/domain/entities/expense.entity.ts[0m:[93m165[0m:[93m17[0m - [91merror[0m[90m TS2339: [0mProperty 'props' does not exist on type 'Expense'.

[7m165[0m     return this.props.isBusinessExpense;
[7m   [0m [91m                ~~~~~[0m

[96msrc/modules/drivers/domain/entities/expense.entity.ts[0m:[93m169[0m:[93m17[0m - [91merror[0m[90m TS2339: [0mProperty 'props' does not exist on type 'Expense'.

[7m169[0m     return this.props.isTaxDeductible;
[7m   [0m [91m                ~~~~~[0m

[96msrc/modules/drivers/domain/entities/expense.entity.ts[0m:[93m173[0m:[93m17[0m - [91merror[0m[90m TS2339: [0mProperty 'props' does not exist on type 'Expense'.

[7m173[0m     return this.props.deductionPercentage;
[7m   [0m [91m                ~~~~~[0m

[96msrc/modules/drivers/domain/entities/expense.entity.ts[0m:[93m177[0m:[93m17[0m - [91merror[0m[90m TS2339: [0mProperty 'props' does not exist on type 'Expense'.

[7m177[0m     return this.props.status;
[7m   [0m [91m                ~~~~~[0m

[96msrc/modules/drivers/domain/entities/expense.entity.ts[0m:[93m181[0m:[93m17[0m - [91merror[0m[90m TS2339: [0mProperty 'props' does not exist on type 'Expense'.

[7m181[0m     return this.props.receipts;
[7m   [0m [91m                ~~~~~[0m

[96msrc/modules/drivers/domain/entities/expense.entity.ts[0m:[93m185[0m:[93m17[0m - [91merror[0m[90m TS2339: [0mProperty 'props' does not exist on type 'Expense'.

[7m185[0m     return this.props.approval;
[7m   [0m [91m                ~~~~~[0m

[96msrc/modules/drivers/domain/entities/expense.entity.ts[0m:[93m189[0m:[93m17[0m - [91merror[0m[90m TS2339: [0mProperty 'props' does not exist on type 'Expense'.

[7m189[0m     return this.props.reimbursement;
[7m   [0m [91m                ~~~~~[0m

[96msrc/modules/drivers/domain/entities/expense.entity.ts[0m:[93m193[0m:[93m17[0m - [91merror[0m[90m TS2339: [0mProperty 'props' does not exist on type 'Expense'.

[7m193[0m     return this.props.mileageRecord;
[7m   [0m [91m                ~~~~~[0m

[96msrc/modules/drivers/domain/entities/expense.entity.ts[0m:[93m197[0m:[93m17[0m - [91merror[0m[90m TS2339: [0mProperty 'props' does not exist on type 'Expense'.

[7m197[0m     return this.props.tags;
[7m   [0m [91m                ~~~~~[0m

[96msrc/modules/drivers/domain/entities/expense.entity.ts[0m:[93m201[0m:[93m17[0m - [91merror[0m[90m TS2339: [0mProperty 'props' does not exist on type 'Expense'.

[7m201[0m     return this.props.notes;
[7m   [0m [91m                ~~~~~[0m

[96msrc/modules/drivers/domain/entities/expense.entity.ts[0m:[93m205[0m:[93m17[0m - [91merror[0m[90m TS2339: [0mProperty 'props' does not exist on type 'Expense'.

[7m205[0m     return this.props.isRecurring;
[7m   [0m [91m                ~~~~~[0m

[96msrc/modules/drivers/domain/entities/expense.entity.ts[0m:[93m209[0m:[93m17[0m - [91merror[0m[90m TS2339: [0mProperty 'props' does not exist on type 'Expense'.

[7m209[0m     return this.props.recurringFrequency;
[7m   [0m [91m                ~~~~~[0m

[96msrc/modules/drivers/domain/entities/expense.entity.ts[0m:[93m213[0m:[93m17[0m - [91merror[0m[90m TS2339: [0mProperty 'props' does not exist on type 'Expense'.

[7m213[0m     return this.props.nextRecurrenceDate;
[7m   [0m [91m                ~~~~~[0m

[96msrc/modules/drivers/domain/entities/expense.entity.ts[0m:[93m217[0m:[93m17[0m - [91merror[0m[90m TS2339: [0mProperty 'props' does not exist on type 'Expense'.

[7m217[0m     return this.props.parentExpenseId;
[7m   [0m [91m                ~~~~~[0m

[96msrc/modules/drivers/domain/entities/expense.entity.ts[0m:[93m221[0m:[93m17[0m - [91merror[0m[90m TS2339: [0mProperty 'props' does not exist on type 'Expense'.

[7m221[0m     return this.props.submittedAt;
[7m   [0m [91m                ~~~~~[0m

[96msrc/modules/drivers/domain/entities/expense.entity.ts[0m:[93m225[0m:[93m17[0m - [91merror[0m[90m TS2339: [0mProperty 'props' does not exist on type 'Expense'.

[7m225[0m     return this.props.submittedBy;
[7m   [0m [91m                ~~~~~[0m

[96msrc/modules/drivers/domain/entities/expense.entity.ts[0m:[93m229[0m:[93m17[0m - [91merror[0m[90m TS2339: [0mProperty 'props' does not exist on type 'Expense'.

[7m229[0m     return this.props.reviewedAt;
[7m   [0m [91m                ~~~~~[0m

[96msrc/modules/drivers/domain/entities/expense.entity.ts[0m:[93m233[0m:[93m17[0m - [91merror[0m[90m TS2339: [0mProperty 'props' does not exist on type 'Expense'.

[7m233[0m     return this.props.reviewedBy;
[7m   [0m [91m                ~~~~~[0m

[96msrc/modules/drivers/domain/entities/expense.entity.ts[0m:[93m237[0m:[93m17[0m - [91merror[0m[90m TS2339: [0mProperty 'props' does not exist on type 'Expense'.

[7m237[0m     return this.props.createdAt;
[7m   [0m [91m                ~~~~~[0m

[96msrc/modules/drivers/domain/entities/expense.entity.ts[0m:[93m241[0m:[93m17[0m - [91merror[0m[90m TS2339: [0mProperty 'props' does not exist on type 'Expense'.

[7m241[0m     return this.props.updatedAt;
[7m   [0m [91m                ~~~~~[0m

[96msrc/modules/drivers/domain/entities/expense.entity.ts[0m:[93m247[0m:[93m14[0m - [91merror[0m[90m TS2339: [0mProperty 'props' does not exist on type 'Expense'.

[7m247[0m     if (this.props.status !== 'pending') {
[7m   [0m [91m             ~~~~~[0m

[96msrc/modules/drivers/domain/entities/expense.entity.ts[0m:[93m251[0m:[93m14[0m - [91merror[0m[90m TS2339: [0mProperty 'props' does not exist on type 'Expense'.

[7m251[0m     if (this.props.receipts.length === 0 && this.props.amount > 25) {
[7m   [0m [91m             ~~~~~[0m

[96msrc/modules/drivers/domain/entities/expense.entity.ts[0m:[93m251[0m:[93m50[0m - [91merror[0m[90m TS2339: [0mProperty 'props' does not exist on type 'Expense'.

[7m251[0m     if (this.props.receipts.length === 0 && this.props.amount > 25) {
[7m   [0m [91m                                                 ~~~~~[0m

[96msrc/modules/drivers/domain/entities/expense.entity.ts[0m:[93m255[0m:[93m10[0m - [91merror[0m[90m TS2339: [0mProperty 'props' does not exist on type 'Expense'.

[7m255[0m     this.props.submittedAt = new Date();
[7m   [0m [91m         ~~~~~[0m

[96msrc/modules/drivers/domain/entities/expense.entity.ts[0m:[93m256[0m:[93m10[0m - [91merror[0m[90m TS2339: [0mProperty 'props' does not exist on type 'Expense'.

[7m256[0m     this.props.updatedAt = new Date();
[7m   [0m [91m         ~~~~~[0m

[96msrc/modules/drivers/domain/entities/expense.entity.ts[0m:[93m260[0m:[93m14[0m - [91merror[0m[90m TS2339: [0mProperty 'props' does not exist on type 'Expense'.

[7m260[0m     if (this.props.status !== 'pending') {
[7m   [0m [91m             ~~~~~[0m

[96msrc/modules/drivers/domain/entities/expense.entity.ts[0m:[93m264[0m:[93m48[0m - [91merror[0m[90m TS2339: [0mProperty 'props' does not exist on type 'Expense'.

[7m264[0m     const finalAmount = approvedAmount || this.props.amount;
[7m   [0m [91m                                               ~~~~~[0m

[96msrc/modules/drivers/domain/entities/expense.entity.ts[0m:[93m265[0m:[93m28[0m - [91merror[0m[90m TS2339: [0mProperty 'props' does not exist on type 'Expense'.

[7m265[0m     if (finalAmount > this.props.amount) {
[7m   [0m [91m                           ~~~~~[0m

[96msrc/modules/drivers/domain/entities/expense.entity.ts[0m:[93m269[0m:[93m10[0m - [91merror[0m[90m TS2339: [0mProperty 'props' does not exist on type 'Expense'.

[7m269[0m     this.props.status = 'approved';
[7m   [0m [91m         ~~~~~[0m

[96msrc/modules/drivers/domain/entities/expense.entity.ts[0m:[93m270[0m:[93m10[0m - [91merror[0m[90m TS2339: [0mProperty 'props' does not exist on type 'Expense'.

[7m270[0m     this.props.approval = {
[7m   [0m [91m         ~~~~~[0m

[96msrc/modules/drivers/domain/entities/expense.entity.ts[0m:[93m276[0m:[93m10[0m - [91merror[0m[90m TS2339: [0mProperty 'props' does not exist on type 'Expense'.

[7m276[0m     this.props.reviewedAt = new Date();
[7m   [0m [91m         ~~~~~[0m

[96msrc/modules/drivers/domain/entities/expense.entity.ts[0m:[93m277[0m:[93m10[0m - [91merror[0m[90m TS2339: [0mProperty 'props' does not exist on type 'Expense'.

[7m277[0m     this.props.reviewedBy = approvedBy;
[7m   [0m [91m         ~~~~~[0m

[96msrc/modules/drivers/domain/entities/expense.entity.ts[0m:[93m278[0m:[93m10[0m - [91merror[0m[90m TS2339: [0mProperty 'props' does not exist on type 'Expense'.

[7m278[0m     this.props.updatedAt = new Date();
[7m   [0m [91m         ~~~~~[0m

[96msrc/modules/drivers/domain/entities/expense.entity.ts[0m:[93m282[0m:[93m14[0m - [91merror[0m[90m TS2339: [0mProperty 'props' does not exist on type 'Expense'.

[7m282[0m     if (this.props.status !== 'pending') {
[7m   [0m [91m             ~~~~~[0m

[96msrc/modules/drivers/domain/entities/expense.entity.ts[0m:[93m286[0m:[93m10[0m - [91merror[0m[90m TS2339: [0mProperty 'props' does not exist on type 'Expense'.

[7m286[0m     this.props.status = 'rejected';
[7m   [0m [91m         ~~~~~[0m

[96msrc/modules/drivers/domain/entities/expense.entity.ts[0m:[93m287[0m:[93m10[0m - [91merror[0m[90m TS2339: [0mProperty 'props' does not exist on type 'Expense'.

[7m287[0m     this.props.approval = {
[7m   [0m [91m         ~~~~~[0m

[96msrc/modules/drivers/domain/entities/expense.entity.ts[0m:[93m293[0m:[93m10[0m - [91merror[0m[90m TS2339: [0mProperty 'props' does not exist on type 'Expense'.

[7m293[0m     this.props.reviewedAt = new Date();
[7m   [0m [91m         ~~~~~[0m

[96msrc/modules/drivers/domain/entities/expense.entity.ts[0m:[93m294[0m:[93m10[0m - [91merror[0m[90m TS2339: [0mProperty 'props' does not exist on type 'Expense'.

[7m294[0m     this.props.reviewedBy = rejectedBy;
[7m   [0m [91m         ~~~~~[0m

[96msrc/modules/drivers/domain/entities/expense.entity.ts[0m:[93m295[0m:[93m10[0m - [91merror[0m[90m TS2339: [0mProperty 'props' does not exist on type 'Expense'.

[7m295[0m     this.props.updatedAt = new Date();
[7m   [0m [91m         ~~~~~[0m

[96msrc/modules/drivers/domain/entities/expense.entity.ts[0m:[93m299[0m:[93m14[0m - [91merror[0m[90m TS2339: [0mProperty 'props' does not exist on type 'Expense'.

[7m299[0m     if (this.props.status !== 'approved') {
[7m   [0m [91m             ~~~~~[0m

[96msrc/modules/drivers/domain/entities/expense.entity.ts[0m:[93m303[0m:[93m14[0m - [91merror[0m[90m TS2339: [0mProperty 'props' does not exist on type 'Expense'.

[7m303[0m     if (this.props.reimbursement && this.props.reimbursement.status === 'pending') {
[7m   [0m [91m             ~~~~~[0m

[96msrc/modules/drivers/domain/entities/expense.entity.ts[0m:[93m303[0m:[93m42[0m - [91merror[0m[90m TS2339: [0mProperty 'props' does not exist on type 'Expense'.

[7m303[0m     if (this.props.reimbursement && this.props.reimbursement.status === 'pending') {
[7m   [0m [91m                                         ~~~~~[0m

[96msrc/modules/drivers/domain/entities/expense.entity.ts[0m:[93m307[0m:[93m38[0m - [91merror[0m[90m TS2339: [0mProperty 'props' does not exist on type 'Expense'.

[7m307[0m     const reimbursementAmount = this.props.approval?.approvedAmount || this.props.amount;
[7m   [0m [91m                                     ~~~~~[0m

[96msrc/modules/drivers/domain/entities/expense.entity.ts[0m:[93m307[0m:[93m77[0m - [91merror[0m[90m TS2339: [0mProperty 'props' does not exist on type 'Expense'.

[7m307[0m     const reimbursementAmount = this.props.approval?.approvedAmount || this.props.amount;
[7m   [0m [91m                                                                            ~~~~~[0m

[96msrc/modules/drivers/domain/entities/expense.entity.ts[0m:[93m309[0m:[93m10[0m - [91merror[0m[90m TS2339: [0mProperty 'props' does not exist on type 'Expense'.

[7m309[0m     this.props.reimbursement = {
[7m   [0m [91m         ~~~~~[0m

[96msrc/modules/drivers/domain/entities/expense.entity.ts[0m:[93m317[0m:[93m10[0m - [91merror[0m[90m TS2339: [0mProperty 'props' does not exist on type 'Expense'.

[7m317[0m     this.props.updatedAt = new Date();
[7m   [0m [91m         ~~~~~[0m

[96msrc/modules/drivers/domain/entities/expense.entity.ts[0m:[93m319[0m:[93m17[0m - [91merror[0m[90m TS2339: [0mProperty 'props' does not exist on type 'Expense'.

[7m319[0m     return this.props.reimbursement.id;
[7m   [0m [91m                ~~~~~[0m

[96msrc/modules/drivers/domain/entities/expense.entity.ts[0m:[93m323[0m:[93m15[0m - [91merror[0m[90m TS2339: [0mProperty 'props' does not exist on type 'Expense'.

[7m323[0m     if (!this.props.reimbursement || this.props.reimbursement.status !== 'pending') {
[7m   [0m [91m              ~~~~~[0m

[96msrc/modules/drivers/domain/entities/expense.entity.ts[0m:[93m323[0m:[93m43[0m - [91merror[0m[90m TS2339: [0mProperty 'props' does not exist on type 'Expense'.

[7m323[0m     if (!this.props.reimbursement || this.props.reimbursement.status !== 'pending') {
[7m   [0m [91m                                          ~~~~~[0m

[96msrc/modules/drivers/domain/entities/expense.entity.ts[0m:[93m327[0m:[93m10[0m - [91merror[0m[90m TS2339: [0mProperty 'props' does not exist on type 'Expense'.

[7m327[0m     this.props.reimbursement.status = 'processing';
[7m   [0m [91m         ~~~~~[0m

[96msrc/modules/drivers/domain/entities/expense.entity.ts[0m:[93m328[0m:[93m10[0m - [91merror[0m[90m TS2339: [0mProperty 'props' does not exist on type 'Expense'.

[7m328[0m     this.props.reimbursement.processedAt = new Date();
[7m   [0m [91m         ~~~~~[0m

[96msrc/modules/drivers/domain/entities/expense.entity.ts[0m:[93m329[0m:[93m29[0m - [91merror[0m[90m TS2339: [0mProperty 'props' does not exist on type 'Expense'.

[7m329[0m     if (transactionId) this.props.reimbursement.transactionId = transactionId;
[7m   [0m [91m                            ~~~~~[0m

[96msrc/modules/drivers/domain/entities/expense.entity.ts[0m:[93m330[0m:[93m10[0m - [91merror[0m[90m TS2339: [0mProperty 'props' does not exist on type 'Expense'.

[7m330[0m     this.props.updatedAt = new Date();
[7m   [0m [91m         ~~~~~[0m

[96msrc/modules/drivers/domain/entities/expense.entity.ts[0m:[93m334[0m:[93m15[0m - [91merror[0m[90m TS2339: [0mProperty 'props' does not exist on type 'Expense'.

[7m334[0m     if (!this.props.reimbursement || this.props.reimbursement.status !== 'processing') {
[7m   [0m [91m              ~~~~~[0m

[96msrc/modules/drivers/domain/entities/expense.entity.ts[0m:[93m334[0m:[93m43[0m - [91merror[0m[90m TS2339: [0mProperty 'props' does not exist on type 'Expense'.

[7m334[0m     if (!this.props.reimbursement || this.props.reimbursement.status !== 'processing') {
[7m   [0m [91m                                          ~~~~~[0m

[96msrc/modules/drivers/domain/entities/expense.entity.ts[0m:[93m338[0m:[93m10[0m - [91merror[0m[90m TS2339: [0mProperty 'props' does not exist on type 'Expense'.

[7m338[0m     this.props.status = 'reimbursed';
[7m   [0m [91m         ~~~~~[0m

[96msrc/modules/drivers/domain/entities/expense.entity.ts[0m:[93m339[0m:[93m10[0m - [91merror[0m[90m TS2339: [0mProperty 'props' does not exist on type 'Expense'.

[7m339[0m     this.props.reimbursement.status = 'completed';
[7m   [0m [91m         ~~~~~[0m

[96msrc/modules/drivers/domain/entities/expense.entity.ts[0m:[93m340[0m:[93m10[0m - [91merror[0m[90m TS2339: [0mProperty 'props' does not exist on type 'Expense'.

[7m340[0m     this.props.reimbursement.completedAt = new Date();
[7m   [0m [91m         ~~~~~[0m

[96msrc/modules/drivers/domain/entities/expense.entity.ts[0m:[93m341[0m:[93m29[0m - [91merror[0m[90m TS2339: [0mProperty 'props' does not exist on type 'Expense'.

[7m341[0m     if (transactionId) this.props.reimbursement.transactionId = transactionId;
[7m   [0m [91m                            ~~~~~[0m

[96msrc/modules/drivers/domain/entities/expense.entity.ts[0m:[93m342[0m:[93m10[0m - [91merror[0m[90m TS2339: [0mProperty 'props' does not exist on type 'Expense'.

[7m342[0m     this.props.updatedAt = new Date();
[7m   [0m [91m         ~~~~~[0m

[96msrc/modules/drivers/domain/entities/expense.entity.ts[0m:[93m346[0m:[93m15[0m - [91merror[0m[90m TS2339: [0mProperty 'props' does not exist on type 'Expense'.

[7m346[0m     if (!this.props.reimbursement || !['pending', 'processing'].includes(this.props.reimbursement.status)) {
[7m   [0m [91m              ~~~~~[0m

[96msrc/modules/drivers/domain/entities/expense.entity.ts[0m:[93m346[0m:[93m79[0m - [91merror[0m[90m TS2339: [0mProperty 'props' does not exist on type 'Expense'.

[7m346[0m     if (!this.props.reimbursement || !['pending', 'processing'].includes(this.props.reimbursement.status)) {
[7m   [0m [91m                                                                              ~~~~~[0m

[96msrc/modules/drivers/domain/entities/expense.entity.ts[0m:[93m350[0m:[93m10[0m - [91merror[0m[90m TS2339: [0mProperty 'props' does not exist on type 'Expense'.

[7m350[0m     this.props.reimbursement.status = 'failed';
[7m   [0m [91m         ~~~~~[0m

[96msrc/modules/drivers/domain/entities/expense.entity.ts[0m:[93m351[0m:[93m10[0m - [91merror[0m[90m TS2339: [0mProperty 'props' does not exist on type 'Expense'.

[7m351[0m     this.props.reimbursement.failureReason = reason;
[7m   [0m [91m         ~~~~~[0m

[96msrc/modules/drivers/domain/entities/expense.entity.ts[0m:[93m352[0m:[93m10[0m - [91merror[0m[90m TS2339: [0mProperty 'props' does not exist on type 'Expense'.

[7m352[0m     this.props.updatedAt = new Date();
[7m   [0m [91m         ~~~~~[0m

[96msrc/modules/drivers/domain/entities/expense.entity.ts[0m:[93m362[0m:[93m10[0m - [91merror[0m[90m TS2339: [0mProperty 'props' does not exist on type 'Expense'.

[7m362[0m     this.props.receipts.push(newReceipt);
[7m   [0m [91m         ~~~~~[0m

[96msrc/modules/drivers/domain/entities/expense.entity.ts[0m:[93m363[0m:[93m10[0m - [91merror[0m[90m TS2339: [0mProperty 'props' does not exist on type 'Expense'.

[7m363[0m     this.props.updatedAt = new Date();
[7m   [0m [91m         ~~~~~[0m

[96msrc/modules/drivers/domain/entities/expense.entity.ts[0m:[93m369[0m:[93m31[0m - [91merror[0m[90m TS2339: [0mProperty 'props' does not exist on type 'Expense'.

[7m369[0m     const receiptIndex = this.props.receipts.findIndex(r => r.id === receiptId);
[7m   [0m [91m                              ~~~~~[0m

[96msrc/modules/drivers/domain/entities/expense.entity.ts[0m:[93m374[0m:[93m10[0m - [91merror[0m[90m TS2339: [0mProperty 'props' does not exist on type 'Expense'.

[7m374[0m     this.props.receipts.splice(receiptIndex, 1);
[7m   [0m [91m         ~~~~~[0m

[96msrc/modules/drivers/domain/entities/expense.entity.ts[0m:[93m375[0m:[93m10[0m - [91merror[0m[90m TS2339: [0mProperty 'props' does not exist on type 'Expense'.

[7m375[0m     this.props.updatedAt = new Date();
[7m   [0m [91m         ~~~~~[0m

[96msrc/modules/drivers/domain/entities/expense.entity.ts[0m:[93m379[0m:[93m26[0m - [91merror[0m[90m TS2339: [0mProperty 'props' does not exist on type 'Expense'.

[7m379[0m     const receipt = this.props.receipts.find(r => r.id === receiptId);
[7m   [0m [91m                         ~~~~~[0m

[96msrc/modules/drivers/domain/entities/expense.entity.ts[0m:[93m389[0m:[93m43[0m - [91merror[0m[90m TS2339: [0mProperty 'props' does not exist on type 'Expense'.

[7m389[0m       if (extractedData.merchant && !this.props.merchant) {
[7m   [0m [91m                                          ~~~~~[0m

[96msrc/modules/drivers/domain/entities/expense.entity.ts[0m:[93m390[0m:[93m14[0m - [91merror[0m[90m TS2339: [0mProperty 'props' does not exist on type 'Expense'.

[7m390[0m         this.props.merchant = extractedData.merchant;
[7m   [0m [91m             ~~~~~[0m

[96msrc/modules/drivers/domain/entities/expense.entity.ts[0m:[93m392[0m:[93m72[0m - [91merror[0m[90m TS2339: [0mProperty 'props' does not exist on type 'Expense'.

[7m392[0m       if (extractedData.amount && Math.abs(extractedData.amount - this.props.amount) < 0.01) {
[7m   [0m [91m                                                                       ~~~~~[0m

[96msrc/modules/drivers/domain/entities/expense.entity.ts[0m:[93m394[0m:[93m14[0m - [91merror[0m[90m TS2339: [0mProperty 'props' does not exist on type 'Expense'.

[7m394[0m         this.props.amount = extractedData.amount;
[7m   [0m [91m             ~~~~~[0m

[96msrc/modules/drivers/domain/entities/expense.entity.ts[0m:[93m397[0m:[93m14[0m - [91merror[0m[90m TS2339: [0mProperty 'props' does not exist on type 'Expense'.

[7m397[0m         this.props.date = extractedData.date;
[7m   [0m [91m             ~~~~~[0m

[96msrc/modules/drivers/domain/entities/expense.entity.ts[0m:[93m401[0m:[93m10[0m - [91merror[0m[90m TS2339: [0mProperty 'props' does not exist on type 'Expense'.

[7m401[0m     this.props.updatedAt = new Date();
[7m   [0m [91m         ~~~~~[0m

[96msrc/modules/drivers/domain/entities/expense.entity.ts[0m:[93m405[0m:[93m10[0m - [91merror[0m[90m TS2339: [0mProperty 'props' does not exist on type 'Expense'.

[7m405[0m     this.props.mileageRecord = record;
[7m   [0m [91m         ~~~~~[0m

[96msrc/modules/drivers/domain/entities/expense.entity.ts[0m:[93m408[0m:[93m14[0m - [91merror[0m[90m TS2339: [0mProperty 'props' does not exist on type 'Expense'.

[7m408[0m     if (this.props.category === 'fuel' || this.props.category === 'maintenance') {
[7m   [0m [91m             ~~~~~[0m

[96msrc/modules/drivers/domain/entities/expense.entity.ts[0m:[93m408[0m:[93m48[0m - [91merror[0m[90m TS2339: [0mProperty 'props' does not exist on type 'Expense'.

[7m408[0m     if (this.props.category === 'fuel' || this.props.category === 'maintenance') {
[7m   [0m [91m                                               ~~~~~[0m

[96msrc/modules/drivers/domain/entities/expense.entity.ts[0m:[93m409[0m:[93m12[0m - [91merror[0m[90m TS2339: [0mProperty 'props' does not exist on type 'Expense'.

[7m409[0m       this.props.amount += record.amount;
[7m   [0m [91m           ~~~~~[0m

[96msrc/modules/drivers/domain/entities/expense.entity.ts[0m:[93m412[0m:[93m10[0m - [91merror[0m[90m TS2339: [0mProperty 'props' does not exist on type 'Expense'.

[7m412[0m     this.props.updatedAt = new Date();
[7m   [0m [91m         ~~~~~[0m

[96msrc/modules/drivers/domain/entities/expense.entity.ts[0m:[93m420[0m:[93m14[0m - [91merror[0m[90m TS2339: [0mProperty 'props' does not exist on type 'Expense'.

[7m420[0m     if (this.props.status !== 'pending') {
[7m   [0m [91m             ~~~~~[0m

[96msrc/modules/drivers/domain/entities/expense.entity.ts[0m:[93m424[0m:[93m10[0m - [91merror[0m[90m TS2339: [0mProperty 'props' does not exist on type 'Expense'.

[7m424[0m     this.props.amount = amount;
[7m   [0m [91m         ~~~~~[0m

[96msrc/modules/drivers/domain/entities/expense.entity.ts[0m:[93m425[0m:[93m10[0m - [91merror[0m[90m TS2339: [0mProperty 'props' does not exist on type 'Expense'.

[7m425[0m     this.props.updatedAt = new Date();
[7m   [0m [91m         ~~~~~[0m

[96msrc/modules/drivers/domain/entities/expense.entity.ts[0m:[93m429[0m:[93m14[0m - [91merror[0m[90m TS2339: [0mProperty 'props' does not exist on type 'Expense'.

[7m429[0m     if (this.props.status !== 'pending') {
[7m   [0m [91m             ~~~~~[0m

[96msrc/modules/drivers/domain/entities/expense.entity.ts[0m:[93m433[0m:[93m10[0m - [91merror[0m[90m TS2339: [0mProperty 'props' does not exist on type 'Expense'.

[7m433[0m     this.props.description = description;
[7m   [0m [91m         ~~~~~[0m

[96msrc/modules/drivers/domain/entities/expense.entity.ts[0m:[93m434[0m:[93m10[0m - [91merror[0m[90m TS2339: [0mProperty 'props' does not exist on type 'Expense'.

[7m434[0m     this.props.updatedAt = new Date();
[7m   [0m [91m         ~~~~~[0m

[96msrc/modules/drivers/domain/entities/expense.entity.ts[0m:[93m438[0m:[93m14[0m - [91merror[0m[90m TS2339: [0mProperty 'props' does not exist on type 'Expense'.

[7m438[0m     if (this.props.status !== 'pending') {
[7m   [0m [91m             ~~~~~[0m

[96msrc/modules/drivers/domain/entities/expense.entity.ts[0m:[93m442[0m:[93m10[0m - [91merror[0m[90m TS2339: [0mProperty 'props' does not exist on type 'Expense'.

[7m442[0m     this.props.category = category;
[7m   [0m [91m         ~~~~~[0m

[96msrc/modules/drivers/domain/entities/expense.entity.ts[0m:[93m443[0m:[93m10[0m - [91merror[0m[90m TS2339: [0mProperty 'props' does not exist on type 'Expense'.

[7m443[0m     this.props.subcategory = subcategory;
[7m   [0m [91m         ~~~~~[0m

[96msrc/modules/drivers/domain/entities/expense.entity.ts[0m:[93m448[0m:[93m10[0m - [91merror[0m[90m TS2339: [0mProperty 'props' does not exist on type 'Expense'.

[7m448[0m     this.props.updatedAt = new Date();
[7m   [0m [91m         ~~~~~[0m

[96msrc/modules/drivers/domain/entities/expense.entity.ts[0m:[93m452[0m:[93m10[0m - [91merror[0m[90m TS2339: [0mProperty 'props' does not exist on type 'Expense'.

[7m452[0m     this.props.isBusinessExpense = isBusinessExpense;
[7m   [0m [91m         ~~~~~[0m

[96msrc/modules/drivers/domain/entities/expense.entity.ts[0m:[93m457[0m:[93m10[0m - [91merror[0m[90m TS2339: [0mProperty 'props' does not exist on type 'Expense'.

[7m457[0m     this.props.updatedAt = new Date();
[7m   [0m [91m         ~~~~~[0m

[96msrc/modules/drivers/domain/entities/expense.entity.ts[0m:[93m465[0m:[93m10[0m - [91merror[0m[90m TS2339: [0mProperty 'props' does not exist on type 'Expense'.

[7m465[0m     this.props.isTaxDeductible = isTaxDeductible;
[7m   [0m [91m         ~~~~~[0m

[96msrc/modules/drivers/domain/entities/expense.entity.ts[0m:[93m466[0m:[93m10[0m - [91merror[0m[90m TS2339: [0mProperty 'props' does not exist on type 'Expense'.

[7m466[0m     this.props.deductionPercentage = isTaxDeductible ? deductionPercentage : 0;
[7m   [0m [91m         ~~~~~[0m

[96msrc/modules/drivers/domain/entities/expense.entity.ts[0m:[93m467[0m:[93m10[0m - [91merror[0m[90m TS2339: [0mProperty 'props' does not exist on type 'Expense'.

[7m467[0m     this.props.updatedAt = new Date();
[7m   [0m [91m         ~~~~~[0m

[96msrc/modules/drivers/domain/entities/expense.entity.ts[0m:[93m471[0m:[93m46[0m - [91merror[0m[90m TS2339: [0mProperty 'props' does not exist on type 'Expense'.

[7m471[0m     const newTags = tags.filter(tag => !this.props.tags.includes(tag));
[7m   [0m [91m                                             ~~~~~[0m

[96msrc/modules/drivers/domain/entities/expense.entity.ts[0m:[93m472[0m:[93m10[0m - [91merror[0m[90m TS2339: [0mProperty 'props' does not exist on type 'Expense'.

[7m472[0m     this.props.tags.push(...newTags);
[7m   [0m [91m         ~~~~~[0m

[96msrc/modules/drivers/domain/entities/expense.entity.ts[0m:[93m473[0m:[93m10[0m - [91merror[0m[90m TS2339: [0mProperty 'props' does not exist on type 'Expense'.

[7m473[0m     this.props.updatedAt = new Date();
[7m   [0m [91m         ~~~~~[0m

[96msrc/modules/drivers/domain/entities/expense.entity.ts[0m:[93m477[0m:[93m10[0m - [91merror[0m[90m TS2339: [0mProperty 'props' does not exist on type 'Expense'.

[7m477[0m     this.props.tags = this.props.tags.filter(tag => !tags.includes(tag));
[7m   [0m [91m         ~~~~~[0m

[96msrc/modules/drivers/domain/entities/expense.entity.ts[0m:[93m477[0m:[93m28[0m - [91merror[0m[90m TS2339: [0mProperty 'props' does not exist on type 'Expense'.

[7m477[0m     this.props.tags = this.props.tags.filter(tag => !tags.includes(tag));
[7m   [0m [91m                           ~~~~~[0m

[96msrc/modules/drivers/domain/entities/expense.entity.ts[0m:[93m478[0m:[93m10[0m - [91merror[0m[90m TS2339: [0mProperty 'props' does not exist on type 'Expense'.

[7m478[0m     this.props.updatedAt = new Date();
[7m   [0m [91m         ~~~~~[0m

[96msrc/modules/drivers/domain/entities/expense.entity.ts[0m:[93m482[0m:[93m10[0m - [91merror[0m[90m TS2339: [0mProperty 'props' does not exist on type 'Expense'.

[7m482[0m     this.props.notes = notes;
[7m   [0m [91m         ~~~~~[0m

[96msrc/modules/drivers/domain/entities/expense.entity.ts[0m:[93m483[0m:[93m10[0m - [91merror[0m[90m TS2339: [0mProperty 'props' does not exist on type 'Expense'.

[7m483[0m     this.props.updatedAt = new Date();
[7m   [0m [91m         ~~~~~[0m

[96msrc/modules/drivers/domain/entities/expense.entity.ts[0m:[93m487[0m:[93m10[0m - [91merror[0m[90m TS2339: [0mProperty 'props' does not exist on type 'Expense'.

[7m487[0m     this.props.isRecurring = isRecurring;
[7m   [0m [91m         ~~~~~[0m

[96msrc/modules/drivers/domain/entities/expense.entity.ts[0m:[93m488[0m:[93m10[0m - [91merror[0m[90m TS2339: [0mProperty 'props' does not exist on type 'Expense'.

[7m488[0m     this.props.recurringFrequency = frequency;
[7m   [0m [91m         ~~~~~[0m

[96msrc/modules/drivers/domain/entities/expense.entity.ts[0m:[93m493[0m:[93m12[0m - [91merror[0m[90m TS2339: [0mProperty 'props' does not exist on type 'Expense'.

[7m493[0m       this.props.nextRecurrenceDate = undefined;
[7m   [0m [91m           ~~~~~[0m

[96msrc/modules/drivers/domain/entities/expense.entity.ts[0m:[93m496[0m:[93m10[0m - [91merror[0m[90m TS2339: [0mProperty 'props' does not exist on type 'Expense'.

[7m496[0m     this.props.updatedAt = new Date();
[7m   [0m [91m         ~~~~~[0m

[96msrc/modules/drivers/domain/entities/expense.entity.ts[0m:[93m500[0m:[93m15[0m - [91merror[0m[90m TS2339: [0mProperty 'props' does not exist on type 'Expense'.

[7m500[0m     if (!this.props.recurringFrequency) return;
[7m   [0m [91m              ~~~~~[0m

[96msrc/modules/drivers/domain/entities/expense.entity.ts[0m:[93m505[0m:[93m18[0m - [91merror[0m[90m TS2339: [0mProperty 'props' does not exist on type 'Expense'.

[7m505[0m     switch (this.props.recurringFrequency) {
[7m   [0m [91m                 ~~~~~[0m

[96msrc/modules/drivers/domain/entities/expense.entity.ts[0m:[93m520[0m:[93m10[0m - [91merror[0m[90m TS2339: [0mProperty 'props' does not exist on type 'Expense'.

[7m520[0m     this.props.nextRecurrenceDate = nextDate;
[7m   [0m [91m         ~~~~~[0m

[96msrc/modules/drivers/domain/entities/expense.entity.ts[0m:[93m542[0m:[93m60[0m - [91merror[0m[90m TS2339: [0mProperty 'props' does not exist on type 'Expense'.

[7m542[0m     const defaultPercentage = taxDeductibleCategories[this.props.category] || 0;
[7m   [0m [91m                                                           ~~~~~[0m

[96msrc/modules/drivers/domain/entities/expense.entity.ts[0m:[93m544[0m:[93m14[0m - [91merror[0m[90m TS2339: [0mProperty 'props' does not exist on type 'Expense'.

[7m544[0m     if (this.props.isBusinessExpense && defaultPercentage > 0) {
[7m   [0m [91m             ~~~~~[0m

[96msrc/modules/drivers/domain/entities/expense.entity.ts[0m:[93m545[0m:[93m12[0m - [91merror[0m[90m TS2339: [0mProperty 'props' does not exist on type 'Expense'.

[7m545[0m       this.props.isTaxDeductible = true;
[7m   [0m [91m           ~~~~~[0m

[96msrc/modules/drivers/domain/entities/expense.entity.ts[0m:[93m546[0m:[93m12[0m - [91merror[0m[90m TS2339: [0mProperty 'props' does not exist on type 'Expense'.

[7m546[0m       this.props.deductionPercentage = defaultPercentage;
[7m   [0m [91m           ~~~~~[0m

[96msrc/modules/drivers/domain/entities/expense.entity.ts[0m:[93m548[0m:[93m12[0m - [91merror[0m[90m TS2339: [0mProperty 'props' does not exist on type 'Expense'.

[7m548[0m       this.props.isTaxDeductible = false;
[7m   [0m [91m           ~~~~~[0m

[96msrc/modules/drivers/domain/entities/expense.entity.ts[0m:[93m549[0m:[93m12[0m - [91merror[0m[90m TS2339: [0mProperty 'props' does not exist on type 'Expense'.

[7m549[0m       this.props.deductionPercentage = 0;
[7m   [0m [91m           ~~~~~[0m

[96msrc/modules/drivers/domain/entities/expense.entity.ts[0m:[93m556[0m:[93m17[0m - [91merror[0m[90m TS2339: [0mProperty 'props' does not exist on type 'Expense'.

[7m556[0m     return this.props.status === 'pending';
[7m   [0m [91m                ~~~~~[0m

[96msrc/modules/drivers/domain/entities/expense.entity.ts[0m:[93m560[0m:[93m17[0m - [91merror[0m[90m TS2339: [0mProperty 'props' does not exist on type 'Expense'.

[7m560[0m     return this.props.status === 'approved';
[7m   [0m [91m                ~~~~~[0m

[96msrc/modules/drivers/domain/entities/expense.entity.ts[0m:[93m564[0m:[93m17[0m - [91merror[0m[90m TS2339: [0mProperty 'props' does not exist on type 'Expense'.

[7m564[0m     return this.props.status === 'rejected';
[7m   [0m [91m                ~~~~~[0m

[96msrc/modules/drivers/domain/entities/expense.entity.ts[0m:[93m568[0m:[93m17[0m - [91merror[0m[90m TS2339: [0mProperty 'props' does not exist on type 'Expense'.

[7m568[0m     return this.props.status === 'reimbursed';
[7m   [0m [91m                ~~~~~[0m

[96msrc/modules/drivers/domain/entities/expense.entity.ts[0m:[93m572[0m:[93m17[0m - [91merror[0m[90m TS2339: [0mProperty 'props' does not exist on type 'Expense'.

[7m572[0m     return this.props.receipts.length > 0;
[7m   [0m [91m                ~~~~~[0m

[96msrc/modules/drivers/domain/entities/expense.entity.ts[0m:[93m576[0m:[93m17[0m - [91merror[0m[90m TS2339: [0mProperty 'props' does not exist on type 'Expense'.

[7m576[0m     return this.props.amount > 25; // Require receipt for expenses over $25
[7m   [0m [91m                ~~~~~[0m

[96msrc/modules/drivers/domain/entities/expense.entity.ts[0m:[93m580[0m:[93m17[0m - [91merror[0m[90m TS2339: [0mProperty 'props' does not exist on type 'Expense'.

[7m580[0m     return this.props.isBusinessExpense && this.props.status === 'approved';
[7m   [0m [91m                ~~~~~[0m

[96msrc/modules/drivers/domain/entities/expense.entity.ts[0m:[93m580[0m:[93m49[0m - [91merror[0m[90m TS2339: [0mProperty 'props' does not exist on type 'Expense'.

[7m580[0m     return this.props.isBusinessExpense && this.props.status === 'approved';
[7m   [0m [91m                                                ~~~~~[0m

[96msrc/modules/drivers/domain/entities/expense.entity.ts[0m:[93m584[0m:[93m17[0m - [91merror[0m[90m TS2339: [0mProperty 'props' does not exist on type 'Expense'.

[7m584[0m     return this.props.approval?.approvedAmount || 0;
[7m   [0m [91m                ~~~~~[0m

[96msrc/modules/drivers/domain/entities/expense.entity.ts[0m:[93m588[0m:[93m15[0m - [91merror[0m[90m TS2339: [0mProperty 'props' does not exist on type 'Expense'.

[7m588[0m     if (!this.props.isTaxDeductible) return 0;
[7m   [0m [91m              ~~~~~[0m

[96msrc/modules/drivers/domain/entities/expense.entity.ts[0m:[93m590[0m:[93m29[0m - [91merror[0m[90m TS2339: [0mProperty 'props' does not exist on type 'Expense'.

[7m590[0m     const baseAmount = this.props.status === 'approved' ? this.getApprovedAmount() : this.props.amount;
[7m   [0m [91m                            ~~~~~[0m

[96msrc/modules/drivers/domain/entities/expense.entity.ts[0m:[93m590[0m:[93m91[0m - [91merror[0m[90m TS2339: [0mProperty 'props' does not exist on type 'Expense'.

[7m590[0m     const baseAmount = this.props.status === 'approved' ? this.getApprovedAmount() : this.props.amount;
[7m   [0m [91m                                                                                          ~~~~~[0m

[96msrc/modules/drivers/domain/entities/expense.entity.ts[0m:[93m591[0m:[93m31[0m - [91merror[0m[90m TS2339: [0mProperty 'props' does not exist on type 'Expense'.

[7m591[0m     return baseAmount * (this.props.deductionPercentage / 100);
[7m   [0m [91m                              ~~~~~[0m

[96msrc/modules/drivers/domain/entities/expense.entity.ts[0m:[93m595[0m:[93m17[0m - [91merror[0m[90m TS2339: [0mProperty 'props' does not exist on type 'Expense'.

[7m595[0m     return this.props.reimbursement?.amount || 0;
[7m   [0m [91m                ~~~~~[0m

[96msrc/modules/drivers/domain/entities/expense.entity.ts[0m:[93m599[0m:[93m14[0m - [91merror[0m[90m TS2339: [0mProperty 'props' does not exist on type 'Expense'.

[7m599[0m     if (this.props.status !== 'pending') return false;
[7m   [0m [91m             ~~~~~[0m

[96msrc/modules/drivers/domain/entities/expense.entity.ts[0m:[93m601[0m:[93m60[0m - [91merror[0m[90m TS2339: [0mProperty 'props' does not exist on type 'Expense'.

[7m601[0m     const daysSinceCreated = Math.floor((Date.now() - this.props.createdAt.getTime()) / (1000 * 60 * 60 * 24));
[7m   [0m [91m                                                           ~~~~~[0m

[96msrc/modules/drivers/domain/entities/expense.entity.ts[0m:[93m606[0m:[93m42[0m - [91merror[0m[90m TS2339: [0mProperty 'props' does not exist on type 'Expense'.

[7m606[0m     return Math.floor((Date.now() - this.props.createdAt.getTime()) / (1000 * 60 * 60 * 24));
[7m   [0m [91m                                         ~~~~~[0m

[96msrc/modules/drivers/domain/entities/expense.entity.ts[0m:[93m610[0m:[93m15[0m - [91merror[0m[90m TS2339: [0mProperty 'props' does not exist on type 'Expense'.

[7m610[0m     if (!this.props.nextRecurrenceDate) return null;
[7m   [0m [91m              ~~~~~[0m

[96msrc/modules/drivers/domain/entities/expense.entity.ts[0m:[93m612[0m:[93m25[0m - [91merror[0m[90m TS2339: [0mProperty 'props' does not exist on type 'Expense'.

[7m612[0m     const diffMs = this.props.nextRecurrenceDate.getTime() - Date.now();
[7m   [0m [91m                        ~~~~~[0m

[96msrc/modules/drivers/domain/entities/expense.entity.ts[0m:[93m619[0m:[93m22[0m - [91merror[0m[90m TS2339: [0mProperty 'props' does not exist on type 'Expense'.

[7m619[0m       currency: this.props.currency,
[7m   [0m [91m                     ~~~~~[0m

[96msrc/modules/drivers/domain/entities/expense.entity.ts[0m:[93m641[0m:[93m29[0m - [91merror[0m[90m TS2339: [0mProperty 'props' does not exist on type 'Expense'.

[7m641[0m     return categoryMap[this.props.category];
[7m   [0m [91m                            ~~~~~[0m

[96msrc/modules/drivers/domain/entities/expense.entity.ts[0m:[93m652[0m:[93m27[0m - [91merror[0m[90m TS2339: [0mProperty 'props' does not exist on type 'Expense'.

[7m652[0m     return statusMap[this.props.status];
[7m   [0m [91m                          ~~~~~[0m

[96msrc/modules/drivers/domain/entities/expense.entity.ts[0m:[93m665[0m:[93m27[0m - [91merror[0m[90m TS2339: [0mProperty 'props' does not exist on type 'Expense'.

[7m665[0m     return methodMap[this.props.paymentMethod];
[7m   [0m [91m                          ~~~~~[0m

[96msrc/modules/drivers/domain/entities/expense.entity.ts[0m:[93m670[0m:[93m16[0m - [91merror[0m[90m TS2339: [0mProperty '_id' does not exist on type 'Expense'.

[7m670[0m       id: this._id.toString(),
[7m   [0m [91m               ~~~[0m

[96msrc/modules/drivers/domain/entities/expense.entity.ts[0m:[93m671[0m:[93m21[0m - [91merror[0m[90m TS2339: [0mProperty 'props' does not exist on type 'Expense'.

[7m671[0m       riderId: this.props.riderId,
[7m   [0m [91m                    ~~~~~[0m

[96msrc/modules/drivers/domain/entities/expense.entity.ts[0m:[93m672[0m:[93m21[0m - [91merror[0m[90m TS2339: [0mProperty 'props' does not exist on type 'Expense'.

[7m672[0m       orderId: this.props.orderId,
[7m   [0m [91m                    ~~~~~[0m

[96msrc/modules/drivers/domain/entities/expense.entity.ts[0m:[93m673[0m:[93m21[0m - [91merror[0m[90m TS2339: [0mProperty 'props' does not exist on type 'Expense'.

[7m673[0m       shiftId: this.props.shiftId,
[7m   [0m [91m                    ~~~~~[0m

[96msrc/modules/drivers/domain/entities/expense.entity.ts[0m:[93m674[0m:[93m22[0m - [91merror[0m[90m TS2339: [0mProperty 'props' does not exist on type 'Expense'.

[7m674[0m       category: this.props.category,
[7m   [0m [91m                     ~~~~~[0m

[96msrc/modules/drivers/domain/entities/expense.entity.ts[0m:[93m676[0m:[93m25[0m - [91merror[0m[90m TS2339: [0mProperty 'props' does not exist on type 'Expense'.

[7m676[0m       subcategory: this.props.subcategory,
[7m   [0m [91m                        ~~~~~[0m

[96msrc/modules/drivers/domain/entities/expense.entity.ts[0m:[93m677[0m:[93m25[0m - [91merror[0m[90m TS2339: [0mProperty 'props' does not exist on type 'Expense'.

[7m677[0m       description: this.props.description,
[7m   [0m [91m                        ~~~~~[0m

[96msrc/modules/drivers/domain/entities/expense.entity.ts[0m:[93m678[0m:[93m20[0m - [91merror[0m[90m TS2339: [0mProperty 'props' does not exist on type 'Expense'.

[7m678[0m       amount: this.props.amount,
[7m   [0m [91m                   ~~~~~[0m

[96msrc/modules/drivers/domain/entities/expense.entity.ts[0m:[93m679[0m:[93m47[0m - [91merror[0m[90m TS2339: [0mProperty 'props' does not exist on type 'Expense'.

[7m679[0m       formattedAmount: this.formatAmount(this.props.amount),
[7m   [0m [91m                                              ~~~~~[0m

[96msrc/modules/drivers/domain/entities/expense.entity.ts[0m:[93m680[0m:[93m22[0m - [91merror[0m[90m TS2339: [0mProperty 'props' does not exist on type 'Expense'.

[7m680[0m       currency: this.props.currency,
[7m   [0m [91m                     ~~~~~[0m

[96msrc/modules/drivers/domain/entities/expense.entity.ts[0m:[93m681[0m:[93m18[0m - [91merror[0m[90m TS2339: [0mProperty 'props' does not exist on type 'Expense'.

[7m681[0m       date: this.props.date,
[7m   [0m [91m                 ~~~~~[0m

[96msrc/modules/drivers/domain/entities/expense.entity.ts[0m:[93m682[0m:[93m22[0m - [91merror[0m[90m TS2339: [0mProperty 'props' does not exist on type 'Expense'.

[7m682[0m       location: this.props.location?.toJSON(),
[7m   [0m [91m                     ~~~~~[0m

[96msrc/modules/drivers/domain/entities/expense.entity.ts[0m:[93m683[0m:[93m22[0m - [91merror[0m[90m TS2339: [0mProperty 'props' does not exist on type 'Expense'.

[7m683[0m       merchant: this.props.merchant,
[7m   [0m [91m                     ~~~~~[0m

[96msrc/modules/drivers/domain/entities/expense.entity.ts[0m:[93m684[0m:[93m27[0m - [91merror[0m[90m TS2339: [0mProperty 'props' does not exist on type 'Expense'.

[7m684[0m       paymentMethod: this.props.paymentMethod,
[7m   [0m [91m                          ~~~~~[0m

[96msrc/modules/drivers/domain/entities/expense.entity.ts[0m:[93m686[0m:[93m31[0m - [91merror[0m[90m TS2339: [0mProperty 'props' does not exist on type 'Expense'.

[7m686[0m       isBusinessExpense: this.props.isBusinessExpense,
[7m   [0m [91m                              ~~~~~[0m

[96msrc/modules/drivers/domain/entities/expense.entity.ts[0m:[93m687[0m:[93m29[0m - [91merror[0m[90m TS2339: [0mProperty 'props' does not exist on type 'Expense'.

[7m687[0m       isTaxDeductible: this.props.isTaxDeductible,
[7m   [0m [91m                            ~~~~~[0m

[96msrc/modules/drivers/domain/entities/expense.entity.ts[0m:[93m688[0m:[93m33[0m - [91merror[0m[90m TS2339: [0mProperty 'props' does not exist on type 'Expense'.

[7m688[0m       deductionPercentage: this.props.deductionPercentage,
[7m   [0m [91m                                ~~~~~[0m

[96msrc/modules/drivers/domain/entities/expense.entity.ts[0m:[93m691[0m:[93m20[0m - [91merror[0m[90m TS2339: [0mProperty 'props' does not exist on type 'Expense'.

[7m691[0m       status: this.props.status,
[7m   [0m [91m                   ~~~~~[0m

[96msrc/modules/drivers/domain/entities/expense.entity.ts[0m:[93m693[0m:[93m22[0m - [91merror[0m[90m TS2339: [0mProperty 'props' does not exist on type 'Expense'.

[7m693[0m       receipts: this.props.receipts,
[7m   [0m [91m                     ~~~~~[0m

[96msrc/modules/drivers/domain/entities/expense.entity.ts[0m:[93m694[0m:[93m22[0m - [91merror[0m[90m TS2339: [0mProperty 'props' does not exist on type 'Expense'.

[7m694[0m       approval: this.props.approval,
[7m   [0m [91m                     ~~~~~[0m

[96msrc/modules/drivers/domain/entities/expense.entity.ts[0m:[93m695[0m:[93m27[0m - [91merror[0m[90m TS2339: [0mProperty 'props' does not exist on type 'Expense'.

[7m695[0m       reimbursement: this.props.reimbursement,
[7m   [0m [91m                          ~~~~~[0m

[96msrc/modules/drivers/domain/entities/expense.entity.ts[0m:[93m696[0m:[93m27[0m - [91merror[0m[90m TS2339: [0mProperty 'props' does not exist on type 'Expense'.

[7m696[0m       mileageRecord: this.props.mileageRecord ? {
[7m   [0m [91m                          ~~~~~[0m

[96msrc/modules/drivers/domain/entities/expense.entity.ts[0m:[93m697[0m:[93m17[0m - [91merror[0m[90m TS2339: [0mProperty 'props' does not exist on type 'Expense'.

[7m697[0m         ...this.props.mileageRecord,
[7m   [0m [91m                ~~~~~[0m

[96msrc/modules/drivers/domain/entities/expense.entity.ts[0m:[93m698[0m:[93m29[0m - [91merror[0m[90m TS2339: [0mProperty 'props' does not exist on type 'Expense'.

[7m698[0m         startLocation: this.props.mileageRecord.startLocation.toJSON(),
[7m   [0m [91m                            ~~~~~[0m

[96msrc/modules/drivers/domain/entities/expense.entity.ts[0m:[93m699[0m:[93m27[0m - [91merror[0m[90m TS2339: [0mProperty 'props' does not exist on type 'Expense'.

[7m699[0m         endLocation: this.props.mileageRecord.endLocation.toJSON(),
[7m   [0m [91m                          ~~~~~[0m

[96msrc/modules/drivers/domain/entities/expense.entity.ts[0m:[93m700[0m:[93m49[0m - [91merror[0m[90m TS2339: [0mProperty 'props' does not exist on type 'Expense'.

[7m700[0m         formattedAmount: this.formatAmount(this.props.mileageRecord.amount),
[7m   [0m [91m                                                ~~~~~[0m

[96msrc/modules/drivers/domain/entities/expense.entity.ts[0m:[93m702[0m:[93m18[0m - [91merror[0m[90m TS2339: [0mProperty 'props' does not exist on type 'Expense'.

[7m702[0m       tags: this.props.tags,
[7m   [0m [91m                 ~~~~~[0m

[96msrc/modules/drivers/domain/entities/expense.entity.ts[0m:[93m703[0m:[93m19[0m - [91merror[0m[90m TS2339: [0mProperty 'props' does not exist on type 'Expense'.

[7m703[0m       notes: this.props.notes,
[7m   [0m [91m                  ~~~~~[0m

[96msrc/modules/drivers/domain/entities/expense.entity.ts[0m:[93m704[0m:[93m25[0m - [91merror[0m[90m TS2339: [0mProperty 'props' does not exist on type 'Expense'.

[7m704[0m       isRecurring: this.props.isRecurring,
[7m   [0m [91m                        ~~~~~[0m

[96msrc/modules/drivers/domain/entities/expense.entity.ts[0m:[93m705[0m:[93m32[0m - [91merror[0m[90m TS2339: [0mProperty 'props' does not exist on type 'Expense'.

[7m705[0m       recurringFrequency: this.props.recurringFrequency,
[7m   [0m [91m                               ~~~~~[0m

[96msrc/modules/drivers/domain/entities/expense.entity.ts[0m:[93m706[0m:[93m32[0m - [91merror[0m[90m TS2339: [0mProperty 'props' does not exist on type 'Expense'.

[7m706[0m       nextRecurrenceDate: this.props.nextRecurrenceDate,
[7m   [0m [91m                               ~~~~~[0m

[96msrc/modules/drivers/domain/entities/expense.entity.ts[0m:[93m708[0m:[93m29[0m - [91merror[0m[90m TS2339: [0mProperty 'props' does not exist on type 'Expense'.

[7m708[0m       parentExpenseId: this.props.parentExpenseId,
[7m   [0m [91m                            ~~~~~[0m

[96msrc/modules/drivers/domain/entities/expense.entity.ts[0m:[93m709[0m:[93m25[0m - [91merror[0m[90m TS2339: [0mProperty 'props' does not exist on type 'Expense'.

[7m709[0m       submittedAt: this.props.submittedAt,
[7m   [0m [91m                        ~~~~~[0m

[96msrc/modules/drivers/domain/entities/expense.entity.ts[0m:[93m710[0m:[93m25[0m - [91merror[0m[90m TS2339: [0mProperty 'props' does not exist on type 'Expense'.

[7m710[0m       submittedBy: this.props.submittedBy,
[7m   [0m [91m                        ~~~~~[0m

[96msrc/modules/drivers/domain/entities/expense.entity.ts[0m:[93m711[0m:[93m24[0m - [91merror[0m[90m TS2339: [0mProperty 'props' does not exist on type 'Expense'.

[7m711[0m       reviewedAt: this.props.reviewedAt,
[7m   [0m [91m                       ~~~~~[0m

[96msrc/modules/drivers/domain/entities/expense.entity.ts[0m:[93m712[0m:[93m24[0m - [91merror[0m[90m TS2339: [0mProperty 'props' does not exist on type 'Expense'.

[7m712[0m       reviewedBy: this.props.reviewedBy,
[7m   [0m [91m                       ~~~~~[0m

[96msrc/modules/drivers/domain/entities/expense.entity.ts[0m:[93m726[0m:[93m23[0m - [91merror[0m[90m TS2339: [0mProperty 'props' does not exist on type 'Expense'.

[7m726[0m       createdAt: this.props.createdAt,
[7m   [0m [91m                      ~~~~~[0m

[96msrc/modules/drivers/domain/entities/expense.entity.ts[0m:[93m727[0m:[93m23[0m - [91merror[0m[90m TS2339: [0mProperty 'props' does not exist on type 'Expense'.

[7m727[0m       updatedAt: this.props.updatedAt,
[7m   [0m [91m                      ~~~~~[0m

[96msrc/modules/drivers/domain/entities/incident.entity.ts[0m:[93m1[0m:[93m24[0m - [91merror[0m[90m TS2307: [0mCannot find module '../../../common/domain/entity' or its corresponding type declarations.

[7m1[0m import { Entity } from '../../../common/domain/entity';
[7m [0m [91m                       ~~~~~~~~~~~~~~~~~~~~~~~~~~~~~~~[0m

[96msrc/modules/drivers/domain/entities/incident.entity.ts[0m:[93m2[0m:[93m32[0m - [91merror[0m[90m TS2307: [0mCannot find module '../../../common/unique-entity-id' or its corresponding type declarations.

[7m2[0m import { UniqueEntityID } from '../../../common/unique-entity-id';
[7m [0m [91m                               ~~~~~~~~~~~~~~~~~~~~~~~~~~~~~~~~~~[0m

[96msrc/modules/drivers/domain/entities/incident.entity.ts[0m:[93m135[0m:[93m17[0m - [91merror[0m[90m TS2339: [0mProperty '_id' does not exist on type 'Incident'.

[7m135[0m     return this._id;
[7m   [0m [91m                ~~~[0m

[96msrc/modules/drivers/domain/entities/incident.entity.ts[0m:[93m139[0m:[93m17[0m - [91merror[0m[90m TS2339: [0mProperty 'props' does not exist on type 'Incident'.

[7m139[0m     return this.props.riderId;
[7m   [0m [91m                ~~~~~[0m

[96msrc/modules/drivers/domain/entities/incident.entity.ts[0m:[93m143[0m:[93m17[0m - [91merror[0m[90m TS2339: [0mProperty 'props' does not exist on type 'Incident'.

[7m143[0m     return this.props.orderId;
[7m   [0m [91m                ~~~~~[0m

[96msrc/modules/drivers/domain/entities/incident.entity.ts[0m:[93m147[0m:[93m17[0m - [91merror[0m[90m TS2339: [0mProperty 'props' does not exist on type 'Incident'.

[7m147[0m     return this.props.shiftId;
[7m   [0m [91m                ~~~~~[0m

[96msrc/modules/drivers/domain/entities/incident.entity.ts[0m:[93m151[0m:[93m17[0m - [91merror[0m[90m TS2339: [0mProperty 'props' does not exist on type 'Incident'.

[7m151[0m     return this.props.type;
[7m   [0m [91m                ~~~~~[0m

[96msrc/modules/drivers/domain/entities/incident.entity.ts[0m:[93m155[0m:[93m17[0m - [91merror[0m[90m TS2339: [0mProperty 'props' does not exist on type 'Incident'.

[7m155[0m     return this.props.severity;
[7m   [0m [91m                ~~~~~[0m

[96msrc/modules/drivers/domain/entities/incident.entity.ts[0m:[93m159[0m:[93m17[0m - [91merror[0m[90m TS2339: [0mProperty 'props' does not exist on type 'Incident'.

[7m159[0m     return this.props.status;
[7m   [0m [91m                ~~~~~[0m

[96msrc/modules/drivers/domain/entities/incident.entity.ts[0m:[93m163[0m:[93m17[0m - [91merror[0m[90m TS2339: [0mProperty 'props' does not exist on type 'Incident'.

[7m163[0m     return this.props.title;
[7m   [0m [91m                ~~~~~[0m

[96msrc/modules/drivers/domain/entities/incident.entity.ts[0m:[93m167[0m:[93m17[0m - [91merror[0m[90m TS2339: [0mProperty 'props' does not exist on type 'Incident'.

[7m167[0m     return this.props.description;
[7m   [0m [91m                ~~~~~[0m

[96msrc/modules/drivers/domain/entities/incident.entity.ts[0m:[93m171[0m:[93m17[0m - [91merror[0m[90m TS2339: [0mProperty 'props' does not exist on type 'Incident'.

[7m171[0m     return this.props.location;
[7m   [0m [91m                ~~~~~[0m

[96msrc/modules/drivers/domain/entities/incident.entity.ts[0m:[93m175[0m:[93m17[0m - [91merror[0m[90m TS2339: [0mProperty 'props' does not exist on type 'Incident'.

[7m175[0m     return this.props.occurredAt;
[7m   [0m [91m                ~~~~~[0m

[96msrc/modules/drivers/domain/entities/incident.entity.ts[0m:[93m179[0m:[93m17[0m - [91merror[0m[90m TS2339: [0mProperty 'props' does not exist on type 'Incident'.

[7m179[0m     return this.props.reportedAt;
[7m   [0m [91m                ~~~~~[0m

[96msrc/modules/drivers/domain/entities/incident.entity.ts[0m:[93m183[0m:[93m17[0m - [91merror[0m[90m TS2339: [0mProperty 'props' does not exist on type 'Incident'.

[7m183[0m     return this.props.reportedBy;
[7m   [0m [91m                ~~~~~[0m

[96msrc/modules/drivers/domain/entities/incident.entity.ts[0m:[93m187[0m:[93m17[0m - [91merror[0m[90m TS2339: [0mProperty 'props' does not exist on type 'Incident'.

[7m187[0m     return this.props.parties;
[7m   [0m [91m                ~~~~~[0m

[96msrc/modules/drivers/domain/entities/incident.entity.ts[0m:[93m191[0m:[93m17[0m - [91merror[0m[90m TS2339: [0mProperty 'props' does not exist on type 'Incident'.

[7m191[0m     return this.props.evidence;
[7m   [0m [91m                ~~~~~[0m

[96msrc/modules/drivers/domain/entities/incident.entity.ts[0m:[93m195[0m:[93m17[0m - [91merror[0m[90m TS2339: [0mProperty 'props' does not exist on type 'Incident'.

[7m195[0m     return this.props.actions;
[7m   [0m [91m                ~~~~~[0m

[96msrc/modules/drivers/domain/entities/incident.entity.ts[0m:[93m199[0m:[93m17[0m - [91merror[0m[90m TS2339: [0mProperty 'props' does not exist on type 'Incident'.

[7m199[0m     return this.props.insuranceClaims;
[7m   [0m [91m                ~~~~~[0m

[96msrc/modules/drivers/domain/entities/incident.entity.ts[0m:[93m203[0m:[93m17[0m - [91merror[0m[90m TS2339: [0mProperty 'props' does not exist on type 'Incident'.

[7m203[0m     return this.props.policeReport;
[7m   [0m [91m                ~~~~~[0m

[96msrc/modules/drivers/domain/entities/incident.entity.ts[0m:[93m207[0m:[93m17[0m - [91merror[0m[90m TS2339: [0mProperty 'props' does not exist on type 'Incident'.

[7m207[0m     return this.props.medicalReports;
[7m   [0m [91m                ~~~~~[0m

[96msrc/modules/drivers/domain/entities/incident.entity.ts[0m:[93m211[0m:[93m17[0m - [91merror[0m[90m TS2339: [0mProperty 'props' does not exist on type 'Incident'.

[7m211[0m     return this.props.estimatedDamage;
[7m   [0m [91m                ~~~~~[0m

[96msrc/modules/drivers/domain/entities/incident.entity.ts[0m:[93m215[0m:[93m17[0m - [91merror[0m[90m TS2339: [0mProperty 'props' does not exist on type 'Incident'.

[7m215[0m     return this.props.actualDamage;
[7m   [0m [91m                ~~~~~[0m

[96msrc/modules/drivers/domain/entities/incident.entity.ts[0m:[93m219[0m:[93m17[0m - [91merror[0m[90m TS2339: [0mProperty 'props' does not exist on type 'Incident'.

[7m219[0m     return this.props.isInsuranceCovered;
[7m   [0m [91m                ~~~~~[0m

[96msrc/modules/drivers/domain/entities/incident.entity.ts[0m:[93m223[0m:[93m17[0m - [91merror[0m[90m TS2339: [0mProperty 'props' does not exist on type 'Incident'.

[7m223[0m     return this.props.requiresPoliceReport;
[7m   [0m [91m                ~~~~~[0m

[96msrc/modules/drivers/domain/entities/incident.entity.ts[0m:[93m227[0m:[93m17[0m - [91merror[0m[90m TS2339: [0mProperty 'props' does not exist on type 'Incident'.

[7m227[0m     return this.props.requiresMedicalAttention;
[7m   [0m [91m                ~~~~~[0m

[96msrc/modules/drivers/domain/entities/incident.entity.ts[0m:[93m231[0m:[93m17[0m - [91merror[0m[90m TS2339: [0mProperty 'props' does not exist on type 'Incident'.

[7m231[0m     return this.props.assignedInvestigator;
[7m   [0m [91m                ~~~~~[0m

[96msrc/modules/drivers/domain/entities/incident.entity.ts[0m:[93m235[0m:[93m17[0m - [91merror[0m[90m TS2339: [0mProperty 'props' does not exist on type 'Incident'.

[7m235[0m     return this.props.investigationNotes;
[7m   [0m [91m                ~~~~~[0m

[96msrc/modules/drivers/domain/entities/incident.entity.ts[0m:[93m239[0m:[93m17[0m - [91merror[0m[90m TS2339: [0mProperty 'props' does not exist on type 'Incident'.

[7m239[0m     return this.props.resolutionNotes;
[7m   [0m [91m                ~~~~~[0m

[96msrc/modules/drivers/domain/entities/incident.entity.ts[0m:[93m243[0m:[93m17[0m - [91merror[0m[90m TS2339: [0mProperty 'props' does not exist on type 'Incident'.

[7m243[0m     return this.props.resolvedAt;
[7m   [0m [91m                ~~~~~[0m

[96msrc/modules/drivers/domain/entities/incident.entity.ts[0m:[93m247[0m:[93m17[0m - [91merror[0m[90m TS2339: [0mProperty 'props' does not exist on type 'Incident'.

[7m247[0m     return this.props.closedAt;
[7m   [0m [91m                ~~~~~[0m

[96msrc/modules/drivers/domain/entities/incident.entity.ts[0m:[93m251[0m:[93m17[0m - [91merror[0m[90m TS2339: [0mProperty 'props' does not exist on type 'Incident'.

[7m251[0m     return this.props.currency;
[7m   [0m [91m                ~~~~~[0m

[96msrc/modules/drivers/domain/entities/incident.entity.ts[0m:[93m255[0m:[93m17[0m - [91merror[0m[90m TS2339: [0mProperty 'props' does not exist on type 'Incident'.

[7m255[0m     return this.props.tags;
[7m   [0m [91m                ~~~~~[0m

[96msrc/modules/drivers/domain/entities/incident.entity.ts[0m:[93m259[0m:[93m17[0m - [91merror[0m[90m TS2339: [0mProperty 'props' does not exist on type 'Incident'.

[7m259[0m     return this.props.priority;
[7m   [0m [91m                ~~~~~[0m

[96msrc/modules/drivers/domain/entities/incident.entity.ts[0m:[93m263[0m:[93m17[0m - [91merror[0m[90m TS2339: [0mProperty 'props' does not exist on type 'Incident'.

[7m263[0m     return this.props.followUpRequired;
[7m   [0m [91m                ~~~~~[0m

[96msrc/modules/drivers/domain/entities/incident.entity.ts[0m:[93m267[0m:[93m17[0m - [91merror[0m[90m TS2339: [0mProperty 'props' does not exist on type 'Incident'.

[7m267[0m     return this.props.followUpDate;
[7m   [0m [91m                ~~~~~[0m

[96msrc/modules/drivers/domain/entities/incident.entity.ts[0m:[93m271[0m:[93m17[0m - [91merror[0m[90m TS2339: [0mProperty 'props' does not exist on type 'Incident'.

[7m271[0m     return this.props.createdAt;
[7m   [0m [91m                ~~~~~[0m

[96msrc/modules/drivers/domain/entities/incident.entity.ts[0m:[93m275[0m:[93m17[0m - [91merror[0m[90m TS2339: [0mProperty 'props' does not exist on type 'Incident'.

[7m275[0m     return this.props.updatedAt;
[7m   [0m [91m                ~~~~~[0m

[96msrc/modules/drivers/domain/entities/incident.entity.ts[0m:[93m281[0m:[93m33[0m - [91merror[0m[90m TS2339: [0mProperty 'props' does not exist on type 'Incident'.

[7m281[0m     const previousStatus = this.props.status;
[7m   [0m [91m                                ~~~~~[0m

[96msrc/modules/drivers/domain/entities/incident.entity.ts[0m:[93m282[0m:[93m10[0m - [91merror[0m[90m TS2339: [0mProperty 'props' does not exist on type 'Incident'.

[7m282[0m     this.props.status = status;
[7m   [0m [91m         ~~~~~[0m

[96msrc/modules/drivers/domain/entities/incident.entity.ts[0m:[93m283[0m:[93m10[0m - [91merror[0m[90m TS2339: [0mProperty 'props' does not exist on type 'Incident'.

[7m283[0m     this.props.updatedAt = new Date();
[7m   [0m [91m         ~~~~~[0m

[96msrc/modules/drivers/domain/entities/incident.entity.ts[0m:[93m290[0m:[93m40[0m - [91merror[0m[90m TS2339: [0mProperty 'props' does not exist on type 'Incident'.

[7m290[0m     if (status === 'resolved' && !this.props.resolvedAt) {
[7m   [0m [91m                                       ~~~~~[0m

[96msrc/modules/drivers/domain/entities/incident.entity.ts[0m:[93m291[0m:[93m12[0m - [91merror[0m[90m TS2339: [0mProperty 'props' does not exist on type 'Incident'.

[7m291[0m       this.props.resolvedAt = new Date();
[7m   [0m [91m           ~~~~~[0m

[96msrc/modules/drivers/domain/entities/incident.entity.ts[0m:[93m293[0m:[93m38[0m - [91merror[0m[90m TS2339: [0mProperty 'props' does not exist on type 'Incident'.

[7m293[0m     if (status === 'closed' && !this.props.closedAt) {
[7m   [0m [91m                                     ~~~~~[0m

[96msrc/modules/drivers/domain/entities/incident.entity.ts[0m:[93m294[0m:[93m12[0m - [91merror[0m[90m TS2339: [0mProperty 'props' does not exist on type 'Incident'.

[7m294[0m       this.props.closedAt = new Date();
[7m   [0m [91m           ~~~~~[0m

[96msrc/modules/drivers/domain/entities/incident.entity.ts[0m:[93m299[0m:[93m35[0m - [91merror[0m[90m TS2339: [0mProperty 'props' does not exist on type 'Incident'.

[7m299[0m     const previousSeverity = this.props.severity;
[7m   [0m [91m                                  ~~~~~[0m

[96msrc/modules/drivers/domain/entities/incident.entity.ts[0m:[93m300[0m:[93m10[0m - [91merror[0m[90m TS2339: [0mProperty 'props' does not exist on type 'Incident'.

[7m300[0m     this.props.severity = severity;
[7m   [0m [91m         ~~~~~[0m

[96msrc/modules/drivers/domain/entities/incident.entity.ts[0m:[93m301[0m:[93m10[0m - [91merror[0m[90m TS2339: [0mProperty 'props' does not exist on type 'Incident'.

[7m301[0m     this.props.updatedAt = new Date();
[7m   [0m [91m         ~~~~~[0m

[96msrc/modules/drivers/domain/entities/incident.entity.ts[0m:[93m310[0m:[93m10[0m - [91merror[0m[90m TS2339: [0mProperty 'props' does not exist on type 'Incident'.

[7m310[0m     this.props.priority = severityPriorityMap[severity];
[7m   [0m [91m         ~~~~~[0m

[96msrc/modules/drivers/domain/entities/incident.entity.ts[0m:[93m316[0m:[93m10[0m - [91merror[0m[90m TS2339: [0mProperty 'props' does not exist on type 'Incident'.

[7m316[0m     this.props.assignedInvestigator = investigatorId;
[7m   [0m [91m         ~~~~~[0m

[96msrc/modules/drivers/domain/entities/incident.entity.ts[0m:[93m317[0m:[93m10[0m - [91merror[0m[90m TS2339: [0mProperty 'props' does not exist on type 'Incident'.

[7m317[0m     this.props.updatedAt = new Date();
[7m   [0m [91m         ~~~~~[0m

[96msrc/modules/drivers/domain/entities/incident.entity.ts[0m:[93m328[0m:[93m10[0m - [91merror[0m[90m TS2339: [0mProperty 'props' does not exist on type 'Incident'.

[7m328[0m     this.props.parties.push(newParty);
[7m   [0m [91m         ~~~~~[0m

[96msrc/modules/drivers/domain/entities/incident.entity.ts[0m:[93m329[0m:[93m10[0m - [91merror[0m[90m TS2339: [0mProperty 'props' does not exist on type 'Incident'.

[7m329[0m     this.props.updatedAt = new Date();
[7m   [0m [91m         ~~~~~[0m

[96msrc/modules/drivers/domain/entities/incident.entity.ts[0m:[93m337[0m:[93m24[0m - [91merror[0m[90m TS2339: [0mProperty 'props' does not exist on type 'Incident'.

[7m337[0m     const party = this.props.parties.find(p => p.id === partyId);
[7m   [0m [91m                       ~~~~~[0m

[96msrc/modules/drivers/domain/entities/incident.entity.ts[0m:[93m343[0m:[93m10[0m - [91merror[0m[90m TS2339: [0mProperty 'props' does not exist on type 'Incident'.

[7m343[0m     this.props.updatedAt = new Date();
[7m   [0m [91m         ~~~~~[0m

[96msrc/modules/drivers/domain/entities/incident.entity.ts[0m:[93m352[0m:[93m7[0m - [91merror[0m[90m TS2783: [0m'uploadedBy' is specified more than once, so this usage will be overwritten.

[7m352[0m       uploadedBy,
[7m   [0m [91m      ~~~~~~~~~~[0m

  [96msrc/modules/drivers/domain/entities/incident.entity.ts[0m:[93m353[0m:[93m7[0m
    [7m353[0m       ...evidence,
    [7m   [0m [96m      ~~~~~~~~~~~[0m
    This spread always overwrites this property.

[96msrc/modules/drivers/domain/entities/incident.entity.ts[0m:[93m356[0m:[93m10[0m - [91merror[0m[90m TS2339: [0mProperty 'props' does not exist on type 'Incident'.

[7m356[0m     this.props.evidence.push(newEvidence);
[7m   [0m [91m         ~~~~~[0m

[96msrc/modules/drivers/domain/entities/incident.entity.ts[0m:[93m357[0m:[93m10[0m - [91merror[0m[90m TS2339: [0mProperty 'props' does not exist on type 'Incident'.

[7m357[0m     this.props.updatedAt = new Date();
[7m   [0m [91m         ~~~~~[0m

[96msrc/modules/drivers/domain/entities/incident.entity.ts[0m:[93m365[0m:[93m32[0m - [91merror[0m[90m TS2339: [0mProperty 'props' does not exist on type 'Incident'.

[7m365[0m     const evidenceIndex = this.props.evidence.findIndex(e => e.id === evidenceId);
[7m   [0m [91m                               ~~~~~[0m

[96msrc/modules/drivers/domain/entities/incident.entity.ts[0m:[93m370[0m:[93m27[0m - [91merror[0m[90m TS2339: [0mProperty 'props' does not exist on type 'Incident'.

[7m370[0m     const evidence = this.props.evidence[evidenceIndex];
[7m   [0m [91m                          ~~~~~[0m

[96msrc/modules/drivers/domain/entities/incident.entity.ts[0m:[93m371[0m:[93m10[0m - [91merror[0m[90m TS2339: [0mProperty 'props' does not exist on type 'Incident'.

[7m371[0m     this.props.evidence.splice(evidenceIndex, 1);
[7m   [0m [91m         ~~~~~[0m

[96msrc/modules/drivers/domain/entities/incident.entity.ts[0m:[93m372[0m:[93m10[0m - [91merror[0m[90m TS2339: [0mProperty 'props' does not exist on type 'Incident'.

[7m372[0m     this.props.updatedAt = new Date();
[7m   [0m [91m         ~~~~~[0m

[96msrc/modules/drivers/domain/entities/incident.entity.ts[0m:[93m387[0m:[93m10[0m - [91merror[0m[90m TS2339: [0mProperty 'props' does not exist on type 'Incident'.

[7m387[0m     this.props.actions.push(action);
[7m   [0m [91m         ~~~~~[0m

[96msrc/modules/drivers/domain/entities/incident.entity.ts[0m:[93m388[0m:[93m10[0m - [91merror[0m[90m TS2339: [0mProperty 'props' does not exist on type 'Incident'.

[7m388[0m     this.props.updatedAt = new Date();
[7m   [0m [91m         ~~~~~[0m

[96msrc/modules/drivers/domain/entities/incident.entity.ts[0m:[93m398[0m:[93m10[0m - [91merror[0m[90m TS2339: [0mProperty 'props' does not exist on type 'Incident'.

[7m398[0m     this.props.insuranceClaims.push(newClaim);
[7m   [0m [91m         ~~~~~[0m

[96msrc/modules/drivers/domain/entities/incident.entity.ts[0m:[93m399[0m:[93m10[0m - [91merror[0m[90m TS2339: [0mProperty 'props' does not exist on type 'Incident'.

[7m399[0m     this.props.updatedAt = new Date();
[7m   [0m [91m         ~~~~~[0m

[96msrc/modules/drivers/domain/entities/incident.entity.ts[0m:[93m407[0m:[93m24[0m - [91merror[0m[90m TS2339: [0mProperty 'props' does not exist on type 'Incident'.

[7m407[0m     const claim = this.props.insuranceClaims.find(c => c.id === claimId);
[7m   [0m [91m                       ~~~~~[0m

[96msrc/modules/drivers/domain/entities/incident.entity.ts[0m:[93m413[0m:[93m10[0m - [91merror[0m[90m TS2339: [0mProperty 'props' does not exist on type 'Incident'.

[7m413[0m     this.props.updatedAt = new Date();
[7m   [0m [91m         ~~~~~[0m

[96msrc/modules/drivers/domain/entities/incident.entity.ts[0m:[93m419[0m:[93m10[0m - [91merror[0m[90m TS2339: [0mProperty 'props' does not exist on type 'Incident'.

[7m419[0m     this.props.policeReport = report;
[7m   [0m [91m         ~~~~~[0m

[96msrc/modules/drivers/domain/entities/incident.entity.ts[0m:[93m420[0m:[93m10[0m - [91merror[0m[90m TS2339: [0mProperty 'props' does not exist on type 'Incident'.

[7m420[0m     this.props.updatedAt = new Date();
[7m   [0m [91m         ~~~~~[0m

[96msrc/modules/drivers/domain/entities/incident.entity.ts[0m:[93m431[0m:[93m10[0m - [91merror[0m[90m TS2339: [0mProperty 'props' does not exist on type 'Incident'.

[7m431[0m     this.props.medicalReports.push(newReport);
[7m   [0m [91m         ~~~~~[0m

[96msrc/modules/drivers/domain/entities/incident.entity.ts[0m:[93m432[0m:[93m10[0m - [91merror[0m[90m TS2339: [0mProperty 'props' does not exist on type 'Incident'.

[7m432[0m     this.props.updatedAt = new Date();
[7m   [0m [91m         ~~~~~[0m

[96msrc/modules/drivers/domain/entities/incident.entity.ts[0m:[93m440[0m:[93m10[0m - [91merror[0m[90m TS2339: [0mProperty 'props' does not exist on type 'Incident'.

[7m440[0m     this.props.estimatedDamage = estimatedDamage;
[7m   [0m [91m         ~~~~~[0m

[96msrc/modules/drivers/domain/entities/incident.entity.ts[0m:[93m441[0m:[93m10[0m - [91merror[0m[90m TS2339: [0mProperty 'props' does not exist on type 'Incident'.

[7m441[0m     this.props.updatedAt = new Date();
[7m   [0m [91m         ~~~~~[0m

[96msrc/modules/drivers/domain/entities/incident.entity.ts[0m:[93m447[0m:[93m10[0m - [91merror[0m[90m TS2339: [0mProperty 'props' does not exist on type 'Incident'.

[7m447[0m     this.props.actualDamage = actualDamage;
[7m   [0m [91m         ~~~~~[0m

[96msrc/modules/drivers/domain/entities/incident.entity.ts[0m:[93m448[0m:[93m10[0m - [91merror[0m[90m TS2339: [0mProperty 'props' does not exist on type 'Incident'.

[7m448[0m     this.props.updatedAt = new Date();
[7m   [0m [91m         ~~~~~[0m

[96msrc/modules/drivers/domain/entities/incident.entity.ts[0m:[93m454[0m:[93m10[0m - [91merror[0m[90m TS2339: [0mProperty 'props' does not exist on type 'Incident'.

[7m454[0m     this.props.isInsuranceCovered = isCovered;
[7m   [0m [91m         ~~~~~[0m

[96msrc/modules/drivers/domain/entities/incident.entity.ts[0m:[93m455[0m:[93m10[0m - [91merror[0m[90m TS2339: [0mProperty 'props' does not exist on type 'Incident'.

[7m455[0m     this.props.updatedAt = new Date();
[7m   [0m [91m         ~~~~~[0m

[96msrc/modules/drivers/domain/entities/incident.entity.ts[0m:[93m462[0m:[93m10[0m - [91merror[0m[90m TS2339: [0mProperty 'props' does not exist on type 'Incident'.

[7m462[0m     this.props.investigationNotes = notes;
[7m   [0m [91m         ~~~~~[0m

[96msrc/modules/drivers/domain/entities/incident.entity.ts[0m:[93m463[0m:[93m10[0m - [91merror[0m[90m TS2339: [0mProperty 'props' does not exist on type 'Incident'.

[7m463[0m     this.props.updatedAt = new Date();
[7m   [0m [91m         ~~~~~[0m

[96msrc/modules/drivers/domain/entities/incident.entity.ts[0m:[93m467[0m:[93m14[0m - [91merror[0m[90m TS2339: [0mProperty 'props' does not exist on type 'Incident'.

[7m467[0m     if (this.props.status === 'resolved' || this.props.status === 'closed') {
[7m   [0m [91m             ~~~~~[0m

[96msrc/modules/drivers/domain/entities/incident.entity.ts[0m:[93m467[0m:[93m50[0m - [91merror[0m[90m TS2339: [0mProperty 'props' does not exist on type 'Incident'.

[7m467[0m     if (this.props.status === 'resolved' || this.props.status === 'closed') {
[7m   [0m [91m                                                 ~~~~~[0m

[96msrc/modules/drivers/domain/entities/incident.entity.ts[0m:[93m471[0m:[93m10[0m - [91merror[0m[90m TS2339: [0mProperty 'props' does not exist on type 'Incident'.

[7m471[0m     this.props.status = 'resolved';
[7m   [0m [91m         ~~~~~[0m

[96msrc/modules/drivers/domain/entities/incident.entity.ts[0m:[93m472[0m:[93m10[0m - [91merror[0m[90m TS2339: [0mProperty 'props' does not exist on type 'Incident'.

[7m472[0m     this.props.resolutionNotes = resolutionNotes;
[7m   [0m [91m         ~~~~~[0m

[96msrc/modules/drivers/domain/entities/incident.entity.ts[0m:[93m473[0m:[93m10[0m - [91merror[0m[90m TS2339: [0mProperty 'props' does not exist on type 'Incident'.

[7m473[0m     this.props.resolvedAt = new Date();
[7m   [0m [91m         ~~~~~[0m

[96msrc/modules/drivers/domain/entities/incident.entity.ts[0m:[93m474[0m:[93m10[0m - [91merror[0m[90m TS2339: [0mProperty 'props' does not exist on type 'Incident'.

[7m474[0m     this.props.updatedAt = new Date();
[7m   [0m [91m         ~~~~~[0m

[96msrc/modules/drivers/domain/entities/incident.entity.ts[0m:[93m476[0m:[93m58[0m - [91merror[0m[90m TS2339: [0mProperty 'props' does not exist on type 'Incident'.

[7m476[0m     this.addAction('resolved', 'Incident resolved', this.props.assignedInvestigator || 'system', resolutionNotes);
[7m   [0m [91m                                                         ~~~~~[0m

[96msrc/modules/drivers/domain/entities/incident.entity.ts[0m:[93m480[0m:[93m14[0m - [91merror[0m[90m TS2339: [0mProperty 'props' does not exist on type 'Incident'.

[7m480[0m     if (this.props.status !== 'resolved') {
[7m   [0m [91m             ~~~~~[0m

[96msrc/modules/drivers/domain/entities/incident.entity.ts[0m:[93m484[0m:[93m10[0m - [91merror[0m[90m TS2339: [0mProperty 'props' does not exist on type 'Incident'.

[7m484[0m     this.props.status = 'closed';
[7m   [0m [91m         ~~~~~[0m

[96msrc/modules/drivers/domain/entities/incident.entity.ts[0m:[93m485[0m:[93m10[0m - [91merror[0m[90m TS2339: [0mProperty 'props' does not exist on type 'Incident'.

[7m485[0m     this.props.closedAt = new Date();
[7m   [0m [91m         ~~~~~[0m

[96msrc/modules/drivers/domain/entities/incident.entity.ts[0m:[93m486[0m:[93m10[0m - [91merror[0m[90m TS2339: [0mProperty 'props' does not exist on type 'Incident'.

[7m486[0m     this.props.updatedAt = new Date();
[7m   [0m [91m         ~~~~~[0m

[96msrc/modules/drivers/domain/entities/incident.entity.ts[0m:[93m492[0m:[93m14[0m - [91merror[0m[90m TS2339: [0mProperty 'props' does not exist on type 'Incident'.

[7m492[0m     if (this.props.status === 'closed') {
[7m   [0m [91m             ~~~~~[0m

[96msrc/modules/drivers/domain/entities/incident.entity.ts[0m:[93m496[0m:[93m10[0m - [91merror[0m[90m TS2339: [0mProperty 'props' does not exist on type 'Incident'.

[7m496[0m     this.props.status = 'escalated';
[7m   [0m [91m         ~~~~~[0m

[96msrc/modules/drivers/domain/entities/incident.entity.ts[0m:[93m497[0m:[93m10[0m - [91merror[0m[90m TS2339: [0mProperty 'props' does not exist on type 'Incident'.

[7m497[0m     this.props.priority = Math.min(this.props.priority + 2, 10);
[7m   [0m [91m         ~~~~~[0m

[96msrc/modules/drivers/domain/entities/incident.entity.ts[0m:[93m497[0m:[93m41[0m - [91merror[0m[90m TS2339: [0mProperty 'props' does not exist on type 'Incident'.

[7m497[0m     this.props.priority = Math.min(this.props.priority + 2, 10);
[7m   [0m [91m                                        ~~~~~[0m

[96msrc/modules/drivers/domain/entities/incident.entity.ts[0m:[93m498[0m:[93m10[0m - [91merror[0m[90m TS2339: [0mProperty 'props' does not exist on type 'Incident'.

[7m498[0m     this.props.updatedAt = new Date();
[7m   [0m [91m         ~~~~~[0m

[96msrc/modules/drivers/domain/entities/incident.entity.ts[0m:[93m504[0m:[93m46[0m - [91merror[0m[90m TS2339: [0mProperty 'props' does not exist on type 'Incident'.

[7m504[0m     const newTags = tags.filter(tag => !this.props.tags.includes(tag));
[7m   [0m [91m                                             ~~~~~[0m

[96msrc/modules/drivers/domain/entities/incident.entity.ts[0m:[93m505[0m:[93m10[0m - [91merror[0m[90m TS2339: [0mProperty 'props' does not exist on type 'Incident'.

[7m505[0m     this.props.tags.push(...newTags);
[7m   [0m [91m         ~~~~~[0m

[96msrc/modules/drivers/domain/entities/incident.entity.ts[0m:[93m506[0m:[93m10[0m - [91merror[0m[90m TS2339: [0mProperty 'props' does not exist on type 'Incident'.

[7m506[0m     this.props.updatedAt = new Date();
[7m   [0m [91m         ~~~~~[0m

[96msrc/modules/drivers/domain/entities/incident.entity.ts[0m:[93m510[0m:[93m10[0m - [91merror[0m[90m TS2339: [0mProperty 'props' does not exist on type 'Incident'.

[7m510[0m     this.props.tags = this.props.tags.filter(tag => !tags.includes(tag));
[7m   [0m [91m         ~~~~~[0m

[96msrc/modules/drivers/domain/entities/incident.entity.ts[0m:[93m510[0m:[93m28[0m - [91merror[0m[90m TS2339: [0mProperty 'props' does not exist on type 'Incident'.

[7m510[0m     this.props.tags = this.props.tags.filter(tag => !tags.includes(tag));
[7m   [0m [91m                           ~~~~~[0m

[96msrc/modules/drivers/domain/entities/incident.entity.ts[0m:[93m511[0m:[93m10[0m - [91merror[0m[90m TS2339: [0mProperty 'props' does not exist on type 'Incident'.

[7m511[0m     this.props.updatedAt = new Date();
[7m   [0m [91m         ~~~~~[0m

[96msrc/modules/drivers/domain/entities/incident.entity.ts[0m:[93m515[0m:[93m10[0m - [91merror[0m[90m TS2339: [0mProperty 'props' does not exist on type 'Incident'.

[7m515[0m     this.props.followUpRequired = required;
[7m   [0m [91m         ~~~~~[0m

[96msrc/modules/drivers/domain/entities/incident.entity.ts[0m:[93m516[0m:[93m10[0m - [91merror[0m[90m TS2339: [0mProperty 'props' does not exist on type 'Incident'.

[7m516[0m     this.props.followUpDate = date;
[7m   [0m [91m         ~~~~~[0m

[96msrc/modules/drivers/domain/entities/incident.entity.ts[0m:[93m517[0m:[93m10[0m - [91merror[0m[90m TS2339: [0mProperty 'props' does not exist on type 'Incident'.

[7m517[0m     this.props.updatedAt = new Date();
[7m   [0m [91m         ~~~~~[0m

[96msrc/modules/drivers/domain/entities/incident.entity.ts[0m:[93m523[0m:[93m50[0m - [91merror[0m[90m TS2339: [0mProperty 'props' does not exist on type 'Incident'.

[7m523[0m     return !['resolved', 'closed'].includes(this.props.status);
[7m   [0m [91m                                                 ~~~~~[0m

[96msrc/modules/drivers/domain/entities/incident.entity.ts[0m:[93m527[0m:[93m17[0m - [91merror[0m[90m TS2339: [0mProperty 'props' does not exist on type 'Incident'.

[7m527[0m     return this.props.status === 'closed';
[7m   [0m [91m                ~~~~~[0m

[96msrc/modules/drivers/domain/entities/incident.entity.ts[0m:[93m531[0m:[93m17[0m - [91merror[0m[90m TS2339: [0mProperty 'props' does not exist on type 'Incident'.

[7m531[0m     return this.props.status === 'resolved';
[7m   [0m [91m                ~~~~~[0m

[96msrc/modules/drivers/domain/entities/incident.entity.ts[0m:[93m535[0m:[93m17[0m - [91merror[0m[90m TS2339: [0mProperty 'props' does not exist on type 'Incident'.

[7m535[0m     return this.props.status === 'escalated';
[7m   [0m [91m                ~~~~~[0m

[96msrc/modules/drivers/domain/entities/incident.entity.ts[0m:[93m539[0m:[93m17[0m - [91merror[0m[90m TS2339: [0mProperty 'props' does not exist on type 'Incident'.

[7m539[0m     return this.props.severity === 'critical' || this.props.priority >= 9;
[7m   [0m [91m                ~~~~~[0m

[96msrc/modules/drivers/domain/entities/incident.entity.ts[0m:[93m539[0m:[93m55[0m - [91merror[0m[90m TS2339: [0mProperty 'props' does not exist on type 'Incident'.

[7m539[0m     return this.props.severity === 'critical' || this.props.priority >= 9;
[7m   [0m [91m                                                      ~~~~~[0m

[96msrc/modules/drivers/domain/entities/incident.entity.ts[0m:[93m543[0m:[93m19[0m - [91merror[0m[90m TS2339: [0mProperty 'props' does not exist on type 'Incident'.

[7m543[0m     return !!this.props.policeReport;
[7m   [0m [91m                  ~~~~~[0m

[96msrc/modules/drivers/domain/entities/incident.entity.ts[0m:[93m547[0m:[93m17[0m - [91merror[0m[90m TS2339: [0mProperty 'props' does not exist on type 'Incident'.

[7m547[0m     return this.props.medicalReports.length > 0;
[7m   [0m [91m                ~~~~~[0m

[96msrc/modules/drivers/domain/entities/incident.entity.ts[0m:[93m551[0m:[93m17[0m - [91merror[0m[90m TS2339: [0mProperty 'props' does not exist on type 'Incident'.

[7m551[0m     return this.props.insuranceClaims.length > 0;
[7m   [0m [91m                ~~~~~[0m

[96msrc/modules/drivers/domain/entities/incident.entity.ts[0m:[93m555[0m:[93m26[0m - [91merror[0m[90m TS2339: [0mProperty 'props' does not exist on type 'Incident'.

[7m555[0m     const endDate = this.props.closedAt || new Date();
[7m   [0m [91m                         ~~~~~[0m

[96msrc/modules/drivers/domain/entities/incident.entity.ts[0m:[93m556[0m:[93m45[0m - [91merror[0m[90m TS2339: [0mProperty 'props' does not exist on type 'Incident'.

[7m556[0m     const diffMs = endDate.getTime() - this.props.reportedAt.getTime();
[7m   [0m [91m                                            ~~~~~[0m

[96msrc/modules/drivers/domain/entities/incident.entity.ts[0m:[93m561[0m:[93m15[0m - [91merror[0m[90m TS2339: [0mProperty 'props' does not exist on type 'Incident'.

[7m561[0m     if (!this.props.resolvedAt) return null;
[7m   [0m [91m              ~~~~~[0m

[96msrc/modules/drivers/domain/entities/incident.entity.ts[0m:[93m563[0m:[93m25[0m - [91merror[0m[90m TS2339: [0mProperty 'props' does not exist on type 'Incident'.

[7m563[0m     const diffMs = this.props.resolvedAt.getTime() - this.props.reportedAt.getTime();
[7m   [0m [91m                        ~~~~~[0m

[96msrc/modules/drivers/domain/entities/incident.entity.ts[0m:[93m563[0m:[93m59[0m - [91merror[0m[90m TS2339: [0mProperty 'props' does not exist on type 'Incident'.

[7m563[0m     const diffMs = this.props.resolvedAt.getTime() - this.props.reportedAt.getTime();
[7m   [0m [91m                                                          ~~~~~[0m

[96msrc/modules/drivers/domain/entities/incident.entity.ts[0m:[93m568[0m:[93m17[0m - [91merror[0m[90m TS2339: [0mProperty 'props' does not exist on type 'Incident'.

[7m568[0m     return this.props.actualDamage || this.props.estimatedDamage || 0;
[7m   [0m [91m                ~~~~~[0m

[96msrc/modules/drivers/domain/entities/incident.entity.ts[0m:[93m568[0m:[93m44[0m - [91merror[0m[90m TS2339: [0mProperty 'props' does not exist on type 'Incident'.

[7m568[0m     return this.props.actualDamage || this.props.estimatedDamage || 0;
[7m   [0m [91m                                           ~~~~~[0m

[96msrc/modules/drivers/domain/entities/incident.entity.ts[0m:[93m572[0m:[93m17[0m - [91merror[0m[90m TS2339: [0mProperty 'props' does not exist on type 'Incident'.

[7m572[0m     return this.props.insuranceClaims
[7m   [0m [91m                ~~~~~[0m

[96msrc/modules/drivers/domain/entities/incident.entity.ts[0m:[93m578[0m:[93m17[0m - [91merror[0m[90m TS2339: [0mProperty 'props' does not exist on type 'Incident'.

[7m578[0m     return this.props.medicalReports
[7m   [0m [91m                ~~~~~[0m

[96msrc/modules/drivers/domain/entities/incident.entity.ts[0m:[93m583[0m:[93m17[0m - [91merror[0m[90m TS2339: [0mProperty 'props' does not exist on type 'Incident'.

[7m583[0m     return this.props.evidence.filter(e => e.type === type);
[7m   [0m [91m                ~~~~~[0m

[96msrc/modules/drivers/domain/entities/incident.entity.ts[0m:[93m587[0m:[93m17[0m - [91merror[0m[90m TS2339: [0mProperty 'props' does not exist on type 'Incident'.

[7m587[0m     return this.props.actions.filter(a => a.type === type);
[7m   [0m [91m                ~~~~~[0m

[96msrc/modules/drivers/domain/entities/incident.entity.ts[0m:[93m591[0m:[93m17[0m - [91merror[0m[90m TS2339: [0mProperty 'props' does not exist on type 'Incident'.

[7m591[0m     return this.props.parties.filter(p => p.type === type);
[7m   [0m [91m                ~~~~~[0m

[96msrc/modules/drivers/domain/entities/incident.entity.ts[0m:[93m595[0m:[93m15[0m - [91merror[0m[90m TS2339: [0mProperty 'props' does not exist on type 'Incident'.

[7m595[0m     if (!this.props.followUpRequired || !this.props.followUpDate) return false;
[7m   [0m [91m              ~~~~~[0m

[96msrc/modules/drivers/domain/entities/incident.entity.ts[0m:[93m595[0m:[93m47[0m - [91merror[0m[90m TS2339: [0mProperty 'props' does not exist on type 'Incident'.

[7m595[0m     if (!this.props.followUpRequired || !this.props.followUpDate) return false;
[7m   [0m [91m                                              ~~~~~[0m

[96msrc/modules/drivers/domain/entities/incident.entity.ts[0m:[93m596[0m:[93m30[0m - [91merror[0m[90m TS2339: [0mProperty 'props' does not exist on type 'Incident'.

[7m596[0m     return new Date() > this.props.followUpDate;
[7m   [0m [91m                             ~~~~~[0m

[96msrc/modules/drivers/domain/entities/incident.entity.ts[0m:[93m600[0m:[93m15[0m - [91merror[0m[90m TS2339: [0mProperty 'props' does not exist on type 'Incident'.

[7m600[0m     if (!this.props.followUpRequired || !this.props.followUpDate) return null;
[7m   [0m [91m              ~~~~~[0m

[96msrc/modules/drivers/domain/entities/incident.entity.ts[0m:[93m600[0m:[93m47[0m - [91merror[0m[90m TS2339: [0mProperty 'props' does not exist on type 'Incident'.

[7m600[0m     if (!this.props.followUpRequired || !this.props.followUpDate) return null;
[7m   [0m [91m                                              ~~~~~[0m

[96msrc/modules/drivers/domain/entities/incident.entity.ts[0m:[93m602[0m:[93m25[0m - [91merror[0m[90m TS2339: [0mProperty 'props' does not exist on type 'Incident'.

[7m602[0m     const diffMs = this.props.followUpDate.getTime() - Date.now();
[7m   [0m [91m                        ~~~~~[0m

[96msrc/modules/drivers/domain/entities/incident.entity.ts[0m:[93m609[0m:[93m22[0m - [91merror[0m[90m TS2339: [0mProperty 'props' does not exist on type 'Incident'.

[7m609[0m       currency: this.props.currency,
[7m   [0m [91m                     ~~~~~[0m

[96msrc/modules/drivers/domain/entities/incident.entity.ts[0m:[93m627[0m:[93m25[0m - [91merror[0m[90m TS2339: [0mProperty 'props' does not exist on type 'Incident'.

[7m627[0m     return typeMap[this.props.type];
[7m   [0m [91m                        ~~~~~[0m

[96msrc/modules/drivers/domain/entities/incident.entity.ts[0m:[93m638[0m:[93m29[0m - [91merror[0m[90m TS2339: [0mProperty 'props' does not exist on type 'Incident'.

[7m638[0m     return severityMap[this.props.severity];
[7m   [0m [91m                            ~~~~~[0m

[96msrc/modules/drivers/domain/entities/incident.entity.ts[0m:[93m650[0m:[93m27[0m - [91merror[0m[90m TS2339: [0mProperty 'props' does not exist on type 'Incident'.

[7m650[0m     return statusMap[this.props.status];
[7m   [0m [91m                          ~~~~~[0m

[96msrc/modules/drivers/domain/entities/incident.entity.ts[0m:[93m655[0m:[93m16[0m - [91merror[0m[90m TS2339: [0mProperty '_id' does not exist on type 'Incident'.

[7m655[0m       id: this._id.toString(),
[7m   [0m [91m               ~~~[0m

[96msrc/modules/drivers/domain/entities/incident.entity.ts[0m:[93m656[0m:[93m21[0m - [91merror[0m[90m TS2339: [0mProperty 'props' does not exist on type 'Incident'.

[7m656[0m       riderId: this.props.riderId,
[7m   [0m [91m                    ~~~~~[0m

[96msrc/modules/drivers/domain/entities/incident.entity.ts[0m:[93m657[0m:[93m21[0m - [91merror[0m[90m TS2339: [0mProperty 'props' does not exist on type 'Incident'.

[7m657[0m       orderId: this.props.orderId,
[7m   [0m [91m                    ~~~~~[0m

[96msrc/modules/drivers/domain/entities/incident.entity.ts[0m:[93m658[0m:[93m21[0m - [91merror[0m[90m TS2339: [0mProperty 'props' does not exist on type 'Incident'.

[7m658[0m       shiftId: this.props.shiftId,
[7m   [0m [91m                    ~~~~~[0m

[96msrc/modules/drivers/domain/entities/incident.entity.ts[0m:[93m659[0m:[93m18[0m - [91merror[0m[90m TS2339: [0mProperty 'props' does not exist on type 'Incident'.

[7m659[0m       type: this.props.type,
[7m   [0m [91m                 ~~~~~[0m

[96msrc/modules/drivers/domain/entities/incident.entity.ts[0m:[93m661[0m:[93m22[0m - [91merror[0m[90m TS2339: [0mProperty 'props' does not exist on type 'Incident'.

[7m661[0m       severity: this.props.severity,
[7m   [0m [91m                     ~~~~~[0m

[96msrc/modules/drivers/domain/entities/incident.entity.ts[0m:[93m663[0m:[93m20[0m - [91merror[0m[90m TS2339: [0mProperty 'props' does not exist on type 'Incident'.

[7m663[0m       status: this.props.status,
[7m   [0m [91m                   ~~~~~[0m

[96msrc/modules/drivers/domain/entities/incident.entity.ts[0m:[93m665[0m:[93m19[0m - [91merror[0m[90m TS2339: [0mProperty 'props' does not exist on type 'Incident'.

[7m665[0m       title: this.props.title,
[7m   [0m [91m                  ~~~~~[0m

[96msrc/modules/drivers/domain/entities/incident.entity.ts[0m:[93m666[0m:[93m25[0m - [91merror[0m[90m TS2339: [0mProperty 'props' does not exist on type 'Incident'.

[7m666[0m       description: this.props.description,
[7m   [0m [91m                        ~~~~~[0m

[96msrc/modules/drivers/domain/entities/incident.entity.ts[0m:[93m667[0m:[93m22[0m - [91merror[0m[90m TS2339: [0mProperty 'props' does not exist on type 'Incident'.

[7m667[0m       location: this.props.location.toJSON(),
[7m   [0m [91m                     ~~~~~[0m

[96msrc/modules/drivers/domain/entities/incident.entity.ts[0m:[93m668[0m:[93m24[0m - [91merror[0m[90m TS2339: [0mProperty 'props' does not exist on type 'Incident'.

[7m668[0m       occurredAt: this.props.occurredAt,
[7m   [0m [91m                       ~~~~~[0m

[96msrc/modules/drivers/domain/entities/incident.entity.ts[0m:[93m669[0m:[93m24[0m - [91merror[0m[90m TS2339: [0mProperty 'props' does not exist on type 'Incident'.

[7m669[0m       reportedAt: this.props.reportedAt,
[7m   [0m [91m                       ~~~~~[0m

[96msrc/modules/drivers/domain/entities/incident.entity.ts[0m:[93m670[0m:[93m24[0m - [91merror[0m[90m TS2339: [0mProperty 'props' does not exist on type 'Incident'.

[7m670[0m       reportedBy: this.props.reportedBy,
[7m   [0m [91m                       ~~~~~[0m

[96msrc/modules/drivers/domain/entities/incident.entity.ts[0m:[93m671[0m:[93m21[0m - [91merror[0m[90m TS2339: [0mProperty 'props' does not exist on type 'Incident'.

[7m671[0m       parties: this.props.parties,
[7m   [0m [91m                    ~~~~~[0m

[96msrc/modules/drivers/domain/entities/incident.entity.ts[0m:[93m672[0m:[93m22[0m - [91merror[0m[90m TS2339: [0mProperty 'props' does not exist on type 'Incident'.

[7m672[0m       evidence: this.props.evidence,
[7m   [0m [91m                     ~~~~~[0m

[96msrc/modules/drivers/domain/entities/incident.entity.ts[0m:[93m673[0m:[93m21[0m - [91merror[0m[90m TS2339: [0mProperty 'props' does not exist on type 'Incident'.

[7m673[0m       actions: this.props.actions.sort((a, b) => b.performedAt.getTime() - a.performedAt.getTime()),
[7m   [0m [91m                    ~~~~~[0m

[96msrc/modules/drivers/domain/entities/incident.entity.ts[0m:[93m674[0m:[93m29[0m - [91merror[0m[90m TS2339: [0mProperty 'props' does not exist on type 'Incident'.

[7m674[0m       insuranceClaims: this.props.insuranceClaims,
[7m   [0m [91m                            ~~~~~[0m

[96msrc/modules/drivers/domain/entities/incident.entity.ts[0m:[93m675[0m:[93m26[0m - [91merror[0m[90m TS2339: [0mProperty 'props' does not exist on type 'Incident'.

[7m675[0m       policeReport: this.props.policeReport,
[7m   [0m [91m                         ~~~~~[0m

[96msrc/modules/drivers/domain/entities/incident.entity.ts[0m:[93m676[0m:[93m28[0m - [91merror[0m[90m TS2339: [0mProperty 'props' does not exist on type 'Incident'.

[7m676[0m       medicalReports: this.props.medicalReports,
[7m   [0m [91m                           ~~~~~[0m

[96msrc/modules/drivers/domain/entities/incident.entity.ts[0m:[93m677[0m:[93m29[0m - [91merror[0m[90m TS2339: [0mProperty 'props' does not exist on type 'Incident'.

[7m677[0m       estimatedDamage: this.props.estimatedDamage,
[7m   [0m [91m                            ~~~~~[0m

[96msrc/modules/drivers/domain/entities/incident.entity.ts[0m:[93m678[0m:[93m26[0m - [91merror[0m[90m TS2339: [0mProperty 'props' does not exist on type 'Incident'.

[7m678[0m       actualDamage: this.props.actualDamage,
[7m   [0m [91m                         ~~~~~[0m

[96msrc/modules/drivers/domain/entities/incident.entity.ts[0m:[93m681[0m:[93m32[0m - [91merror[0m[90m TS2339: [0mProperty 'props' does not exist on type 'Incident'.

[7m681[0m       isInsuranceCovered: this.props.isInsuranceCovered,
[7m   [0m [91m                               ~~~~~[0m

[96msrc/modules/drivers/domain/entities/incident.entity.ts[0m:[93m682[0m:[93m34[0m - [91merror[0m[90m TS2339: [0mProperty 'props' does not exist on type 'Incident'.

[7m682[0m       requiresPoliceReport: this.props.requiresPoliceReport,
[7m   [0m [91m                                 ~~~~~[0m

[96msrc/modules/drivers/domain/entities/incident.entity.ts[0m:[93m683[0m:[93m38[0m - [91merror[0m[90m TS2339: [0mProperty 'props' does not exist on type 'Incident'.

[7m683[0m       requiresMedicalAttention: this.props.requiresMedicalAttention,
[7m   [0m [91m                                     ~~~~~[0m

[96msrc/modules/drivers/domain/entities/incident.entity.ts[0m:[93m684[0m:[93m34[0m - [91merror[0m[90m TS2339: [0mProperty 'props' does not exist on type 'Incident'.

[7m684[0m       assignedInvestigator: this.props.assignedInvestigator,
[7m   [0m [91m                                 ~~~~~[0m

[96msrc/modules/drivers/domain/entities/incident.entity.ts[0m:[93m685[0m:[93m32[0m - [91merror[0m[90m TS2339: [0mProperty 'props' does not exist on type 'Incident'.

[7m685[0m       investigationNotes: this.props.investigationNotes,
[7m   [0m [91m                               ~~~~~[0m

[96msrc/modules/drivers/domain/entities/incident.entity.ts[0m:[93m686[0m:[93m29[0m - [91merror[0m[90m TS2339: [0mProperty 'props' does not exist on type 'Incident'.

[7m686[0m       resolutionNotes: this.props.resolutionNotes,
[7m   [0m [91m                            ~~~~~[0m

[96msrc/modules/drivers/domain/entities/incident.entity.ts[0m:[93m687[0m:[93m24[0m - [91merror[0m[90m TS2339: [0mProperty 'props' does not exist on type 'Incident'.

[7m687[0m       resolvedAt: this.props.resolvedAt,
[7m   [0m [91m                       ~~~~~[0m

[96msrc/modules/drivers/domain/entities/incident.entity.ts[0m:[93m688[0m:[93m22[0m - [91merror[0m[90m TS2339: [0mProperty 'props' does not exist on type 'Incident'.

[7m688[0m       closedAt: this.props.closedAt,
[7m   [0m [91m                     ~~~~~[0m

[96msrc/modules/drivers/domain/entities/incident.entity.ts[0m:[93m689[0m:[93m22[0m - [91merror[0m[90m TS2339: [0mProperty 'props' does not exist on type 'Incident'.

[7m689[0m       currency: this.props.currency,
[7m   [0m [91m                     ~~~~~[0m

[96msrc/modules/drivers/domain/entities/incident.entity.ts[0m:[93m690[0m:[93m18[0m - [91merror[0m[90m TS2339: [0mProperty 'props' does not exist on type 'Incident'.

[7m690[0m       tags: this.props.tags,
[7m   [0m [91m                 ~~~~~[0m

[96msrc/modules/drivers/domain/entities/incident.entity.ts[0m:[93m691[0m:[93m22[0m - [91merror[0m[90m TS2339: [0mProperty 'props' does not exist on type 'Incident'.

[7m691[0m       priority: this.props.priority,
[7m   [0m [91m                     ~~~~~[0m

[96msrc/modules/drivers/domain/entities/incident.entity.ts[0m:[93m692[0m:[93m30[0m - [91merror[0m[90m TS2339: [0mProperty 'props' does not exist on type 'Incident'.

[7m692[0m       followUpRequired: this.props.followUpRequired,
[7m   [0m [91m                             ~~~~~[0m

[96msrc/modules/drivers/domain/entities/incident.entity.ts[0m:[93m693[0m:[93m26[0m - [91merror[0m[90m TS2339: [0mProperty 'props' does not exist on type 'Incident'.

[7m693[0m       followUpDate: this.props.followUpDate,
[7m   [0m [91m                         ~~~~~[0m

[96msrc/modules/drivers/domain/entities/incident.entity.ts[0m:[93m710[0m:[93m23[0m - [91merror[0m[90m TS2339: [0mProperty 'props' does not exist on type 'Incident'.

[7m710[0m       createdAt: this.props.createdAt,
[7m   [0m [91m                      ~~~~~[0m

[96msrc/modules/drivers/domain/entities/incident.entity.ts[0m:[93m711[0m:[93m23[0m - [91merror[0m[90m TS2339: [0mProperty 'props' does not exist on type 'Incident'.

[7m711[0m       updatedAt: this.props.updatedAt,
[7m   [0m [91m                      ~~~~~[0m

[96msrc/modules/drivers/domain/entities/rider-order.entity.ts[0m:[93m1[0m:[93m24[0m - [91merror[0m[90m TS2307: [0mCannot find module '../../../common/domain/entity' or its corresponding type declarations.

[7m1[0m import { Entity } from '../../../common/domain/entity';
[7m [0m [91m                       ~~~~~~~~~~~~~~~~~~~~~~~~~~~~~~~[0m

[96msrc/modules/drivers/domain/entities/rider-order.entity.ts[0m:[93m2[0m:[93m32[0m - [91merror[0m[90m TS2307: [0mCannot find module '../../../common/domain/unique-entity-id' or its corresponding type declarations.

[7m2[0m import { UniqueEntityID } from '../../../common/domain/unique-entity-id';
[7m [0m [91m                               ~~~~~~~~~~~~~~~~~~~~~~~~~~~~~~~~~~~~~~~~~[0m

[96msrc/modules/drivers/domain/entities/rider-order.entity.ts[0m:[93m92[0m:[93m17[0m - [91merror[0m[90m TS2339: [0mProperty '_id' does not exist on type 'RiderOrder'.

[7m92[0m     return this._id;
[7m  [0m [91m                ~~~[0m

[96msrc/modules/drivers/domain/entities/rider-order.entity.ts[0m:[93m96[0m:[93m17[0m - [91merror[0m[90m TS2339: [0mProperty 'props' does not exist on type 'RiderOrder'.

[7m96[0m     return this.props.orderId;
[7m  [0m [91m                ~~~~~[0m

[96msrc/modules/drivers/domain/entities/rider-order.entity.ts[0m:[93m100[0m:[93m17[0m - [91merror[0m[90m TS2339: [0mProperty 'props' does not exist on type 'RiderOrder'.

[7m100[0m     return this.props.riderId;
[7m   [0m [91m                ~~~~~[0m

[96msrc/modules/drivers/domain/entities/rider-order.entity.ts[0m:[93m104[0m:[93m17[0m - [91merror[0m[90m TS2339: [0mProperty 'props' does not exist on type 'RiderOrder'.

[7m104[0m     return this.props.shiftId;
[7m   [0m [91m                ~~~~~[0m

[96msrc/modules/drivers/domain/entities/rider-order.entity.ts[0m:[93m108[0m:[93m17[0m - [91merror[0m[90m TS2339: [0mProperty 'props' does not exist on type 'RiderOrder'.

[7m108[0m     return this.props.customerId;
[7m   [0m [91m                ~~~~~[0m

[96msrc/modules/drivers/domain/entities/rider-order.entity.ts[0m:[93m112[0m:[93m17[0m - [91merror[0m[90m TS2339: [0mProperty 'props' does not exist on type 'RiderOrder'.

[7m112[0m     return this.props.restaurantId;
[7m   [0m [91m                ~~~~~[0m

[96msrc/modules/drivers/domain/entities/rider-order.entity.ts[0m:[93m116[0m:[93m17[0m - [91merror[0m[90m TS2339: [0mProperty 'props' does not exist on type 'RiderOrder'.

[7m116[0m     return this.props.orderType;
[7m   [0m [91m                ~~~~~[0m

[96msrc/modules/drivers/domain/entities/rider-order.entity.ts[0m:[93m120[0m:[93m17[0m - [91merror[0m[90m TS2339: [0mProperty 'props' does not exist on type 'RiderOrder'.

[7m120[0m     return this.props.status;
[7m   [0m [91m                ~~~~~[0m

[96msrc/modules/drivers/domain/entities/rider-order.entity.ts[0m:[93m124[0m:[93m17[0m - [91merror[0m[90m TS2339: [0mProperty 'props' does not exist on type 'RiderOrder'.

[7m124[0m     return this.props.items;
[7m   [0m [91m                ~~~~~[0m

[96msrc/modules/drivers/domain/entities/rider-order.entity.ts[0m:[93m128[0m:[93m17[0m - [91merror[0m[90m TS2339: [0mProperty 'props' does not exist on type 'RiderOrder'.

[7m128[0m     return this.props.pickupAddress;
[7m   [0m [91m                ~~~~~[0m

[96msrc/modules/drivers/domain/entities/rider-order.entity.ts[0m:[93m132[0m:[93m17[0m - [91merror[0m[90m TS2339: [0mProperty 'props' does not exist on type 'RiderOrder'.

[7m132[0m     return this.props.deliveryAddress;
[7m   [0m [91m                ~~~~~[0m

[96msrc/modules/drivers/domain/entities/rider-order.entity.ts[0m:[93m136[0m:[93m17[0m - [91merror[0m[90m TS2339: [0mProperty 'props' does not exist on type 'RiderOrder'.

[7m136[0m     return this.props.estimatedPickupTime;
[7m   [0m [91m                ~~~~~[0m

[96msrc/modules/drivers/domain/entities/rider-order.entity.ts[0m:[93m140[0m:[93m17[0m - [91merror[0m[90m TS2339: [0mProperty 'props' does not exist on type 'RiderOrder'.

[7m140[0m     return this.props.estimatedDeliveryTime;
[7m   [0m [91m                ~~~~~[0m

[96msrc/modules/drivers/domain/entities/rider-order.entity.ts[0m:[93m144[0m:[93m17[0m - [91merror[0m[90m TS2339: [0mProperty 'props' does not exist on type 'RiderOrder'.

[7m144[0m     return this.props.actualPickupTime;
[7m   [0m [91m                ~~~~~[0m

[96msrc/modules/drivers/domain/entities/rider-order.entity.ts[0m:[93m148[0m:[93m17[0m - [91merror[0m[90m TS2339: [0mProperty 'props' does not exist on type 'RiderOrder'.

[7m148[0m     return this.props.actualDeliveryTime;
[7m   [0m [91m                ~~~~~[0m

[96msrc/modules/drivers/domain/entities/rider-order.entity.ts[0m:[93m152[0m:[93m17[0m - [91merror[0m[90m TS2339: [0mProperty 'props' does not exist on type 'RiderOrder'.

[7m152[0m     return this.props.distance;
[7m   [0m [91m                ~~~~~[0m

[96msrc/modules/drivers/domain/entities/rider-order.entity.ts[0m:[93m156[0m:[93m17[0m - [91merror[0m[90m TS2339: [0mProperty 'props' does not exist on type 'RiderOrder'.

[7m156[0m     return this.props.baseFare;
[7m   [0m [91m                ~~~~~[0m

[96msrc/modules/drivers/domain/entities/rider-order.entity.ts[0m:[93m160[0m:[93m17[0m - [91merror[0m[90m TS2339: [0mProperty 'props' does not exist on type 'RiderOrder'.

[7m160[0m     return this.props.deliveryFee;
[7m   [0m [91m                ~~~~~[0m

[96msrc/modules/drivers/domain/entities/rider-order.entity.ts[0m:[93m164[0m:[93m17[0m - [91merror[0m[90m TS2339: [0mProperty 'props' does not exist on type 'RiderOrder'.

[7m164[0m     return this.props.tip;
[7m   [0m [91m                ~~~~~[0m

[96msrc/modules/drivers/domain/entities/rider-order.entity.ts[0m:[93m168[0m:[93m17[0m - [91merror[0m[90m TS2339: [0mProperty 'props' does not exist on type 'RiderOrder'.

[7m168[0m     return this.props.totalEarnings;
[7m   [0m [91m                ~~~~~[0m

[96msrc/modules/drivers/domain/entities/rider-order.entity.ts[0m:[93m172[0m:[93m17[0m - [91merror[0m[90m TS2339: [0mProperty 'props' does not exist on type 'RiderOrder'.

[7m172[0m     return this.props.currency;
[7m   [0m [91m                ~~~~~[0m

[96msrc/modules/drivers/domain/entities/rider-order.entity.ts[0m:[93m176[0m:[93m17[0m - [91merror[0m[90m TS2339: [0mProperty 'props' does not exist on type 'RiderOrder'.

[7m176[0m     return this.props.paymentMethod;
[7m   [0m [91m                ~~~~~[0m

[96msrc/modules/drivers/domain/entities/rider-order.entity.ts[0m:[93m180[0m:[93m17[0m - [91merror[0m[90m TS2339: [0mProperty 'props' does not exist on type 'RiderOrder'.

[7m180[0m     return this.props.isPaid;
[7m   [0m [91m                ~~~~~[0m

[96msrc/modules/drivers/domain/entities/rider-order.entity.ts[0m:[93m184[0m:[93m17[0m - [91merror[0m[90m TS2339: [0mProperty 'props' does not exist on type 'RiderOrder'.

[7m184[0m     return this.props.timeline;
[7m   [0m [91m                ~~~~~[0m

[96msrc/modules/drivers/domain/entities/rider-order.entity.ts[0m:[93m188[0m:[93m17[0m - [91merror[0m[90m TS2339: [0mProperty 'props' does not exist on type 'RiderOrder'.

[7m188[0m     return this.props.specialInstructions;
[7m   [0m [91m                ~~~~~[0m

[96msrc/modules/drivers/domain/entities/rider-order.entity.ts[0m:[93m192[0m:[93m17[0m - [91merror[0m[90m TS2339: [0mProperty 'props' does not exist on type 'RiderOrder'.

[7m192[0m     return this.props.customerNotes;
[7m   [0m [91m                ~~~~~[0m

[96msrc/modules/drivers/domain/entities/rider-order.entity.ts[0m:[93m196[0m:[93m17[0m - [91merror[0m[90m TS2339: [0mProperty 'props' does not exist on type 'RiderOrder'.

[7m196[0m     return this.props.riderNotes;
[7m   [0m [91m                ~~~~~[0m

[96msrc/modules/drivers/domain/entities/rider-order.entity.ts[0m:[93m200[0m:[93m17[0m - [91merror[0m[90m TS2339: [0mProperty 'props' does not exist on type 'RiderOrder'.

[7m200[0m     return this.props.cancellationReason;
[7m   [0m [91m                ~~~~~[0m

[96msrc/modules/drivers/domain/entities/rider-order.entity.ts[0m:[93m204[0m:[93m17[0m - [91merror[0m[90m TS2339: [0mProperty 'props' does not exist on type 'RiderOrder'.

[7m204[0m     return this.props.cancellationNotes;
[7m   [0m [91m                ~~~~~[0m

[96msrc/modules/drivers/domain/entities/rider-order.entity.ts[0m:[93m208[0m:[93m17[0m - [91merror[0m[90m TS2339: [0mProperty 'props' does not exist on type 'RiderOrder'.

[7m208[0m     return this.props.rating;
[7m   [0m [91m                ~~~~~[0m

[96msrc/modules/drivers/domain/entities/rider-order.entity.ts[0m:[93m212[0m:[93m17[0m - [91merror[0m[90m TS2339: [0mProperty 'props' does not exist on type 'RiderOrder'.

[7m212[0m     return this.props.feedback;
[7m   [0m [91m                ~~~~~[0m

[96msrc/modules/drivers/domain/entities/rider-order.entity.ts[0m:[93m216[0m:[93m17[0m - [91merror[0m[90m TS2339: [0mProperty 'props' does not exist on type 'RiderOrder'.

[7m216[0m     return this.props.proofOfDelivery;
[7m   [0m [91m                ~~~~~[0m

[96msrc/modules/drivers/domain/entities/rider-order.entity.ts[0m:[93m220[0m:[93m17[0m - [91merror[0m[90m TS2339: [0mProperty 'props' does not exist on type 'RiderOrder'.

[7m220[0m     return this.props.assignedAt;
[7m   [0m [91m                ~~~~~[0m

[96msrc/modules/drivers/domain/entities/rider-order.entity.ts[0m:[93m224[0m:[93m17[0m - [91merror[0m[90m TS2339: [0mProperty 'props' does not exist on type 'RiderOrder'.

[7m224[0m     return this.props.acceptedAt;
[7m   [0m [91m                ~~~~~[0m

[96msrc/modules/drivers/domain/entities/rider-order.entity.ts[0m:[93m228[0m:[93m17[0m - [91merror[0m[90m TS2339: [0mProperty 'props' does not exist on type 'RiderOrder'.

[7m228[0m     return this.props.pickedUpAt;
[7m   [0m [91m                ~~~~~[0m

[96msrc/modules/drivers/domain/entities/rider-order.entity.ts[0m:[93m232[0m:[93m17[0m - [91merror[0m[90m TS2339: [0mProperty 'props' does not exist on type 'RiderOrder'.

[7m232[0m     return this.props.deliveredAt;
[7m   [0m [91m                ~~~~~[0m

[96msrc/modules/drivers/domain/entities/rider-order.entity.ts[0m:[93m236[0m:[93m17[0m - [91merror[0m[90m TS2339: [0mProperty 'props' does not exist on type 'RiderOrder'.

[7m236[0m     return this.props.cancelledAt;
[7m   [0m [91m                ~~~~~[0m

[96msrc/modules/drivers/domain/entities/rider-order.entity.ts[0m:[93m240[0m:[93m17[0m - [91merror[0m[90m TS2339: [0mProperty 'props' does not exist on type 'RiderOrder'.

[7m240[0m     return this.props.createdAt;
[7m   [0m [91m                ~~~~~[0m

[96msrc/modules/drivers/domain/entities/rider-order.entity.ts[0m:[93m244[0m:[93m17[0m - [91merror[0m[90m TS2339: [0mProperty 'props' does not exist on type 'RiderOrder'.

[7m244[0m     return this.props.updatedAt;
[7m   [0m [91m                ~~~~~[0m

[96msrc/modules/drivers/domain/entities/rider-order.entity.ts[0m:[93m250[0m:[93m14[0m - [91merror[0m[90m TS2339: [0mProperty 'props' does not exist on type 'RiderOrder'.

[7m250[0m     if (this.props.status !== 'assigned') {
[7m   [0m [91m             ~~~~~[0m

[96msrc/modules/drivers/domain/entities/rider-order.entity.ts[0m:[93m254[0m:[93m10[0m - [91merror[0m[90m TS2339: [0mProperty 'props' does not exist on type 'RiderOrder'.

[7m254[0m     this.props.status = 'accepted';
[7m   [0m [91m         ~~~~~[0m

[96msrc/modules/drivers/domain/entities/rider-order.entity.ts[0m:[93m255[0m:[93m10[0m - [91merror[0m[90m TS2339: [0mProperty 'props' does not exist on type 'RiderOrder'.

[7m255[0m     this.props.acceptedAt = new Date();
[7m   [0m [91m         ~~~~~[0m

[96msrc/modules/drivers/domain/entities/rider-order.entity.ts[0m:[93m256[0m:[93m23[0m - [91merror[0m[90m TS2339: [0mProperty 'props' does not exist on type 'RiderOrder'.

[7m256[0m     if (shiftId) this.props.shiftId = shiftId;
[7m   [0m [91m                      ~~~~~[0m

[96msrc/modules/drivers/domain/entities/rider-order.entity.ts[0m:[93m257[0m:[93m10[0m - [91merror[0m[90m TS2339: [0mProperty 'props' does not exist on type 'RiderOrder'.

[7m257[0m     this.props.updatedAt = new Date();
[7m   [0m [91m         ~~~~~[0m

[96msrc/modules/drivers/domain/entities/rider-order.entity.ts[0m:[93m263[0m:[93m14[0m - [91merror[0m[90m TS2339: [0mProperty 'props' does not exist on type 'RiderOrder'.

[7m263[0m     if (this.props.status !== 'accepted') {
[7m   [0m [91m             ~~~~~[0m

[96msrc/modules/drivers/domain/entities/rider-order.entity.ts[0m:[93m267[0m:[93m10[0m - [91merror[0m[90m TS2339: [0mProperty 'props' does not exist on type 'RiderOrder'.

[7m267[0m     this.props.status = 'picked_up';
[7m   [0m [91m         ~~~~~[0m

[96msrc/modules/drivers/domain/entities/rider-order.entity.ts[0m:[93m268[0m:[93m10[0m - [91merror[0m[90m TS2339: [0mProperty 'props' does not exist on type 'RiderOrder'.

[7m268[0m     this.props.actualPickupTime = new Date();
[7m   [0m [91m         ~~~~~[0m

[96msrc/modules/drivers/domain/entities/rider-order.entity.ts[0m:[93m269[0m:[93m10[0m - [91merror[0m[90m TS2339: [0mProperty 'props' does not exist on type 'RiderOrder'.

[7m269[0m     this.props.pickedUpAt = new Date();
[7m   [0m [91m         ~~~~~[0m

[96msrc/modules/drivers/domain/entities/rider-order.entity.ts[0m:[93m270[0m:[93m21[0m - [91merror[0m[90m TS2339: [0mProperty 'props' does not exist on type 'RiderOrder'.

[7m270[0m     if (notes) this.props.riderNotes = notes;
[7m   [0m [91m                    ~~~~~[0m

[96msrc/modules/drivers/domain/entities/rider-order.entity.ts[0m:[93m271[0m:[93m10[0m - [91merror[0m[90m TS2339: [0mProperty 'props' does not exist on type 'RiderOrder'.

[7m271[0m     this.props.updatedAt = new Date();
[7m   [0m [91m         ~~~~~[0m

[96msrc/modules/drivers/domain/entities/rider-order.entity.ts[0m:[93m277[0m:[93m14[0m - [91merror[0m[90m TS2339: [0mProperty 'props' does not exist on type 'RiderOrder'.

[7m277[0m     if (this.props.status !== 'picked_up') {
[7m   [0m [91m             ~~~~~[0m

[96msrc/modules/drivers/domain/entities/rider-order.entity.ts[0m:[93m281[0m:[93m10[0m - [91merror[0m[90m TS2339: [0mProperty 'props' does not exist on type 'RiderOrder'.

[7m281[0m     this.props.status = 'in_transit';
[7m   [0m [91m         ~~~~~[0m

[96msrc/modules/drivers/domain/entities/rider-order.entity.ts[0m:[93m282[0m:[93m10[0m - [91merror[0m[90m TS2339: [0mProperty 'props' does not exist on type 'RiderOrder'.

[7m282[0m     this.props.updatedAt = new Date();
[7m   [0m [91m         ~~~~~[0m

[96msrc/modules/drivers/domain/entities/rider-order.entity.ts[0m:[93m288[0m:[93m14[0m - [91merror[0m[90m TS2339: [0mProperty 'props' does not exist on type 'RiderOrder'.

[7m288[0m     if (this.props.status !== 'in_transit') {
[7m   [0m [91m             ~~~~~[0m

[96msrc/modules/drivers/domain/entities/rider-order.entity.ts[0m:[93m292[0m:[93m10[0m - [91merror[0m[90m TS2339: [0mProperty 'props' does not exist on type 'RiderOrder'.

[7m292[0m     this.props.status = 'delivered';
[7m   [0m [91m         ~~~~~[0m

[96msrc/modules/drivers/domain/entities/rider-order.entity.ts[0m:[93m293[0m:[93m10[0m - [91merror[0m[90m TS2339: [0mProperty 'props' does not exist on type 'RiderOrder'.

[7m293[0m     this.props.actualDeliveryTime = new Date();
[7m   [0m [91m         ~~~~~[0m

[96msrc/modules/drivers/domain/entities/rider-order.entity.ts[0m:[93m294[0m:[93m10[0m - [91merror[0m[90m TS2339: [0mProperty 'props' does not exist on type 'RiderOrder'.

[7m294[0m     this.props.deliveredAt = new Date();
[7m   [0m [91m         ~~~~~[0m

[96msrc/modules/drivers/domain/entities/rider-order.entity.ts[0m:[93m295[0m:[93m31[0m - [91merror[0m[90m TS2339: [0mProperty 'props' does not exist on type 'RiderOrder'.

[7m295[0m     if (proofOfDelivery) this.props.proofOfDelivery = proofOfDelivery;
[7m   [0m [91m                              ~~~~~[0m

[96msrc/modules/drivers/domain/entities/rider-order.entity.ts[0m:[93m296[0m:[93m21[0m - [91merror[0m[90m TS2339: [0mProperty 'props' does not exist on type 'RiderOrder'.

[7m296[0m     if (notes) this.props.riderNotes = notes;
[7m   [0m [91m                    ~~~~~[0m

[96msrc/modules/drivers/domain/entities/rider-order.entity.ts[0m:[93m297[0m:[93m10[0m - [91merror[0m[90m TS2339: [0mProperty 'props' does not exist on type 'RiderOrder'.

[7m297[0m     this.props.updatedAt = new Date();
[7m   [0m [91m         ~~~~~[0m

[96msrc/modules/drivers/domain/entities/rider-order.entity.ts[0m:[93m303[0m:[93m60[0m - [91merror[0m[90m TS2339: [0mProperty 'props' does not exist on type 'RiderOrder'.

[7m303[0m     if (['delivered', 'cancelled', 'failed'].includes(this.props.status)) {
[7m   [0m [91m                                                           ~~~~~[0m

[96msrc/modules/drivers/domain/entities/rider-order.entity.ts[0m:[93m307[0m:[93m10[0m - [91merror[0m[90m TS2339: [0mProperty 'props' does not exist on type 'RiderOrder'.

[7m307[0m     this.props.status = 'cancelled';
[7m   [0m [91m         ~~~~~[0m

[96msrc/modules/drivers/domain/entities/rider-order.entity.ts[0m:[93m308[0m:[93m10[0m - [91merror[0m[90m TS2339: [0mProperty 'props' does not exist on type 'RiderOrder'.

[7m308[0m     this.props.cancellationReason = reason;
[7m   [0m [91m         ~~~~~[0m

[96msrc/modules/drivers/domain/entities/rider-order.entity.ts[0m:[93m309[0m:[93m10[0m - [91merror[0m[90m TS2339: [0mProperty 'props' does not exist on type 'RiderOrder'.

[7m309[0m     this.props.cancellationNotes = notes;
[7m   [0m [91m         ~~~~~[0m

[96msrc/modules/drivers/domain/entities/rider-order.entity.ts[0m:[93m310[0m:[93m10[0m - [91merror[0m[90m TS2339: [0mProperty 'props' does not exist on type 'RiderOrder'.

[7m310[0m     this.props.cancelledAt = new Date();
[7m   [0m [91m         ~~~~~[0m

[96msrc/modules/drivers/domain/entities/rider-order.entity.ts[0m:[93m311[0m:[93m10[0m - [91merror[0m[90m TS2339: [0mProperty 'props' does not exist on type 'RiderOrder'.

[7m311[0m     this.props.updatedAt = new Date();
[7m   [0m [91m         ~~~~~[0m

[96msrc/modules/drivers/domain/entities/rider-order.entity.ts[0m:[93m317[0m:[93m50[0m - [91merror[0m[90m TS2339: [0mProperty 'props' does not exist on type 'RiderOrder'.

[7m317[0m     if (['delivered', 'cancelled'].includes(this.props.status)) {
[7m   [0m [91m                                                 ~~~~~[0m

[96msrc/modules/drivers/domain/entities/rider-order.entity.ts[0m:[93m321[0m:[93m10[0m - [91merror[0m[90m TS2339: [0mProperty 'props' does not exist on type 'RiderOrder'.

[7m321[0m     this.props.status = 'failed';
[7m   [0m [91m         ~~~~~[0m

[96msrc/modules/drivers/domain/entities/rider-order.entity.ts[0m:[93m322[0m:[93m10[0m - [91merror[0m[90m TS2339: [0mProperty 'props' does not exist on type 'RiderOrder'.

[7m322[0m     this.props.cancellationReason = 'other';
[7m   [0m [91m         ~~~~~[0m

[96msrc/modules/drivers/domain/entities/rider-order.entity.ts[0m:[93m323[0m:[93m10[0m - [91merror[0m[90m TS2339: [0mProperty 'props' does not exist on type 'RiderOrder'.

[7m323[0m     this.props.cancellationNotes = reason;
[7m   [0m [91m         ~~~~~[0m

[96msrc/modules/drivers/domain/entities/rider-order.entity.ts[0m:[93m324[0m:[93m10[0m - [91merror[0m[90m TS2339: [0mProperty 'props' does not exist on type 'RiderOrder'.

[7m324[0m     this.props.cancelledAt = new Date();
[7m   [0m [91m         ~~~~~[0m

[96msrc/modules/drivers/domain/entities/rider-order.entity.ts[0m:[93m325[0m:[93m10[0m - [91merror[0m[90m TS2339: [0mProperty 'props' does not exist on type 'RiderOrder'.

[7m325[0m     this.props.updatedAt = new Date();
[7m   [0m [91m         ~~~~~[0m

[96msrc/modules/drivers/domain/entities/rider-order.entity.ts[0m:[93m335[0m:[93m10[0m - [91merror[0m[90m TS2339: [0mProperty 'props' does not exist on type 'RiderOrder'.

[7m335[0m     this.props.tip += amount;
[7m   [0m [91m         ~~~~~[0m

[96msrc/modules/drivers/domain/entities/rider-order.entity.ts[0m:[93m336[0m:[93m10[0m - [91merror[0m[90m TS2339: [0mProperty 'props' does not exist on type 'RiderOrder'.

[7m336[0m     this.props.totalEarnings += amount;
[7m   [0m [91m         ~~~~~[0m

[96msrc/modules/drivers/domain/entities/rider-order.entity.ts[0m:[93m337[0m:[93m10[0m - [91merror[0m[90m TS2339: [0mProperty 'props' does not exist on type 'RiderOrder'.

[7m337[0m     this.props.updatedAt = new Date();
[7m   [0m [91m         ~~~~~[0m

[96msrc/modules/drivers/domain/entities/rider-order.entity.ts[0m:[93m341[0m:[93m10[0m - [91merror[0m[90m TS2339: [0mProperty 'props' does not exist on type 'RiderOrder'.

[7m341[0m     this.props.baseFare = baseFare;
[7m   [0m [91m         ~~~~~[0m

[96msrc/modules/drivers/domain/entities/rider-order.entity.ts[0m:[93m342[0m:[93m10[0m - [91merror[0m[90m TS2339: [0mProperty 'props' does not exist on type 'RiderOrder'.

[7m342[0m     this.props.deliveryFee = deliveryFee;
[7m   [0m [91m         ~~~~~[0m

[96msrc/modules/drivers/domain/entities/rider-order.entity.ts[0m:[93m343[0m:[93m10[0m - [91merror[0m[90m TS2339: [0mProperty 'props' does not exist on type 'RiderOrder'.

[7m343[0m     this.props.tip = tip;
[7m   [0m [91m         ~~~~~[0m

[96msrc/modules/drivers/domain/entities/rider-order.entity.ts[0m:[93m344[0m:[93m10[0m - [91merror[0m[90m TS2339: [0mProperty 'props' does not exist on type 'RiderOrder'.

[7m344[0m     this.props.totalEarnings = baseFare + deliveryFee + tip;
[7m   [0m [91m         ~~~~~[0m

[96msrc/modules/drivers/domain/entities/rider-order.entity.ts[0m:[93m345[0m:[93m10[0m - [91merror[0m[90m TS2339: [0mProperty 'props' does not exist on type 'RiderOrder'.

[7m345[0m     this.props.updatedAt = new Date();
[7m   [0m [91m         ~~~~~[0m

[96msrc/modules/drivers/domain/entities/rider-order.entity.ts[0m:[93m349[0m:[93m10[0m - [91merror[0m[90m TS2339: [0mProperty 'props' does not exist on type 'RiderOrder'.

[7m349[0m     this.props.isPaid = true;
[7m   [0m [91m         ~~~~~[0m

[96msrc/modules/drivers/domain/entities/rider-order.entity.ts[0m:[93m350[0m:[93m10[0m - [91merror[0m[90m TS2339: [0mProperty 'props' does not exist on type 'RiderOrder'.

[7m350[0m     this.props.updatedAt = new Date();
[7m   [0m [91m         ~~~~~[0m

[96msrc/modules/drivers/domain/entities/rider-order.entity.ts[0m:[93m358[0m:[93m10[0m - [91merror[0m[90m TS2339: [0mProperty 'props' does not exist on type 'RiderOrder'.

[7m358[0m     this.props.rating = rating;
[7m   [0m [91m         ~~~~~[0m

[96msrc/modules/drivers/domain/entities/rider-order.entity.ts[0m:[93m359[0m:[93m24[0m - [91merror[0m[90m TS2339: [0mProperty 'props' does not exist on type 'RiderOrder'.

[7m359[0m     if (feedback) this.props.feedback = feedback;
[7m   [0m [91m                       ~~~~~[0m

[96msrc/modules/drivers/domain/entities/rider-order.entity.ts[0m:[93m360[0m:[93m10[0m - [91merror[0m[90m TS2339: [0mProperty 'props' does not exist on type 'RiderOrder'.

[7m360[0m     this.props.updatedAt = new Date();
[7m   [0m [91m         ~~~~~[0m

[96msrc/modules/drivers/domain/entities/rider-order.entity.ts[0m:[93m364[0m:[93m10[0m - [91merror[0m[90m TS2339: [0mProperty 'props' does not exist on type 'RiderOrder'.

[7m364[0m     this.props.estimatedPickupTime = pickupTime;
[7m   [0m [91m         ~~~~~[0m

[96msrc/modules/drivers/domain/entities/rider-order.entity.ts[0m:[93m365[0m:[93m10[0m - [91merror[0m[90m TS2339: [0mProperty 'props' does not exist on type 'RiderOrder'.

[7m365[0m     this.props.estimatedDeliveryTime = deliveryTime;
[7m   [0m [91m         ~~~~~[0m

[96msrc/modules/drivers/domain/entities/rider-order.entity.ts[0m:[93m366[0m:[93m10[0m - [91merror[0m[90m TS2339: [0mProperty 'props' does not exist on type 'RiderOrder'.

[7m366[0m     this.props.updatedAt = new Date();
[7m   [0m [91m         ~~~~~[0m

[96msrc/modules/drivers/domain/entities/rider-order.entity.ts[0m:[93m370[0m:[93m10[0m - [91merror[0m[90m TS2339: [0mProperty 'props' does not exist on type 'RiderOrder'.

[7m370[0m     this.props.riderNotes = notes;
[7m   [0m [91m         ~~~~~[0m

[96msrc/modules/drivers/domain/entities/rider-order.entity.ts[0m:[93m371[0m:[93m10[0m - [91merror[0m[90m TS2339: [0mProperty 'props' does not exist on type 'RiderOrder'.

[7m371[0m     this.props.updatedAt = new Date();
[7m   [0m [91m         ~~~~~[0m

[96msrc/modules/drivers/domain/entities/rider-order.entity.ts[0m:[93m382[0m:[93m10[0m - [91merror[0m[90m TS2339: [0mProperty 'props' does not exist on type 'RiderOrder'.

[7m382[0m     this.props.timeline.push(timelineEntry);
[7m   [0m [91m         ~~~~~[0m

[96msrc/modules/drivers/domain/entities/rider-order.entity.ts[0m:[93m388[0m:[93m17[0m - [91merror[0m[90m TS2339: [0mProperty 'props' does not exist on type 'RiderOrder'.

[7m388[0m     return this.props.status === 'assigned';
[7m   [0m [91m                ~~~~~[0m

[96msrc/modules/drivers/domain/entities/rider-order.entity.ts[0m:[93m392[0m:[93m17[0m - [91merror[0m[90m TS2339: [0mProperty 'props' does not exist on type 'RiderOrder'.

[7m392[0m     return this.props.status === 'accepted';
[7m   [0m [91m                ~~~~~[0m

[96msrc/modules/drivers/domain/entities/rider-order.entity.ts[0m:[93m396[0m:[93m17[0m - [91merror[0m[90m TS2339: [0mProperty 'props' does not exist on type 'RiderOrder'.

[7m396[0m     return this.props.status === 'picked_up';
[7m   [0m [91m                ~~~~~[0m

[96msrc/modules/drivers/domain/entities/rider-order.entity.ts[0m:[93m400[0m:[93m17[0m - [91merror[0m[90m TS2339: [0mProperty 'props' does not exist on type 'RiderOrder'.

[7m400[0m     return this.props.status === 'in_transit';
[7m   [0m [91m                ~~~~~[0m

[96msrc/modules/drivers/domain/entities/rider-order.entity.ts[0m:[93m404[0m:[93m17[0m - [91merror[0m[90m TS2339: [0mProperty 'props' does not exist on type 'RiderOrder'.

[7m404[0m     return this.props.status === 'delivered';
[7m   [0m [91m                ~~~~~[0m

[96msrc/modules/drivers/domain/entities/rider-order.entity.ts[0m:[93m408[0m:[93m17[0m - [91merror[0m[90m TS2339: [0mProperty 'props' does not exist on type 'RiderOrder'.

[7m408[0m     return this.props.status === 'cancelled';
[7m   [0m [91m                ~~~~~[0m

[96msrc/modules/drivers/domain/entities/rider-order.entity.ts[0m:[93m412[0m:[93m17[0m - [91merror[0m[90m TS2339: [0mProperty 'props' does not exist on type 'RiderOrder'.

[7m412[0m     return this.props.status === 'failed';
[7m   [0m [91m                ~~~~~[0m

[96msrc/modules/drivers/domain/entities/rider-order.entity.ts[0m:[93m424[0m:[93m15[0m - [91merror[0m[90m TS2339: [0mProperty 'props' does not exist on type 'RiderOrder'.

[7m424[0m     if (!this.props.actualPickupTime) return null;
[7m   [0m [91m              ~~~~~[0m

[96msrc/modules/drivers/domain/entities/rider-order.entity.ts[0m:[93m426[0m:[93m26[0m - [91merror[0m[90m TS2339: [0mProperty 'props' does not exist on type 'RiderOrder'.

[7m426[0m     const delayMs = this.props.actualPickupTime.getTime() - this.props.estimatedPickupTime.getTime();
[7m   [0m [91m                         ~~~~~[0m

[96msrc/modules/drivers/domain/entities/rider-order.entity.ts[0m:[93m426[0m:[93m66[0m - [91merror[0m[90m TS2339: [0mProperty 'props' does not exist on type 'RiderOrder'.

[7m426[0m     const delayMs = this.props.actualPickupTime.getTime() - this.props.estimatedPickupTime.getTime();
[7m   [0m [91m                                                                 ~~~~~[0m

[96msrc/modules/drivers/domain/entities/rider-order.entity.ts[0m:[93m431[0m:[93m15[0m - [91merror[0m[90m TS2339: [0mProperty 'props' does not exist on type 'RiderOrder'.

[7m431[0m     if (!this.props.actualDeliveryTime) return null;
[7m   [0m [91m              ~~~~~[0m

[96msrc/modules/drivers/domain/entities/rider-order.entity.ts[0m:[93m433[0m:[93m26[0m - [91merror[0m[90m TS2339: [0mProperty 'props' does not exist on type 'RiderOrder'.

[7m433[0m     const delayMs = this.props.actualDeliveryTime.getTime() - this.props.estimatedDeliveryTime.getTime();
[7m   [0m [91m                         ~~~~~[0m

[96msrc/modules/drivers/domain/entities/rider-order.entity.ts[0m:[93m433[0m:[93m68[0m - [91merror[0m[90m TS2339: [0mProperty 'props' does not exist on type 'RiderOrder'.

[7m433[0m     const delayMs = this.props.actualDeliveryTime.getTime() - this.props.estimatedDeliveryTime.getTime();
[7m   [0m [91m                                                                   ~~~~~[0m

[96msrc/modules/drivers/domain/entities/rider-order.entity.ts[0m:[93m438[0m:[93m15[0m - [91merror[0m[90m TS2339: [0mProperty 'props' does not exist on type 'RiderOrder'.

[7m438[0m     if (!this.props.actualPickupTime || !this.props.actualDeliveryTime) return null;
[7m   [0m [91m              ~~~~~[0m

[96msrc/modules/drivers/domain/entities/rider-order.entity.ts[0m:[93m438[0m:[93m47[0m - [91merror[0m[90m TS2339: [0mProperty 'props' does not exist on type 'RiderOrder'.

[7m438[0m     if (!this.props.actualPickupTime || !this.props.actualDeliveryTime) return null;
[7m   [0m [91m                                              ~~~~~[0m

[96msrc/modules/drivers/domain/entities/rider-order.entity.ts[0m:[93m440[0m:[93m25[0m - [91merror[0m[90m TS2339: [0mProperty 'props' does not exist on type 'RiderOrder'.

[7m440[0m     const timeMs = this.props.actualDeliveryTime.getTime() - this.props.actualPickupTime.getTime();
[7m   [0m [91m                        ~~~~~[0m

[96msrc/modules/drivers/domain/entities/rider-order.entity.ts[0m:[93m440[0m:[93m67[0m - [91merror[0m[90m TS2339: [0mProperty 'props' does not exist on type 'RiderOrder'.

[7m440[0m     const timeMs = this.props.actualDeliveryTime.getTime() - this.props.actualPickupTime.getTime();
[7m   [0m [91m                                                                  ~~~~~[0m

[96msrc/modules/drivers/domain/entities/rider-order.entity.ts[0m:[93m450[0m:[93m14[0m - [91merror[0m[90m TS2339: [0mProperty 'props' does not exist on type 'RiderOrder'.

[7m450[0m     if (this.props.distance === 0) return 0;
[7m   [0m [91m             ~~~~~[0m

[96msrc/modules/drivers/domain/entities/rider-order.entity.ts[0m:[93m451[0m:[93m17[0m - [91merror[0m[90m TS2339: [0mProperty 'props' does not exist on type 'RiderOrder'.

[7m451[0m     return this.props.totalEarnings / this.props.distance;
[7m   [0m [91m                ~~~~~[0m

[96msrc/modules/drivers/domain/entities/rider-order.entity.ts[0m:[93m451[0m:[93m44[0m - [91merror[0m[90m TS2339: [0mProperty 'props' does not exist on type 'RiderOrder'.

[7m451[0m     return this.props.totalEarnings / this.props.distance;
[7m   [0m [91m                                           ~~~~~[0m

[96msrc/modules/drivers/domain/entities/rider-order.entity.ts[0m:[93m455[0m:[93m14[0m - [91merror[0m[90m TS2339: [0mProperty 'props' does not exist on type 'RiderOrder'.

[7m455[0m     if (this.props.actualPickupTime) return null;
[7m   [0m [91m             ~~~~~[0m

[96msrc/modules/drivers/domain/entities/rider-order.entity.ts[0m:[93m457[0m:[93m25[0m - [91merror[0m[90m TS2339: [0mProperty 'props' does not exist on type 'RiderOrder'.

[7m457[0m     const timeMs = this.props.estimatedPickupTime.getTime() - Date.now();
[7m   [0m [91m                        ~~~~~[0m

[96msrc/modules/drivers/domain/entities/rider-order.entity.ts[0m:[93m462[0m:[93m14[0m - [91merror[0m[90m TS2339: [0mProperty 'props' does not exist on type 'RiderOrder'.

[7m462[0m     if (this.props.actualDeliveryTime) return null;
[7m   [0m [91m             ~~~~~[0m

[96msrc/modules/drivers/domain/entities/rider-order.entity.ts[0m:[93m464[0m:[93m25[0m - [91merror[0m[90m TS2339: [0mProperty 'props' does not exist on type 'RiderOrder'.

[7m464[0m     const timeMs = this.props.estimatedDeliveryTime.getTime() - Date.now();
[7m   [0m [91m                        ~~~~~[0m

[96msrc/modules/drivers/domain/entities/rider-order.entity.ts[0m:[93m469[0m:[93m37[0m - [91merror[0m[90m TS2339: [0mProperty 'props' does not exist on type 'RiderOrder'.

[7m469[0m     const ageMs = Date.now() - this.props.assignedAt.getTime();
[7m   [0m [91m                                    ~~~~~[0m

[96msrc/modules/drivers/domain/entities/rider-order.entity.ts[0m:[93m474[0m:[93m17[0m - [91merror[0m[90m TS2339: [0mProperty 'props' does not exist on type 'RiderOrder'.

[7m474[0m     return this.props.items.reduce((total, item) => total + item.quantity, 0);
[7m   [0m [91m                ~~~~~[0m

[96msrc/modules/drivers/domain/entities/rider-order.entity.ts[0m:[93m478[0m:[93m17[0m - [91merror[0m[90m TS2339: [0mProperty 'props' does not exist on type 'RiderOrder'.

[7m478[0m     return this.props.items.reduce((total, item) => total + (item.price * item.quantity), 0);
[7m   [0m [91m                ~~~~~[0m

[96msrc/modules/drivers/domain/entities/rider-order.entity.ts[0m:[93m482[0m:[93m44[0m - [91merror[0m[90m TS2339: [0mProperty 'props' does not exist on type 'RiderOrder'.

[7m482[0m     return currentLocation.distanceTo(this.props.pickupAddress.coordinates);
[7m   [0m [91m                                           ~~~~~[0m

[96msrc/modules/drivers/domain/entities/rider-order.entity.ts[0m:[93m486[0m:[93m44[0m - [91merror[0m[90m TS2339: [0mProperty 'props' does not exist on type 'RiderOrder'.

[7m486[0m     return currentLocation.distanceTo(this.props.deliveryAddress.coordinates);
[7m   [0m [91m                                           ~~~~~[0m

[96msrc/modules/drivers/domain/entities/rider-order.entity.ts[0m:[93m492[0m:[93m22[0m - [91merror[0m[90m TS2339: [0mProperty 'props' does not exist on type 'RiderOrder'.

[7m492[0m       currency: this.props.currency,
[7m   [0m [91m                     ~~~~~[0m

[96msrc/modules/drivers/domain/entities/rider-order.entity.ts[0m:[93m517[0m:[93m27[0m - [91merror[0m[90m TS2339: [0mProperty 'props' does not exist on type 'RiderOrder'.

[7m517[0m     return statusMap[this.props.status];
[7m   [0m [91m                          ~~~~~[0m

[96msrc/modules/drivers/domain/entities/rider-order.entity.ts[0m:[93m522[0m:[93m16[0m - [91merror[0m[90m TS2339: [0mProperty '_id' does not exist on type 'RiderOrder'.

[7m522[0m       id: this._id.toString(),
[7m   [0m [91m               ~~~[0m

[96msrc/modules/drivers/domain/entities/rider-order.entity.ts[0m:[93m523[0m:[93m21[0m - [91merror[0m[90m TS2339: [0mProperty 'props' does not exist on type 'RiderOrder'.

[7m523[0m       orderId: this.props.orderId,
[7m   [0m [91m                    ~~~~~[0m

[96msrc/modules/drivers/domain/entities/rider-order.entity.ts[0m:[93m524[0m:[93m21[0m - [91merror[0m[90m TS2339: [0mProperty 'props' does not exist on type 'RiderOrder'.

[7m524[0m       riderId: this.props.riderId,
[7m   [0m [91m                    ~~~~~[0m

[96msrc/modules/drivers/domain/entities/rider-order.entity.ts[0m:[93m525[0m:[93m21[0m - [91merror[0m[90m TS2339: [0mProperty 'props' does not exist on type 'RiderOrder'.

[7m525[0m       shiftId: this.props.shiftId,
[7m   [0m [91m                    ~~~~~[0m

[96msrc/modules/drivers/domain/entities/rider-order.entity.ts[0m:[93m526[0m:[93m24[0m - [91merror[0m[90m TS2339: [0mProperty 'props' does not exist on type 'RiderOrder'.

[7m526[0m       customerId: this.props.customerId,
[7m   [0m [91m                       ~~~~~[0m

[96msrc/modules/drivers/domain/entities/rider-order.entity.ts[0m:[93m527[0m:[93m26[0m - [91merror[0m[90m TS2339: [0mProperty 'props' does not exist on type 'RiderOrder'.

[7m527[0m       restaurantId: this.props.restaurantId,
[7m   [0m [91m                         ~~~~~[0m

[96msrc/modules/drivers/domain/entities/rider-order.entity.ts[0m:[93m528[0m:[93m23[0m - [91merror[0m[90m TS2339: [0mProperty 'props' does not exist on type 'RiderOrder'.

[7m528[0m       orderType: this.props.orderType,
[7m   [0m [91m                      ~~~~~[0m

[96msrc/modules/drivers/domain/entities/rider-order.entity.ts[0m:[93m529[0m:[93m20[0m - [91merror[0m[90m TS2339: [0mProperty 'props' does not exist on type 'RiderOrder'.

[7m529[0m       status: this.props.status,
[7m   [0m [91m                   ~~~~~[0m

[96msrc/modules/drivers/domain/entities/rider-order.entity.ts[0m:[93m531[0m:[93m19[0m - [91merror[0m[90m TS2339: [0mProperty 'props' does not exist on type 'RiderOrder'.

[7m531[0m       items: this.props.items,
[7m   [0m [91m                  ~~~~~[0m

[96msrc/modules/drivers/domain/entities/rider-order.entity.ts[0m:[93m535[0m:[93m17[0m - [91merror[0m[90m TS2339: [0mProperty 'props' does not exist on type 'RiderOrder'.

[7m535[0m         ...this.props.pickupAddress,
[7m   [0m [91m                ~~~~~[0m

[96msrc/modules/drivers/domain/entities/rider-order.entity.ts[0m:[93m536[0m:[93m27[0m - [91merror[0m[90m TS2339: [0mProperty 'props' does not exist on type 'RiderOrder'.

[7m536[0m         coordinates: this.props.pickupAddress.coordinates.toJSON(),
[7m   [0m [91m                          ~~~~~[0m

[96msrc/modules/drivers/domain/entities/rider-order.entity.ts[0m:[93m539[0m:[93m17[0m - [91merror[0m[90m TS2339: [0mProperty 'props' does not exist on type 'RiderOrder'.

[7m539[0m         ...this.props.deliveryAddress,
[7m   [0m [91m                ~~~~~[0m

[96msrc/modules/drivers/domain/entities/rider-order.entity.ts[0m:[93m540[0m:[93m27[0m - [91merror[0m[90m TS2339: [0mProperty 'props' does not exist on type 'RiderOrder'.

[7m540[0m         coordinates: this.props.deliveryAddress.coordinates.toJSON(),
[7m   [0m [91m                          ~~~~~[0m

[96msrc/modules/drivers/domain/entities/rider-order.entity.ts[0m:[93m542[0m:[93m33[0m - [91merror[0m[90m TS2339: [0mProperty 'props' does not exist on type 'RiderOrder'.

[7m542[0m       estimatedPickupTime: this.props.estimatedPickupTime,
[7m   [0m [91m                                ~~~~~[0m

[96msrc/modules/drivers/domain/entities/rider-order.entity.ts[0m:[93m543[0m:[93m35[0m - [91merror[0m[90m TS2339: [0mProperty 'props' does not exist on type 'RiderOrder'.

[7m543[0m       estimatedDeliveryTime: this.props.estimatedDeliveryTime,
[7m   [0m [91m                                  ~~~~~[0m

[96msrc/modules/drivers/domain/entities/rider-order.entity.ts[0m:[93m544[0m:[93m30[0m - [91merror[0m[90m TS2339: [0mProperty 'props' does not exist on type 'RiderOrder'.

[7m544[0m       actualPickupTime: this.props.actualPickupTime,
[7m   [0m [91m                             ~~~~~[0m

[96msrc/modules/drivers/domain/entities/rider-order.entity.ts[0m:[93m545[0m:[93m32[0m - [91merror[0m[90m TS2339: [0mProperty 'props' does not exist on type 'RiderOrder'.

[7m545[0m       actualDeliveryTime: this.props.actualDeliveryTime,
[7m   [0m [91m                               ~~~~~[0m

[96msrc/modules/drivers/domain/entities/rider-order.entity.ts[0m:[93m546[0m:[93m22[0m - [91merror[0m[90m TS2339: [0mProperty 'props' does not exist on type 'RiderOrder'.

[7m546[0m       distance: this.props.distance,
[7m   [0m [91m                     ~~~~~[0m

[96msrc/modules/drivers/domain/entities/rider-order.entity.ts[0m:[93m547[0m:[93m22[0m - [91merror[0m[90m TS2339: [0mProperty 'props' does not exist on type 'RiderOrder'.

[7m547[0m       baseFare: this.props.baseFare,
[7m   [0m [91m                     ~~~~~[0m

[96msrc/modules/drivers/domain/entities/rider-order.entity.ts[0m:[93m548[0m:[93m25[0m - [91merror[0m[90m TS2339: [0mProperty 'props' does not exist on type 'RiderOrder'.

[7m548[0m       deliveryFee: this.props.deliveryFee,
[7m   [0m [91m                        ~~~~~[0m

[96msrc/modules/drivers/domain/entities/rider-order.entity.ts[0m:[93m549[0m:[93m17[0m - [91merror[0m[90m TS2339: [0mProperty 'props' does not exist on type 'RiderOrder'.

[7m549[0m       tip: this.props.tip,
[7m   [0m [91m                ~~~~~[0m

[96msrc/modules/drivers/domain/entities/rider-order.entity.ts[0m:[93m550[0m:[93m27[0m - [91merror[0m[90m TS2339: [0mProperty 'props' does not exist on type 'RiderOrder'.

[7m550[0m       totalEarnings: this.props.totalEarnings,
[7m   [0m [91m                          ~~~~~[0m

[96msrc/modules/drivers/domain/entities/rider-order.entity.ts[0m:[93m551[0m:[93m22[0m - [91merror[0m[90m TS2339: [0mProperty 'props' does not exist on type 'RiderOrder'.

[7m551[0m       currency: this.props.currency,
[7m   [0m [91m                     ~~~~~[0m

[96msrc/modules/drivers/domain/entities/rider-order.entity.ts[0m:[93m552[0m:[93m27[0m - [91merror[0m[90m TS2339: [0mProperty 'props' does not exist on type 'RiderOrder'.

[7m552[0m       paymentMethod: this.props.paymentMethod,
[7m   [0m [91m                          ~~~~~[0m

[96msrc/modules/drivers/domain/entities/rider-order.entity.ts[0m:[93m553[0m:[93m20[0m - [91merror[0m[90m TS2339: [0mProperty 'props' does not exist on type 'RiderOrder'.

[7m553[0m       isPaid: this.props.isPaid,
[7m   [0m [91m                   ~~~~~[0m

[96msrc/modules/drivers/domain/entities/rider-order.entity.ts[0m:[93m554[0m:[93m22[0m - [91merror[0m[90m TS2339: [0mProperty 'props' does not exist on type 'RiderOrder'.

[7m554[0m       timeline: this.props.timeline.map(entry => ({
[7m   [0m [91m                     ~~~~~[0m

[96msrc/modules/drivers/domain/entities/rider-order.entity.ts[0m:[93m558[0m:[93m33[0m - [91merror[0m[90m TS2339: [0mProperty 'props' does not exist on type 'RiderOrder'.

[7m558[0m       specialInstructions: this.props.specialInstructions,
[7m   [0m [91m                                ~~~~~[0m

[96msrc/modules/drivers/domain/entities/rider-order.entity.ts[0m:[93m559[0m:[93m27[0m - [91merror[0m[90m TS2339: [0mProperty 'props' does not exist on type 'RiderOrder'.

[7m559[0m       customerNotes: this.props.customerNotes,
[7m   [0m [91m                          ~~~~~[0m

[96msrc/modules/drivers/domain/entities/rider-order.entity.ts[0m:[93m560[0m:[93m24[0m - [91merror[0m[90m TS2339: [0mProperty 'props' does not exist on type 'RiderOrder'.

[7m560[0m       riderNotes: this.props.riderNotes,
[7m   [0m [91m                       ~~~~~[0m

[96msrc/modules/drivers/domain/entities/rider-order.entity.ts[0m:[93m561[0m:[93m32[0m - [91merror[0m[90m TS2339: [0mProperty 'props' does not exist on type 'RiderOrder'.

[7m561[0m       cancellationReason: this.props.cancellationReason,
[7m   [0m [91m                               ~~~~~[0m

[96msrc/modules/drivers/domain/entities/rider-order.entity.ts[0m:[93m562[0m:[93m31[0m - [91merror[0m[90m TS2339: [0mProperty 'props' does not exist on type 'RiderOrder'.

[7m562[0m       cancellationNotes: this.props.cancellationNotes,
[7m   [0m [91m                              ~~~~~[0m

[96msrc/modules/drivers/domain/entities/rider-order.entity.ts[0m:[93m563[0m:[93m20[0m - [91merror[0m[90m TS2339: [0mProperty 'props' does not exist on type 'RiderOrder'.

[7m563[0m       rating: this.props.rating,
[7m   [0m [91m                   ~~~~~[0m

[96msrc/modules/drivers/domain/entities/rider-order.entity.ts[0m:[93m564[0m:[93m22[0m - [91merror[0m[90m TS2339: [0mProperty 'props' does not exist on type 'RiderOrder'.

[7m564[0m       feedback: this.props.feedback,
[7m   [0m [91m                     ~~~~~[0m

[96msrc/modules/drivers/domain/entities/rider-order.entity.ts[0m:[93m565[0m:[93m29[0m - [91merror[0m[90m TS2339: [0mProperty 'props' does not exist on type 'RiderOrder'.

[7m565[0m       proofOfDelivery: this.props.proofOfDelivery,
[7m   [0m [91m                            ~~~~~[0m

[96msrc/modules/drivers/domain/entities/rider-order.entity.ts[0m:[93m566[0m:[93m24[0m - [91merror[0m[90m TS2339: [0mProperty 'props' does not exist on type 'RiderOrder'.

[7m566[0m       assignedAt: this.props.assignedAt,
[7m   [0m [91m                       ~~~~~[0m

[96msrc/modules/drivers/domain/entities/rider-order.entity.ts[0m:[93m567[0m:[93m24[0m - [91merror[0m[90m TS2339: [0mProperty 'props' does not exist on type 'RiderOrder'.

[7m567[0m       acceptedAt: this.props.acceptedAt,
[7m   [0m [91m                       ~~~~~[0m

[96msrc/modules/drivers/domain/entities/rider-order.entity.ts[0m:[93m568[0m:[93m24[0m - [91merror[0m[90m TS2339: [0mProperty 'props' does not exist on type 'RiderOrder'.

[7m568[0m       pickedUpAt: this.props.pickedUpAt,
[7m   [0m [91m                       ~~~~~[0m

[96msrc/modules/drivers/domain/entities/rider-order.entity.ts[0m:[93m569[0m:[93m25[0m - [91merror[0m[90m TS2339: [0mProperty 'props' does not exist on type 'RiderOrder'.

[7m569[0m       deliveredAt: this.props.deliveredAt,
[7m   [0m [91m                        ~~~~~[0m

[96msrc/modules/drivers/domain/entities/rider-order.entity.ts[0m:[93m570[0m:[93m25[0m - [91merror[0m[90m TS2339: [0mProperty 'props' does not exist on type 'RiderOrder'.

[7m570[0m       cancelledAt: this.props.cancelledAt,
[7m   [0m [91m                        ~~~~~[0m

[96msrc/modules/drivers/domain/entities/rider-order.entity.ts[0m:[93m581[0m:[93m51[0m - [91merror[0m[90m TS2339: [0mProperty 'props' does not exist on type 'RiderOrder'.

[7m581[0m       formattedEarnings: this.formatEarnings(this.props.totalEarnings),
[7m   [0m [91m                                                  ~~~~~[0m

[96msrc/modules/drivers/domain/entities/rider-order.entity.ts[0m:[93m583[0m:[93m23[0m - [91merror[0m[90m TS2339: [0mProperty 'props' does not exist on type 'RiderOrder'.

[7m583[0m       createdAt: this.props.createdAt,
[7m   [0m [91m                      ~~~~~[0m

[96msrc/modules/drivers/domain/entities/rider-order.entity.ts[0m:[93m584[0m:[93m23[0m - [91merror[0m[90m TS2339: [0mProperty 'props' does not exist on type 'RiderOrder'.

[7m584[0m       updatedAt: this.props.updatedAt,
[7m   [0m [91m                      ~~~~~[0m

[96msrc/modules/drivers/domain/entities/rider.entity.ts[0m:[93m1[0m:[93m31[0m - [91merror[0m[90m TS2307: [0mCannot find module '../../../common/domain/aggregate-root' or its corresponding type declarations.

[7m1[0m import { AggregateRoot } from '../../../common/domain/aggregate-root';
[7m [0m [91m                              ~~~~~~~~~~~~~~~~~~~~~~~~~~~~~~~~~~~~~~~[0m

[96msrc/modules/drivers/domain/entities/rider.entity.ts[0m:[93m2[0m:[93m32[0m - [91merror[0m[90m TS2307: [0mCannot find module '../../../common/domain/unique-entity-id' or its corresponding type declarations.

[7m2[0m import { UniqueEntityID } from '../../../common/domain/unique-entity-id';
[7m [0m [91m                               ~~~~~~~~~~~~~~~~~~~~~~~~~~~~~~~~~~~~~~~~~[0m

[96msrc/modules/drivers/domain/entities/rider.entity.ts[0m:[93m61[0m:[93m17[0m - [91merror[0m[90m TS2339: [0mProperty '_id' does not exist on type 'Rider'.

[7m61[0m     return this._id;
[7m  [0m [91m                ~~~[0m

[96msrc/modules/drivers/domain/entities/rider.entity.ts[0m:[93m65[0m:[93m17[0m - [91merror[0m[90m TS2339: [0mProperty 'props' does not exist on type 'Rider'.

[7m65[0m     return this.props.userId;
[7m  [0m [91m                ~~~~~[0m

[96msrc/modules/drivers/domain/entities/rider.entity.ts[0m:[93m69[0m:[93m17[0m - [91merror[0m[90m TS2339: [0mProperty 'props' does not exist on type 'Rider'.

[7m69[0m     return this.props.firstName;
[7m  [0m [91m                ~~~~~[0m

[96msrc/modules/drivers/domain/entities/rider.entity.ts[0m:[93m73[0m:[93m17[0m - [91merror[0m[90m TS2339: [0mProperty 'props' does not exist on type 'Rider'.

[7m73[0m     return this.props.lastName;
[7m  [0m [91m                ~~~~~[0m

[96msrc/modules/drivers/domain/entities/rider.entity.ts[0m:[93m77[0m:[93m20[0m - [91merror[0m[90m TS2339: [0mProperty 'props' does not exist on type 'Rider'.

[7m77[0m     return `${this.props.firstName} ${this.props.lastName}`;
[7m  [0m [91m                   ~~~~~[0m

[96msrc/modules/drivers/domain/entities/rider.entity.ts[0m:[93m77[0m:[93m44[0m - [91merror[0m[90m TS2339: [0mProperty 'props' does not exist on type 'Rider'.

[7m77[0m     return `${this.props.firstName} ${this.props.lastName}`;
[7m  [0m [91m                                           ~~~~~[0m

[96msrc/modules/drivers/domain/entities/rider.entity.ts[0m:[93m81[0m:[93m17[0m - [91merror[0m[90m TS2339: [0mProperty 'props' does not exist on type 'Rider'.

[7m81[0m     return this.props.email;
[7m  [0m [91m                ~~~~~[0m

[96msrc/modules/drivers/domain/entities/rider.entity.ts[0m:[93m85[0m:[93m17[0m - [91merror[0m[90m TS2339: [0mProperty 'props' does not exist on type 'Rider'.

[7m85[0m     return this.props.phoneNumber;
[7m  [0m [91m                ~~~~~[0m

[96msrc/modules/drivers/domain/entities/rider.entity.ts[0m:[93m89[0m:[93m17[0m - [91merror[0m[90m TS2339: [0mProperty 'props' does not exist on type 'Rider'.

[7m89[0m     return this.props.dateOfBirth;
[7m  [0m [91m                ~~~~~[0m

[96msrc/modules/drivers/domain/entities/rider.entity.ts[0m:[93m93[0m:[93m17[0m - [91merror[0m[90m TS2339: [0mProperty 'props' does not exist on type 'Rider'.

[7m93[0m     return this.props.profilePicture;
[7m  [0m [91m                ~~~~~[0m

[96msrc/modules/drivers/domain/entities/rider.entity.ts[0m:[93m97[0m:[93m17[0m - [91merror[0m[90m TS2339: [0mProperty 'props' does not exist on type 'Rider'.

[7m97[0m     return this.props.emergencyContactName;
[7m  [0m [91m                ~~~~~[0m

[96msrc/modules/drivers/domain/entities/rider.entity.ts[0m:[93m101[0m:[93m17[0m - [91merror[0m[90m TS2339: [0mProperty 'props' does not exist on type 'Rider'.

[7m101[0m     return this.props.emergencyContactPhone;
[7m   [0m [91m                ~~~~~[0m

[96msrc/modules/drivers/domain/entities/rider.entity.ts[0m:[93m105[0m:[93m17[0m - [91merror[0m[90m TS2339: [0mProperty 'props' does not exist on type 'Rider'.

[7m105[0m     return this.props.vehicleInfo;
[7m   [0m [91m                ~~~~~[0m

[96msrc/modules/drivers/domain/entities/rider.entity.ts[0m:[93m109[0m:[93m17[0m - [91merror[0m[90m TS2339: [0mProperty 'props' does not exist on type 'Rider'.

[7m109[0m     return this.props.currentLocation;
[7m   [0m [91m                ~~~~~[0m

[96msrc/modules/drivers/domain/entities/rider.entity.ts[0m:[93m113[0m:[93m17[0m - [91merror[0m[90m TS2339: [0mProperty 'props' does not exist on type 'Rider'.

[7m113[0m     return this.props.homeAddress;
[7m   [0m [91m                ~~~~~[0m

[96msrc/modules/drivers/domain/entities/rider.entity.ts[0m:[93m117[0m:[93m17[0m - [91merror[0m[90m TS2339: [0mProperty 'props' does not exist on type 'Rider'.

[7m117[0m     return this.props.workingAreas;
[7m   [0m [91m                ~~~~~[0m

[96msrc/modules/drivers/domain/entities/rider.entity.ts[0m:[93m121[0m:[93m17[0m - [91merror[0m[90m TS2339: [0mProperty 'props' does not exist on type 'Rider'.

[7m121[0m     return this.props.documents;
[7m   [0m [91m                ~~~~~[0m

[96msrc/modules/drivers/domain/entities/rider.entity.ts[0m:[93m125[0m:[93m17[0m - [91merror[0m[90m TS2339: [0mProperty 'props' does not exist on type 'Rider'.

[7m125[0m     return this.props.shiftStatus;
[7m   [0m [91m                ~~~~~[0m

[96msrc/modules/drivers/domain/entities/rider.entity.ts[0m:[93m129[0m:[93m17[0m - [91merror[0m[90m TS2339: [0mProperty 'props' does not exist on type 'Rider'.

[7m129[0m     return this.props.riderStatus;
[7m   [0m [91m                ~~~~~[0m

[96msrc/modules/drivers/domain/entities/rider.entity.ts[0m:[93m133[0m:[93m17[0m - [91merror[0m[90m TS2339: [0mProperty 'props' does not exist on type 'Rider'.

[7m133[0m     return this.props.earnings;
[7m   [0m [91m                ~~~~~[0m

[96msrc/modules/drivers/domain/entities/rider.entity.ts[0m:[93m137[0m:[93m17[0m - [91merror[0m[90m TS2339: [0mProperty 'props' does not exist on type 'Rider'.

[7m137[0m     return this.props.performance;
[7m   [0m [91m                ~~~~~[0m

[96msrc/modules/drivers/domain/entities/rider.entity.ts[0m:[93m141[0m:[93m17[0m - [91merror[0m[90m TS2339: [0mProperty 'props' does not exist on type 'Rider'.

[7m141[0m     return this.props.bankAccountNumber;
[7m   [0m [91m                ~~~~~[0m

[96msrc/modules/drivers/domain/entities/rider.entity.ts[0m:[93m145[0m:[93m17[0m - [91merror[0m[90m TS2339: [0mProperty 'props' does not exist on type 'Rider'.

[7m145[0m     return this.props.bankName;
[7m   [0m [91m                ~~~~~[0m

[96msrc/modules/drivers/domain/entities/rider.entity.ts[0m:[93m149[0m:[93m17[0m - [91merror[0m[90m TS2339: [0mProperty 'props' does not exist on type 'Rider'.

[7m149[0m     return this.props.bankAccountHolderName;
[7m   [0m [91m                ~~~~~[0m

[96msrc/modules/drivers/domain/entities/rider.entity.ts[0m:[93m153[0m:[93m17[0m - [91merror[0m[90m TS2339: [0mProperty 'props' does not exist on type 'Rider'.

[7m153[0m     return this.props.taxId;
[7m   [0m [91m                ~~~~~[0m

[96msrc/modules/drivers/domain/entities/rider.entity.ts[0m:[93m157[0m:[93m17[0m - [91merror[0m[90m TS2339: [0mProperty 'props' does not exist on type 'Rider'.

[7m157[0m     return this.props.preferredLanguage;
[7m   [0m [91m                ~~~~~[0m

[96msrc/modules/drivers/domain/entities/rider.entity.ts[0m:[93m161[0m:[93m17[0m - [91merror[0m[90m TS2339: [0mProperty 'props' does not exist on type 'Rider'.

[7m161[0m     return this.props.notificationPreferences;
[7m   [0m [91m                ~~~~~[0m

[96msrc/modules/drivers/domain/entities/rider.entity.ts[0m:[93m165[0m:[93m17[0m - [91merror[0m[90m TS2339: [0mProperty 'props' does not exist on type 'Rider'.

[7m165[0m     return this.props.createdAt;
[7m   [0m [91m                ~~~~~[0m

[96msrc/modules/drivers/domain/entities/rider.entity.ts[0m:[93m169[0m:[93m17[0m - [91merror[0m[90m TS2339: [0mProperty 'props' does not exist on type 'Rider'.

[7m169[0m     return this.props.updatedAt;
[7m   [0m [91m                ~~~~~[0m

[96msrc/modules/drivers/domain/entities/rider.entity.ts[0m:[93m184[0m:[93m33[0m - [91merror[0m[90m TS2339: [0mProperty 'props' does not exist on type 'Rider'.

[7m184[0m     if (updates.firstName) this.props.firstName = updates.firstName;
[7m   [0m [91m                                ~~~~~[0m

[96msrc/modules/drivers/domain/entities/rider.entity.ts[0m:[93m185[0m:[93m32[0m - [91merror[0m[90m TS2339: [0mProperty 'props' does not exist on type 'Rider'.

[7m185[0m     if (updates.lastName) this.props.lastName = updates.lastName;
[7m   [0m [91m                               ~~~~~[0m

[96msrc/modules/drivers/domain/entities/rider.entity.ts[0m:[93m186[0m:[93m35[0m - [91merror[0m[90m TS2339: [0mProperty 'props' does not exist on type 'Rider'.

[7m186[0m     if (updates.phoneNumber) this.props.phoneNumber = updates.phoneNumber;
[7m   [0m [91m                                  ~~~~~[0m

[96msrc/modules/drivers/domain/entities/rider.entity.ts[0m:[93m187[0m:[93m38[0m - [91merror[0m[90m TS2339: [0mProperty 'props' does not exist on type 'Rider'.

[7m187[0m     if (updates.profilePicture) this.props.profilePicture = updates.profilePicture;
[7m   [0m [91m                                     ~~~~~[0m

[96msrc/modules/drivers/domain/entities/rider.entity.ts[0m:[93m188[0m:[93m44[0m - [91merror[0m[90m TS2339: [0mProperty 'props' does not exist on type 'Rider'.

[7m188[0m     if (updates.emergencyContactName) this.props.emergencyContactName = updates.emergencyContactName;
[7m   [0m [91m                                           ~~~~~[0m

[96msrc/modules/drivers/domain/entities/rider.entity.ts[0m:[93m189[0m:[93m45[0m - [91merror[0m[90m TS2339: [0mProperty 'props' does not exist on type 'Rider'.

[7m189[0m     if (updates.emergencyContactPhone) this.props.emergencyContactPhone = updates.emergencyContactPhone;
[7m   [0m [91m                                            ~~~~~[0m

[96msrc/modules/drivers/domain/entities/rider.entity.ts[0m:[93m190[0m:[93m35[0m - [91merror[0m[90m TS2339: [0mProperty 'props' does not exist on type 'Rider'.

[7m190[0m     if (updates.homeAddress) this.props.homeAddress = updates.homeAddress;
[7m   [0m [91m                                  ~~~~~[0m

[96msrc/modules/drivers/domain/entities/rider.entity.ts[0m:[93m191[0m:[93m41[0m - [91merror[0m[90m TS2339: [0mProperty 'props' does not exist on type 'Rider'.

[7m191[0m     if (updates.preferredLanguage) this.props.preferredLanguage = updates.preferredLanguage;
[7m   [0m [91m                                        ~~~~~[0m

[96msrc/modules/drivers/domain/entities/rider.entity.ts[0m:[93m193[0m:[93m10[0m - [91merror[0m[90m TS2339: [0mProperty 'props' does not exist on type 'Rider'.

[7m193[0m     this.props.updatedAt = new Date();
[7m   [0m [91m         ~~~~~[0m

[96msrc/modules/drivers/domain/entities/rider.entity.ts[0m:[93m197[0m:[93m10[0m - [91merror[0m[90m TS2339: [0mProperty 'props' does not exist on type 'Rider'.

[7m197[0m     this.props.vehicleInfo = vehicleInfo;
[7m   [0m [91m         ~~~~~[0m

[96msrc/modules/drivers/domain/entities/rider.entity.ts[0m:[93m198[0m:[93m10[0m - [91merror[0m[90m TS2339: [0mProperty 'props' does not exist on type 'Rider'.

[7m198[0m     this.props.updatedAt = new Date();
[7m   [0m [91m         ~~~~~[0m

[96msrc/modules/drivers/domain/entities/rider.entity.ts[0m:[93m202[0m:[93m10[0m - [91merror[0m[90m TS2339: [0mProperty 'props' does not exist on type 'Rider'.

[7m202[0m     this.props.currentLocation = location;
[7m   [0m [91m         ~~~~~[0m

[96msrc/modules/drivers/domain/entities/rider.entity.ts[0m:[93m203[0m:[93m10[0m - [91merror[0m[90m TS2339: [0mProperty 'props' does not exist on type 'Rider'.

[7m203[0m     this.props.shiftStatus = this.props.shiftStatus.updateLastLocationUpdate();
[7m   [0m [91m         ~~~~~[0m

[96msrc/modules/drivers/domain/entities/rider.entity.ts[0m:[93m203[0m:[93m35[0m - [91merror[0m[90m TS2339: [0mProperty 'props' does not exist on type 'Rider'.

[7m203[0m     this.props.shiftStatus = this.props.shiftStatus.updateLastLocationUpdate();
[7m   [0m [91m                                  ~~~~~[0m

[96msrc/modules/drivers/domain/entities/rider.entity.ts[0m:[93m204[0m:[93m10[0m - [91merror[0m[90m TS2339: [0mProperty 'props' does not exist on type 'Rider'.

[7m204[0m     this.props.updatedAt = new Date();
[7m   [0m [91m         ~~~~~[0m

[96msrc/modules/drivers/domain/entities/rider.entity.ts[0m:[93m208[0m:[93m15[0m - [91merror[0m[90m TS2339: [0mProperty 'props' does not exist on type 'Rider'.

[7m208[0m     if (!this.props.workingAreas.includes(areaId)) {
[7m   [0m [91m              ~~~~~[0m

[96msrc/modules/drivers/domain/entities/rider.entity.ts[0m:[93m209[0m:[93m12[0m - [91merror[0m[90m TS2339: [0mProperty 'props' does not exist on type 'Rider'.

[7m209[0m       this.props.workingAreas.push(areaId);
[7m   [0m [91m           ~~~~~[0m

[96msrc/modules/drivers/domain/entities/rider.entity.ts[0m:[93m210[0m:[93m12[0m - [91merror[0m[90m TS2339: [0mProperty 'props' does not exist on type 'Rider'.

[7m210[0m       this.props.updatedAt = new Date();
[7m   [0m [91m           ~~~~~[0m

[96msrc/modules/drivers/domain/entities/rider.entity.ts[0m:[93m215[0m:[93m10[0m - [91merror[0m[90m TS2339: [0mProperty 'props' does not exist on type 'Rider'.

[7m215[0m     this.props.workingAreas = this.props.workingAreas.filter(id => id !== areaId);
[7m   [0m [91m         ~~~~~[0m

[96msrc/modules/drivers/domain/entities/rider.entity.ts[0m:[93m215[0m:[93m36[0m - [91merror[0m[90m TS2339: [0mProperty 'props' does not exist on type 'Rider'.

[7m215[0m     this.props.workingAreas = this.props.workingAreas.filter(id => id !== areaId);
[7m   [0m [91m                                   ~~~~~[0m

[96msrc/modules/drivers/domain/entities/rider.entity.ts[0m:[93m216[0m:[93m10[0m - [91merror[0m[90m TS2339: [0mProperty 'props' does not exist on type 'Rider'.

[7m216[0m     this.props.updatedAt = new Date();
[7m   [0m [91m         ~~~~~[0m

[96msrc/modules/drivers/domain/entities/rider.entity.ts[0m:[93m221[0m:[93m10[0m - [91merror[0m[90m TS2339: [0mProperty 'props' does not exist on type 'Rider'.

[7m221[0m     this.props.documents = this.props.documents.filter(doc => doc.type !== document.type);
[7m   [0m [91m         ~~~~~[0m

[96msrc/modules/drivers/domain/entities/rider.entity.ts[0m:[93m221[0m:[93m33[0m - [91merror[0m[90m TS2339: [0mProperty 'props' does not exist on type 'Rider'.

[7m221[0m     this.props.documents = this.props.documents.filter(doc => doc.type !== document.type);
[7m   [0m [91m                                ~~~~~[0m

[96msrc/modules/drivers/domain/entities/rider.entity.ts[0m:[93m222[0m:[93m10[0m - [91merror[0m[90m TS2339: [0mProperty 'props' does not exist on type 'Rider'.

[7m222[0m     this.props.documents.push(document);
[7m   [0m [91m         ~~~~~[0m

[96msrc/modules/drivers/domain/entities/rider.entity.ts[0m:[93m223[0m:[93m10[0m - [91merror[0m[90m TS2339: [0mProperty 'props' does not exist on type 'Rider'.

[7m223[0m     this.props.updatedAt = new Date();
[7m   [0m [91m         ~~~~~[0m

[96msrc/modules/drivers/domain/entities/rider.entity.ts[0m:[93m227[0m:[93m32[0m - [91merror[0m[90m TS2339: [0mProperty 'props' does not exist on type 'Rider'.

[7m227[0m     const documentIndex = this.props.documents.findIndex(doc => doc.type === documentType);
[7m   [0m [91m                               ~~~~~[0m

[96msrc/modules/drivers/domain/entities/rider.entity.ts[0m:[93m231[0m:[93m12[0m - [91merror[0m[90m TS2339: [0mProperty 'props' does not exist on type 'Rider'.

[7m231[0m       this.props.updatedAt = new Date();
[7m   [0m [91m           ~~~~~[0m

[96msrc/modules/drivers/domain/entities/rider.entity.ts[0m:[93m240[0m:[93m10[0m - [91merror[0m[90m TS2339: [0mProperty 'props' does not exist on type 'Rider'.

[7m240[0m     this.props.shiftStatus = this.props.shiftStatus.goOnline();
[7m   [0m [91m         ~~~~~[0m

[96msrc/modules/drivers/domain/entities/rider.entity.ts[0m:[93m240[0m:[93m35[0m - [91merror[0m[90m TS2339: [0mProperty 'props' does not exist on type 'Rider'.

[7m240[0m     this.props.shiftStatus = this.props.shiftStatus.goOnline();
[7m   [0m [91m                                  ~~~~~[0m

[96msrc/modules/drivers/domain/entities/rider.entity.ts[0m:[93m241[0m:[93m10[0m - [91merror[0m[90m TS2339: [0mProperty 'props' does not exist on type 'Rider'.

[7m241[0m     this.props.riderStatus = this.props.riderStatus.updateLastActive();
[7m   [0m [91m         ~~~~~[0m

[96msrc/modules/drivers/domain/entities/rider.entity.ts[0m:[93m241[0m:[93m35[0m - [91merror[0m[90m TS2339: [0mProperty 'props' does not exist on type 'Rider'.

[7m241[0m     this.props.riderStatus = this.props.riderStatus.updateLastActive();
[7m   [0m [91m                                  ~~~~~[0m

[96msrc/modules/drivers/domain/entities/rider.entity.ts[0m:[93m242[0m:[93m10[0m - [91merror[0m[90m TS2339: [0mProperty 'props' does not exist on type 'Rider'.

[7m242[0m     this.props.updatedAt = new Date();
[7m   [0m [91m         ~~~~~[0m

[96msrc/modules/drivers/domain/entities/rider.entity.ts[0m:[93m246[0m:[93m10[0m - [91merror[0m[90m TS2339: [0mProperty 'props' does not exist on type 'Rider'.

[7m246[0m     this.props.shiftStatus = this.props.shiftStatus.goOffline();
[7m   [0m [91m         ~~~~~[0m

[96msrc/modules/drivers/domain/entities/rider.entity.ts[0m:[93m246[0m:[93m35[0m - [91merror[0m[90m TS2339: [0mProperty 'props' does not exist on type 'Rider'.

[7m246[0m     this.props.shiftStatus = this.props.shiftStatus.goOffline();
[7m   [0m [91m                                  ~~~~~[0m

[96msrc/modules/drivers/domain/entities/rider.entity.ts[0m:[93m247[0m:[93m10[0m - [91merror[0m[90m TS2339: [0mProperty 'props' does not exist on type 'Rider'.

[7m247[0m     this.props.updatedAt = new Date();
[7m   [0m [91m         ~~~~~[0m

[96msrc/modules/drivers/domain/entities/rider.entity.ts[0m:[93m251[0m:[93m10[0m - [91merror[0m[90m TS2339: [0mProperty 'props' does not exist on type 'Rider'.

[7m251[0m     this.props.shiftStatus = this.props.shiftStatus.startBreak(breakType);
[7m   [0m [91m         ~~~~~[0m

[96msrc/modules/drivers/domain/entities/rider.entity.ts[0m:[93m251[0m:[93m35[0m - [91merror[0m[90m TS2339: [0mProperty 'props' does not exist on type 'Rider'.

[7m251[0m     this.props.shiftStatus = this.props.shiftStatus.startBreak(breakType);
[7m   [0m [91m                                  ~~~~~[0m

[96msrc/modules/drivers/domain/entities/rider.entity.ts[0m:[93m252[0m:[93m10[0m - [91merror[0m[90m TS2339: [0mProperty 'props' does not exist on type 'Rider'.

[7m252[0m     this.props.updatedAt = new Date();
[7m   [0m [91m         ~~~~~[0m

[96msrc/modules/drivers/domain/entities/rider.entity.ts[0m:[93m256[0m:[93m10[0m - [91merror[0m[90m TS2339: [0mProperty 'props' does not exist on type 'Rider'.

[7m256[0m     this.props.shiftStatus = this.props.shiftStatus.endBreak();
[7m   [0m [91m         ~~~~~[0m

[96msrc/modules/drivers/domain/entities/rider.entity.ts[0m:[93m256[0m:[93m35[0m - [91merror[0m[90m TS2339: [0mProperty 'props' does not exist on type 'Rider'.

[7m256[0m     this.props.shiftStatus = this.props.shiftStatus.endBreak();
[7m   [0m [91m                                  ~~~~~[0m

[96msrc/modules/drivers/domain/entities/rider.entity.ts[0m:[93m257[0m:[93m10[0m - [91merror[0m[90m TS2339: [0mProperty 'props' does not exist on type 'Rider'.

[7m257[0m     this.props.updatedAt = new Date();
[7m   [0m [91m         ~~~~~[0m

[96msrc/modules/drivers/domain/entities/rider.entity.ts[0m:[93m261[0m:[93m10[0m - [91merror[0m[90m TS2339: [0mProperty 'props' does not exist on type 'Rider'.

[7m261[0m     this.props.shiftStatus = this.props.shiftStatus.setBusy();
[7m   [0m [91m         ~~~~~[0m

[96msrc/modules/drivers/domain/entities/rider.entity.ts[0m:[93m261[0m:[93m35[0m - [91merror[0m[90m TS2339: [0mProperty 'props' does not exist on type 'Rider'.

[7m261[0m     this.props.shiftStatus = this.props.shiftStatus.setBusy();
[7m   [0m [91m                                  ~~~~~[0m

[96msrc/modules/drivers/domain/entities/rider.entity.ts[0m:[93m262[0m:[93m10[0m - [91merror[0m[90m TS2339: [0mProperty 'props' does not exist on type 'Rider'.

[7m262[0m     this.props.updatedAt = new Date();
[7m   [0m [91m         ~~~~~[0m

[96msrc/modules/drivers/domain/entities/rider.entity.ts[0m:[93m266[0m:[93m10[0m - [91merror[0m[90m TS2339: [0mProperty 'props' does not exist on type 'Rider'.

[7m266[0m     this.props.shiftStatus = this.props.shiftStatus.setAvailable();
[7m   [0m [91m         ~~~~~[0m

[96msrc/modules/drivers/domain/entities/rider.entity.ts[0m:[93m266[0m:[93m35[0m - [91merror[0m[90m TS2339: [0mProperty 'props' does not exist on type 'Rider'.

[7m266[0m     this.props.shiftStatus = this.props.shiftStatus.setAvailable();
[7m   [0m [91m                                  ~~~~~[0m

[96msrc/modules/drivers/domain/entities/rider.entity.ts[0m:[93m267[0m:[93m10[0m - [91merror[0m[90m TS2339: [0mProperty 'props' does not exist on type 'Rider'.

[7m267[0m     this.props.updatedAt = new Date();
[7m   [0m [91m         ~~~~~[0m

[96msrc/modules/drivers/domain/entities/rider.entity.ts[0m:[93m271[0m:[93m10[0m - [91merror[0m[90m TS2339: [0mProperty 'props' does not exist on type 'Rider'.

[7m271[0m     this.props.earnings = earnings;
[7m   [0m [91m         ~~~~~[0m

[96msrc/modules/drivers/domain/entities/rider.entity.ts[0m:[93m272[0m:[93m10[0m - [91merror[0m[90m TS2339: [0mProperty 'props' does not exist on type 'Rider'.

[7m272[0m     this.props.updatedAt = new Date();
[7m   [0m [91m         ~~~~~[0m

[96msrc/modules/drivers/domain/entities/rider.entity.ts[0m:[93m276[0m:[93m10[0m - [91merror[0m[90m TS2339: [0mProperty 'props' does not exist on type 'Rider'.

[7m276[0m     this.props.performance = performance;
[7m   [0m [91m         ~~~~~[0m

[96msrc/modules/drivers/domain/entities/rider.entity.ts[0m:[93m277[0m:[93m10[0m - [91merror[0m[90m TS2339: [0mProperty 'props' does not exist on type 'Rider'.

[7m277[0m     this.props.updatedAt = new Date();
[7m   [0m [91m         ~~~~~[0m

[96msrc/modules/drivers/domain/entities/rider.entity.ts[0m:[93m285[0m:[93m10[0m - [91merror[0m[90m TS2339: [0mProperty 'props' does not exist on type 'Rider'.

[7m285[0m     this.props.bankAccountNumber = details.accountNumber;
[7m   [0m [91m         ~~~~~[0m

[96msrc/modules/drivers/domain/entities/rider.entity.ts[0m:[93m286[0m:[93m10[0m - [91merror[0m[90m TS2339: [0mProperty 'props' does not exist on type 'Rider'.

[7m286[0m     this.props.bankName = details.bankName;
[7m   [0m [91m         ~~~~~[0m

[96msrc/modules/drivers/domain/entities/rider.entity.ts[0m:[93m287[0m:[93m10[0m - [91merror[0m[90m TS2339: [0mProperty 'props' does not exist on type 'Rider'.

[7m287[0m     this.props.bankAccountHolderName = details.accountHolderName;
[7m   [0m [91m         ~~~~~[0m

[96msrc/modules/drivers/domain/entities/rider.entity.ts[0m:[93m288[0m:[93m10[0m - [91merror[0m[90m TS2339: [0mProperty 'props' does not exist on type 'Rider'.

[7m288[0m     this.props.updatedAt = new Date();
[7m   [0m [91m         ~~~~~[0m

[96msrc/modules/drivers/domain/entities/rider.entity.ts[0m:[93m291[0m:[93m73[0m - [91merror[0m[90m TS2339: [0mProperty 'props' does not exist on type 'Rider'.

[7m291[0m   public updateNotificationPreferences(preferences: Partial<typeof this.props.notificationPreferences>): void {
[7m   [0m [91m                                                                        ~~~~~[0m

[96msrc/modules/drivers/domain/entities/rider.entity.ts[0m:[93m292[0m:[93m10[0m - [91merror[0m[90m TS2339: [0mProperty 'props' does not exist on type 'Rider'.

[7m292[0m     this.props.notificationPreferences = {
[7m   [0m [91m         ~~~~~[0m

[96msrc/modules/drivers/domain/entities/rider.entity.ts[0m:[93m293[0m:[93m15[0m - [91merror[0m[90m TS2339: [0mProperty 'props' does not exist on type 'Rider'.

[7m293[0m       ...this.props.notificationPreferences,
[7m   [0m [91m              ~~~~~[0m

[96msrc/modules/drivers/domain/entities/rider.entity.ts[0m:[93m296[0m:[93m10[0m - [91merror[0m[90m TS2339: [0mProperty 'props' does not exist on type 'Rider'.

[7m296[0m     this.props.updatedAt = new Date();
[7m   [0m [91m         ~~~~~[0m

[96msrc/modules/drivers/domain/entities/rider.entity.ts[0m:[93m300[0m:[93m10[0m - [91merror[0m[90m TS2339: [0mProperty 'props' does not exist on type 'Rider'.

[7m300[0m     this.props.riderStatus = this.props.riderStatus.suspend(reason);
[7m   [0m [91m         ~~~~~[0m

[96msrc/modules/drivers/domain/entities/rider.entity.ts[0m:[93m300[0m:[93m35[0m - [91merror[0m[90m TS2339: [0mProperty 'props' does not exist on type 'Rider'.

[7m300[0m     this.props.riderStatus = this.props.riderStatus.suspend(reason);
[7m   [0m [91m                                  ~~~~~[0m

[96msrc/modules/drivers/domain/entities/rider.entity.ts[0m:[93m301[0m:[93m10[0m - [91merror[0m[90m TS2339: [0mProperty 'props' does not exist on type 'Rider'.

[7m301[0m     this.props.shiftStatus = this.props.shiftStatus.goOffline();
[7m   [0m [91m         ~~~~~[0m

[96msrc/modules/drivers/domain/entities/rider.entity.ts[0m:[93m301[0m:[93m35[0m - [91merror[0m[90m TS2339: [0mProperty 'props' does not exist on type 'Rider'.

[7m301[0m     this.props.shiftStatus = this.props.shiftStatus.goOffline();
[7m   [0m [91m                                  ~~~~~[0m

[96msrc/modules/drivers/domain/entities/rider.entity.ts[0m:[93m302[0m:[93m10[0m - [91merror[0m[90m TS2339: [0mProperty 'props' does not exist on type 'Rider'.

[7m302[0m     this.props.updatedAt = new Date();
[7m   [0m [91m         ~~~~~[0m

[96msrc/modules/drivers/domain/entities/rider.entity.ts[0m:[93m306[0m:[93m10[0m - [91merror[0m[90m TS2339: [0mProperty 'props' does not exist on type 'Rider'.

[7m306[0m     this.props.riderStatus = this.props.riderStatus.activate();
[7m   [0m [91m         ~~~~~[0m

[96msrc/modules/drivers/domain/entities/rider.entity.ts[0m:[93m306[0m:[93m35[0m - [91merror[0m[90m TS2339: [0mProperty 'props' does not exist on type 'Rider'.

[7m306[0m     this.props.riderStatus = this.props.riderStatus.activate();
[7m   [0m [91m                                  ~~~~~[0m

[96msrc/modules/drivers/domain/entities/rider.entity.ts[0m:[93m307[0m:[93m10[0m - [91merror[0m[90m TS2339: [0mProperty 'props' does not exist on type 'Rider'.

[7m307[0m     this.props.updatedAt = new Date();
[7m   [0m [91m         ~~~~~[0m

[96msrc/modules/drivers/domain/entities/rider.entity.ts[0m:[93m311[0m:[93m10[0m - [91merror[0m[90m TS2339: [0mProperty 'props' does not exist on type 'Rider'.

[7m311[0m     this.props.riderStatus = this.props.riderStatus.reject(reason);
[7m   [0m [91m         ~~~~~[0m

[96msrc/modules/drivers/domain/entities/rider.entity.ts[0m:[93m311[0m:[93m35[0m - [91merror[0m[90m TS2339: [0mProperty 'props' does not exist on type 'Rider'.

[7m311[0m     this.props.riderStatus = this.props.riderStatus.reject(reason);
[7m   [0m [91m                                  ~~~~~[0m

[96msrc/modules/drivers/domain/entities/rider.entity.ts[0m:[93m312[0m:[93m10[0m - [91merror[0m[90m TS2339: [0mProperty 'props' does not exist on type 'Rider'.

[7m312[0m     this.props.shiftStatus = this.props.shiftStatus.goOffline();
[7m   [0m [91m         ~~~~~[0m

[96msrc/modules/drivers/domain/entities/rider.entity.ts[0m:[93m312[0m:[93m35[0m - [91merror[0m[90m TS2339: [0mProperty 'props' does not exist on type 'Rider'.

[7m312[0m     this.props.shiftStatus = this.props.shiftStatus.goOffline();
[7m   [0m [91m                                  ~~~~~[0m

[96msrc/modules/drivers/domain/entities/rider.entity.ts[0m:[93m313[0m:[93m10[0m - [91merror[0m[90m TS2339: [0mProperty 'props' does not exist on type 'Rider'.

[7m313[0m     this.props.updatedAt = new Date();
[7m   [0m [91m         ~~~~~[0m

[96msrc/modules/drivers/domain/entities/rider.entity.ts[0m:[93m320[0m:[93m12[0m - [91merror[0m[90m TS2339: [0mProperty 'props' does not exist on type 'Rider'.

[7m320[0m       this.props.riderStatus.isActive() &&
[7m   [0m [91m           ~~~~~[0m

[96msrc/modules/drivers/domain/entities/rider.entity.ts[0m:[93m321[0m:[93m12[0m - [91merror[0m[90m TS2339: [0mProperty 'props' does not exist on type 'Rider'.

[7m321[0m       this.props.riderStatus.isVerified() &&
[7m   [0m [91m           ~~~~~[0m

[96msrc/modules/drivers/domain/entities/rider.entity.ts[0m:[93m323[0m:[93m12[0m - [91merror[0m[90m TS2339: [0mProperty 'props' does not exist on type 'Rider'.

[7m323[0m       this.props.vehicleInfo !== undefined
[7m   [0m [91m           ~~~~~[0m

[96msrc/modules/drivers/domain/entities/rider.entity.ts[0m:[93m328[0m:[93m17[0m - [91merror[0m[90m TS2339: [0mProperty 'props' does not exist on type 'Rider'.

[7m328[0m     return this.props.shiftStatus.isOnline();
[7m   [0m [91m                ~~~~~[0m

[96msrc/modules/drivers/domain/entities/rider.entity.ts[0m:[93m334[0m:[93m12[0m - [91merror[0m[90m TS2339: [0mProperty 'props' does not exist on type 'Rider'.

[7m334[0m       this.props.shiftStatus.isAvailable() &&
[7m   [0m [91m           ~~~~~[0m

[96msrc/modules/drivers/domain/entities/rider.entity.ts[0m:[93m335[0m:[93m12[0m - [91merror[0m[90m TS2339: [0mProperty 'props' does not exist on type 'Rider'.

[7m335[0m       this.props.riderStatus.isActive()
[7m   [0m [91m           ~~~~~[0m

[96msrc/modules/drivers/domain/entities/rider.entity.ts[0m:[93m342[0m:[93m12[0m - [91merror[0m[90m TS2339: [0mProperty 'props' does not exist on type 'Rider'.

[7m342[0m       this.props.documents.some(doc => doc.type === type && doc.isVerified())
[7m   [0m [91m           ~~~~~[0m

[96msrc/modules/drivers/domain/entities/rider.entity.ts[0m:[93m347[0m:[93m17[0m - [91merror[0m[90m TS2339: [0mProperty 'props' does not exist on type 'Rider'.

[7m347[0m     return this.props.documents.filter(doc => doc.isExpired());
[7m   [0m [91m                ~~~~~[0m

[96msrc/modules/drivers/domain/entities/rider.entity.ts[0m:[93m351[0m:[93m17[0m - [91merror[0m[90m TS2339: [0mProperty 'props' does not exist on type 'Rider'.

[7m351[0m     return this.props.documents.filter(doc => doc.needsRenewal(daysAhead));
[7m   [0m [91m                ~~~~~[0m

[96msrc/modules/drivers/domain/entities/rider.entity.ts[0m:[93m356[0m:[93m37[0m - [91merror[0m[90m TS2339: [0mProperty 'props' does not exist on type 'Rider'.

[7m356[0m     const birthDate = new Date(this.props.dateOfBirth);
[7m   [0m [91m                                    ~~~~~[0m

[96msrc/modules/drivers/domain/entities/rider.entity.ts[0m:[93m368[0m:[93m17[0m - [91merror[0m[90m TS2339: [0mProperty 'props' does not exist on type 'Rider'.

[7m368[0m     return this.props.shiftStatus.getTotalWorkingHours();
[7m   [0m [91m                ~~~~~[0m

[96msrc/modules/drivers/domain/entities/rider.entity.ts[0m:[93m374[0m:[93m13[0m - [91merror[0m[90m TS2339: [0mProperty 'props' does not exist on type 'Rider'.

[7m374[0m       !this.props.shiftStatus.isOnBreak() &&
[7m   [0m [91m            ~~~~~[0m

[96msrc/modules/drivers/domain/entities/rider.entity.ts[0m:[93m375[0m:[93m12[0m - [91merror[0m[90m TS2339: [0mProperty 'props' does not exist on type 'Rider'.

[7m375[0m       this.props.currentLocation !== undefined
[7m   [0m [91m           ~~~~~[0m

[96msrc/modules/drivers/domain/entities/rider.entity.ts[0m:[93m380[0m:[93m15[0m - [91merror[0m[90m TS2339: [0mProperty 'props' does not exist on type 'Rider'.

[7m380[0m     if (!this.props.currentLocation) return null;
[7m   [0m [91m              ~~~~~[0m

[96msrc/modules/drivers/domain/entities/rider.entity.ts[0m:[93m381[0m:[93m17[0m - [91merror[0m[90m TS2339: [0mProperty 'props' does not exist on type 'Rider'.

[7m381[0m     return this.props.currentLocation.distanceTo(targetLocation);
[7m   [0m [91m                ~~~~~[0m

[96msrc/modules/drivers/domain/entities/rider.entity.ts[0m:[93m385[0m:[93m17[0m - [91merror[0m[90m TS2339: [0mProperty 'props' does not exist on type 'Rider'.

[7m385[0m     return this.props.workingAreas.includes(areaId);
[7m   [0m [91m                ~~~~~[0m

[96msrc/modules/drivers/domain/entities/rider.entity.ts[0m:[93m390[0m:[93m16[0m - [91merror[0m[90m TS2339: [0mProperty '_id' does not exist on type 'Rider'.

[7m390[0m       id: this._id.toString(),
[7m   [0m [91m               ~~~[0m

[96msrc/modules/drivers/domain/entities/rider.entity.ts[0m:[93m391[0m:[93m20[0m - [91merror[0m[90m TS2339: [0mProperty 'props' does not exist on type 'Rider'.

[7m391[0m       userId: this.props.userId,
[7m   [0m [91m                   ~~~~~[0m

[96msrc/modules/drivers/domain/entities/rider.entity.ts[0m:[93m392[0m:[93m23[0m - [91merror[0m[90m TS2339: [0mProperty 'props' does not exist on type 'Rider'.

[7m392[0m       firstName: this.props.firstName,
[7m   [0m [91m                      ~~~~~[0m

[96msrc/modules/drivers/domain/entities/rider.entity.ts[0m:[93m393[0m:[93m22[0m - [91merror[0m[90m TS2339: [0mProperty 'props' does not exist on type 'Rider'.

[7m393[0m       lastName: this.props.lastName,
[7m   [0m [91m                     ~~~~~[0m

[96msrc/modules/drivers/domain/entities/rider.entity.ts[0m:[93m395[0m:[93m19[0m - [91merror[0m[90m TS2339: [0mProperty 'props' does not exist on type 'Rider'.

[7m395[0m       email: this.props.email,
[7m   [0m [91m                  ~~~~~[0m

[96msrc/modules/drivers/domain/entities/rider.entity.ts[0m:[93m396[0m:[93m25[0m - [91merror[0m[90m TS2339: [0mProperty 'props' does not exist on type 'Rider'.

[7m396[0m       phoneNumber: this.props.phoneNumber,
[7m   [0m [91m                        ~~~~~[0m

[96msrc/modules/drivers/domain/entities/rider.entity.ts[0m:[93m397[0m:[93m25[0m - [91merror[0m[90m TS2339: [0mProperty 'props' does not exist on type 'Rider'.

[7m397[0m       dateOfBirth: this.props.dateOfBirth,
[7m   [0m [91m                        ~~~~~[0m

[96msrc/modules/drivers/domain/entities/rider.entity.ts[0m:[93m399[0m:[93m28[0m - [91merror[0m[90m TS2339: [0mProperty 'props' does not exist on type 'Rider'.

[7m399[0m       profilePicture: this.props.profilePicture,
[7m   [0m [91m                           ~~~~~[0m

[96msrc/modules/drivers/domain/entities/rider.entity.ts[0m:[93m400[0m:[93m34[0m - [91merror[0m[90m TS2339: [0mProperty 'props' does not exist on type 'Rider'.

[7m400[0m       emergencyContactName: this.props.emergencyContactName,
[7m   [0m [91m                                 ~~~~~[0m

[96msrc/modules/drivers/domain/entities/rider.entity.ts[0m:[93m401[0m:[93m35[0m - [91merror[0m[90m TS2339: [0mProperty 'props' does not exist on type 'Rider'.

[7m401[0m       emergencyContactPhone: this.props.emergencyContactPhone,
[7m   [0m [91m                                  ~~~~~[0m

[96msrc/modules/drivers/domain/entities/rider.entity.ts[0m:[93m402[0m:[93m25[0m - [91merror[0m[90m TS2339: [0mProperty 'props' does not exist on type 'Rider'.

[7m402[0m       vehicleInfo: this.props.vehicleInfo?.toJSON(),
[7m   [0m [91m                        ~~~~~[0m

[96msrc/modules/drivers/domain/entities/rider.entity.ts[0m:[93m403[0m:[93m29[0m - [91merror[0m[90m TS2339: [0mProperty 'props' does not exist on type 'Rider'.

[7m403[0m       currentLocation: this.props.currentLocation?.toJSON(),
[7m   [0m [91m                            ~~~~~[0m

[96msrc/modules/drivers/domain/entities/rider.entity.ts[0m:[93m404[0m:[93m25[0m - [91merror[0m[90m TS2339: [0mProperty 'props' does not exist on type 'Rider'.

[7m404[0m       homeAddress: this.props.homeAddress,
[7m   [0m [91m                        ~~~~~[0m

[96msrc/modules/drivers/domain/entities/rider.entity.ts[0m:[93m405[0m:[93m26[0m - [91merror[0m[90m TS2339: [0mProperty 'props' does not exist on type 'Rider'.

[7m405[0m       workingAreas: this.props.workingAreas,
[7m   [0m [91m                         ~~~~~[0m

[96msrc/modules/drivers/domain/entities/rider.entity.ts[0m:[93m406[0m:[93m23[0m - [91merror[0m[90m TS2339: [0mProperty 'props' does not exist on type 'Rider'.

[7m406[0m       documents: this.props.documents.map(doc => doc.toJSON()),
[7m   [0m [91m                      ~~~~~[0m

[96msrc/modules/drivers/domain/entities/rider.entity.ts[0m:[93m407[0m:[93m25[0m - [91merror[0m[90m TS2339: [0mProperty 'props' does not exist on type 'Rider'.

[7m407[0m       shiftStatus: this.props.shiftStatus.toJSON(),
[7m   [0m [91m                        ~~~~~[0m

[96msrc/modules/drivers/domain/entities/rider.entity.ts[0m:[93m408[0m:[93m25[0m - [91merror[0m[90m TS2339: [0mProperty 'props' does not exist on type 'Rider'.

[7m408[0m       riderStatus: this.props.riderStatus.toJSON(),
[7m   [0m [91m                        ~~~~~[0m

[96msrc/modules/drivers/domain/entities/rider.entity.ts[0m:[93m409[0m:[93m22[0m - [91merror[0m[90m TS2339: [0mProperty 'props' does not exist on type 'Rider'.

[7m409[0m       earnings: this.props.earnings.toJSON(),
[7m   [0m [91m                     ~~~~~[0m

[96msrc/modules/drivers/domain/entities/rider.entity.ts[0m:[93m410[0m:[93m25[0m - [91merror[0m[90m TS2339: [0mProperty 'props' does not exist on type 'Rider'.

[7m410[0m       performance: this.props.performance.toJSON(),
[7m   [0m [91m                        ~~~~~[0m

[96msrc/modules/drivers/domain/entities/rider.entity.ts[0m:[93m411[0m:[93m31[0m - [91merror[0m[90m TS2339: [0mProperty 'props' does not exist on type 'Rider'.

[7m411[0m       bankAccountNumber: this.props.bankAccountNumber,
[7m   [0m [91m                              ~~~~~[0m

[96msrc/modules/drivers/domain/entities/rider.entity.ts[0m:[93m412[0m:[93m22[0m - [91merror[0m[90m TS2339: [0mProperty 'props' does not exist on type 'Rider'.

[7m412[0m       bankName: this.props.bankName,
[7m   [0m [91m                     ~~~~~[0m

[96msrc/modules/drivers/domain/entities/rider.entity.ts[0m:[93m413[0m:[93m35[0m - [91merror[0m[90m TS2339: [0mProperty 'props' does not exist on type 'Rider'.

[7m413[0m       bankAccountHolderName: this.props.bankAccountHolderName,
[7m   [0m [91m                                  ~~~~~[0m

[96msrc/modules/drivers/domain/entities/rider.entity.ts[0m:[93m414[0m:[93m19[0m - [91merror[0m[90m TS2339: [0mProperty 'props' does not exist on type 'Rider'.

[7m414[0m       taxId: this.props.taxId,
[7m   [0m [91m                  ~~~~~[0m

[96msrc/modules/drivers/domain/entities/rider.entity.ts[0m:[93m415[0m:[93m31[0m - [91merror[0m[90m TS2339: [0mProperty 'props' does not exist on type 'Rider'.

[7m415[0m       preferredLanguage: this.props.preferredLanguage,
[7m   [0m [91m                              ~~~~~[0m

[96msrc/modules/drivers/domain/entities/rider.entity.ts[0m:[93m416[0m:[93m37[0m - [91merror[0m[90m TS2339: [0mProperty 'props' does not exist on type 'Rider'.

[7m416[0m       notificationPreferences: this.props.notificationPreferences,
[7m   [0m [91m                                    ~~~~~[0m

[96msrc/modules/drivers/domain/entities/rider.entity.ts[0m:[93m420[0m:[93m23[0m - [91merror[0m[90m TS2339: [0mProperty 'props' does not exist on type 'Rider'.

[7m420[0m       createdAt: this.props.createdAt,
[7m   [0m [91m                      ~~~~~[0m

[96msrc/modules/drivers/domain/entities/rider.entity.ts[0m:[93m421[0m:[93m23[0m - [91merror[0m[90m TS2339: [0mProperty 'props' does not exist on type 'Rider'.

[7m421[0m       updatedAt: this.props.updatedAt,
[7m   [0m [91m                      ~~~~~[0m

[96msrc/modules/drivers/domain/entities/shift.entity.ts[0m:[93m1[0m:[93m24[0m - [91merror[0m[90m TS2307: [0mCannot find module '../../../common/domain/entity' or its corresponding type declarations.

[7m1[0m import { Entity } from '../../../common/domain/entity';
[7m [0m [91m                       ~~~~~~~~~~~~~~~~~~~~~~~~~~~~~~~[0m

[96msrc/modules/drivers/domain/entities/shift.entity.ts[0m:[93m2[0m:[93m32[0m - [91merror[0m[90m TS2307: [0mCannot find module '../../../common/domain/unique-entity-id' or its corresponding type declarations.

[7m2[0m import { UniqueEntityID } from '../../../common/domain/unique-entity-id';
[7m [0m [91m                               ~~~~~~~~~~~~~~~~~~~~~~~~~~~~~~~~~~~~~~~~~[0m

[96msrc/modules/drivers/domain/entities/shift.entity.ts[0m:[93m80[0m:[93m17[0m - [91merror[0m[90m TS2339: [0mProperty '_id' does not exist on type 'Shift'.

[7m80[0m     return this._id;
[7m  [0m [91m                ~~~[0m

[96msrc/modules/drivers/domain/entities/shift.entity.ts[0m:[93m84[0m:[93m17[0m - [91merror[0m[90m TS2339: [0mProperty 'props' does not exist on type 'Shift'.

[7m84[0m     return this.props.riderId;
[7m  [0m [91m                ~~~~~[0m

[96msrc/modules/drivers/domain/entities/shift.entity.ts[0m:[93m88[0m:[93m17[0m - [91merror[0m[90m TS2339: [0mProperty 'props' does not exist on type 'Shift'.

[7m88[0m     return this.props.startTime;
[7m  [0m [91m                ~~~~~[0m

[96msrc/modules/drivers/domain/entities/shift.entity.ts[0m:[93m92[0m:[93m17[0m - [91merror[0m[90m TS2339: [0mProperty 'props' does not exist on type 'Shift'.

[7m92[0m     return this.props.endTime;
[7m  [0m [91m                ~~~~~[0m

[96msrc/modules/drivers/domain/entities/shift.entity.ts[0m:[93m96[0m:[93m17[0m - [91merror[0m[90m TS2339: [0mProperty 'props' does not exist on type 'Shift'.

[7m96[0m     return this.props.state;
[7m  [0m [91m                ~~~~~[0m

[96msrc/modules/drivers/domain/entities/shift.entity.ts[0m:[93m100[0m:[93m17[0m - [91merror[0m[90m TS2339: [0mProperty 'props' does not exist on type 'Shift'.

[7m100[0m     return this.props.startLocation;
[7m   [0m [91m                ~~~~~[0m

[96msrc/modules/drivers/domain/entities/shift.entity.ts[0m:[93m104[0m:[93m17[0m - [91merror[0m[90m TS2339: [0mProperty 'props' does not exist on type 'Shift'.

[7m104[0m     return this.props.endLocation;
[7m   [0m [91m                ~~~~~[0m

[96msrc/modules/drivers/domain/entities/shift.entity.ts[0m:[93m108[0m:[93m17[0m - [91merror[0m[90m TS2339: [0mProperty 'props' does not exist on type 'Shift'.

[7m108[0m     return this.props.totalDistance;
[7m   [0m [91m                ~~~~~[0m

[96msrc/modules/drivers/domain/entities/shift.entity.ts[0m:[93m112[0m:[93m17[0m - [91merror[0m[90m TS2339: [0mProperty 'props' does not exist on type 'Shift'.

[7m112[0m     return this.props.totalOrders;
[7m   [0m [91m                ~~~~~[0m

[96msrc/modules/drivers/domain/entities/shift.entity.ts[0m:[93m116[0m:[93m17[0m - [91merror[0m[90m TS2339: [0mProperty 'props' does not exist on type 'Shift'.

[7m116[0m     return this.props.completedOrders;
[7m   [0m [91m                ~~~~~[0m

[96msrc/modules/drivers/domain/entities/shift.entity.ts[0m:[93m120[0m:[93m17[0m - [91merror[0m[90m TS2339: [0mProperty 'props' does not exist on type 'Shift'.

[7m120[0m     return this.props.cancelledOrders;
[7m   [0m [91m                ~~~~~[0m

[96msrc/modules/drivers/domain/entities/shift.entity.ts[0m:[93m124[0m:[93m17[0m - [91merror[0m[90m TS2339: [0mProperty 'props' does not exist on type 'Shift'.

[7m124[0m     return this.props.totalEarnings;
[7m   [0m [91m                ~~~~~[0m

[96msrc/modules/drivers/domain/entities/shift.entity.ts[0m:[93m128[0m:[93m17[0m - [91merror[0m[90m TS2339: [0mProperty 'props' does not exist on type 'Shift'.

[7m128[0m     return this.props.currency;
[7m   [0m [91m                ~~~~~[0m

[96msrc/modules/drivers/domain/entities/shift.entity.ts[0m:[93m132[0m:[93m17[0m - [91merror[0m[90m TS2339: [0mProperty 'props' does not exist on type 'Shift'.

[7m132[0m     return this.props.breaks;
[7m   [0m [91m                ~~~~~[0m

[96msrc/modules/drivers/domain/entities/shift.entity.ts[0m:[93m136[0m:[93m17[0m - [91merror[0m[90m TS2339: [0mProperty 'props' does not exist on type 'Shift'.

[7m136[0m     return this.props.locationUpdates;
[7m   [0m [91m                ~~~~~[0m

[96msrc/modules/drivers/domain/entities/shift.entity.ts[0m:[93m140[0m:[93m17[0m - [91merror[0m[90m TS2339: [0mProperty 'props' does not exist on type 'Shift'.

[7m140[0m     return this.props.notes;
[7m   [0m [91m                ~~~~~[0m

[96msrc/modules/drivers/domain/entities/shift.entity.ts[0m:[93m144[0m:[93m17[0m - [91merror[0m[90m TS2339: [0mProperty 'props' does not exist on type 'Shift'.

[7m144[0m     return this.props.createdAt;
[7m   [0m [91m                ~~~~~[0m

[96msrc/modules/drivers/domain/entities/shift.entity.ts[0m:[93m148[0m:[93m17[0m - [91merror[0m[90m TS2339: [0mProperty 'props' does not exist on type 'Shift'.

[7m148[0m     return this.props.updatedAt;
[7m   [0m [91m                ~~~~~[0m

[96msrc/modules/drivers/domain/entities/shift.entity.ts[0m:[93m154[0m:[93m14[0m - [91merror[0m[90m TS2339: [0mProperty 'props' does not exist on type 'Shift'.

[7m154[0m     if (this.props.state !== 'active') {
[7m   [0m [91m             ~~~~~[0m

[96msrc/modules/drivers/domain/entities/shift.entity.ts[0m:[93m161[0m:[93m10[0m - [91merror[0m[90m TS2339: [0mProperty 'props' does not exist on type 'Shift'.

[7m161[0m     this.props.endTime = new Date();
[7m   [0m [91m         ~~~~~[0m

[96msrc/modules/drivers/domain/entities/shift.entity.ts[0m:[93m162[0m:[93m10[0m - [91merror[0m[90m TS2339: [0mProperty 'props' does not exist on type 'Shift'.

[7m162[0m     this.props.endLocation = endLocation;
[7m   [0m [91m         ~~~~~[0m

[96msrc/modules/drivers/domain/entities/shift.entity.ts[0m:[93m163[0m:[93m10[0m - [91merror[0m[90m TS2339: [0mProperty 'props' does not exist on type 'Shift'.

[7m163[0m     this.props.state = 'completed';
[7m   [0m [91m         ~~~~~[0m

[96msrc/modules/drivers/domain/entities/shift.entity.ts[0m:[93m164[0m:[93m10[0m - [91merror[0m[90m TS2339: [0mProperty 'props' does not exist on type 'Shift'.

[7m164[0m     this.props.updatedAt = new Date();
[7m   [0m [91m         ~~~~~[0m

[96msrc/modules/drivers/domain/entities/shift.entity.ts[0m:[93m172[0m:[93m14[0m - [91merror[0m[90m TS2339: [0mProperty 'props' does not exist on type 'Shift'.

[7m172[0m     if (this.props.state !== 'active') {
[7m   [0m [91m             ~~~~~[0m

[96msrc/modules/drivers/domain/entities/shift.entity.ts[0m:[93m176[0m:[93m10[0m - [91merror[0m[90m TS2339: [0mProperty 'props' does not exist on type 'Shift'.

[7m176[0m     this.props.endTime = new Date();
[7m   [0m [91m         ~~~~~[0m

[96msrc/modules/drivers/domain/entities/shift.entity.ts[0m:[93m177[0m:[93m10[0m - [91merror[0m[90m TS2339: [0mProperty 'props' does not exist on type 'Shift'.

[7m177[0m     this.props.state = 'cancelled';
[7m   [0m [91m         ~~~~~[0m

[96msrc/modules/drivers/domain/entities/shift.entity.ts[0m:[93m178[0m:[93m10[0m - [91merror[0m[90m TS2339: [0mProperty 'props' does not exist on type 'Shift'.

[7m178[0m     this.props.notes = reason;
[7m   [0m [91m         ~~~~~[0m

[96msrc/modules/drivers/domain/entities/shift.entity.ts[0m:[93m179[0m:[93m10[0m - [91merror[0m[90m TS2339: [0mProperty 'props' does not exist on type 'Shift'.

[7m179[0m     this.props.updatedAt = new Date();
[7m   [0m [91m         ~~~~~[0m

[96msrc/modules/drivers/domain/entities/shift.entity.ts[0m:[93m183[0m:[93m14[0m - [91merror[0m[90m TS2339: [0mProperty 'props' does not exist on type 'Shift'.

[7m183[0m     if (this.props.state !== 'active') {
[7m   [0m [91m             ~~~~~[0m

[96msrc/modules/drivers/domain/entities/shift.entity.ts[0m:[93m197[0m:[93m10[0m - [91merror[0m[90m TS2339: [0mProperty 'props' does not exist on type 'Shift'.

[7m197[0m     this.props.breaks.push(breakRecord);
[7m   [0m [91m         ~~~~~[0m

[96msrc/modules/drivers/domain/entities/shift.entity.ts[0m:[93m198[0m:[93m10[0m - [91merror[0m[90m TS2339: [0mProperty 'props' does not exist on type 'Shift'.

[7m198[0m     this.props.updatedAt = new Date();
[7m   [0m [91m         ~~~~~[0m

[96msrc/modules/drivers/domain/entities/shift.entity.ts[0m:[93m218[0m:[93m12[0m - [91merror[0m[90m TS2339: [0mProperty 'props' does not exist on type 'Shift'.

[7m218[0m       this.props.updatedAt = new Date();
[7m   [0m [91m           ~~~~~[0m

[96msrc/modules/drivers/domain/entities/shift.entity.ts[0m:[93m230[0m:[93m10[0m - [91merror[0m[90m TS2339: [0mProperty 'props' does not exist on type 'Shift'.

[7m230[0m     this.props.locationUpdates.push(locationUpdate);
[7m   [0m [91m         ~~~~~[0m

[96msrc/modules/drivers/domain/entities/shift.entity.ts[0m:[93m233[0m:[93m14[0m - [91merror[0m[90m TS2339: [0mProperty 'props' does not exist on type 'Shift'.

[7m233[0m     if (this.props.locationUpdates.length > 1) {
[7m   [0m [91m             ~~~~~[0m

[96msrc/modules/drivers/domain/entities/shift.entity.ts[0m:[93m234[0m:[93m37[0m - [91merror[0m[90m TS2339: [0mProperty 'props' does not exist on type 'Shift'.

[7m234[0m       const previousLocation = this.props.locationUpdates[this.props.locationUpdates.length - 2];
[7m   [0m [91m                                    ~~~~~[0m

[96msrc/modules/drivers/domain/entities/shift.entity.ts[0m:[93m234[0m:[93m64[0m - [91merror[0m[90m TS2339: [0mProperty 'props' does not exist on type 'Shift'.

[7m234[0m       const previousLocation = this.props.locationUpdates[this.props.locationUpdates.length - 2];
[7m   [0m [91m                                                               ~~~~~[0m

[96msrc/modules/drivers/domain/entities/shift.entity.ts[0m:[93m236[0m:[93m12[0m - [91merror[0m[90m TS2339: [0mProperty 'props' does not exist on type 'Shift'.

[7m236[0m       this.props.totalDistance += distance;
[7m   [0m [91m           ~~~~~[0m

[96msrc/modules/drivers/domain/entities/shift.entity.ts[0m:[93m239[0m:[93m10[0m - [91merror[0m[90m TS2339: [0mProperty 'props' does not exist on type 'Shift'.

[7m239[0m     this.props.updatedAt = new Date();
[7m   [0m [91m         ~~~~~[0m

[96msrc/modules/drivers/domain/entities/shift.entity.ts[0m:[93m243[0m:[93m10[0m - [91merror[0m[90m TS2339: [0mProperty 'props' does not exist on type 'Shift'.

[7m243[0m     this.props.totalOrders += 1;
[7m   [0m [91m         ~~~~~[0m

[96msrc/modules/drivers/domain/entities/shift.entity.ts[0m:[93m244[0m:[93m10[0m - [91merror[0m[90m TS2339: [0mProperty 'props' does not exist on type 'Shift'.

[7m244[0m     this.props.updatedAt = new Date();
[7m   [0m [91m         ~~~~~[0m

[96msrc/modules/drivers/domain/entities/shift.entity.ts[0m:[93m248[0m:[93m10[0m - [91merror[0m[90m TS2339: [0mProperty 'props' does not exist on type 'Shift'.

[7m248[0m     this.props.completedOrders += 1;
[7m   [0m [91m         ~~~~~[0m

[96msrc/modules/drivers/domain/entities/shift.entity.ts[0m:[93m249[0m:[93m10[0m - [91merror[0m[90m TS2339: [0mProperty 'props' does not exist on type 'Shift'.

[7m249[0m     this.props.totalEarnings += earnings;
[7m   [0m [91m         ~~~~~[0m

[96msrc/modules/drivers/domain/entities/shift.entity.ts[0m:[93m250[0m:[93m10[0m - [91merror[0m[90m TS2339: [0mProperty 'props' does not exist on type 'Shift'.

[7m250[0m     this.props.updatedAt = new Date();
[7m   [0m [91m         ~~~~~[0m

[96msrc/modules/drivers/domain/entities/shift.entity.ts[0m:[93m254[0m:[93m10[0m - [91merror[0m[90m TS2339: [0mProperty 'props' does not exist on type 'Shift'.

[7m254[0m     this.props.cancelledOrders += 1;
[7m   [0m [91m         ~~~~~[0m

[96msrc/modules/drivers/domain/entities/shift.entity.ts[0m:[93m255[0m:[93m10[0m - [91merror[0m[90m TS2339: [0mProperty 'props' does not exist on type 'Shift'.

[7m255[0m     this.props.updatedAt = new Date();
[7m   [0m [91m         ~~~~~[0m

[96msrc/modules/drivers/domain/entities/shift.entity.ts[0m:[93m259[0m:[93m10[0m - [91merror[0m[90m TS2339: [0mProperty 'props' does not exist on type 'Shift'.

[7m259[0m     this.props.notes = notes;
[7m   [0m [91m         ~~~~~[0m

[96msrc/modules/drivers/domain/entities/shift.entity.ts[0m:[93m260[0m:[93m10[0m - [91merror[0m[90m TS2339: [0mProperty 'props' does not exist on type 'Shift'.

[7m260[0m     this.props.updatedAt = new Date();
[7m   [0m [91m         ~~~~~[0m

[96msrc/modules/drivers/domain/entities/shift.entity.ts[0m:[93m266[0m:[93m17[0m - [91merror[0m[90m TS2339: [0mProperty 'props' does not exist on type 'Shift'.

[7m266[0m     return this.props.state === 'active';
[7m   [0m [91m                ~~~~~[0m

[96msrc/modules/drivers/domain/entities/shift.entity.ts[0m:[93m270[0m:[93m17[0m - [91merror[0m[90m TS2339: [0mProperty 'props' does not exist on type 'Shift'.

[7m270[0m     return this.props.state === 'completed';
[7m   [0m [91m                ~~~~~[0m

[96msrc/modules/drivers/domain/entities/shift.entity.ts[0m:[93m274[0m:[93m17[0m - [91merror[0m[90m TS2339: [0mProperty 'props' does not exist on type 'Shift'.

[7m274[0m     return this.props.state === 'cancelled';
[7m   [0m [91m                ~~~~~[0m

[96msrc/modules/drivers/domain/entities/shift.entity.ts[0m:[93m278[0m:[93m17[0m - [91merror[0m[90m TS2339: [0mProperty 'props' does not exist on type 'Shift'.

[7m278[0m     return this.props.breaks.find(breakRecord => !breakRecord.endTime);
[7m   [0m [91m                ~~~~~[0m

[96msrc/modules/drivers/domain/entities/shift.entity.ts[0m:[93m286[0m:[93m15[0m - [91merror[0m[90m TS2339: [0mProperty 'props' does not exist on type 'Shift'.

[7m286[0m     if (!this.props.endTime && this.props.state === 'active') {
[7m   [0m [91m              ~~~~~[0m

[96msrc/modules/drivers/domain/entities/shift.entity.ts[0m:[93m286[0m:[93m37[0m - [91merror[0m[90m TS2339: [0mProperty 'props' does not exist on type 'Shift'.

[7m286[0m     if (!this.props.endTime && this.props.state === 'active') {
[7m   [0m [91m                                    ~~~~~[0m

[96msrc/modules/drivers/domain/entities/shift.entity.ts[0m:[93m287[0m:[93m44[0m - [91merror[0m[90m TS2339: [0mProperty 'props' does not exist on type 'Shift'.

[7m287[0m       return Math.floor((Date.now() - this.props.startTime.getTime()) / (1000 * 60));
[7m   [0m [91m                                           ~~~~~[0m

[96msrc/modules/drivers/domain/entities/shift.entity.ts[0m:[93m290[0m:[93m14[0m - [91merror[0m[90m TS2339: [0mProperty 'props' does not exist on type 'Shift'.

[7m290[0m     if (this.props.endTime) {
[7m   [0m [91m             ~~~~~[0m

[96msrc/modules/drivers/domain/entities/shift.entity.ts[0m:[93m291[0m:[93m31[0m - [91merror[0m[90m TS2339: [0mProperty 'props' does not exist on type 'Shift'.

[7m291[0m       return Math.floor((this.props.endTime.getTime() - this.props.startTime.getTime()) / (1000 * 60));
[7m   [0m [91m                              ~~~~~[0m

[96msrc/modules/drivers/domain/entities/shift.entity.ts[0m:[93m291[0m:[93m62[0m - [91merror[0m[90m TS2339: [0mProperty 'props' does not exist on type 'Shift'.

[7m291[0m       return Math.floor((this.props.endTime.getTime() - this.props.startTime.getTime()) / (1000 * 60));
[7m   [0m [91m                                                             ~~~~~[0m

[96msrc/modules/drivers/domain/entities/shift.entity.ts[0m:[93m304[0m:[93m17[0m - [91merror[0m[90m TS2339: [0mProperty 'props' does not exist on type 'Shift'.

[7m304[0m     return this.props.breaks.reduce((total, breakRecord) => {
[7m   [0m [91m                ~~~~~[0m

[96msrc/modules/drivers/domain/entities/shift.entity.ts[0m:[93m320[0m:[93m17[0m - [91merror[0m[90m TS2339: [0mProperty 'props' does not exist on type 'Shift'.

[7m320[0m     return this.props.breaks.filter(breakRecord => breakRecord.type === type);
[7m   [0m [91m                ~~~~~[0m

[96msrc/modules/drivers/domain/entities/shift.entity.ts[0m:[93m324[0m:[93m14[0m - [91merror[0m[90m TS2339: [0mProperty 'props' does not exist on type 'Shift'.

[7m324[0m     if (this.props.completedOrders === 0) return 0;
[7m   [0m [91m             ~~~~~[0m

[96msrc/modules/drivers/domain/entities/shift.entity.ts[0m:[93m325[0m:[93m17[0m - [91merror[0m[90m TS2339: [0mProperty 'props' does not exist on type 'Shift'.

[7m325[0m     return this.props.totalEarnings / this.props.completedOrders;
[7m   [0m [91m                ~~~~~[0m

[96msrc/modules/drivers/domain/entities/shift.entity.ts[0m:[93m325[0m:[93m44[0m - [91merror[0m[90m TS2339: [0mProperty 'props' does not exist on type 'Shift'.

[7m325[0m     return this.props.totalEarnings / this.props.completedOrders;
[7m   [0m [91m                                           ~~~~~[0m

[96msrc/modules/drivers/domain/entities/shift.entity.ts[0m:[93m329[0m:[93m14[0m - [91merror[0m[90m TS2339: [0mProperty 'props' does not exist on type 'Shift'.

[7m329[0m     if (this.props.totalOrders === 0) return 0;
[7m   [0m [91m             ~~~~~[0m

[96msrc/modules/drivers/domain/entities/shift.entity.ts[0m:[93m330[0m:[93m18[0m - [91merror[0m[90m TS2339: [0mProperty 'props' does not exist on type 'Shift'.

[7m330[0m     return (this.props.completedOrders / this.props.totalOrders) * 100;
[7m   [0m [91m                 ~~~~~[0m

[96msrc/modules/drivers/domain/entities/shift.entity.ts[0m:[93m330[0m:[93m47[0m - [91merror[0m[90m TS2339: [0mProperty 'props' does not exist on type 'Shift'.

[7m330[0m     return (this.props.completedOrders / this.props.totalOrders) * 100;
[7m   [0m [91m                                              ~~~~~[0m

[96msrc/modules/drivers/domain/entities/shift.entity.ts[0m:[93m334[0m:[93m14[0m - [91merror[0m[90m TS2339: [0mProperty 'props' does not exist on type 'Shift'.

[7m334[0m     if (this.props.totalOrders === 0) return 0;
[7m   [0m [91m             ~~~~~[0m

[96msrc/modules/drivers/domain/entities/shift.entity.ts[0m:[93m335[0m:[93m18[0m - [91merror[0m[90m TS2339: [0mProperty 'props' does not exist on type 'Shift'.

[7m335[0m     return (this.props.cancelledOrders / this.props.totalOrders) * 100;
[7m   [0m [91m                 ~~~~~[0m

[96msrc/modules/drivers/domain/entities/shift.entity.ts[0m:[93m335[0m:[93m47[0m - [91merror[0m[90m TS2339: [0mProperty 'props' does not exist on type 'Shift'.

[7m335[0m     return (this.props.cancelledOrders / this.props.totalOrders) * 100;
[7m   [0m [91m                                              ~~~~~[0m

[96msrc/modules/drivers/domain/entities/shift.entity.ts[0m:[93m339[0m:[93m14[0m - [91merror[0m[90m TS2339: [0mProperty 'props' does not exist on type 'Shift'.

[7m339[0m     if (this.props.completedOrders === 0) return 0;
[7m   [0m [91m             ~~~~~[0m

[96msrc/modules/drivers/domain/entities/shift.entity.ts[0m:[93m340[0m:[93m17[0m - [91merror[0m[90m TS2339: [0mProperty 'props' does not exist on type 'Shift'.

[7m340[0m     return this.props.totalDistance / this.props.completedOrders;
[7m   [0m [91m                ~~~~~[0m

[96msrc/modules/drivers/domain/entities/shift.entity.ts[0m:[93m340[0m:[93m44[0m - [91merror[0m[90m TS2339: [0mProperty 'props' does not exist on type 'Shift'.

[7m340[0m     return this.props.totalDistance / this.props.completedOrders;
[7m   [0m [91m                                           ~~~~~[0m

[96msrc/modules/drivers/domain/entities/shift.entity.ts[0m:[93m346[0m:[93m17[0m - [91merror[0m[90m TS2339: [0mProperty 'props' does not exist on type 'Shift'.

[7m346[0m     return this.props.totalEarnings / workingHours;
[7m   [0m [91m                ~~~~~[0m

[96msrc/modules/drivers/domain/entities/shift.entity.ts[0m:[93m350[0m:[93m14[0m - [91merror[0m[90m TS2339: [0mProperty 'props' does not exist on type 'Shift'.

[7m350[0m     if (this.props.totalDistance === 0) return 0;
[7m   [0m [91m             ~~~~~[0m

[96msrc/modules/drivers/domain/entities/shift.entity.ts[0m:[93m351[0m:[93m17[0m - [91merror[0m[90m TS2339: [0mProperty 'props' does not exist on type 'Shift'.

[7m351[0m     return this.props.totalEarnings / this.props.totalDistance;
[7m   [0m [91m                ~~~~~[0m

[96msrc/modules/drivers/domain/entities/shift.entity.ts[0m:[93m351[0m:[93m44[0m - [91merror[0m[90m TS2339: [0mProperty 'props' does not exist on type 'Shift'.

[7m351[0m     return this.props.totalEarnings / this.props.totalDistance;
[7m   [0m [91m                                           ~~~~~[0m

[96msrc/modules/drivers/domain/entities/shift.entity.ts[0m:[93m355[0m:[93m14[0m - [91merror[0m[90m TS2339: [0mProperty 'props' does not exist on type 'Shift'.

[7m355[0m     if (this.props.locationUpdates.length === 0) return undefined;
[7m   [0m [91m             ~~~~~[0m

[96msrc/modules/drivers/domain/entities/shift.entity.ts[0m:[93m357[0m:[93m32[0m - [91merror[0m[90m TS2339: [0mProperty 'props' does not exist on type 'Shift'.

[7m357[0m     const sortedUpdates = this.props.locationUpdates
[7m   [0m [91m                               ~~~~~[0m

[96msrc/modules/drivers/domain/entities/shift.entity.ts[0m:[93m364[0m:[93m25[0m - [91merror[0m[90m TS2339: [0mProperty 'props' does not exist on type 'Shift'.

[7m364[0m     const sorted = this.props.locationUpdates
[7m   [0m [91m                        ~~~~~[0m

[96msrc/modules/drivers/domain/entities/shift.entity.ts[0m:[93m384[0m:[93m21[0m - [91merror[0m[90m TS2339: [0mProperty 'props' does not exist on type 'Shift'.

[7m384[0m         total: this.props.totalOrders,
[7m   [0m [91m                    ~~~~~[0m

[96msrc/modules/drivers/domain/entities/shift.entity.ts[0m:[93m385[0m:[93m25[0m - [91merror[0m[90m TS2339: [0mProperty 'props' does not exist on type 'Shift'.

[7m385[0m         completed: this.props.completedOrders,
[7m   [0m [91m                        ~~~~~[0m

[96msrc/modules/drivers/domain/entities/shift.entity.ts[0m:[93m386[0m:[93m25[0m - [91merror[0m[90m TS2339: [0mProperty 'props' does not exist on type 'Shift'.

[7m386[0m         cancelled: this.props.cancelledOrders,
[7m   [0m [91m                        ~~~~~[0m

[96msrc/modules/drivers/domain/entities/shift.entity.ts[0m:[93m389[0m:[93m21[0m - [91merror[0m[90m TS2339: [0mProperty 'props' does not exist on type 'Shift'.

[7m389[0m         total: this.props.totalEarnings,
[7m   [0m [91m                    ~~~~~[0m

[96msrc/modules/drivers/domain/entities/shift.entity.ts[0m:[93m395[0m:[93m21[0m - [91merror[0m[90m TS2339: [0mProperty 'props' does not exist on type 'Shift'.

[7m395[0m         total: this.props.totalDistance,
[7m   [0m [91m                    ~~~~~[0m

[96msrc/modules/drivers/domain/entities/shift.entity.ts[0m:[93m418[0m:[93m22[0m - [91merror[0m[90m TS2339: [0mProperty 'props' does not exist on type 'Shift'.

[7m418[0m       currency: this.props.currency,
[7m   [0m [91m                     ~~~~~[0m

[96msrc/modules/drivers/domain/entities/shift.entity.ts[0m:[93m426[0m:[93m16[0m - [91merror[0m[90m TS2339: [0mProperty '_id' does not exist on type 'Shift'.

[7m426[0m       id: this._id.toString(),
[7m   [0m [91m               ~~~[0m

[96msrc/modules/drivers/domain/entities/shift.entity.ts[0m:[93m427[0m:[93m21[0m - [91merror[0m[90m TS2339: [0mProperty 'props' does not exist on type 'Shift'.

[7m427[0m       riderId: this.props.riderId,
[7m   [0m [91m                    ~~~~~[0m

[96msrc/modules/drivers/domain/entities/shift.entity.ts[0m:[93m428[0m:[93m23[0m - [91merror[0m[90m TS2339: [0mProperty 'props' does not exist on type 'Shift'.

[7m428[0m       startTime: this.props.startTime,
[7m   [0m [91m                      ~~~~~[0m

[96msrc/modules/drivers/domain/entities/shift.entity.ts[0m:[93m429[0m:[93m21[0m - [91merror[0m[90m TS2339: [0mProperty 'props' does not exist on type 'Shift'.

[7m429[0m       endTime: this.props.endTime,
[7m   [0m [91m                    ~~~~~[0m

[96msrc/modules/drivers/domain/entities/shift.entity.ts[0m:[93m430[0m:[93m19[0m - [91merror[0m[90m TS2339: [0mProperty 'props' does not exist on type 'Shift'.

[7m430[0m       state: this.props.state,
[7m   [0m [91m                  ~~~~~[0m

[96msrc/modules/drivers/domain/entities/shift.entity.ts[0m:[93m431[0m:[93m27[0m - [91merror[0m[90m TS2339: [0mProperty 'props' does not exist on type 'Shift'.

[7m431[0m       startLocation: this.props.startLocation?.toJSON(),
[7m   [0m [91m                          ~~~~~[0m

[96msrc/modules/drivers/domain/entities/shift.entity.ts[0m:[93m432[0m:[93m25[0m - [91merror[0m[90m TS2339: [0mProperty 'props' does not exist on type 'Shift'.

[7m432[0m       endLocation: this.props.endLocation?.toJSON(),
[7m   [0m [91m                        ~~~~~[0m

[96msrc/modules/drivers/domain/entities/shift.entity.ts[0m:[93m434[0m:[93m27[0m - [91merror[0m[90m TS2339: [0mProperty 'props' does not exist on type 'Shift'.

[7m434[0m       totalDistance: this.props.totalDistance,
[7m   [0m [91m                          ~~~~~[0m

[96msrc/modules/drivers/domain/entities/shift.entity.ts[0m:[93m435[0m:[93m25[0m - [91merror[0m[90m TS2339: [0mProperty 'props' does not exist on type 'Shift'.

[7m435[0m       totalOrders: this.props.totalOrders,
[7m   [0m [91m                        ~~~~~[0m

[96msrc/modules/drivers/domain/entities/shift.entity.ts[0m:[93m436[0m:[93m29[0m - [91merror[0m[90m TS2339: [0mProperty 'props' does not exist on type 'Shift'.

[7m436[0m       completedOrders: this.props.completedOrders,
[7m   [0m [91m                            ~~~~~[0m

[96msrc/modules/drivers/domain/entities/shift.entity.ts[0m:[93m437[0m:[93m29[0m - [91merror[0m[90m TS2339: [0mProperty 'props' does not exist on type 'Shift'.

[7m437[0m       cancelledOrders: this.props.cancelledOrders,
[7m   [0m [91m                            ~~~~~[0m

[96msrc/modules/drivers/domain/entities/shift.entity.ts[0m:[93m438[0m:[93m27[0m - [91merror[0m[90m TS2339: [0mProperty 'props' does not exist on type 'Shift'.

[7m438[0m       totalEarnings: this.props.totalEarnings,
[7m   [0m [91m                          ~~~~~[0m

[96msrc/modules/drivers/domain/entities/shift.entity.ts[0m:[93m439[0m:[93m22[0m - [91merror[0m[90m TS2339: [0mProperty 'props' does not exist on type 'Shift'.

[7m439[0m       currency: this.props.currency,
[7m   [0m [91m                     ~~~~~[0m

[96msrc/modules/drivers/domain/entities/shift.entity.ts[0m:[93m440[0m:[93m20[0m - [91merror[0m[90m TS2339: [0mProperty 'props' does not exist on type 'Shift'.

[7m440[0m       breaks: this.props.breaks,
[7m   [0m [91m                   ~~~~~[0m

[96msrc/modules/drivers/domain/entities/shift.entity.ts[0m:[93m441[0m:[93m29[0m - [91merror[0m[90m TS2339: [0mProperty 'props' does not exist on type 'Shift'.

[7m441[0m       locationUpdates: this.props.locationUpdates.map(update => ({
[7m   [0m [91m                            ~~~~~[0m

[96msrc/modules/drivers/domain/entities/shift.entity.ts[0m:[93m445[0m:[93m19[0m - [91merror[0m[90m TS2339: [0mProperty 'props' does not exist on type 'Shift'.

[7m445[0m       notes: this.props.notes,
[7m   [0m [91m                  ~~~~~[0m

[96msrc/modules/drivers/domain/entities/shift.entity.ts[0m:[93m452[0m:[93m51[0m - [91merror[0m[90m TS2339: [0mProperty 'props' does not exist on type 'Shift'.

[7m452[0m       formattedEarnings: this.formatEarnings(this.props.totalEarnings),
[7m   [0m [91m                                                  ~~~~~[0m

[96msrc/modules/drivers/domain/entities/shift.entity.ts[0m:[93m453[0m:[93m23[0m - [91merror[0m[90m TS2339: [0mProperty 'props' does not exist on type 'Shift'.

[7m453[0m       createdAt: this.props.createdAt,
[7m   [0m [91m                      ~~~~~[0m

[96msrc/modules/drivers/domain/entities/shift.entity.ts[0m:[93m454[0m:[93m23[0m - [91merror[0m[90m TS2339: [0mProperty 'props' does not exist on type 'Shift'.

[7m454[0m       updatedAt: this.props.updatedAt,
[7m   [0m [91m                      ~~~~~[0m

[96msrc/modules/drivers/domain/entities/vehicle.entity.ts[0m:[93m1[0m:[93m24[0m - [91merror[0m[90m TS2307: [0mCannot find module '../../../common/domain/entity' or its corresponding type declarations.

[7m1[0m import { Entity } from '../../../common/domain/entity';
[7m [0m [91m                       ~~~~~~~~~~~~~~~~~~~~~~~~~~~~~~~[0m

[96msrc/modules/drivers/domain/entities/vehicle.entity.ts[0m:[93m2[0m:[93m32[0m - [91merror[0m[90m TS2307: [0mCannot find module '../../../common/domain/unique-entity-id' or its corresponding type declarations.

[7m2[0m import { UniqueEntityID } from '../../../common/domain/unique-entity-id';
[7m [0m [91m                               ~~~~~~~~~~~~~~~~~~~~~~~~~~~~~~~~~~~~~~~~~[0m

[96msrc/modules/drivers/domain/entities/vehicle.entity.ts[0m:[93m53[0m:[93m17[0m - [91merror[0m[90m TS2339: [0mProperty '_id' does not exist on type 'Vehicle'.

[7m53[0m     return this._id;
[7m  [0m [91m                ~~~[0m

[96msrc/modules/drivers/domain/entities/vehicle.entity.ts[0m:[93m57[0m:[93m17[0m - [91merror[0m[90m TS2339: [0mProperty 'props' does not exist on type 'Vehicle'.

[7m57[0m     return this.props.riderId;
[7m  [0m [91m                ~~~~~[0m

[96msrc/modules/drivers/domain/entities/vehicle.entity.ts[0m:[93m61[0m:[93m17[0m - [91merror[0m[90m TS2339: [0mProperty 'props' does not exist on type 'Vehicle'.

[7m61[0m     return this.props.vehicleInfo;
[7m  [0m [91m                ~~~~~[0m

[96msrc/modules/drivers/domain/entities/vehicle.entity.ts[0m:[93m65[0m:[93m17[0m - [91merror[0m[90m TS2339: [0mProperty 'props' does not exist on type 'Vehicle'.

[7m65[0m     return this.props.status;
[7m  [0m [91m                ~~~~~[0m

[96msrc/modules/drivers/domain/entities/vehicle.entity.ts[0m:[93m69[0m:[93m17[0m - [91merror[0m[90m TS2339: [0mProperty 'props' does not exist on type 'Vehicle'.

[7m69[0m     return this.props.documents;
[7m  [0m [91m                ~~~~~[0m

[96msrc/modules/drivers/domain/entities/vehicle.entity.ts[0m:[93m73[0m:[93m17[0m - [91merror[0m[90m TS2339: [0mProperty 'props' does not exist on type 'Vehicle'.

[7m73[0m     return this.props.maintenanceRecords;
[7m  [0m [91m                ~~~~~[0m

[96msrc/modules/drivers/domain/entities/vehicle.entity.ts[0m:[93m77[0m:[93m17[0m - [91merror[0m[90m TS2339: [0mProperty 'props' does not exist on type 'Vehicle'.

[7m77[0m     return this.props.currentMileage;
[7m  [0m [91m                ~~~~~[0m

[96msrc/modules/drivers/domain/entities/vehicle.entity.ts[0m:[93m81[0m:[93m17[0m - [91merror[0m[90m TS2339: [0mProperty 'props' does not exist on type 'Vehicle'.

[7m81[0m     return this.props.lastInspectionDate;
[7m  [0m [91m                ~~~~~[0m

[96msrc/modules/drivers/domain/entities/vehicle.entity.ts[0m:[93m85[0m:[93m17[0m - [91merror[0m[90m TS2339: [0mProperty 'props' does not exist on type 'Vehicle'.

[7m85[0m     return this.props.nextInspectionDue;
[7m  [0m [91m                ~~~~~[0m

[96msrc/modules/drivers/domain/entities/vehicle.entity.ts[0m:[93m89[0m:[93m17[0m - [91merror[0m[90m TS2339: [0mProperty 'props' does not exist on type 'Vehicle'.

[7m89[0m     return this.props.insuranceExpiryDate;
[7m  [0m [91m                ~~~~~[0m

[96msrc/modules/drivers/domain/entities/vehicle.entity.ts[0m:[93m93[0m:[93m17[0m - [91merror[0m[90m TS2339: [0mProperty 'props' does not exist on type 'Vehicle'.

[7m93[0m     return this.props.registrationExpiryDate;
[7m  [0m [91m                ~~~~~[0m

[96msrc/modules/drivers/domain/entities/vehicle.entity.ts[0m:[93m97[0m:[93m17[0m - [91merror[0m[90m TS2339: [0mProperty 'props' does not exist on type 'Vehicle'.

[7m97[0m     return this.props.isVerified;
[7m  [0m [91m                ~~~~~[0m

[96msrc/modules/drivers/domain/entities/vehicle.entity.ts[0m:[93m101[0m:[93m17[0m - [91merror[0m[90m TS2339: [0mProperty 'props' does not exist on type 'Vehicle'.

[7m101[0m     return this.props.verifiedAt;
[7m   [0m [91m                ~~~~~[0m

[96msrc/modules/drivers/domain/entities/vehicle.entity.ts[0m:[93m105[0m:[93m17[0m - [91merror[0m[90m TS2339: [0mProperty 'props' does not exist on type 'Vehicle'.

[7m105[0m     return this.props.verifiedBy;
[7m   [0m [91m                ~~~~~[0m

[96msrc/modules/drivers/domain/entities/vehicle.entity.ts[0m:[93m109[0m:[93m17[0m - [91merror[0m[90m TS2339: [0mProperty 'props' does not exist on type 'Vehicle'.

[7m109[0m     return this.props.notes;
[7m   [0m [91m                ~~~~~[0m

[96msrc/modules/drivers/domain/entities/vehicle.entity.ts[0m:[93m113[0m:[93m17[0m - [91merror[0m[90m TS2339: [0mProperty 'props' does not exist on type 'Vehicle'.

[7m113[0m     return this.props.createdAt;
[7m   [0m [91m                ~~~~~[0m

[96msrc/modules/drivers/domain/entities/vehicle.entity.ts[0m:[93m117[0m:[93m17[0m - [91merror[0m[90m TS2339: [0mProperty 'props' does not exist on type 'Vehicle'.

[7m117[0m     return this.props.updatedAt;
[7m   [0m [91m                ~~~~~[0m

[96msrc/modules/drivers/domain/entities/vehicle.entity.ts[0m:[93m123[0m:[93m10[0m - [91merror[0m[90m TS2339: [0mProperty 'props' does not exist on type 'Vehicle'.

[7m123[0m     this.props.vehicleInfo = vehicleInfo;
[7m   [0m [91m         ~~~~~[0m

[96msrc/modules/drivers/domain/entities/vehicle.entity.ts[0m:[93m124[0m:[93m10[0m - [91merror[0m[90m TS2339: [0mProperty 'props' does not exist on type 'Vehicle'.

[7m124[0m     this.props.updatedAt = new Date();
[7m   [0m [91m         ~~~~~[0m

[96msrc/modules/drivers/domain/entities/vehicle.entity.ts[0m:[93m128[0m:[93m10[0m - [91merror[0m[90m TS2339: [0mProperty 'props' does not exist on type 'Vehicle'.

[7m128[0m     this.props.status = status;
[7m   [0m [91m         ~~~~~[0m

[96msrc/modules/drivers/domain/entities/vehicle.entity.ts[0m:[93m129[0m:[93m10[0m - [91merror[0m[90m TS2339: [0mProperty 'props' does not exist on type 'Vehicle'.

[7m129[0m     this.props.updatedAt = new Date();
[7m   [0m [91m         ~~~~~[0m

[96msrc/modules/drivers/domain/entities/vehicle.entity.ts[0m:[93m134[0m:[93m10[0m - [91merror[0m[90m TS2339: [0mProperty 'props' does not exist on type 'Vehicle'.

[7m134[0m     this.props.documents = this.props.documents.filter(doc => doc.type !== document.type);
[7m   [0m [91m         ~~~~~[0m

[96msrc/modules/drivers/domain/entities/vehicle.entity.ts[0m:[93m134[0m:[93m33[0m - [91merror[0m[90m TS2339: [0mProperty 'props' does not exist on type 'Vehicle'.

[7m134[0m     this.props.documents = this.props.documents.filter(doc => doc.type !== document.type);
[7m   [0m [91m                                ~~~~~[0m

[96msrc/modules/drivers/domain/entities/vehicle.entity.ts[0m:[93m135[0m:[93m10[0m - [91merror[0m[90m TS2339: [0mProperty 'props' does not exist on type 'Vehicle'.

[7m135[0m     this.props.documents.push(document);
[7m   [0m [91m         ~~~~~[0m

[96msrc/modules/drivers/domain/entities/vehicle.entity.ts[0m:[93m136[0m:[93m10[0m - [91merror[0m[90m TS2339: [0mProperty 'props' does not exist on type 'Vehicle'.

[7m136[0m     this.props.updatedAt = new Date();
[7m   [0m [91m         ~~~~~[0m

[96msrc/modules/drivers/domain/entities/vehicle.entity.ts[0m:[93m140[0m:[93m32[0m - [91merror[0m[90m TS2339: [0mProperty 'props' does not exist on type 'Vehicle'.

[7m140[0m     const documentIndex = this.props.documents.findIndex(doc => doc.type === documentType);
[7m   [0m [91m                               ~~~~~[0m

[96msrc/modules/drivers/domain/entities/vehicle.entity.ts[0m:[93m143[0m:[93m12[0m - [91merror[0m[90m TS2339: [0mProperty 'props' does not exist on type 'Vehicle'.

[7m143[0m       this.props.updatedAt = new Date();
[7m   [0m [91m           ~~~~~[0m

[96msrc/modules/drivers/domain/entities/vehicle.entity.ts[0m:[93m153[0m:[93m10[0m - [91merror[0m[90m TS2339: [0mProperty 'props' does not exist on type 'Vehicle'.

[7m153[0m     this.props.maintenanceRecords.push(maintenanceRecord);
[7m   [0m [91m         ~~~~~[0m

[96msrc/modules/drivers/domain/entities/vehicle.entity.ts[0m:[93m154[0m:[93m10[0m - [91merror[0m[90m TS2339: [0mProperty 'props' does not exist on type 'Vehicle'.

[7m154[0m     this.props.updatedAt = new Date();
[7m   [0m [91m         ~~~~~[0m

[96msrc/modules/drivers/domain/entities/vehicle.entity.ts[0m:[93m158[0m:[93m24[0m - [91merror[0m[90m TS2339: [0mProperty 'props' does not exist on type 'Vehicle'.

[7m158[0m     if (mileage < this.props.currentMileage) {
[7m   [0m [91m                       ~~~~~[0m

[96msrc/modules/drivers/domain/entities/vehicle.entity.ts[0m:[93m162[0m:[93m10[0m - [91merror[0m[90m TS2339: [0mProperty 'props' does not exist on type 'Vehicle'.

[7m162[0m     this.props.currentMileage = mileage;
[7m   [0m [91m         ~~~~~[0m

[96msrc/modules/drivers/domain/entities/vehicle.entity.ts[0m:[93m163[0m:[93m10[0m - [91merror[0m[90m TS2339: [0mProperty 'props' does not exist on type 'Vehicle'.

[7m163[0m     this.props.updatedAt = new Date();
[7m   [0m [91m         ~~~~~[0m

[96msrc/modules/drivers/domain/entities/vehicle.entity.ts[0m:[93m167[0m:[93m10[0m - [91merror[0m[90m TS2339: [0mProperty 'props' does not exist on type 'Vehicle'.

[7m167[0m     this.props.nextInspectionDue = dueDate;
[7m   [0m [91m         ~~~~~[0m

[96msrc/modules/drivers/domain/entities/vehicle.entity.ts[0m:[93m168[0m:[93m10[0m - [91merror[0m[90m TS2339: [0mProperty 'props' does not exist on type 'Vehicle'.

[7m168[0m     this.props.updatedAt = new Date();
[7m   [0m [91m         ~~~~~[0m

[96msrc/modules/drivers/domain/entities/vehicle.entity.ts[0m:[93m172[0m:[93m10[0m - [91merror[0m[90m TS2339: [0mProperty 'props' does not exist on type 'Vehicle'.

[7m172[0m     this.props.lastInspectionDate = inspectionDate;
[7m   [0m [91m         ~~~~~[0m

[96msrc/modules/drivers/domain/entities/vehicle.entity.ts[0m:[93m174[0m:[93m12[0m - [91merror[0m[90m TS2339: [0mProperty 'props' does not exist on type 'Vehicle'.

[7m174[0m       this.props.nextInspectionDue = nextDueDate;
[7m   [0m [91m           ~~~~~[0m

[96msrc/modules/drivers/domain/entities/vehicle.entity.ts[0m:[93m176[0m:[93m10[0m - [91merror[0m[90m TS2339: [0mProperty 'props' does not exist on type 'Vehicle'.

[7m176[0m     this.props.updatedAt = new Date();
[7m   [0m [91m         ~~~~~[0m

[96msrc/modules/drivers/domain/entities/vehicle.entity.ts[0m:[93m180[0m:[93m10[0m - [91merror[0m[90m TS2339: [0mProperty 'props' does not exist on type 'Vehicle'.

[7m180[0m     this.props.insuranceExpiryDate = expiryDate;
[7m   [0m [91m         ~~~~~[0m

[96msrc/modules/drivers/domain/entities/vehicle.entity.ts[0m:[93m181[0m:[93m10[0m - [91merror[0m[90m TS2339: [0mProperty 'props' does not exist on type 'Vehicle'.

[7m181[0m     this.props.updatedAt = new Date();
[7m   [0m [91m         ~~~~~[0m

[96msrc/modules/drivers/domain/entities/vehicle.entity.ts[0m:[93m185[0m:[93m10[0m - [91merror[0m[90m TS2339: [0mProperty 'props' does not exist on type 'Vehicle'.

[7m185[0m     this.props.registrationExpiryDate = expiryDate;
[7m   [0m [91m         ~~~~~[0m

[96msrc/modules/drivers/domain/entities/vehicle.entity.ts[0m:[93m186[0m:[93m10[0m - [91merror[0m[90m TS2339: [0mProperty 'props' does not exist on type 'Vehicle'.

[7m186[0m     this.props.updatedAt = new Date();
[7m   [0m [91m         ~~~~~[0m

[96msrc/modules/drivers/domain/entities/vehicle.entity.ts[0m:[93m194[0m:[93m10[0m - [91merror[0m[90m TS2339: [0mProperty 'props' does not exist on type 'Vehicle'.

[7m194[0m     this.props.isVerified = true;
[7m   [0m [91m         ~~~~~[0m

[96msrc/modules/drivers/domain/entities/vehicle.entity.ts[0m:[93m195[0m:[93m10[0m - [91merror[0m[90m TS2339: [0mProperty 'props' does not exist on type 'Vehicle'.

[7m195[0m     this.props.verifiedAt = new Date();
[7m   [0m [91m         ~~~~~[0m

[96msrc/modules/drivers/domain/entities/vehicle.entity.ts[0m:[93m196[0m:[93m10[0m - [91merror[0m[90m TS2339: [0mProperty 'props' does not exist on type 'Vehicle'.

[7m196[0m     this.props.verifiedBy = verifiedBy;
[7m   [0m [91m         ~~~~~[0m

[96msrc/modules/drivers/domain/entities/vehicle.entity.ts[0m:[93m197[0m:[93m10[0m - [91merror[0m[90m TS2339: [0mProperty 'props' does not exist on type 'Vehicle'.

[7m197[0m     this.props.status = 'active';
[7m   [0m [91m         ~~~~~[0m

[96msrc/modules/drivers/domain/entities/vehicle.entity.ts[0m:[93m198[0m:[93m10[0m - [91merror[0m[90m TS2339: [0mProperty 'props' does not exist on type 'Vehicle'.

[7m198[0m     this.props.updatedAt = new Date();
[7m   [0m [91m         ~~~~~[0m

[96msrc/modules/drivers/domain/entities/vehicle.entity.ts[0m:[93m202[0m:[93m10[0m - [91merror[0m[90m TS2339: [0mProperty 'props' does not exist on type 'Vehicle'.

[7m202[0m     this.props.isVerified = false;
[7m   [0m [91m         ~~~~~[0m

[96msrc/modules/drivers/domain/entities/vehicle.entity.ts[0m:[93m203[0m:[93m10[0m - [91merror[0m[90m TS2339: [0mProperty 'props' does not exist on type 'Vehicle'.

[7m203[0m     this.props.verifiedAt = undefined;
[7m   [0m [91m         ~~~~~[0m

[96msrc/modules/drivers/domain/entities/vehicle.entity.ts[0m:[93m204[0m:[93m10[0m - [91merror[0m[90m TS2339: [0mProperty 'props' does not exist on type 'Vehicle'.

[7m204[0m     this.props.verifiedBy = undefined;
[7m   [0m [91m         ~~~~~[0m

[96msrc/modules/drivers/domain/entities/vehicle.entity.ts[0m:[93m205[0m:[93m10[0m - [91merror[0m[90m TS2339: [0mProperty 'props' does not exist on type 'Vehicle'.

[7m205[0m     this.props.status = 'inactive';
[7m   [0m [91m         ~~~~~[0m

[96msrc/modules/drivers/domain/entities/vehicle.entity.ts[0m:[93m206[0m:[93m10[0m - [91merror[0m[90m TS2339: [0mProperty 'props' does not exist on type 'Vehicle'.

[7m206[0m     this.props.updatedAt = new Date();
[7m   [0m [91m         ~~~~~[0m

[96msrc/modules/drivers/domain/entities/vehicle.entity.ts[0m:[93m210[0m:[93m10[0m - [91merror[0m[90m TS2339: [0mProperty 'props' does not exist on type 'Vehicle'.

[7m210[0m     this.props.notes = notes;
[7m   [0m [91m         ~~~~~[0m

[96msrc/modules/drivers/domain/entities/vehicle.entity.ts[0m:[93m211[0m:[93m10[0m - [91merror[0m[90m TS2339: [0mProperty 'props' does not exist on type 'Vehicle'.

[7m211[0m     this.props.updatedAt = new Date();
[7m   [0m [91m         ~~~~~[0m

[96msrc/modules/drivers/domain/entities/vehicle.entity.ts[0m:[93m215[0m:[93m10[0m - [91merror[0m[90m TS2339: [0mProperty 'props' does not exist on type 'Vehicle'.

[7m215[0m     this.props.status = 'maintenance';
[7m   [0m [91m         ~~~~~[0m

[96msrc/modules/drivers/domain/entities/vehicle.entity.ts[0m:[93m216[0m:[93m10[0m - [91merror[0m[90m TS2339: [0mProperty 'props' does not exist on type 'Vehicle'.

[7m216[0m     this.props.updatedAt = new Date();
[7m   [0m [91m         ~~~~~[0m

[96msrc/modules/drivers/domain/entities/vehicle.entity.ts[0m:[93m220[0m:[93m15[0m - [91merror[0m[90m TS2339: [0mProperty 'props' does not exist on type 'Vehicle'.

[7m220[0m     if (!this.props.isVerified) {
[7m   [0m [91m              ~~~~~[0m

[96msrc/modules/drivers/domain/entities/vehicle.entity.ts[0m:[93m224[0m:[93m10[0m - [91merror[0m[90m TS2339: [0mProperty 'props' does not exist on type 'Vehicle'.

[7m224[0m     this.props.status = 'active';
[7m   [0m [91m         ~~~~~[0m

[96msrc/modules/drivers/domain/entities/vehicle.entity.ts[0m:[93m225[0m:[93m10[0m - [91merror[0m[90m TS2339: [0mProperty 'props' does not exist on type 'Vehicle'.

[7m225[0m     this.props.updatedAt = new Date();
[7m   [0m [91m         ~~~~~[0m

[96msrc/modules/drivers/domain/entities/vehicle.entity.ts[0m:[93m229[0m:[93m10[0m - [91merror[0m[90m TS2339: [0mProperty 'props' does not exist on type 'Vehicle'.

[7m229[0m     this.props.status = 'retired';
[7m   [0m [91m         ~~~~~[0m

[96msrc/modules/drivers/domain/entities/vehicle.entity.ts[0m:[93m230[0m:[93m10[0m - [91merror[0m[90m TS2339: [0mProperty 'props' does not exist on type 'Vehicle'.

[7m230[0m     this.props.updatedAt = new Date();
[7m   [0m [91m         ~~~~~[0m

[96msrc/modules/drivers/domain/entities/vehicle.entity.ts[0m:[93m238[0m:[93m12[0m - [91merror[0m[90m TS2339: [0mProperty 'props' does not exist on type 'Vehicle'.

[7m238[0m       this.props.documents.some(doc => doc.type === type && doc.isVerified())
[7m   [0m [91m           ~~~~~[0m

[96msrc/modules/drivers/domain/entities/vehicle.entity.ts[0m:[93m243[0m:[93m17[0m - [91merror[0m[90m TS2339: [0mProperty 'props' does not exist on type 'Vehicle'.

[7m243[0m     return this.props.documents.filter(doc => doc.isExpired());
[7m   [0m [91m                ~~~~~[0m

[96msrc/modules/drivers/domain/entities/vehicle.entity.ts[0m:[93m247[0m:[93m17[0m - [91merror[0m[90m TS2339: [0mProperty 'props' does not exist on type 'Vehicle'.

[7m247[0m     return this.props.documents.filter(doc => doc.needsRenewal(daysAhead));
[7m   [0m [91m                ~~~~~[0m

[96msrc/modules/drivers/domain/entities/vehicle.entity.ts[0m:[93m251[0m:[93m15[0m - [91merror[0m[90m TS2339: [0mProperty 'props' does not exist on type 'Vehicle'.

[7m251[0m     if (!this.props.insuranceExpiryDate) return false;
[7m   [0m [91m              ~~~~~[0m

[96msrc/modules/drivers/domain/entities/vehicle.entity.ts[0m:[93m252[0m:[93m30[0m - [91merror[0m[90m TS2339: [0mProperty 'props' does not exist on type 'Vehicle'.

[7m252[0m     return new Date() > this.props.insuranceExpiryDate;
[7m   [0m [91m                             ~~~~~[0m

[96msrc/modules/drivers/domain/entities/vehicle.entity.ts[0m:[93m256[0m:[93m15[0m - [91merror[0m[90m TS2339: [0mProperty 'props' does not exist on type 'Vehicle'.

[7m256[0m     if (!this.props.registrationExpiryDate) return false;
[7m   [0m [91m              ~~~~~[0m

[96msrc/modules/drivers/domain/entities/vehicle.entity.ts[0m:[93m257[0m:[93m30[0m - [91merror[0m[90m TS2339: [0mProperty 'props' does not exist on type 'Vehicle'.

[7m257[0m     return new Date() > this.props.registrationExpiryDate;
[7m   [0m [91m                             ~~~~~[0m

[96msrc/modules/drivers/domain/entities/vehicle.entity.ts[0m:[93m261[0m:[93m15[0m - [91merror[0m[90m TS2339: [0mProperty 'props' does not exist on type 'Vehicle'.

[7m261[0m     if (!this.props.nextInspectionDue) return false;
[7m   [0m [91m              ~~~~~[0m

[96msrc/modules/drivers/domain/entities/vehicle.entity.ts[0m:[93m262[0m:[93m31[0m - [91merror[0m[90m TS2339: [0mProperty 'props' does not exist on type 'Vehicle'.

[7m262[0m     return new Date() >= this.props.nextInspectionDue;
[7m   [0m [91m                              ~~~~~[0m

[96msrc/modules/drivers/domain/entities/vehicle.entity.ts[0m:[93m266[0m:[93m15[0m - [91merror[0m[90m TS2339: [0mProperty 'props' does not exist on type 'Vehicle'.

[7m266[0m     if (!this.props.insuranceExpiryDate) return null;
[7m   [0m [91m              ~~~~~[0m

[96msrc/modules/drivers/domain/entities/vehicle.entity.ts[0m:[93m269[0m:[93m27[0m - [91merror[0m[90m TS2339: [0mProperty 'props' does not exist on type 'Vehicle'.

[7m269[0m     const diffTime = this.props.insuranceExpiryDate.getTime() - now.getTime();
[7m   [0m [91m                          ~~~~~[0m

[96msrc/modules/drivers/domain/entities/vehicle.entity.ts[0m:[93m274[0m:[93m15[0m - [91merror[0m[90m TS2339: [0mProperty 'props' does not exist on type 'Vehicle'.

[7m274[0m     if (!this.props.registrationExpiryDate) return null;
[7m   [0m [91m              ~~~~~[0m

[96msrc/modules/drivers/domain/entities/vehicle.entity.ts[0m:[93m277[0m:[93m27[0m - [91merror[0m[90m TS2339: [0mProperty 'props' does not exist on type 'Vehicle'.

[7m277[0m     const diffTime = this.props.registrationExpiryDate.getTime() - now.getTime();
[7m   [0m [91m                          ~~~~~[0m

[96msrc/modules/drivers/domain/entities/vehicle.entity.ts[0m:[93m282[0m:[93m15[0m - [91merror[0m[90m TS2339: [0mProperty 'props' does not exist on type 'Vehicle'.

[7m282[0m     if (!this.props.nextInspectionDue) return null;
[7m   [0m [91m              ~~~~~[0m

[96msrc/modules/drivers/domain/entities/vehicle.entity.ts[0m:[93m285[0m:[93m27[0m - [91merror[0m[90m TS2339: [0mProperty 'props' does not exist on type 'Vehicle'.

[7m285[0m     const diffTime = this.props.nextInspectionDue.getTime() - now.getTime();
[7m   [0m [91m                          ~~~~~[0m

[96msrc/modules/drivers/domain/entities/vehicle.entity.ts[0m:[93m291[0m:[93m17[0m - [91merror[0m[90m TS2339: [0mProperty 'props' does not exist on type 'Vehicle'.

[7m291[0m     return this.props.maintenanceRecords
[7m   [0m [91m                ~~~~~[0m

[96msrc/modules/drivers/domain/entities/vehicle.entity.ts[0m:[93m297[0m:[93m14[0m - [91merror[0m[90m TS2339: [0mProperty 'props' does not exist on type 'Vehicle'.

[7m297[0m     if (this.props.maintenanceRecords.length === 0) return undefined;
[7m   [0m [91m             ~~~~~[0m

[96msrc/modules/drivers/domain/entities/vehicle.entity.ts[0m:[93m299[0m:[93m17[0m - [91merror[0m[90m TS2339: [0mProperty 'props' does not exist on type 'Vehicle'.

[7m299[0m     return this.props.maintenanceRecords
[7m   [0m [91m                ~~~~~[0m

[96msrc/modules/drivers/domain/entities/vehicle.entity.ts[0m:[93m304[0m:[93m17[0m - [91merror[0m[90m TS2339: [0mProperty 'props' does not exist on type 'Vehicle'.

[7m304[0m     return this.props.maintenanceRecords.filter(record => record.type === type);
[7m   [0m [91m                ~~~~~[0m

[96msrc/modules/drivers/domain/entities/vehicle.entity.ts[0m:[93m322[0m:[93m12[0m - [91merror[0m[90m TS2339: [0mProperty 'props' does not exist on type 'Vehicle'.

[7m322[0m       this.props.status === 'active' &&
[7m   [0m [91m           ~~~~~[0m

[96msrc/modules/drivers/domain/entities/vehicle.entity.ts[0m:[93m323[0m:[93m12[0m - [91merror[0m[90m TS2339: [0mProperty 'props' does not exist on type 'Vehicle'.

[7m323[0m       this.props.isVerified &&
[7m   [0m [91m           ~~~~~[0m

[96msrc/modules/drivers/domain/entities/vehicle.entity.ts[0m:[93m332[0m:[93m31[0m - [91merror[0m[90m TS2339: [0mProperty 'props' does not exist on type 'Vehicle'.

[7m332[0m     return currentYear - this.props.vehicleInfo.year;
[7m   [0m [91m                              ~~~~~[0m

[96msrc/modules/drivers/domain/entities/vehicle.entity.ts[0m:[93m361[0m:[93m16[0m - [91merror[0m[90m TS2339: [0mProperty '_id' does not exist on type 'Vehicle'.

[7m361[0m       id: this._id.toString(),
[7m   [0m [91m               ~~~[0m

[96msrc/modules/drivers/domain/entities/vehicle.entity.ts[0m:[93m362[0m:[93m21[0m - [91merror[0m[90m TS2339: [0mProperty 'props' does not exist on type 'Vehicle'.

[7m362[0m       riderId: this.props.riderId,
[7m   [0m [91m                    ~~~~~[0m

[96msrc/modules/drivers/domain/entities/vehicle.entity.ts[0m:[93m363[0m:[93m25[0m - [91merror[0m[90m TS2339: [0mProperty 'props' does not exist on type 'Vehicle'.

[7m363[0m       vehicleInfo: this.props.vehicleInfo.toJSON(),
[7m   [0m [91m                        ~~~~~[0m

[96msrc/modules/drivers/domain/entities/vehicle.entity.ts[0m:[93m364[0m:[93m20[0m - [91merror[0m[90m TS2339: [0mProperty 'props' does not exist on type 'Vehicle'.

[7m364[0m       status: this.props.status,
[7m   [0m [91m                   ~~~~~[0m

[96msrc/modules/drivers/domain/entities/vehicle.entity.ts[0m:[93m365[0m:[93m23[0m - [91merror[0m[90m TS2339: [0mProperty 'props' does not exist on type 'Vehicle'.

[7m365[0m       documents: this.props.documents.map(doc => doc.toJSON()),
[7m   [0m [91m                      ~~~~~[0m

[96msrc/modules/drivers/domain/entities/vehicle.entity.ts[0m:[93m366[0m:[93m32[0m - [91merror[0m[90m TS2339: [0mProperty 'props' does not exist on type 'Vehicle'.

[7m366[0m       maintenanceRecords: this.props.maintenanceRecords,
[7m   [0m [91m                               ~~~~~[0m

[96msrc/modules/drivers/domain/entities/vehicle.entity.ts[0m:[93m367[0m:[93m28[0m - [91merror[0m[90m TS2339: [0mProperty 'props' does not exist on type 'Vehicle'.

[7m367[0m       currentMileage: this.props.currentMileage,
[7m   [0m [91m                           ~~~~~[0m

[96msrc/modules/drivers/domain/entities/vehicle.entity.ts[0m:[93m368[0m:[93m32[0m - [91merror[0m[90m TS2339: [0mProperty 'props' does not exist on type 'Vehicle'.

[7m368[0m       lastInspectionDate: this.props.lastInspectionDate,
[7m   [0m [91m                               ~~~~~[0m

[96msrc/modules/drivers/domain/entities/vehicle.entity.ts[0m:[93m369[0m:[93m31[0m - [91merror[0m[90m TS2339: [0mProperty 'props' does not exist on type 'Vehicle'.

[7m369[0m       nextInspectionDue: this.props.nextInspectionDue,
[7m   [0m [91m                              ~~~~~[0m

[96msrc/modules/drivers/domain/entities/vehicle.entity.ts[0m:[93m370[0m:[93m33[0m - [91merror[0m[90m TS2339: [0mProperty 'props' does not exist on type 'Vehicle'.

[7m370[0m       insuranceExpiryDate: this.props.insuranceExpiryDate,
[7m   [0m [91m                                ~~~~~[0m

[96msrc/modules/drivers/domain/entities/vehicle.entity.ts[0m:[93m371[0m:[93m36[0m - [91merror[0m[90m TS2339: [0mProperty 'props' does not exist on type 'Vehicle'.

[7m371[0m       registrationExpiryDate: this.props.registrationExpiryDate,
[7m   [0m [91m                                   ~~~~~[0m

[96msrc/modules/drivers/domain/entities/vehicle.entity.ts[0m:[93m372[0m:[93m24[0m - [91merror[0m[90m TS2339: [0mProperty 'props' does not exist on type 'Vehicle'.

[7m372[0m       isVerified: this.props.isVerified,
[7m   [0m [91m                       ~~~~~[0m

[96msrc/modules/drivers/domain/entities/vehicle.entity.ts[0m:[93m373[0m:[93m24[0m - [91merror[0m[90m TS2339: [0mProperty 'props' does not exist on type 'Vehicle'.

[7m373[0m       verifiedAt: this.props.verifiedAt,
[7m   [0m [91m                       ~~~~~[0m

[96msrc/modules/drivers/domain/entities/vehicle.entity.ts[0m:[93m374[0m:[93m24[0m - [91merror[0m[90m TS2339: [0mProperty 'props' does not exist on type 'Vehicle'.

[7m374[0m       verifiedBy: this.props.verifiedBy,
[7m   [0m [91m                       ~~~~~[0m

[96msrc/modules/drivers/domain/entities/vehicle.entity.ts[0m:[93m375[0m:[93m19[0m - [91merror[0m[90m TS2339: [0mProperty 'props' does not exist on type 'Vehicle'.

[7m375[0m       notes: this.props.notes,
[7m   [0m [91m                  ~~~~~[0m

[96msrc/modules/drivers/domain/entities/vehicle.entity.ts[0m:[93m387[0m:[93m23[0m - [91merror[0m[90m TS2339: [0mProperty 'props' does not exist on type 'Vehicle'.

[7m387[0m       createdAt: this.props.createdAt,
[7m   [0m [91m                      ~~~~~[0m

[96msrc/modules/drivers/domain/entities/vehicle.entity.ts[0m:[93m388[0m:[93m23[0m - [91merror[0m[90m TS2339: [0mProperty 'props' does not exist on type 'Vehicle'.

[7m388[0m       updatedAt: this.props.updatedAt,
[7m   [0m [91m                      ~~~~~[0m

[96msrc/modules/drivers/domain/repositories/earnings.repository.ts[0m:[93m2[0m:[93m32[0m - [91merror[0m[90m TS2307: [0mCannot find module '../../../common/domain/unique-entity-id' or its corresponding type declarations.

[7m2[0m import { UniqueEntityID } from '../../../common/domain/unique-entity-id';
[7m [0m [91m                               ~~~~~~~~~~~~~~~~~~~~~~~~~~~~~~~~~~~~~~~~~[0m

[96msrc/modules/drivers/domain/repositories/expense.repository.ts[0m:[93m2[0m:[93m32[0m - [91merror[0m[90m TS2307: [0mCannot find module '../../../common/domain/unique-entity-id' or its corresponding type declarations.

[7m2[0m import { UniqueEntityID } from '../../../common/domain/unique-entity-id';
[7m [0m [91m                               ~~~~~~~~~~~~~~~~~~~~~~~~~~~~~~~~~~~~~~~~~[0m

[96msrc/modules/drivers/domain/repositories/expense.repository.ts[0m:[93m485[0m:[93m5[0m - [91merror[0m[90m TS1016: [0mA required parameter cannot follow an optional parameter.

[7m485[0m     period: 'daily' | 'weekly' | 'monthly',
[7m   [0m [91m    ~~~~~~[0m

[96msrc/modules/drivers/domain/repositories/incident.repository.ts[0m:[93m2[0m:[93m32[0m - [91merror[0m[90m TS2307: [0mCannot find module '../../../common/domain/unique-entity-id' or its corresponding type declarations.

[7m2[0m import { UniqueEntityID } from '../../../common/domain/unique-entity-id';
[7m [0m [91m                               ~~~~~~~~~~~~~~~~~~~~~~~~~~~~~~~~~~~~~~~~~[0m

[96msrc/modules/drivers/domain/repositories/rider-order.repository.ts[0m:[93m2[0m:[93m32[0m - [91merror[0m[90m TS2307: [0mCannot find module '../../../common/domain/unique-entity-id' or its corresponding type declarations.

[7m2[0m import { UniqueEntityID } from '../../../common/domain/unique-entity-id';
[7m [0m [91m                               ~~~~~~~~~~~~~~~~~~~~~~~~~~~~~~~~~~~~~~~~~[0m

[96msrc/modules/drivers/domain/repositories/rider-order.repository.ts[0m:[93m463[0m:[93m5[0m - [91merror[0m[90m TS1016: [0mA required parameter cannot follow an optional parameter.

[7m463[0m     period: 'hourly' | 'daily' | 'weekly' | 'monthly',
[7m   [0m [91m    ~~~~~~[0m

[96msrc/modules/drivers/domain/repositories/rider.repository.ts[0m:[93m2[0m:[93m32[0m - [91merror[0m[90m TS2307: [0mCannot find module '../../../common/domain/unique-entity-id' or its corresponding type declarations.

[7m2[0m import { UniqueEntityID } from '../../../common/domain/unique-entity-id';
[7m [0m [91m                               ~~~~~~~~~~~~~~~~~~~~~~~~~~~~~~~~~~~~~~~~~[0m

[96msrc/modules/drivers/domain/repositories/shift.repository.ts[0m:[93m2[0m:[93m32[0m - [91merror[0m[90m TS2307: [0mCannot find module '../../../common/domain/unique-entity-id' or its corresponding type declarations.

[7m2[0m import { UniqueEntityID } from '../../../common/domain/unique-entity-id';
[7m [0m [91m                               ~~~~~~~~~~~~~~~~~~~~~~~~~~~~~~~~~~~~~~~~~[0m

[96msrc/modules/drivers/domain/repositories/vehicle.repository.ts[0m:[93m2[0m:[93m32[0m - [91merror[0m[90m TS2307: [0mCannot find module '../../../common/domain/unique-entity-id' or its corresponding type declarations.

[7m2[0m import { UniqueEntityID } from '../../../common/domain/unique-entity-id';
[7m [0m [91m                               ~~~~~~~~~~~~~~~~~~~~~~~~~~~~~~~~~~~~~~~~~[0m

[96msrc/modules/drivers/domain/services/earnings-calculation.service.ts[0m:[93m6[0m:[93m32[0m - [91merror[0m[90m TS2307: [0mCannot find module '../../../common/domain/unique-entity-id' or its corresponding type declarations.

[7m6[0m import { UniqueEntityID } from '../../../common/domain/unique-entity-id';
[7m [0m [91m                               ~~~~~~~~~~~~~~~~~~~~~~~~~~~~~~~~~~~~~~~~~[0m

[96msrc/modules/drivers/domain/services/earnings-calculation.service.ts[0m:[93m8[0m:[93m30[0m - [91merror[0m[90m TS2307: [0mCannot find module '../../../common/domain/domain-events' or its corresponding type declarations.

[7m8[0m import { DomainEvents } from '../../../common/domain/domain-events';
[7m [0m [91m                             ~~~~~~~~~~~~~~~~~~~~~~~~~~~~~~~~~~~~~~[0m

[96msrc/modules/drivers/domain/services/earnings-calculation.service.ts[0m:[93m9[0m:[93m41[0m - [91merror[0m[90m TS2307: [0mCannot find module '../events/earnings-calculated.event' or its corresponding type declarations.

[7m9[0m import { EarningsCalculatedEvent } from '../events/earnings-calculated.event';
[7m [0m [91m                                        ~~~~~~~~~~~~~~~~~~~~~~~~~~~~~~~~~~~~~[0m

[96msrc/modules/drivers/domain/services/earnings-calculation.service.ts[0m:[93m10[0m:[93m34[0m - [91merror[0m[90m TS2307: [0mCannot find module '../events/bonus-earned.event' or its corresponding type declarations.

[7m10[0m import { BonusEarnedEvent } from '../events/bonus-earned.event';
[7m  [0m [91m                                 ~~~~~~~~~~~~~~~~~~~~~~~~~~~~~~[0m

[96msrc/modules/drivers/domain/services/earnings-calculation.service.ts[0m:[93m11[0m:[93m38[0m - [91merror[0m[90m TS2307: [0mCannot find module '../events/incentive-earned.event' or its corresponding type declarations.

[7m11[0m import { IncentiveEarnedEvent } from '../events/incentive-earned.event';
[7m  [0m [91m                                     ~~~~~~~~~~~~~~~~~~~~~~~~~~~~~~~~~~[0m

[96msrc/modules/drivers/domain/services/earnings-calculation.service.ts[0m:[93m327[0m:[93m50[0m - [91merror[0m[90m TS2551: [0mProperty 'getStatus' does not exist on type 'RiderOrder'. Did you mean 'status'?

[7m327[0m     const completedOrders = orders.filter(o => o.getStatus() === 'completed').length;
[7m   [0m [91m                                                 ~~~~~~~~~[0m

  [96msrc/modules/drivers/domain/entities/rider-order.entity.ts[0m:[93m119[0m:[93m7[0m
    [7m119[0m   get status(): OrderStatus {
    [7m   [0m [96m      ~~~~~~[0m
    'status' is declared here.

[96msrc/modules/drivers/domain/services/earnings-calculation.service.ts[0m:[93m328[0m:[93m50[0m - [91merror[0m[90m TS2551: [0mProperty 'getStatus' does not exist on type 'RiderOrder'. Did you mean 'status'?

[7m328[0m     const cancelledOrders = orders.filter(o => o.getStatus() === 'cancelled').length;
[7m   [0m [91m                                                 ~~~~~~~~~[0m

  [96msrc/modules/drivers/domain/entities/rider-order.entity.ts[0m:[93m119[0m:[93m7[0m
    [7m119[0m   get status(): OrderStatus {
    [7m   [0m [96m      ~~~~~~[0m
    'status' is declared here.

[96msrc/modules/drivers/domain/services/earnings-calculation.service.ts[0m:[93m331[0m:[93m19[0m - [91merror[0m[90m TS2339: [0mProperty 'getDistanceTraveled' does not exist on type 'Shift'.

[7m331[0m       sum + shift.getDistanceTraveled(), 0
[7m   [0m [91m                  ~~~~~~~~~~~~~~~~~~~[0m

[96msrc/modules/drivers/domain/services/earnings-calculation.service.ts[0m:[93m335[0m:[93m19[0m - [91merror[0m[90m TS2339: [0mProperty 'getDuration' does not exist on type 'Shift'.

[7m335[0m       sum + shift.getDuration(), 0
[7m   [0m [91m                  ~~~~~~~~~~~[0m

[96msrc/modules/drivers/domain/services/earnings-calculation.service.ts[0m:[93m339[0m:[93m50[0m - [91merror[0m[90m TS2551: [0mProperty 'getRating' does not exist on type 'RiderOrder'. Did you mean 'rating'?

[7m339[0m       orders.reduce((sum, order) => sum + (order.getRating() || 0), 0) / orders.length : 0;
[7m   [0m [91m                                                 ~~~~~~~~~[0m

  [96msrc/modules/drivers/domain/entities/rider-order.entity.ts[0m:[93m207[0m:[93m7[0m
    [7m207[0m   get rating(): number | undefined {
    [7m   [0m [96m      ~~~~~~[0m
    'rating' is declared here.

[96msrc/modules/drivers/domain/services/earnings-calculation.service.ts[0m:[93m342[0m:[93m21[0m - [91merror[0m[90m TS2339: [0mProperty 'getGrossAmount' does not exist on type 'Earnings'.

[7m342[0m       sum + earning.getGrossAmount(), 0
[7m   [0m [91m                    ~~~~~~~~~~~~~~[0m

[96msrc/modules/drivers/domain/services/earnings-calculation.service.ts[0m:[93m346[0m:[93m21[0m - [91merror[0m[90m TS2339: [0mProperty 'getBonusAmount' does not exist on type 'Earnings'.

[7m346[0m       sum + earning.getBonusAmount(), 0
[7m   [0m [91m                    ~~~~~~~~~~~~~~[0m

[96msrc/modules/drivers/domain/services/earnings-calculation.service.ts[0m:[93m350[0m:[93m21[0m - [91merror[0m[90m TS2339: [0mProperty 'getIncentiveAmount' does not exist on type 'Earnings'.

[7m350[0m       sum + earning.getIncentiveAmount(), 0
[7m   [0m [91m                    ~~~~~~~~~~~~~~~~~~[0m

[96msrc/modules/drivers/domain/services/earnings-calculation.service.ts[0m:[93m354[0m:[93m21[0m - [91merror[0m[90m TS2339: [0mProperty 'getPenaltyAmount' does not exist on type 'Earnings'.

[7m354[0m       sum + earning.getPenaltyAmount(), 0
[7m   [0m [91m                    ~~~~~~~~~~~~~~~~[0m

[96msrc/modules/drivers/domain/services/earnings-calculation.service.ts[0m:[93m358[0m:[93m21[0m - [91merror[0m[90m TS2339: [0mProperty 'getFeeAmount' does not exist on type 'Earnings'.

[7m358[0m       sum + earning.getFeeAmount(), 0
[7m   [0m [91m                    ~~~~~~~~~~~~[0m

[96msrc/modules/drivers/domain/services/order-assignment.service.ts[0m:[93m6[0m:[93m32[0m - [91merror[0m[90m TS2307: [0mCannot find module '../../../common/domain/unique-entity-id' or its corresponding type declarations.

[7m6[0m import { UniqueEntityID } from '../../../common/domain/unique-entity-id';
[7m [0m [91m                               ~~~~~~~~~~~~~~~~~~~~~~~~~~~~~~~~~~~~~~~~~[0m

[96msrc/modules/drivers/domain/services/order-assignment.service.ts[0m:[93m9[0m:[93m30[0m - [91merror[0m[90m TS2307: [0mCannot find module '../../../common/domain/domain-events' or its corresponding type declarations.

[7m9[0m import { DomainEvents } from '../../../common/domain/domain-events';
[7m [0m [91m                             ~~~~~~~~~~~~~~~~~~~~~~~~~~~~~~~~~~~~~~[0m

[96msrc/modules/drivers/domain/services/order-assignment.service.ts[0m:[93m10[0m:[93m36[0m - [91merror[0m[90m TS2307: [0mCannot find module '../events/order-assigned.event' or its corresponding type declarations.

[7m10[0m import { OrderAssignedEvent } from '../events/order-assigned.event';
[7m  [0m [91m                                   ~~~~~~~~~~~~~~~~~~~~~~~~~~~~~~~~[0m

[96msrc/modules/drivers/domain/services/order-assignment.service.ts[0m:[93m11[0m:[93m38[0m - [91merror[0m[90m TS2307: [0mCannot find module '../events/order-unassigned.event' or its corresponding type declarations.

[7m11[0m import { OrderUnassignedEvent } from '../events/order-unassigned.event';
[7m  [0m [91m                                     ~~~~~~~~~~~~~~~~~~~~~~~~~~~~~~~~~~[0m

[96msrc/modules/drivers/domain/services/order-assignment.service.ts[0m:[93m12[0m:[93m38[0m - [91merror[0m[90m TS2307: [0mCannot find module '../events/order-reassigned.event' or its corresponding type declarations.

[7m12[0m import { OrderReassignedEvent } from '../events/order-reassigned.event';
[7m  [0m [91m                                     ~~~~~~~~~~~~~~~~~~~~~~~~~~~~~~~~~~[0m

[96msrc/modules/drivers/domain/services/order-assignment.service.ts[0m:[93m125[0m:[93m9[0m - [91merror[0m[90m TS2339: [0mProperty 'id' does not exist on type 'Rider'.

[7m125[0m       r.id.equals(eligibleRiders[0].riderId)
[7m   [0m [91m        ~~[0m

[96msrc/modules/drivers/domain/services/order-assignment.service.ts[0m:[93m135[0m:[93m26[0m - [91merror[0m[90m TS2339: [0mProperty 'id' does not exist on type 'Rider'.

[7m135[0m       riderId: bestRider.id,
[7m   [0m [91m                         ~~[0m

[96msrc/modules/drivers/domain/services/order-assignment.service.ts[0m:[93m197[0m:[93m16[0m - [91merror[0m[90m TS2339: [0mProperty 'isActive' does not exist on type 'Rider'.

[7m197[0m     if (!rider.isActive()) {
[7m   [0m [91m               ~~~~~~~~[0m

[96msrc/modules/drivers/domain/services/order-assignment.service.ts[0m:[93m202[0m:[93m16[0m - [91merror[0m[90m TS2551: [0mProperty 'isAvailable' does not exist on type 'Rider'. Did you mean 'setAvailable'?

[7m202[0m     if (!rider.isAvailable()) {
[7m   [0m [91m               ~~~~~~~~~~~[0m

  [96msrc/modules/drivers/domain/entities/rider.entity.ts[0m:[93m265[0m:[93m10[0m
    [7m265[0m   public setAvailable(): void {
    [7m   [0m [96m         ~~~~~~~~~~~~[0m
    'setAvailable' is declared here.

[96msrc/modules/drivers/domain/services/order-assignment.service.ts[0m:[93m209[0m:[93m13[0m - [91merror[0m[90m TS2551: [0mProperty 'getRiderId' does not exist on type 'Shift'. Did you mean 'riderId'?

[7m209[0m       shift.getRiderId().equals(rider.id) &&
[7m   [0m [91m            ~~~~~~~~~~[0m

  [96msrc/modules/drivers/domain/entities/shift.entity.ts[0m:[93m83[0m:[93m7[0m
    [7m83[0m   get riderId(): string {
    [7m  [0m [96m      ~~~~~~~[0m
    'riderId' is declared here.

[96msrc/modules/drivers/domain/services/order-assignment.service.ts[0m:[93m209[0m:[93m39[0m - [91merror[0m[90m TS2339: [0mProperty 'id' does not exist on type 'Rider'.

[7m209[0m       shift.getRiderId().equals(rider.id) &&
[7m   [0m [91m                                      ~~[0m

[96msrc/modules/drivers/domain/services/order-assignment.service.ts[0m:[93m210[0m:[93m14[0m - [91merror[0m[90m TS2339: [0mProperty 'getStatus' does not exist on type 'Shift'.

[7m210[0m       (shift.getStatus().getValue() === 'active')
[7m   [0m [91m             ~~~~~~~~~[0m

[96msrc/modules/drivers/domain/services/order-assignment.service.ts[0m:[93m219[0m:[93m37[0m - [91merror[0m[90m TS2339: [0mProperty 'getRating' does not exist on type 'Rider'.

[7m219[0m     if (criteria.minRating && rider.getRating() < criteria.minRating) {
[7m   [0m [91m                                    ~~~~~~~~~[0m

[96msrc/modules/drivers/domain/services/order-assignment.service.ts[0m:[93m221[0m:[93m42[0m - [91merror[0m[90m TS2339: [0mProperty 'getRating' does not exist on type 'Rider'.

[7m221[0m       reasons.push(`Rider rating ${rider.getRating()} below minimum ${criteria.minRating}`);
[7m   [0m [91m                                         ~~~~~~~~~[0m

[96msrc/modules/drivers/domain/services/order-assignment.service.ts[0m:[93m226[0m:[93m9[0m - [91merror[0m[90m TS2551: [0mProperty 'getRiderId' does not exist on type 'Vehicle'. Did you mean 'riderId'?

[7m226[0m       v.getRiderId().equals(rider.id) && v.isActive()
[7m   [0m [91m        ~~~~~~~~~~[0m

  [96msrc/modules/drivers/domain/entities/vehicle.entity.ts[0m:[93m56[0m:[93m7[0m
    [7m56[0m   get riderId(): string {
    [7m  [0m [96m      ~~~~~~~[0m
    'riderId' is declared here.

[96msrc/modules/drivers/domain/services/order-assignment.service.ts[0m:[93m226[0m:[93m35[0m - [91merror[0m[90m TS2339: [0mProperty 'id' does not exist on type 'Rider'.

[7m226[0m       v.getRiderId().equals(rider.id) && v.isActive()
[7m   [0m [91m                                  ~~[0m

[96msrc/modules/drivers/domain/services/order-assignment.service.ts[0m:[93m226[0m:[93m44[0m - [91merror[0m[90m TS2551: [0mProperty 'isActive' does not exist on type 'Vehicle'. Did you mean 'setActive'?

[7m226[0m       v.getRiderId().equals(rider.id) && v.isActive()
[7m   [0m [91m                                           ~~~~~~~~[0m

  [96msrc/modules/drivers/domain/entities/vehicle.entity.ts[0m:[93m219[0m:[93m10[0m
    [7m219[0m   public setActive(): void {
    [7m   [0m [96m         ~~~~~~~~~[0m
    'setActive' is declared here.

[96msrc/modules/drivers/domain/services/order-assignment.service.ts[0m:[93m235[0m:[93m64[0m - [91merror[0m[90m TS2339: [0mProperty 'getType' does not exist on type 'Vehicle'.

[7m235[0m           !criteria.requiredVehicleTypes.includes(riderVehicle.getType())) {
[7m   [0m [91m                                                               ~~~~~~~[0m

[96msrc/modules/drivers/domain/services/order-assignment.service.ts[0m:[93m237[0m:[93m51[0m - [91merror[0m[90m TS2339: [0mProperty 'getType' does not exist on type 'Vehicle'.

[7m237[0m         reasons.push(`Vehicle type ${riderVehicle.getType()} not suitable`);
[7m   [0m [91m                                                  ~~~~~~~[0m

[96msrc/modules/drivers/domain/services/order-assignment.service.ts[0m:[93m241[0m:[93m61[0m - [91merror[0m[90m TS2339: [0mProperty 'hasCapacity' does not exist on type 'Vehicle'.

[7m241[0m       if (criteria.considerVehicleCapacity && !riderVehicle.hasCapacity()) {
[7m   [0m [91m                                                            ~~~~~~~~~~~[0m

[96msrc/modules/drivers/domain/services/order-assignment.service.ts[0m:[93m248[0m:[93m60[0m - [91merror[0m[90m TS2339: [0mProperty 'id' does not exist on type 'Rider'.

[7m248[0m     if (criteria.excludeRiders?.some(id => id.equals(rider.id))) {
[7m   [0m [91m                                                           ~~[0m

[96msrc/modules/drivers/domain/services/order-assignment.service.ts[0m:[93m254[0m:[93m35[0m - [91merror[0m[90m TS2551: [0mProperty 'getCurrentLocation' does not exist on type 'Rider'. Did you mean 'currentLocation'?

[7m254[0m     const currentLocation = rider.getCurrentLocation();
[7m   [0m [91m                                  ~~~~~~~~~~~~~~~~~~[0m

  [96msrc/modules/drivers/domain/entities/rider.entity.ts[0m:[93m108[0m:[93m7[0m
    [7m108[0m   get currentLocation(): Location | undefined {
    [7m   [0m [96m      ~~~~~~~~~~~~~~~[0m
    'currentLocation' is declared here.

[96msrc/modules/drivers/domain/services/order-assignment.service.ts[0m:[93m296[0m:[93m22[0m - [91merror[0m[90m TS2339: [0mProperty 'id' does not exist on type 'Rider'.

[7m296[0m       riderId: rider.id,
[7m   [0m [91m                     ~~[0m

[96msrc/modules/drivers/domain/services/order-assignment.service.ts[0m:[93m324[0m:[93m34[0m - [91merror[0m[90m TS2339: [0mProperty 'getRating' does not exist on type 'Rider'.

[7m324[0m       const ratingScore = (rider.getRating() - 3) * 10; // Scale 1-5 to -20 to +20
[7m   [0m [91m                                 ~~~~~~~~~[0m

[96msrc/modules/drivers/domain/services/order-assignment.service.ts[0m:[93m329[0m:[93m31[0m - [91merror[0m[90m TS2339: [0mProperty 'getPerformanceMetrics' does not exist on type 'Rider'.

[7m329[0m     const performance = rider.getPerformanceMetrics();
[7m   [0m [91m                              ~~~~~~~~~~~~~~~~~~~~~[0m

[96msrc/modules/drivers/domain/services/order-assignment.service.ts[0m:[93m353[0m:[93m62[0m - [91merror[0m[90m TS2339: [0mProperty 'id' does not exist on type 'Rider'.

[7m353[0m     if (criteria.preferredRiders?.some(id => id.equals(rider.id))) {
[7m   [0m [91m                                                             ~~[0m

[96msrc/modules/drivers/domain/services/order-assignment.service.ts[0m:[93m358[0m:[93m39[0m - [91merror[0m[90m TS2339: [0mProperty 'getOrdersCount' does not exist on type 'Shift'.

[7m358[0m     const currentOrders = activeShift.getOrdersCount();
[7m   [0m [91m                                      ~~~~~~~~~~~~~~[0m

[96msrc/modules/drivers/domain/services/order-assignment.service.ts[0m:[93m381[0m:[93m31[0m - [91merror[0m[90m TS2339: [0mProperty 'getOrderTypePreferences' does not exist on type 'Rider'.

[7m381[0m     const preferences = rider.getOrderTypePreferences();
[7m   [0m [91m                              ~~~~~~~~~~~~~~~~~~~~~~~[0m

[96msrc/modules/drivers/domain/services/order-assignment.service.ts[0m:[93m405[0m:[93m10[0m - [91merror[0m[90m TS2339: [0mProperty 'id' does not exist on type 'Rider'.

[7m405[0m       !r.id.equals(request.currentRiderId)
[7m   [0m [91m         ~~[0m

[96msrc/modules/drivers/domain/services/order-assignment.service.ts[0m:[93m436[0m:[93m43[0m - [91merror[0m[90m TS2339: [0mProperty 'id' does not exist on type 'Rider'.

[7m436[0m         newRiderId: result.assignedRider!.id,
[7m   [0m [91m                                          ~~[0m

[96msrc/modules/drivers/domain/services/order-assignment.service.ts[0m:[93m487[0m:[93m31[0m - [91merror[0m[90m TS2339: [0mProperty 'id' does not exist on type 'Rider'.

[7m487[0m         !assignedRiders.has(r.id.toString())
[7m   [0m [91m                              ~~[0m

[96msrc/modules/drivers/domain/services/order-assignment.service.ts[0m:[93m501[0m:[93m41[0m - [91merror[0m[90m TS2339: [0mProperty 'id' does not exist on type 'Rider'.

[7m501[0m           riderId: result.assignedRider.id,
[7m   [0m [91m                                        ~~[0m

[96msrc/modules/drivers/domain/services/order-assignment.service.ts[0m:[93m504[0m:[93m49[0m - [91merror[0m[90m TS2339: [0mProperty 'id' does not exist on type 'Rider'.

[7m504[0m         assignedRiders.add(result.assignedRider.id.toString());
[7m   [0m [91m                                                ~~[0m

[96msrc/modules/drivers/domain/services/order-assignment.service.ts[0m:[93m535[0m:[93m36[0m - [91merror[0m[90m TS2551: [0mProperty 'getLatitude' does not exist on type 'Location'. Did you mean 'latitude'?

[7m535[0m     const dLat = this.toRadians(to.getLatitude() - from.getLatitude());
[7m   [0m [91m                                   ~~~~~~~~~~~[0m

  [96msrc/modules/drivers/domain/value-objects/location.vo.ts[0m:[93m36[0m:[93m7[0m
    [7m36[0m   get latitude(): number {
    [7m  [0m [96m      ~~~~~~~~[0m
    'latitude' is declared here.

[96msrc/modules/drivers/domain/services/order-assignment.service.ts[0m:[93m535[0m:[93m57[0m - [91merror[0m[90m TS2551: [0mProperty 'getLatitude' does not exist on type 'Location'. Did you mean 'latitude'?

[7m535[0m     const dLat = this.toRadians(to.getLatitude() - from.getLatitude());
[7m   [0m [91m                                                        ~~~~~~~~~~~[0m

  [96msrc/modules/drivers/domain/value-objects/location.vo.ts[0m:[93m36[0m:[93m7[0m
    [7m36[0m   get latitude(): number {
    [7m  [0m [96m      ~~~~~~~~[0m
    'latitude' is declared here.

[96msrc/modules/drivers/domain/services/order-assignment.service.ts[0m:[93m536[0m:[93m36[0m - [91merror[0m[90m TS2551: [0mProperty 'getLongitude' does not exist on type 'Location'. Did you mean 'longitude'?

[7m536[0m     const dLon = this.toRadians(to.getLongitude() - from.getLongitude());
[7m   [0m [91m                                   ~~~~~~~~~~~~[0m

  [96msrc/modules/drivers/domain/value-objects/location.vo.ts[0m:[93m40[0m:[93m7[0m
    [7m40[0m   get longitude(): number {
    [7m  [0m [96m      ~~~~~~~~~[0m
    'longitude' is declared here.

[96msrc/modules/drivers/domain/services/order-assignment.service.ts[0m:[93m536[0m:[93m58[0m - [91merror[0m[90m TS2551: [0mProperty 'getLongitude' does not exist on type 'Location'. Did you mean 'longitude'?

[7m536[0m     const dLon = this.toRadians(to.getLongitude() - from.getLongitude());
[7m   [0m [91m                                                         ~~~~~~~~~~~~[0m

  [96msrc/modules/drivers/domain/value-objects/location.vo.ts[0m:[93m40[0m:[93m7[0m
    [7m40[0m   get longitude(): number {
    [7m  [0m [96m      ~~~~~~~~~[0m
    'longitude' is declared here.

[96msrc/modules/drivers/domain/services/order-assignment.service.ts[0m:[93m539[0m:[93m44[0m - [91merror[0m[90m TS2551: [0mProperty 'getLatitude' does not exist on type 'Location'. Did you mean 'latitude'?

[7m539[0m               Math.cos(this.toRadians(from.getLatitude())) *
[7m   [0m [91m                                           ~~~~~~~~~~~[0m

  [96msrc/modules/drivers/domain/value-objects/location.vo.ts[0m:[93m36[0m:[93m7[0m
    [7m36[0m   get latitude(): number {
    [7m  [0m [96m      ~~~~~~~~[0m
    'latitude' is declared here.

[96msrc/modules/drivers/domain/services/order-assignment.service.ts[0m:[93m540[0m:[93m42[0m - [91merror[0m[90m TS2551: [0mProperty 'getLatitude' does not exist on type 'Location'. Did you mean 'latitude'?

[7m540[0m               Math.cos(this.toRadians(to.getLatitude())) *
[7m   [0m [91m                                         ~~~~~~~~~~~[0m

  [96msrc/modules/drivers/domain/value-objects/location.vo.ts[0m:[93m36[0m:[93m7[0m
    [7m36[0m   get latitude(): number {
    [7m  [0m [96m      ~~~~~~~~[0m
    'latitude' is declared here.

[96msrc/modules/drivers/domain/services/performance-tracking.service.ts[0m:[93m2[0m:[93m29[0m - [91merror[0m[90m TS2307: [0mCannot find module '../entities/performance.entity' or its corresponding type declarations.

[7m2[0m import { Performance } from '../entities/performance.entity';
[7m [0m [91m                            ~~~~~~~~~~~~~~~~~~~~~~~~~~~~~~~~[0m

[96msrc/modules/drivers/domain/services/performance-tracking.service.ts[0m:[93m6[0m:[93m32[0m - [91merror[0m[90m TS2307: [0mCannot find module '../../../common/domain/unique-entity-id' or its corresponding type declarations.

[7m6[0m import { UniqueEntityID } from '../../../common/domain/unique-entity-id';
[7m [0m [91m                               ~~~~~~~~~~~~~~~~~~~~~~~~~~~~~~~~~~~~~~~~~[0m

[96msrc/modules/drivers/domain/services/performance-tracking.service.ts[0m:[93m8[0m:[93m30[0m - [91merror[0m[90m TS2307: [0mCannot find module '../../../common/domain/domain-events' or its corresponding type declarations.

[7m8[0m import { DomainEvents } from '../../../common/domain/domain-events';
[7m [0m [91m                             ~~~~~~~~~~~~~~~~~~~~~~~~~~~~~~~~~~~~~~[0m

[96msrc/modules/drivers/domain/services/performance-tracking.service.ts[0m:[93m9[0m:[93m41[0m - [91merror[0m[90m TS2307: [0mCannot find module '../events/performance-updated.event' or its corresponding type declarations.

[7m9[0m import { PerformanceUpdatedEvent } from '../events/performance-updated.event';
[7m [0m [91m                                        ~~~~~~~~~~~~~~~~~~~~~~~~~~~~~~~~~~~~~[0m

[96msrc/modules/drivers/domain/services/performance-tracking.service.ts[0m:[93m10[0m:[93m40[0m - [91merror[0m[90m TS2307: [0mCannot find module '../events/milestone-achieved.event' or its corresponding type declarations.

[7m10[0m import { MilestoneAchievedEvent } from '../events/milestone-achieved.event';
[7m  [0m [91m                                       ~~~~~~~~~~~~~~~~~~~~~~~~~~~~~~~~~~~~[0m

[96msrc/modules/drivers/domain/services/performance-tracking.service.ts[0m:[93m11[0m:[93m39[0m - [91merror[0m[90m TS2307: [0mCannot find module '../events/performance-alert.event' or its corresponding type declarations.

[7m11[0m import { PerformanceAlertEvent } from '../events/performance-alert.event';
[7m  [0m [91m                                      ~~~~~~~~~~~~~~~~~~~~~~~~~~~~~~~~~~~[0m

[96msrc/modules/drivers/domain/services/performance-tracking.service.ts[0m:[93m30[0m:[93m23[0m - [91merror[0m[90m TS2552: [0mCannot find name 'ReliabilityPerformanceMetrics'. Did you mean 'QualityPerformanceMetrics'?

[7m30[0m   reliabilityMetrics: ReliabilityPerformanceMetrics;
[7m  [0m [91m                      ~~~~~~~~~~~~~~~~~~~~~~~~~~~~~[0m

[96msrc/modules/drivers/domain/services/performance-tracking.service.ts[0m:[93m325[0m:[93m50[0m - [91merror[0m[90m TS2551: [0mProperty 'getStatus' does not exist on type 'RiderOrder'. Did you mean 'status'?

[7m325[0m     const completedOrders = orders.filter(o => o.getStatus() === 'completed').length;
[7m   [0m [91m                                                 ~~~~~~~~~[0m

  [96msrc/modules/drivers/domain/entities/rider-order.entity.ts[0m:[93m119[0m:[93m7[0m
    [7m119[0m   get status(): OrderStatus {
    [7m   [0m [96m      ~~~~~~[0m
    'status' is declared here.

[96msrc/modules/drivers/domain/services/performance-tracking.service.ts[0m:[93m326[0m:[93m50[0m - [91merror[0m[90m TS2551: [0mProperty 'getStatus' does not exist on type 'RiderOrder'. Did you mean 'status'?

[7m326[0m     const cancelledOrders = orders.filter(o => o.getStatus() === 'cancelled').length;
[7m   [0m [91m                                                 ~~~~~~~~~[0m

  [96msrc/modules/drivers/domain/entities/rider-order.entity.ts[0m:[93m119[0m:[93m7[0m
    [7m119[0m   get status(): OrderStatus {
    [7m   [0m [96m      ~~~~~~[0m
    'status' is declared here.

[96msrc/modules/drivers/domain/services/performance-tracking.service.ts[0m:[93m327[0m:[93m49[0m - [91merror[0m[90m TS2551: [0mProperty 'getStatus' does not exist on type 'RiderOrder'. Did you mean 'status'?

[7m327[0m     const acceptedOrders = orders.filter(o => o.getStatus() !== 'rejected').length;
[7m   [0m [91m                                                ~~~~~~~~~[0m

  [96msrc/modules/drivers/domain/entities/rider-order.entity.ts[0m:[93m119[0m:[93m7[0m
    [7m119[0m   get status(): OrderStatus {
    [7m   [0m [96m      ~~~~~~[0m
    'status' is declared here.

[96msrc/modules/drivers/domain/services/performance-tracking.service.ts[0m:[93m334[0m:[93m71[0m - [91merror[0m[90m TS2339: [0mProperty 'getTotalAmount' does not exist on type 'RiderOrder'.

[7m334[0m     const totalOrderValue = orders.reduce((sum, order) => sum + order.getTotalAmount(), 0);
[7m   [0m [91m                                                                      ~~~~~~~~~~~~~~[0m

[96msrc/modules/drivers/domain/services/performance-tracking.service.ts[0m:[93m360[0m:[93m50[0m - [91merror[0m[90m TS2551: [0mProperty 'getStatus' does not exist on type 'RiderOrder'. Did you mean 'status'?

[7m360[0m     const completedOrders = orders.filter(o => o.getStatus() === 'completed');
[7m   [0m [91m                                                 ~~~~~~~~~[0m

  [96msrc/modules/drivers/domain/entities/rider-order.entity.ts[0m:[93m119[0m:[93m7[0m
    [7m119[0m   get status(): OrderStatus {
    [7m   [0m [96m      ~~~~~~[0m
    'status' is declared here.

[96msrc/modules/drivers/domain/services/performance-tracking.service.ts[0m:[93m390[0m:[93m34[0m - [91merror[0m[90m TS2339: [0mProperty 'getDeliveryDuration' does not exist on type 'RiderOrder'.

[7m390[0m       const deliveryTime = order.getDeliveryDuration() || 0;
[7m   [0m [91m                                 ~~~~~~~~~~~~~~~~~~~[0m

[96msrc/modules/drivers/domain/services/performance-tracking.service.ts[0m:[93m391[0m:[93m35[0m - [91merror[0m[90m TS2551: [0mProperty 'getEstimatedDeliveryTime' does not exist on type 'RiderOrder'. Did you mean 'estimatedDeliveryTime'?

[7m391[0m       const estimatedTime = order.getEstimatedDeliveryTime() || 0;
[7m   [0m [91m                                  ~~~~~~~~~~~~~~~~~~~~~~~~[0m

  [96msrc/modules/drivers/domain/entities/rider-order.entity.ts[0m:[93m139[0m:[93m7[0m
    [7m139[0m   get estimatedDeliveryTime(): Date {
    [7m   [0m [96m      ~~~~~~~~~~~~~~~~~~~~~[0m
    'estimatedDeliveryTime' is declared here.

[96msrc/modules/drivers/domain/services/performance-tracking.service.ts[0m:[93m392[0m:[93m32[0m - [91merror[0m[90m TS2339: [0mProperty 'getPickupDuration' does not exist on type 'RiderOrder'.

[7m392[0m       const pickupTime = order.getPickupDuration() || 0;
[7m   [0m [91m                               ~~~~~~~~~~~~~~~~~[0m

[96msrc/modules/drivers/domain/services/performance-tracking.service.ts[0m:[93m393[0m:[93m30[0m - [91merror[0m[90m TS2551: [0mProperty 'getDistance' does not exist on type 'RiderOrder'. Did you mean 'distance'?

[7m393[0m       const distance = order.getDistance() || 0;
[7m   [0m [91m                             ~~~~~~~~~~~[0m

  [96msrc/modules/drivers/domain/entities/rider-order.entity.ts[0m:[93m151[0m:[93m7[0m
    [7m151[0m   get distance(): number {
    [7m   [0m [96m      ~~~~~~~~[0m
    'distance' is declared here.

[96msrc/modules/drivers/domain/services/performance-tracking.service.ts[0m:[93m439[0m:[93m46[0m - [91merror[0m[90m TS2551: [0mProperty 'getRating' does not exist on type 'RiderOrder'. Did you mean 'rating'?

[7m439[0m     const ratedOrders = orders.filter(o => o.getRating() !== null && o.getRating() !== undefined);
[7m   [0m [91m                                             ~~~~~~~~~[0m

  [96msrc/modules/drivers/domain/entities/rider-order.entity.ts[0m:[93m207[0m:[93m7[0m
    [7m207[0m   get rating(): number | undefined {
    [7m   [0m [96m      ~~~~~~[0m
    'rating' is declared here.

[96msrc/modules/drivers/domain/services/performance-tracking.service.ts[0m:[93m439[0m:[93m72[0m - [91merror[0m[90m TS2551: [0mProperty 'getRating' does not exist on type 'RiderOrder'. Did you mean 'rating'?

[7m439[0m     const ratedOrders = orders.filter(o => o.getRating() !== null && o.getRating() !== undefined);
[7m   [0m [91m                                                                       ~~~~~~~~~[0m

  [96msrc/modules/drivers/domain/entities/rider-order.entity.ts[0m:[93m207[0m:[93m7[0m
    [7m207[0m   get rating(): number | undefined {
    [7m   [0m [96m      ~~~~~~[0m
    'rating' is declared here.

[96msrc/modules/drivers/domain/services/performance-tracking.service.ts[0m:[93m458[0m:[93m44[0m - [91merror[0m[90m TS2551: [0mProperty 'getRating' does not exist on type 'RiderOrder'. Did you mean 'rating'?

[7m458[0m     const ratings = ratedOrders.map(o => o.getRating()!);
[7m   [0m [91m                                           ~~~~~~~~~[0m

  [96msrc/modules/drivers/domain/entities/rider-order.entity.ts[0m:[93m207[0m:[93m7[0m
    [7m207[0m   get rating(): number | undefined {
    [7m   [0m [96m      ~~~~~~[0m
    'rating' is declared here.

[96msrc/modules/drivers/domain/services/performance-tracking.service.ts[0m:[93m519[0m:[93m71[0m - [91merror[0m[90m TS2339: [0mProperty 'getDuration' does not exist on type 'Shift'.

[7m519[0m     const totalActiveTime = shifts.reduce((sum, shift) => sum + shift.getDuration(), 0);
[7m   [0m [91m                                                                      ~~~~~~~~~~~[0m

[96msrc/modules/drivers/domain/services/performance-tracking.service.ts[0m:[93m520[0m:[93m69[0m - [91merror[0m[90m TS2339: [0mProperty 'getIdleTime' does not exist on type 'Shift'.

[7m520[0m     const totalIdleTime = shifts.reduce((sum, shift) => sum + shift.getIdleTime(), 0);
[7m   [0m [91m                                                                    ~~~~~~~~~~~[0m

[96msrc/modules/drivers/domain/services/performance-tracking.service.ts[0m:[93m524[0m:[93m50[0m - [91merror[0m[90m TS2551: [0mProperty 'getStatus' does not exist on type 'RiderOrder'. Did you mean 'status'?

[7m524[0m     const completedOrders = orders.filter(o => o.getStatus() === 'completed').length;
[7m   [0m [91m                                                 ~~~~~~~~~[0m

  [96msrc/modules/drivers/domain/entities/rider-order.entity.ts[0m:[93m119[0m:[93m7[0m
    [7m119[0m   get status(): OrderStatus {
    [7m   [0m [96m      ~~~~~~[0m
    'status' is declared here.

[96msrc/modules/drivers/domain/services/performance-tracking.service.ts[0m:[93m567[0m:[93m50[0m - [91merror[0m[90m TS2339: [0mProperty 'getStatus' does not exist on type 'Shift'.

[7m567[0m     const completedShifts = shifts.filter(s => s.getStatus() === 'completed').length;
[7m   [0m [91m                                                 ~~~~~~~~~[0m

[96msrc/modules/drivers/domain/services/performance-tracking.service.ts[0m:[93m568[0m:[93m46[0m - [91merror[0m[90m TS2339: [0mProperty 'getStatus' does not exist on type 'Shift'.

[7m568[0m     const noShowCount = shifts.filter(s => s.getStatus() === 'no_show').length;
[7m   [0m [91m                                             ~~~~~~~~~[0m

[96msrc/modules/drivers/domain/services/performance-tracking.service.ts[0m:[93m569[0m:[93m49[0m - [91merror[0m[90m TS2339: [0mProperty 'isLateStart' does not exist on type 'Shift'.

[7m569[0m     const lateStartCount = shifts.filter(s => s.isLateStart()).length;
[7m   [0m [91m                                                ~~~~~~~~~~~[0m

[96msrc/modules/drivers/domain/services/performance-tracking.service.ts[0m:[93m570[0m:[93m48[0m - [91merror[0m[90m TS2339: [0mProperty 'isEarlyEnd' does not exist on type 'Shift'.

[7m570[0m     const earlyEndCount = shifts.filter(s => s.isEarlyEnd()).length;
[7m   [0m [91m                                               ~~~~~~~~~~[0m

[96msrc/modules/drivers/domain/services/performance-tracking.service.ts[0m:[93m600[0m:[93m50[0m - [91merror[0m[90m TS2551: [0mProperty 'getStatus' does not exist on type 'RiderOrder'. Did you mean 'status'?

[7m600[0m     const completedOrders = orders.filter(o => o.getStatus() === 'completed');
[7m   [0m [91m                                                 ~~~~~~~~~[0m

  [96msrc/modules/drivers/domain/entities/rider-order.entity.ts[0m:[93m119[0m:[93m7[0m
    [7m119[0m   get status(): OrderStatus {
    [7m   [0m [96m      ~~~~~~[0m
    'status' is declared here.

[96msrc/modules/drivers/domain/services/performance-tracking.service.ts[0m:[93m601[0m:[93m63[0m - [91merror[0m[90m TS2551: [0mProperty 'getCustomerId' does not exist on type 'RiderOrder'. Did you mean 'customerId'?

[7m601[0m     const totalCustomers = new Set(completedOrders.map(o => o.getCustomerId().toString())).size;
[7m   [0m [91m                                                              ~~~~~~~~~~~~~[0m

  [96msrc/modules/drivers/domain/entities/rider-order.entity.ts[0m:[93m107[0m:[93m7[0m
    [7m107[0m   get customerId(): string {
    [7m   [0m [96m      ~~~~~~~~~~[0m
    'customerId' is declared here.

[96msrc/modules/drivers/domain/services/performance-tracking.service.ts[0m:[93m604[0m:[93m59[0m - [91merror[0m[90m TS2339: [0mProperty 'getTipAmount' does not exist on type 'RiderOrder'.

[7m604[0m     const ordersWithTips = completedOrders.filter(o => (o.getTipAmount() || 0) > 0);
[7m   [0m [91m                                                          ~~~~~~~~~~~~[0m

[96msrc/modules/drivers/domain/services/performance-tracking.service.ts[0m:[93m605[0m:[93m67[0m - [91merror[0m[90m TS2339: [0mProperty 'getTipAmount' does not exist on type 'RiderOrder'.

[7m605[0m     const totalTips = completedOrders.reduce((sum, o) => sum + (o.getTipAmount() || 0), 0);
[7m   [0m [91m                                                                  ~~~~~~~~~~~~[0m

[96msrc/modules/drivers/domain/services/performance-tracking.service.ts[0m:[93m611[0m:[93m55[0m - [91merror[0m[90m TS2551: [0mProperty 'getRating' does not exist on type 'RiderOrder'. Did you mean 'rating'?

[7m611[0m     const ratedOrders = completedOrders.filter(o => o.getRating() !== null);
[7m   [0m [91m                                                      ~~~~~~~~~[0m

  [96msrc/modules/drivers/domain/entities/rider-order.entity.ts[0m:[93m207[0m:[93m7[0m
    [7m207[0m   get rating(): number | undefined {
    [7m   [0m [96m      ~~~~~~[0m
    'rating' is declared here.

[96msrc/modules/drivers/domain/services/performance-tracking.service.ts[0m:[93m612[0m:[93m55[0m - [91merror[0m[90m TS2551: [0mProperty 'getRating' does not exist on type 'RiderOrder'. Did you mean 'rating'?

[7m612[0m     const positiveReviews = ratedOrders.filter(o => o.getRating()! >= 4).length;
[7m   [0m [91m                                                      ~~~~~~~~~[0m

  [96msrc/modules/drivers/domain/entities/rider-order.entity.ts[0m:[93m207[0m:[93m7[0m
    [7m207[0m   get rating(): number | undefined {
    [7m   [0m [96m      ~~~~~~[0m
    'rating' is declared here.

[96msrc/modules/drivers/domain/services/performance-tracking.service.ts[0m:[93m613[0m:[93m55[0m - [91merror[0m[90m TS2551: [0mProperty 'getRating' does not exist on type 'RiderOrder'. Did you mean 'rating'?

[7m613[0m     const negativeReviews = ratedOrders.filter(o => o.getRating()! <= 2).length;
[7m   [0m [91m                                                      ~~~~~~~~~[0m

  [96msrc/modules/drivers/domain/entities/rider-order.entity.ts[0m:[93m207[0m:[93m7[0m
    [7m207[0m   get rating(): number | undefined {
    [7m   [0m [96m      ~~~~~~[0m
    'rating' is declared here.

[96msrc/modules/drivers/domain/services/shift-management.service.ts[0m:[93m5[0m:[93m32[0m - [91merror[0m[90m TS2307: [0mCannot find module '../../../common/domain/unique-entity-id' or its corresponding type declarations.

[7m5[0m import { UniqueEntityID } from '../../../common/domain/unique-entity-id';
[7m [0m [91m                               ~~~~~~~~~~~~~~~~~~~~~~~~~~~~~~~~~~~~~~~~~[0m

[96msrc/modules/drivers/domain/services/shift-management.service.ts[0m:[93m8[0m:[93m30[0m - [91merror[0m[90m TS2307: [0mCannot find module '../../../common/domain/domain-events' or its corresponding type declarations.

[7m8[0m import { DomainEvents } from '../../../common/domain/domain-events';
[7m [0m [91m                             ~~~~~~~~~~~~~~~~~~~~~~~~~~~~~~~~~~~~~~[0m

[96msrc/modules/drivers/domain/services/shift-management.service.ts[0m:[93m9[0m:[93m35[0m - [91merror[0m[90m TS2307: [0mCannot find module '../events/shift-started.event' or its corresponding type declarations.

[7m9[0m import { ShiftStartedEvent } from '../events/shift-started.event';
[7m [0m [91m                                  ~~~~~~~~~~~~~~~~~~~~~~~~~~~~~~~[0m

[96msrc/modules/drivers/domain/services/shift-management.service.ts[0m:[93m10[0m:[93m33[0m - [91merror[0m[90m TS2307: [0mCannot find module '../events/shift-ended.event' or its corresponding type declarations.

[7m10[0m import { ShiftEndedEvent } from '../events/shift-ended.event';
[7m  [0m [91m                                ~~~~~~~~~~~~~~~~~~~~~~~~~~~~~[0m

[96msrc/modules/drivers/domain/services/shift-management.service.ts[0m:[93m11[0m:[93m34[0m - [91merror[0m[90m TS2307: [0mCannot find module '../events/shift-paused.event' or its corresponding type declarations.

[7m11[0m import { ShiftPausedEvent } from '../events/shift-paused.event';
[7m  [0m [91m                                 ~~~~~~~~~~~~~~~~~~~~~~~~~~~~~~[0m

[96msrc/modules/drivers/domain/services/shift-management.service.ts[0m:[93m12[0m:[93m35[0m - [91merror[0m[90m TS2307: [0mCannot find module '../events/shift-resumed.event' or its corresponding type declarations.

[7m12[0m import { ShiftResumedEvent } from '../events/shift-resumed.event';
[7m  [0m [91m                                  ~~~~~~~~~~~~~~~~~~~~~~~~~~~~~~~[0m

[96msrc/modules/drivers/domain/services/shift-management.service.ts[0m:[93m87[0m:[93m16[0m - [91merror[0m[90m TS2339: [0mProperty 'isActive' does not exist on type 'Rider'.

[7m87[0m     if (!rider.isActive()) {
[7m  [0m [91m               ~~~~~~~~[0m

[96msrc/modules/drivers/domain/services/shift-management.service.ts[0m:[93m91[0m:[93m16[0m - [91merror[0m[90m TS2339: [0mProperty 'isVerified' does not exist on type 'Rider'.

[7m91[0m     if (!rider.isVerified()) {
[7m  [0m [91m               ~~~~~~~~~~[0m

[96msrc/modules/drivers/domain/services/shift-management.service.ts[0m:[93m97[0m:[93m13[0m - [91merror[0m[90m TS2339: [0mProperty 'getStatus' does not exist on type 'Shift'.

[7m97[0m       shift.getStatus().getValue() === 'active' ||
[7m  [0m [91m            ~~~~~~~~~[0m

[96msrc/modules/drivers/domain/services/shift-management.service.ts[0m:[93m98[0m:[93m13[0m - [91merror[0m[90m TS2339: [0mProperty 'getStatus' does not exist on type 'Shift'.

[7m98[0m       shift.getStatus().getValue() === 'paused'
[7m  [0m [91m            ~~~~~~~~~[0m

[96msrc/modules/drivers/domain/services/shift-management.service.ts[0m:[93m106[0m:[93m18[0m - [91merror[0m[90m TS2339: [0mProperty 'isAvailable' does not exist on type 'Vehicle'.

[7m106[0m     if (!vehicle.isAvailable()) {
[7m   [0m [91m                 ~~~~~~~~~~~[0m

[96msrc/modules/drivers/domain/services/shift-management.service.ts[0m:[93m110[0m:[93m18[0m - [91merror[0m[90m TS6234: [0mThis expression is not callable because it is a 'get' accessor. Did you mean to use it without '()'?
  Type 'Boolean' has no call signatures.

[7m110[0m     if (!vehicle.isVerified()) {
[7m   [0m [91m                 ~~~~~~~~~~[0m

[96msrc/modules/drivers/domain/services/shift-management.service.ts[0m:[93m115[0m:[93m17[0m - [91merror[0m[90m TS2339: [0mProperty 'requiresMaintenance' does not exist on type 'Vehicle'.

[7m115[0m     if (vehicle.requiresMaintenance()) {
[7m   [0m [91m                ~~~~~~~~~~~~~~~~~~~[0m

[96msrc/modules/drivers/domain/services/shift-management.service.ts[0m:[93m120[0m:[93m17[0m - [91merror[0m[90m TS2339: [0mProperty 'getFuelLevel' does not exist on type 'Vehicle'.

[7m120[0m     if (vehicle.getFuelLevel() < 0.2) {
[7m   [0m [91m                ~~~~~~~~~~~~[0m

[96msrc/modules/drivers/domain/services/shift-management.service.ts[0m:[93m135[0m:[93m28[0m - [91merror[0m[90m TS2551: [0mProperty 'getStartTime' does not exist on type 'Shift'. Did you mean 'startTime'?

[7m135[0m       this.isSameDay(shift.getStartTime(), new Date())
[7m   [0m [91m                           ~~~~~~~~~~~~[0m

  [96msrc/modules/drivers/domain/entities/shift.entity.ts[0m:[93m87[0m:[93m7[0m
    [7m87[0m   get startTime(): Date {
    [7m  [0m [96m      ~~~~~~~~~[0m
    'startTime' is declared here.

[96msrc/modules/drivers/domain/services/shift-management.service.ts[0m:[93m139[0m:[93m21[0m - [91merror[0m[90m TS2339: [0mProperty 'getDuration' does not exist on type 'Shift'.

[7m139[0m       total + shift.getDuration(), 0
[7m   [0m [91m                    ~~~~~~~~~~~[0m

[96msrc/modules/drivers/domain/services/shift-management.service.ts[0m:[93m150[0m:[93m30[0m - [91merror[0m[90m TS2551: [0mProperty 'getEndTime' does not exist on type 'Shift'. Did you mean 'endTime'?

[7m150[0m       .filter(shift => shift.getEndTime())
[7m   [0m [91m                             ~~~~~~~~~~[0m

  [96msrc/modules/drivers/domain/entities/shift.entity.ts[0m:[93m91[0m:[93m7[0m
    [7m91[0m   get endTime(): Date | undefined {
    [7m  [0m [96m      ~~~~~~~[0m
    'endTime' is declared here.

[96msrc/modules/drivers/domain/services/shift-management.service.ts[0m:[93m151[0m:[93m25[0m - [91merror[0m[90m TS2551: [0mProperty 'getEndTime' does not exist on type 'Shift'. Did you mean 'endTime'?

[7m151[0m       .sort((a, b) => b.getEndTime()!.getTime() - a.getEndTime()!.getTime())[0];
[7m   [0m [91m                        ~~~~~~~~~~[0m

  [96msrc/modules/drivers/domain/entities/shift.entity.ts[0m:[93m91[0m:[93m7[0m
    [7m91[0m   get endTime(): Date | undefined {
    [7m  [0m [96m      ~~~~~~~[0m
    'endTime' is declared here.

[96msrc/modules/drivers/domain/services/shift-management.service.ts[0m:[93m151[0m:[93m53[0m - [91merror[0m[90m TS2551: [0mProperty 'getEndTime' does not exist on type 'Shift'. Did you mean 'endTime'?

[7m151[0m       .sort((a, b) => b.getEndTime()!.getTime() - a.getEndTime()!.getTime())[0];
[7m   [0m [91m                                                    ~~~~~~~~~~[0m

  [96msrc/modules/drivers/domain/entities/shift.entity.ts[0m:[93m91[0m:[93m7[0m
    [7m91[0m   get endTime(): Date | undefined {
    [7m  [0m [96m      ~~~~~~~[0m
    'endTime' is declared here.

[96msrc/modules/drivers/domain/services/shift-management.service.ts[0m:[93m153[0m:[93m32[0m - [91merror[0m[90m TS2551: [0mProperty 'getEndTime' does not exist on type 'Shift'. Did you mean 'endTime'?

[7m153[0m     if (lastShift && lastShift.getEndTime()) {
[7m   [0m [91m                               ~~~~~~~~~~[0m

  [96msrc/modules/drivers/domain/entities/shift.entity.ts[0m:[93m91[0m:[93m7[0m
    [7m91[0m   get endTime(): Date | undefined {
    [7m  [0m [96m      ~~~~~~~[0m
    'endTime' is declared here.

[96msrc/modules/drivers/domain/services/shift-management.service.ts[0m:[93m154[0m:[93m59[0m - [91merror[0m[90m TS2551: [0mProperty 'getEndTime' does not exist on type 'Shift'. Did you mean 'endTime'?

[7m154[0m       const restHours = (new Date().getTime() - lastShift.getEndTime()!.getTime()) / (1000 * 60 * 60);
[7m   [0m [91m                                                          ~~~~~~~~~~[0m

  [96msrc/modules/drivers/domain/entities/shift.entity.ts[0m:[93m91[0m:[93m7[0m
    [7m91[0m   get endTime(): Date | undefined {
    [7m  [0m [96m      ~~~~~~~[0m
    'endTime' is declared here.

[96msrc/modules/drivers/domain/services/shift-management.service.ts[0m:[93m180[0m:[93m7[0m - [91merror[0m[90m TS2353: [0mObject literal may only specify known properties, and 'vehicleId' does not exist in type 'ShiftProps'.

[7m180[0m       vehicleId: request.vehicleId,
[7m   [0m [91m      ~~~~~~~~~[0m

[96msrc/modules/drivers/domain/services/shift-management.service.ts[0m:[93m183[0m:[93m34[0m - [91merror[0m[90m TS2345: [0mArgument of type 'string' is not assignable to parameter of type 'ShiftStatusProps'.

[7m183[0m       status: ShiftStatus.create('active'),
[7m   [0m [91m                                 ~~~~~~~~[0m

[96msrc/modules/drivers/domain/services/shift-management.service.ts[0m:[93m196[0m:[93m22[0m - [91merror[0m[90m TS2339: [0mProperty 'id' does not exist on type 'Shift'.

[7m196[0m       shiftId: shift.id,
[7m   [0m [91m                     ~~[0m

[96msrc/modules/drivers/domain/services/shift-management.service.ts[0m:[93m217[0m:[93m16[0m - [91merror[0m[90m TS2339: [0mProperty 'canEnd' does not exist on type 'Shift'.

[7m217[0m     if (!shift.canEnd()) {
[7m   [0m [91m               ~~~~~~[0m

[96msrc/modules/drivers/domain/services/shift-management.service.ts[0m:[93m222[0m:[93m11[0m - [91merror[0m[90m TS2339: [0mProperty 'end' does not exist on type 'Shift'.

[7m222[0m     shift.end(
[7m   [0m [91m          ~~~[0m

[96msrc/modules/drivers/domain/services/shift-management.service.ts[0m:[93m231[0m:[93m11[0m - [91merror[0m[90m TS2339: [0mProperty 'updateMetrics' does not exist on type 'Shift'.

[7m231[0m     shift.updateMetrics(metrics);
[7m   [0m [91m          ~~~~~~~~~~~~~[0m

[96msrc/modules/drivers/domain/services/shift-management.service.ts[0m:[93m235[0m:[93m22[0m - [91merror[0m[90m TS2339: [0mProperty 'id' does not exist on type 'Shift'.

[7m235[0m       shiftId: shift.id,
[7m   [0m [91m                     ~~[0m

[96msrc/modules/drivers/domain/services/shift-management.service.ts[0m:[93m236[0m:[93m22[0m - [91merror[0m[90m TS2551: [0mProperty 'getRiderId' does not exist on type 'Shift'. Did you mean 'riderId'?

[7m236[0m       riderId: shift.getRiderId(),
[7m   [0m [91m                     ~~~~~~~~~~[0m

  [96msrc/modules/drivers/domain/entities/shift.entity.ts[0m:[93m83[0m:[93m7[0m
    [7m83[0m   get riderId(): string {
    [7m  [0m [96m      ~~~~~~~[0m
    'riderId' is declared here.

[96msrc/modules/drivers/domain/services/shift-management.service.ts[0m:[93m237[0m:[93m24[0m - [91merror[0m[90m TS2339: [0mProperty 'getVehicleId' does not exist on type 'Shift'.

[7m237[0m       vehicleId: shift.getVehicleId(),
[7m   [0m [91m                       ~~~~~~~~~~~~[0m

[96msrc/modules/drivers/domain/services/shift-management.service.ts[0m:[93m238[0m:[93m24[0m - [91merror[0m[90m TS2551: [0mProperty 'getStartTime' does not exist on type 'Shift'. Did you mean 'startTime'?

[7m238[0m       startTime: shift.getStartTime(),
[7m   [0m [91m                       ~~~~~~~~~~~~[0m

  [96msrc/modules/drivers/domain/entities/shift.entity.ts[0m:[93m87[0m:[93m7[0m
    [7m87[0m   get startTime(): Date {
    [7m  [0m [96m      ~~~~~~~~~[0m
    'startTime' is declared here.

[96msrc/modules/drivers/domain/services/shift-management.service.ts[0m:[93m240[0m:[93m23[0m - [91merror[0m[90m TS2339: [0mProperty 'getDuration' does not exist on type 'Shift'.

[7m240[0m       duration: shift.getDuration(),
[7m   [0m [91m                      ~~~~~~~~~~~[0m

[96msrc/modules/drivers/domain/services/shift-management.service.ts[0m:[93m241[0m:[93m23[0m - [91merror[0m[90m TS2339: [0mProperty 'getEarnings' does not exist on type 'Shift'.

[7m241[0m       earnings: shift.getEarnings(),
[7m   [0m [91m                      ~~~~~~~~~~~[0m

[96msrc/modules/drivers/domain/services/shift-management.service.ts[0m:[93m242[0m:[93m30[0m - [91merror[0m[90m TS2339: [0mProperty 'getOrdersCount' does not exist on type 'Shift'.

[7m242[0m       ordersCompleted: shift.getOrdersCount(),
[7m   [0m [91m                             ~~~~~~~~~~~~~~[0m

[96msrc/modules/drivers/domain/services/shift-management.service.ts[0m:[93m243[0m:[93m31[0m - [91merror[0m[90m TS2339: [0mProperty 'getDistanceTraveled' does not exist on type 'Shift'.

[7m243[0m       distanceTraveled: shift.getDistanceTraveled(),
[7m   [0m [91m                              ~~~~~~~~~~~~~~~~~~~[0m

[96msrc/modules/drivers/domain/services/shift-management.service.ts[0m:[93m260[0m:[93m16[0m - [91merror[0m[90m TS2339: [0mProperty 'canPause' does not exist on type 'Shift'.

[7m260[0m     if (!shift.canPause()) {
[7m   [0m [91m               ~~~~~~~~[0m

[96msrc/modules/drivers/domain/services/shift-management.service.ts[0m:[93m265[0m:[93m11[0m - [91merror[0m[90m TS2339: [0mProperty 'pause' does not exist on type 'Shift'.

[7m265[0m     shift.pause(
[7m   [0m [91m          ~~~~~[0m

[96msrc/modules/drivers/domain/services/shift-management.service.ts[0m:[93m275[0m:[93m22[0m - [91merror[0m[90m TS2339: [0mProperty 'id' does not exist on type 'Shift'.

[7m275[0m       shiftId: shift.id,
[7m   [0m [91m                     ~~[0m

[96msrc/modules/drivers/domain/services/shift-management.service.ts[0m:[93m276[0m:[93m22[0m - [91merror[0m[90m TS2551: [0mProperty 'getRiderId' does not exist on type 'Shift'. Did you mean 'riderId'?

[7m276[0m       riderId: shift.getRiderId(),
[7m   [0m [91m                     ~~~~~~~~~~[0m

  [96msrc/modules/drivers/domain/entities/shift.entity.ts[0m:[93m83[0m:[93m7[0m
    [7m83[0m   get riderId(): string {
    [7m  [0m [96m      ~~~~~~~[0m
    'riderId' is declared here.

[96msrc/modules/drivers/domain/services/shift-management.service.ts[0m:[93m296[0m:[93m16[0m - [91merror[0m[90m TS2339: [0mProperty 'canResume' does not exist on type 'Shift'.

[7m296[0m     if (!shift.canResume()) {
[7m   [0m [91m               ~~~~~~~~~[0m

[96msrc/modules/drivers/domain/services/shift-management.service.ts[0m:[93m301[0m:[93m11[0m - [91merror[0m[90m TS2339: [0mProperty 'resume' does not exist on type 'Shift'.

[7m301[0m     shift.resume(
[7m   [0m [91m          ~~~~~~[0m

[96msrc/modules/drivers/domain/services/shift-management.service.ts[0m:[93m309[0m:[93m22[0m - [91merror[0m[90m TS2339: [0mProperty 'id' does not exist on type 'Shift'.

[7m309[0m       shiftId: shift.id,
[7m   [0m [91m                     ~~[0m

[96msrc/modules/drivers/domain/services/shift-management.service.ts[0m:[93m310[0m:[93m22[0m - [91merror[0m[90m TS2551: [0mProperty 'getRiderId' does not exist on type 'Shift'. Did you mean 'riderId'?

[7m310[0m       riderId: shift.getRiderId(),
[7m   [0m [91m                     ~~~~~~~~~~[0m

  [96msrc/modules/drivers/domain/entities/shift.entity.ts[0m:[93m83[0m:[93m7[0m
    [7m83[0m   get riderId(): string {
    [7m  [0m [96m      ~~~~~~~[0m
    'riderId' is declared here.

[96msrc/modules/drivers/domain/services/shift-management.service.ts[0m:[93m329[0m:[93m13[0m - [91merror[0m[90m TS2339: [0mProperty 'getStatus' does not exist on type 'Shift'.

[7m329[0m       shift.getStatus().getValue() === 'active' ||
[7m   [0m [91m            ~~~~~~~~~[0m

[96msrc/modules/drivers/domain/services/shift-management.service.ts[0m:[93m330[0m:[93m13[0m - [91merror[0m[90m TS2339: [0mProperty 'getStatus' does not exist on type 'Shift'.

[7m330[0m       shift.getStatus().getValue() === 'paused'
[7m   [0m [91m            ~~~~~~~~~[0m

[96msrc/modules/drivers/domain/services/shift-management.service.ts[0m:[93m334[0m:[93m23[0m - [91merror[0m[90m TS2551: [0mProperty 'getRiderId' does not exist on type 'Shift'. Did you mean 'riderId'?

[7m334[0m       if (activeShift.getRiderId().equals(request.riderId)) {
[7m   [0m [91m                      ~~~~~~~~~~[0m

  [96msrc/modules/drivers/domain/entities/shift.entity.ts[0m:[93m83[0m:[93m7[0m
    [7m83[0m   get riderId(): string {
    [7m  [0m [96m      ~~~~~~~[0m
    'riderId' is declared here.

[96msrc/modules/drivers/domain/services/shift-management.service.ts[0m:[93m337[0m:[93m43[0m - [91merror[0m[90m TS2339: [0mProperty 'id' does not exist on type 'Shift'.

[7m337[0m           conflictingShiftId: activeShift.id,
[7m   [0m [91m                                          ~~[0m

[96msrc/modules/drivers/domain/services/shift-management.service.ts[0m:[93m343[0m:[93m23[0m - [91merror[0m[90m TS2339: [0mProperty 'getVehicleId' does not exist on type 'Shift'.

[7m343[0m       if (activeShift.getVehicleId().equals(request.vehicleId)) {
[7m   [0m [91m                      ~~~~~~~~~~~~[0m

[96msrc/modules/drivers/domain/services/shift-management.service.ts[0m:[93m346[0m:[93m43[0m - [91merror[0m[90m TS2339: [0mProperty 'id' does not exist on type 'Shift'.

[7m346[0m           conflictingShiftId: activeShift.id,
[7m   [0m [91m                                          ~~[0m

[96msrc/modules/drivers/domain/services/shift-management.service.ts[0m:[93m360[0m:[93m33[0m - [91merror[0m[90m TS2339: [0mProperty 'getDuration' does not exist on type 'Shift'.

[7m360[0m     const totalDuration = shift.getDuration();
[7m   [0m [91m                                ~~~~~~~~~~~[0m

[96msrc/modules/drivers/domain/services/shift-management.service.ts[0m:[93m368[0m:[93m31[0m - [91merror[0m[90m TS2339: [0mProperty 'getDistanceTraveled' does not exist on type 'Shift'.

[7m368[0m       distanceTraveled: shift.getDistanceTraveled(),
[7m   [0m [91m                              ~~~~~~~~~~~~~~~~~~~[0m

[96msrc/modules/drivers/domain/services/shift-management.service.ts[0m:[93m369[0m:[93m30[0m - [91merror[0m[90m TS2339: [0mProperty 'getOrdersCount' does not exist on type 'Shift'.

[7m369[0m       ordersCompleted: shift.getOrdersCount(),
[7m   [0m [91m                             ~~~~~~~~~~~~~~[0m

[96msrc/modules/drivers/domain/services/shift-management.service.ts[0m:[93m370[0m:[93m23[0m - [91merror[0m[90m TS2339: [0mProperty 'getEarnings' does not exist on type 'Shift'.

[7m370[0m       earnings: shift.getEarnings(),
[7m   [0m [91m                      ~~~~~~~~~~~[0m

[96msrc/modules/drivers/domain/services/shift-management.service.ts[0m:[93m371[0m:[93m27[0m - [91merror[0m[90m TS2339: [0mProperty 'getFuelConsumed' does not exist on type 'Shift'.

[7m371[0m       fuelConsumed: shift.getFuelConsumed(),
[7m   [0m [91m                          ~~~~~~~~~~~~~~~[0m

[96msrc/modules/drivers/domain/services/shift-management.service.ts[0m:[93m372[0m:[93m27[0m - [91merror[0m[90m TS2339: [0mProperty 'getDistanceTraveled' does not exist on type 'Shift'.

[7m372[0m       averageSpeed: shift.getDistanceTraveled() / (activeDuration / 60), // km/h
[7m   [0m [91m                          ~~~~~~~~~~~~~~~~~~~[0m

[96msrc/modules/drivers/domain/services/shift-management.service.ts[0m:[93m373[0m:[93m25[0m - [91merror[0m[90m TS2339: [0mProperty 'getOrdersCount' does not exist on type 'Shift'.

[7m373[0m       efficiency: shift.getOrdersCount() / (activeDuration / 60) // orders per hour
[7m   [0m [91m                        ~~~~~~~~~~~~~~[0m

[96msrc/modules/drivers/domain/services/shift-management.service.ts[0m:[93m395[0m:[93m13[0m - [91merror[0m[90m TS2551: [0mProperty 'getRiderId' does not exist on type 'Shift'. Did you mean 'riderId'?

[7m395[0m       shift.getRiderId().equals(riderId) &&
[7m   [0m [91m            ~~~~~~~~~~[0m

  [96msrc/modules/drivers/domain/entities/shift.entity.ts[0m:[93m83[0m:[93m7[0m
    [7m83[0m   get riderId(): string {
    [7m  [0m [96m      ~~~~~~~[0m
    'riderId' is declared here.

[96msrc/modules/drivers/domain/services/shift-management.service.ts[0m:[93m396[0m:[93m13[0m - [91merror[0m[90m TS2339: [0mProperty 'getShiftType' does not exist on type 'Shift'.

[7m396[0m       shift.getShiftType() === shiftType &&
[7m   [0m [91m            ~~~~~~~~~~~~[0m

[96msrc/modules/drivers/domain/services/shift-management.service.ts[0m:[93m413[0m:[93m19[0m - [91merror[0m[90m TS2339: [0mProperty 'getDuration' does not exist on type 'Shift'.

[7m413[0m       sum + shift.getDuration(), 0
[7m   [0m [91m                  ~~~~~~~~~~~[0m

[96msrc/modules/drivers/domain/services/shift-management.service.ts[0m:[93m434[0m:[93m13[0m - [91merror[0m[90m TS2551: [0mProperty 'getRiderId' does not exist on type 'Shift'. Did you mean 'riderId'?

[7m434[0m       shift.getRiderId().equals(riderId) &&
[7m   [0m [91m            ~~~~~~~~~~[0m

  [96msrc/modules/drivers/domain/entities/shift.entity.ts[0m:[93m83[0m:[93m7[0m
    [7m83[0m   get riderId(): string {
    [7m  [0m [96m      ~~~~~~~[0m
    'riderId' is declared here.

[96msrc/modules/drivers/domain/services/shift-management.service.ts[0m:[93m435[0m:[93m13[0m - [91merror[0m[90m TS2339: [0mProperty 'getShiftType' does not exist on type 'Shift'.

[7m435[0m       shift.getShiftType() === shiftType &&
[7m   [0m [91m            ~~~~~~~~~~~~[0m

[96msrc/modules/drivers/domain/services/shift-management.service.ts[0m:[93m437[0m:[93m22[0m - [91merror[0m[90m TS2339: [0mProperty 'getDuration' does not exist on type 'Shift'.

[7m437[0m       Math.abs(shift.getDuration() - duration) <= 2 // Within 2 hours
[7m   [0m [91m                     ~~~~~~~~~~~[0m

[96msrc/modules/drivers/domain/services/shift-management.service.ts[0m:[93m449[0m:[93m20[0m - [91merror[0m[90m TS2339: [0mProperty 'getEarnings' does not exist on type 'Shift'.

[7m449[0m       sum + (shift.getEarnings() / shift.getDuration()), 0
[7m   [0m [91m                   ~~~~~~~~~~~[0m

[96msrc/modules/drivers/domain/services/shift-management.service.ts[0m:[93m449[0m:[93m42[0m - [91merror[0m[90m TS2339: [0mProperty 'getDuration' does not exist on type 'Shift'.

[7m449[0m       sum + (shift.getEarnings() / shift.getDuration()), 0
[7m   [0m [91m                                         ~~~~~~~~~~~[0m

[96msrc/modules/drivers/domain/value-objects/document-status.vo.ts[0m:[93m1[0m:[93m29[0m - [91merror[0m[90m TS2307: [0mCannot find module '../../../common/domain/value-object' or its corresponding type declarations.

[7m1[0m import { ValueObject } from '../../../common/domain/value-object';
[7m [0m [91m                            ~~~~~~~~~~~~~~~~~~~~~~~~~~~~~~~~~~~~~[0m

[96msrc/modules/drivers/domain/value-objects/document-status.vo.ts[0m:[93m41[0m:[93m17[0m - [91merror[0m[90m TS2339: [0mProperty 'props' does not exist on type 'DocumentStatus'.

[7m41[0m     return this.props.type;
[7m  [0m [91m                ~~~~~[0m

[96msrc/modules/drivers/domain/value-objects/document-status.vo.ts[0m:[93m45[0m:[93m17[0m - [91merror[0m[90m TS2339: [0mProperty 'props' does not exist on type 'DocumentStatus'.

[7m45[0m     return this.props.status;
[7m  [0m [91m                ~~~~~[0m

[96msrc/modules/drivers/domain/value-objects/document-status.vo.ts[0m:[93m49[0m:[93m17[0m - [91merror[0m[90m TS2339: [0mProperty 'props' does not exist on type 'DocumentStatus'.

[7m49[0m     return this.props.uploadedAt;
[7m  [0m [91m                ~~~~~[0m

[96msrc/modules/drivers/domain/value-objects/document-status.vo.ts[0m:[93m53[0m:[93m17[0m - [91merror[0m[90m TS2339: [0mProperty 'props' does not exist on type 'DocumentStatus'.

[7m53[0m     return this.props.verifiedAt;
[7m  [0m [91m                ~~~~~[0m

[96msrc/modules/drivers/domain/value-objects/document-status.vo.ts[0m:[93m57[0m:[93m17[0m - [91merror[0m[90m TS2339: [0mProperty 'props' does not exist on type 'DocumentStatus'.

[7m57[0m     return this.props.rejectedAt;
[7m  [0m [91m                ~~~~~[0m

[96msrc/modules/drivers/domain/value-objects/document-status.vo.ts[0m:[93m61[0m:[93m17[0m - [91merror[0m[90m TS2339: [0mProperty 'props' does not exist on type 'DocumentStatus'.

[7m61[0m     return this.props.expiryDate;
[7m  [0m [91m                ~~~~~[0m

[96msrc/modules/drivers/domain/value-objects/document-status.vo.ts[0m:[93m65[0m:[93m17[0m - [91merror[0m[90m TS2339: [0mProperty 'props' does not exist on type 'DocumentStatus'.

[7m65[0m     return this.props.rejectionReason;
[7m  [0m [91m                ~~~~~[0m

[96msrc/modules/drivers/domain/value-objects/document-status.vo.ts[0m:[93m69[0m:[93m17[0m - [91merror[0m[90m TS2339: [0mProperty 'props' does not exist on type 'DocumentStatus'.

[7m69[0m     return this.props.documentUrl;
[7m  [0m [91m                ~~~~~[0m

[96msrc/modules/drivers/domain/value-objects/document-status.vo.ts[0m:[93m73[0m:[93m17[0m - [91merror[0m[90m TS2339: [0mProperty 'props' does not exist on type 'DocumentStatus'.

[7m73[0m     return this.props.verifiedBy;
[7m  [0m [91m                ~~~~~[0m

[96msrc/modules/drivers/domain/value-objects/document-status.vo.ts[0m:[93m77[0m:[93m17[0m - [91merror[0m[90m TS2339: [0mProperty 'props' does not exist on type 'DocumentStatus'.

[7m77[0m     return this.props.status === 'pending';
[7m  [0m [91m                ~~~~~[0m

[96msrc/modules/drivers/domain/value-objects/document-status.vo.ts[0m:[93m81[0m:[93m17[0m - [91merror[0m[90m TS2339: [0mProperty 'props' does not exist on type 'DocumentStatus'.

[7m81[0m     return this.props.status === 'verified' && !this.isExpired();
[7m  [0m [91m                ~~~~~[0m

[96msrc/modules/drivers/domain/value-objects/document-status.vo.ts[0m:[93m85[0m:[93m17[0m - [91merror[0m[90m TS2339: [0mProperty 'props' does not exist on type 'DocumentStatus'.

[7m85[0m     return this.props.status === 'rejected';
[7m  [0m [91m                ~~~~~[0m

[96msrc/modules/drivers/domain/value-objects/document-status.vo.ts[0m:[93m89[0m:[93m15[0m - [91merror[0m[90m TS2339: [0mProperty 'props' does not exist on type 'DocumentStatus'.

[7m89[0m     if (!this.props.expiryDate) return false;
[7m  [0m [91m              ~~~~~[0m

[96msrc/modules/drivers/domain/value-objects/document-status.vo.ts[0m:[93m90[0m:[93m17[0m - [91merror[0m[90m TS2339: [0mProperty 'props' does not exist on type 'DocumentStatus'.

[7m90[0m     return this.props.expiryDate < new Date();
[7m  [0m [91m                ~~~~~[0m

[96msrc/modules/drivers/domain/value-objects/document-status.vo.ts[0m:[93m94[0m:[93m15[0m - [91merror[0m[90m TS2339: [0mProperty 'props' does not exist on type 'DocumentStatus'.

[7m94[0m     if (!this.props.expiryDate) return false;
[7m  [0m [91m              ~~~~~[0m

[96msrc/modules/drivers/domain/value-objects/document-status.vo.ts[0m:[93m97[0m:[93m17[0m - [91merror[0m[90m TS2339: [0mProperty 'props' does not exist on type 'DocumentStatus'.

[7m97[0m     return this.props.expiryDate <= thirtyDaysFromNow;
[7m  [0m [91m                ~~~~~[0m

[96msrc/modules/drivers/domain/value-objects/document-status.vo.ts[0m:[93m102[0m:[93m15[0m - [91merror[0m[90m TS2339: [0mProperty 'props' does not exist on type 'DocumentStatus'.

[7m102[0m       ...this.props,
[7m   [0m [91m              ~~~~~[0m

[96msrc/modules/drivers/domain/value-objects/document-status.vo.ts[0m:[93m114[0m:[93m15[0m - [91merror[0m[90m TS2339: [0mProperty 'props' does not exist on type 'DocumentStatus'.

[7m114[0m       ...this.props,
[7m   [0m [91m              ~~~~~[0m

[96msrc/modules/drivers/domain/value-objects/document-status.vo.ts[0m:[93m125[0m:[93m15[0m - [91merror[0m[90m TS2339: [0mProperty 'props' does not exist on type 'DocumentStatus'.

[7m125[0m       ...this.props,
[7m   [0m [91m              ~~~~~[0m

[96msrc/modules/drivers/domain/value-objects/document-status.vo.ts[0m:[93m132[0m:[93m15[0m - [91merror[0m[90m TS2339: [0mProperty 'props' does not exist on type 'DocumentStatus'.

[7m132[0m       ...this.props,
[7m   [0m [91m              ~~~~~[0m

[96msrc/modules/drivers/domain/value-objects/document-status.vo.ts[0m:[93m143[0m:[93m15[0m - [91merror[0m[90m TS2339: [0mProperty 'props' does not exist on type 'DocumentStatus'.

[7m143[0m     if (!this.props.expiryDate) return null;
[7m   [0m [91m              ~~~~~[0m

[96msrc/modules/drivers/domain/value-objects/document-status.vo.ts[0m:[93m145[0m:[93m27[0m - [91merror[0m[90m TS2339: [0mProperty 'props' does not exist on type 'DocumentStatus'.

[7m145[0m     const diffTime = this.props.expiryDate.getTime() - now.getTime();
[7m   [0m [91m                          ~~~~~[0m

[96msrc/modules/drivers/domain/value-objects/document-status.vo.ts[0m:[93m150[0m:[93m18[0m - [91merror[0m[90m TS2339: [0mProperty 'props' does not exist on type 'DocumentStatus'.

[7m150[0m     switch (this.props.status) {
[7m   [0m [91m                 ~~~~~[0m

[96msrc/modules/drivers/domain/value-objects/document-status.vo.ts[0m:[93m165[0m:[93m18[0m - [91merror[0m[90m TS2339: [0mProperty 'props' does not exist on type 'DocumentStatus'.

[7m165[0m     switch (this.props.type) {
[7m   [0m [91m                 ~~~~~[0m

[96msrc/modules/drivers/domain/value-objects/document-status.vo.ts[0m:[93m183[0m:[93m18[0m - [91merror[0m[90m TS2339: [0mProperty 'props' does not exist on type 'DocumentStatus'.

[7m183[0m       type: this.props.type,
[7m   [0m [91m                 ~~~~~[0m

[96msrc/modules/drivers/domain/value-objects/document-status.vo.ts[0m:[93m184[0m:[93m20[0m - [91merror[0m[90m TS2339: [0mProperty 'props' does not exist on type 'DocumentStatus'.

[7m184[0m       status: this.props.status,
[7m   [0m [91m                   ~~~~~[0m

[96msrc/modules/drivers/domain/value-objects/document-status.vo.ts[0m:[93m185[0m:[93m24[0m - [91merror[0m[90m TS2339: [0mProperty 'props' does not exist on type 'DocumentStatus'.

[7m185[0m       uploadedAt: this.props.uploadedAt,
[7m   [0m [91m                       ~~~~~[0m

[96msrc/modules/drivers/domain/value-objects/document-status.vo.ts[0m:[93m186[0m:[93m24[0m - [91merror[0m[90m TS2339: [0mProperty 'props' does not exist on type 'DocumentStatus'.

[7m186[0m       verifiedAt: this.props.verifiedAt,
[7m   [0m [91m                       ~~~~~[0m

[96msrc/modules/drivers/domain/value-objects/document-status.vo.ts[0m:[93m187[0m:[93m24[0m - [91merror[0m[90m TS2339: [0mProperty 'props' does not exist on type 'DocumentStatus'.

[7m187[0m       rejectedAt: this.props.rejectedAt,
[7m   [0m [91m                       ~~~~~[0m

[96msrc/modules/drivers/domain/value-objects/document-status.vo.ts[0m:[93m188[0m:[93m24[0m - [91merror[0m[90m TS2339: [0mProperty 'props' does not exist on type 'DocumentStatus'.

[7m188[0m       expiryDate: this.props.expiryDate,
[7m   [0m [91m                       ~~~~~[0m

[96msrc/modules/drivers/domain/value-objects/document-status.vo.ts[0m:[93m189[0m:[93m29[0m - [91merror[0m[90m TS2339: [0mProperty 'props' does not exist on type 'DocumentStatus'.

[7m189[0m       rejectionReason: this.props.rejectionReason,
[7m   [0m [91m                            ~~~~~[0m

[96msrc/modules/drivers/domain/value-objects/document-status.vo.ts[0m:[93m190[0m:[93m25[0m - [91merror[0m[90m TS2339: [0mProperty 'props' does not exist on type 'DocumentStatus'.

[7m190[0m       documentUrl: this.props.documentUrl,
[7m   [0m [91m                        ~~~~~[0m

[96msrc/modules/drivers/domain/value-objects/document-status.vo.ts[0m:[93m191[0m:[93m24[0m - [91merror[0m[90m TS2339: [0mProperty 'props' does not exist on type 'DocumentStatus'.

[7m191[0m       verifiedBy: this.props.verifiedBy,
[7m   [0m [91m                       ~~~~~[0m

[96msrc/modules/drivers/domain/value-objects/earnings-details.vo.ts[0m:[93m1[0m:[93m29[0m - [91merror[0m[90m TS2307: [0mCannot find module '../../../common/domain/value-object' or its corresponding type declarations.

[7m1[0m import { ValueObject } from '../../../common/domain/value-object';
[7m [0m [91m                            ~~~~~~~~~~~~~~~~~~~~~~~~~~~~~~~~~~~~~[0m

[96msrc/modules/drivers/domain/value-objects/earnings-details.vo.ts[0m:[93m58[0m:[93m17[0m - [91merror[0m[90m TS2339: [0mProperty 'props' does not exist on type 'EarningsDetails'.

[7m58[0m     return this.props.totalEarnings;
[7m  [0m [91m                ~~~~~[0m

[96msrc/modules/drivers/domain/value-objects/earnings-details.vo.ts[0m:[93m62[0m:[93m17[0m - [91merror[0m[90m TS2339: [0mProperty 'props' does not exist on type 'EarningsDetails'.

[7m62[0m     return this.props.deliveryEarnings;
[7m  [0m [91m                ~~~~~[0m

[96msrc/modules/drivers/domain/value-objects/earnings-details.vo.ts[0m:[93m66[0m:[93m17[0m - [91merror[0m[90m TS2339: [0mProperty 'props' does not exist on type 'EarningsDetails'.

[7m66[0m     return this.props.bonusEarnings;
[7m  [0m [91m                ~~~~~[0m

[96msrc/modules/drivers/domain/value-objects/earnings-details.vo.ts[0m:[93m70[0m:[93m17[0m - [91merror[0m[90m TS2339: [0mProperty 'props' does not exist on type 'EarningsDetails'.

[7m70[0m     return this.props.tips;
[7m  [0m [91m                ~~~~~[0m

[96msrc/modules/drivers/domain/value-objects/earnings-details.vo.ts[0m:[93m74[0m:[93m17[0m - [91merror[0m[90m TS2339: [0mProperty 'props' does not exist on type 'EarningsDetails'.

[7m74[0m     return this.props.incentiveEarnings;
[7m  [0m [91m                ~~~~~[0m

[96msrc/modules/drivers/domain/value-objects/earnings-details.vo.ts[0m:[93m78[0m:[93m17[0m - [91merror[0m[90m TS2339: [0mProperty 'props' does not exist on type 'EarningsDetails'.

[7m78[0m     return this.props.penalties;
[7m  [0m [91m                ~~~~~[0m

[96msrc/modules/drivers/domain/value-objects/earnings-details.vo.ts[0m:[93m82[0m:[93m17[0m - [91merror[0m[90m TS2339: [0mProperty 'props' does not exist on type 'EarningsDetails'.

[7m82[0m     return this.props.availableBalance;
[7m  [0m [91m                ~~~~~[0m

[96msrc/modules/drivers/domain/value-objects/earnings-details.vo.ts[0m:[93m86[0m:[93m17[0m - [91merror[0m[90m TS2339: [0mProperty 'props' does not exist on type 'EarningsDetails'.

[7m86[0m     return this.props.pendingBalance;
[7m  [0m [91m                ~~~~~[0m

[96msrc/modules/drivers/domain/value-objects/earnings-details.vo.ts[0m:[93m90[0m:[93m17[0m - [91merror[0m[90m TS2339: [0mProperty 'props' does not exist on type 'EarningsDetails'.

[7m90[0m     return this.props.totalWithdrawn;
[7m  [0m [91m                ~~~~~[0m

[96msrc/modules/drivers/domain/value-objects/earnings-details.vo.ts[0m:[93m94[0m:[93m17[0m - [91merror[0m[90m TS2339: [0mProperty 'props' does not exist on type 'EarningsDetails'.

[7m94[0m     return this.props.currency;
[7m  [0m [91m                ~~~~~[0m

[96msrc/modules/drivers/domain/value-objects/earnings-details.vo.ts[0m:[93m98[0m:[93m17[0m - [91merror[0m[90m TS2339: [0mProperty 'props' does not exist on type 'EarningsDetails'.

[7m98[0m     return this.props.lastPayoutDate;
[7m  [0m [91m                ~~~~~[0m

[96msrc/modules/drivers/domain/value-objects/earnings-details.vo.ts[0m:[93m102[0m:[93m17[0m - [91merror[0m[90m TS2339: [0mProperty 'props' does not exist on type 'EarningsDetails'.

[7m102[0m     return this.props.nextPayoutDate;
[7m   [0m [91m                ~~~~~[0m

[96msrc/modules/drivers/domain/value-objects/earnings-details.vo.ts[0m:[93m106[0m:[93m17[0m - [91merror[0m[90m TS2339: [0mProperty 'props' does not exist on type 'EarningsDetails'.

[7m106[0m     return this.props.totalEarnings - this.props.penalties;
[7m   [0m [91m                ~~~~~[0m

[96msrc/modules/drivers/domain/value-objects/earnings-details.vo.ts[0m:[93m106[0m:[93m44[0m - [91merror[0m[90m TS2339: [0mProperty 'props' does not exist on type 'EarningsDetails'.

[7m106[0m     return this.props.totalEarnings - this.props.penalties;
[7m   [0m [91m                                           ~~~~~[0m

[96msrc/modules/drivers/domain/value-objects/earnings-details.vo.ts[0m:[93m110[0m:[93m17[0m - [91merror[0m[90m TS2339: [0mProperty 'props' does not exist on type 'EarningsDetails'.

[7m110[0m     return this.props.availableBalance + this.props.pendingBalance;
[7m   [0m [91m                ~~~~~[0m

[96msrc/modules/drivers/domain/value-objects/earnings-details.vo.ts[0m:[93m110[0m:[93m47[0m - [91merror[0m[90m TS2339: [0mProperty 'props' does not exist on type 'EarningsDetails'.

[7m110[0m     return this.props.availableBalance + this.props.pendingBalance;
[7m   [0m [91m                                              ~~~~~[0m

[96msrc/modules/drivers/domain/value-objects/earnings-details.vo.ts[0m:[93m114[0m:[93m41[0m - [91merror[0m[90m TS2339: [0mProperty 'props' does not exist on type 'EarningsDetails'.

[7m114[0m     return amount > 0 && amount <= this.props.availableBalance;
[7m   [0m [91m                                        ~~~~~[0m

[96msrc/modules/drivers/domain/value-objects/earnings-details.vo.ts[0m:[93m118[0m:[93m17[0m - [91merror[0m[90m TS2339: [0mProperty 'props' does not exist on type 'EarningsDetails'.

[7m118[0m     return this.props.availableBalance;
[7m   [0m [91m                ~~~~~[0m

[96msrc/modules/drivers/domain/value-objects/earnings-details.vo.ts[0m:[93m127[0m:[93m15[0m - [91merror[0m[90m TS2339: [0mProperty 'props' does not exist on type 'EarningsDetails'.

[7m127[0m       ...this.props,
[7m   [0m [91m              ~~~~~[0m

[96msrc/modules/drivers/domain/value-objects/earnings-details.vo.ts[0m:[93m128[0m:[93m30[0m - [91merror[0m[90m TS2339: [0mProperty 'props' does not exist on type 'EarningsDetails'.

[7m128[0m       deliveryEarnings: this.props.deliveryEarnings + amount,
[7m   [0m [91m                             ~~~~~[0m

[96msrc/modules/drivers/domain/value-objects/earnings-details.vo.ts[0m:[93m129[0m:[93m27[0m - [91merror[0m[90m TS2339: [0mProperty 'props' does not exist on type 'EarningsDetails'.

[7m129[0m       totalEarnings: this.props.totalEarnings + amount,
[7m   [0m [91m                          ~~~~~[0m

[96msrc/modules/drivers/domain/value-objects/earnings-details.vo.ts[0m:[93m130[0m:[93m28[0m - [91merror[0m[90m TS2339: [0mProperty 'props' does not exist on type 'EarningsDetails'.

[7m130[0m       pendingBalance: this.props.pendingBalance + amount,
[7m   [0m [91m                           ~~~~~[0m

[96msrc/modules/drivers/domain/value-objects/earnings-details.vo.ts[0m:[93m140[0m:[93m15[0m - [91merror[0m[90m TS2339: [0mProperty 'props' does not exist on type 'EarningsDetails'.

[7m140[0m       ...this.props,
[7m   [0m [91m              ~~~~~[0m

[96msrc/modules/drivers/domain/value-objects/earnings-details.vo.ts[0m:[93m141[0m:[93m27[0m - [91merror[0m[90m TS2339: [0mProperty 'props' does not exist on type 'EarningsDetails'.

[7m141[0m       bonusEarnings: this.props.bonusEarnings + amount,
[7m   [0m [91m                          ~~~~~[0m

[96msrc/modules/drivers/domain/value-objects/earnings-details.vo.ts[0m:[93m142[0m:[93m27[0m - [91merror[0m[90m TS2339: [0mProperty 'props' does not exist on type 'EarningsDetails'.

[7m142[0m       totalEarnings: this.props.totalEarnings + amount,
[7m   [0m [91m                          ~~~~~[0m

[96msrc/modules/drivers/domain/value-objects/earnings-details.vo.ts[0m:[93m143[0m:[93m28[0m - [91merror[0m[90m TS2339: [0mProperty 'props' does not exist on type 'EarningsDetails'.

[7m143[0m       pendingBalance: this.props.pendingBalance + amount,
[7m   [0m [91m                           ~~~~~[0m

[96msrc/modules/drivers/domain/value-objects/earnings-details.vo.ts[0m:[93m153[0m:[93m15[0m - [91merror[0m[90m TS2339: [0mProperty 'props' does not exist on type 'EarningsDetails'.

[7m153[0m       ...this.props,
[7m   [0m [91m              ~~~~~[0m

[96msrc/modules/drivers/domain/value-objects/earnings-details.vo.ts[0m:[93m154[0m:[93m18[0m - [91merror[0m[90m TS2339: [0mProperty 'props' does not exist on type 'EarningsDetails'.

[7m154[0m       tips: this.props.tips + amount,
[7m   [0m [91m                 ~~~~~[0m

[96msrc/modules/drivers/domain/value-objects/earnings-details.vo.ts[0m:[93m155[0m:[93m27[0m - [91merror[0m[90m TS2339: [0mProperty 'props' does not exist on type 'EarningsDetails'.

[7m155[0m       totalEarnings: this.props.totalEarnings + amount,
[7m   [0m [91m                          ~~~~~[0m

[96msrc/modules/drivers/domain/value-objects/earnings-details.vo.ts[0m:[93m156[0m:[93m28[0m - [91merror[0m[90m TS2339: [0mProperty 'props' does not exist on type 'EarningsDetails'.

[7m156[0m       pendingBalance: this.props.pendingBalance + amount,
[7m   [0m [91m                           ~~~~~[0m

[96msrc/modules/drivers/domain/value-objects/earnings-details.vo.ts[0m:[93m166[0m:[93m15[0m - [91merror[0m[90m TS2339: [0mProperty 'props' does not exist on type 'EarningsDetails'.

[7m166[0m       ...this.props,
[7m   [0m [91m              ~~~~~[0m

[96msrc/modules/drivers/domain/value-objects/earnings-details.vo.ts[0m:[93m167[0m:[93m31[0m - [91merror[0m[90m TS2339: [0mProperty 'props' does not exist on type 'EarningsDetails'.

[7m167[0m       incentiveEarnings: this.props.incentiveEarnings + amount,
[7m   [0m [91m                              ~~~~~[0m

[96msrc/modules/drivers/domain/value-objects/earnings-details.vo.ts[0m:[93m168[0m:[93m27[0m - [91merror[0m[90m TS2339: [0mProperty 'props' does not exist on type 'EarningsDetails'.

[7m168[0m       totalEarnings: this.props.totalEarnings + amount,
[7m   [0m [91m                          ~~~~~[0m

[96msrc/modules/drivers/domain/value-objects/earnings-details.vo.ts[0m:[93m169[0m:[93m28[0m - [91merror[0m[90m TS2339: [0mProperty 'props' does not exist on type 'EarningsDetails'.

[7m169[0m       pendingBalance: this.props.pendingBalance + amount,
[7m   [0m [91m                           ~~~~~[0m

[96msrc/modules/drivers/domain/value-objects/earnings-details.vo.ts[0m:[93m179[0m:[93m15[0m - [91merror[0m[90m TS2339: [0mProperty 'props' does not exist on type 'EarningsDetails'.

[7m179[0m       ...this.props,
[7m   [0m [91m              ~~~~~[0m

[96msrc/modules/drivers/domain/value-objects/earnings-details.vo.ts[0m:[93m180[0m:[93m23[0m - [91merror[0m[90m TS2339: [0mProperty 'props' does not exist on type 'EarningsDetails'.

[7m180[0m       penalties: this.props.penalties + amount,
[7m   [0m [91m                      ~~~~~[0m

[96msrc/modules/drivers/domain/value-objects/earnings-details.vo.ts[0m:[93m181[0m:[93m42[0m - [91merror[0m[90m TS2339: [0mProperty 'props' does not exist on type 'EarningsDetails'.

[7m181[0m       availableBalance: Math.max(0, this.props.availableBalance - amount),
[7m   [0m [91m                                         ~~~~~[0m

[96msrc/modules/drivers/domain/value-objects/earnings-details.vo.ts[0m:[93m186[0m:[93m41[0m - [91merror[0m[90m TS2339: [0mProperty 'props' does not exist on type 'EarningsDetails'.

[7m186[0m     const amountToMove = amount || this.props.pendingBalance;
[7m   [0m [91m                                        ~~~~~[0m

[96msrc/modules/drivers/domain/value-objects/earnings-details.vo.ts[0m:[93m188[0m:[93m29[0m - [91merror[0m[90m TS2339: [0mProperty 'props' does not exist on type 'EarningsDetails'.

[7m188[0m     if (amountToMove > this.props.pendingBalance) {
[7m   [0m [91m                            ~~~~~[0m

[96msrc/modules/drivers/domain/value-objects/earnings-details.vo.ts[0m:[93m193[0m:[93m15[0m - [91merror[0m[90m TS2339: [0mProperty 'props' does not exist on type 'EarningsDetails'.

[7m193[0m       ...this.props,
[7m   [0m [91m              ~~~~~[0m

[96msrc/modules/drivers/domain/value-objects/earnings-details.vo.ts[0m:[93m194[0m:[93m30[0m - [91merror[0m[90m TS2339: [0mProperty 'props' does not exist on type 'EarningsDetails'.

[7m194[0m       availableBalance: this.props.availableBalance + amountToMove,
[7m   [0m [91m                             ~~~~~[0m

[96msrc/modules/drivers/domain/value-objects/earnings-details.vo.ts[0m:[93m195[0m:[93m28[0m - [91merror[0m[90m TS2339: [0mProperty 'props' does not exist on type 'EarningsDetails'.

[7m195[0m       pendingBalance: this.props.pendingBalance - amountToMove,
[7m   [0m [91m                           ~~~~~[0m

[96msrc/modules/drivers/domain/value-objects/earnings-details.vo.ts[0m:[93m205[0m:[93m15[0m - [91merror[0m[90m TS2339: [0mProperty 'props' does not exist on type 'EarningsDetails'.

[7m205[0m       ...this.props,
[7m   [0m [91m              ~~~~~[0m

[96msrc/modules/drivers/domain/value-objects/earnings-details.vo.ts[0m:[93m206[0m:[93m30[0m - [91merror[0m[90m TS2339: [0mProperty 'props' does not exist on type 'EarningsDetails'.

[7m206[0m       availableBalance: this.props.availableBalance - amount,
[7m   [0m [91m                             ~~~~~[0m

[96msrc/modules/drivers/domain/value-objects/earnings-details.vo.ts[0m:[93m207[0m:[93m28[0m - [91merror[0m[90m TS2339: [0mProperty 'props' does not exist on type 'EarningsDetails'.

[7m207[0m       totalWithdrawn: this.props.totalWithdrawn + amount,
[7m   [0m [91m                           ~~~~~[0m

[96msrc/modules/drivers/domain/value-objects/earnings-details.vo.ts[0m:[93m214[0m:[93m15[0m - [91merror[0m[90m TS2339: [0mProperty 'props' does not exist on type 'EarningsDetails'.

[7m214[0m       ...this.props,
[7m   [0m [91m              ~~~~~[0m

[96msrc/modules/drivers/domain/value-objects/earnings-details.vo.ts[0m:[93m238[0m:[93m22[0m - [91merror[0m[90m TS2339: [0mProperty 'props' does not exist on type 'EarningsDetails'.

[7m238[0m         amount: this.props.deliveryEarnings,
[7m   [0m [91m                     ~~~~~[0m

[96msrc/modules/drivers/domain/value-objects/earnings-details.vo.ts[0m:[93m239[0m:[93m27[0m - [91merror[0m[90m TS2339: [0mProperty 'props' does not exist on type 'EarningsDetails'.

[7m239[0m         percentage: (this.props.deliveryEarnings / total) * 100,
[7m   [0m [91m                          ~~~~~[0m

[96msrc/modules/drivers/domain/value-objects/earnings-details.vo.ts[0m:[93m242[0m:[93m22[0m - [91merror[0m[90m TS2339: [0mProperty 'props' does not exist on type 'EarningsDetails'.

[7m242[0m         amount: this.props.bonusEarnings,
[7m   [0m [91m                     ~~~~~[0m

[96msrc/modules/drivers/domain/value-objects/earnings-details.vo.ts[0m:[93m243[0m:[93m27[0m - [91merror[0m[90m TS2339: [0mProperty 'props' does not exist on type 'EarningsDetails'.

[7m243[0m         percentage: (this.props.bonusEarnings / total) * 100,
[7m   [0m [91m                          ~~~~~[0m

[96msrc/modules/drivers/domain/value-objects/earnings-details.vo.ts[0m:[93m246[0m:[93m22[0m - [91merror[0m[90m TS2339: [0mProperty 'props' does not exist on type 'EarningsDetails'.

[7m246[0m         amount: this.props.tips,
[7m   [0m [91m                     ~~~~~[0m

[96msrc/modules/drivers/domain/value-objects/earnings-details.vo.ts[0m:[93m247[0m:[93m27[0m - [91merror[0m[90m TS2339: [0mProperty 'props' does not exist on type 'EarningsDetails'.

[7m247[0m         percentage: (this.props.tips / total) * 100,
[7m   [0m [91m                          ~~~~~[0m

[96msrc/modules/drivers/domain/value-objects/earnings-details.vo.ts[0m:[93m250[0m:[93m22[0m - [91merror[0m[90m TS2339: [0mProperty 'props' does not exist on type 'EarningsDetails'.

[7m250[0m         amount: this.props.incentiveEarnings,
[7m   [0m [91m                     ~~~~~[0m

[96msrc/modules/drivers/domain/value-objects/earnings-details.vo.ts[0m:[93m251[0m:[93m27[0m - [91merror[0m[90m TS2339: [0mProperty 'props' does not exist on type 'EarningsDetails'.

[7m251[0m         percentage: (this.props.incentiveEarnings / total) * 100,
[7m   [0m [91m                          ~~~~~[0m

[96msrc/modules/drivers/domain/value-objects/earnings-details.vo.ts[0m:[93m264[0m:[93m22[0m - [91merror[0m[90m TS2339: [0mProperty 'props' does not exist on type 'EarningsDetails'.

[7m264[0m       currency: this.props.currency,
[7m   [0m [91m                     ~~~~~[0m

[96msrc/modules/drivers/domain/value-objects/earnings-details.vo.ts[0m:[93m269[0m:[93m35[0m - [91merror[0m[90m TS2339: [0mProperty 'props' does not exist on type 'EarningsDetails'.

[7m269[0m     return this.formatAmount(this.props.totalEarnings);
[7m   [0m [91m                                  ~~~~~[0m

[96msrc/modules/drivers/domain/value-objects/earnings-details.vo.ts[0m:[93m273[0m:[93m35[0m - [91merror[0m[90m TS2339: [0mProperty 'props' does not exist on type 'EarningsDetails'.

[7m273[0m     return this.formatAmount(this.props.availableBalance);
[7m   [0m [91m                                  ~~~~~[0m

[96msrc/modules/drivers/domain/value-objects/earnings-details.vo.ts[0m:[93m277[0m:[93m35[0m - [91merror[0m[90m TS2339: [0mProperty 'props' does not exist on type 'EarningsDetails'.

[7m277[0m     return this.formatAmount(this.props.pendingBalance);
[7m   [0m [91m                                  ~~~~~[0m

[96msrc/modules/drivers/domain/value-objects/earnings-details.vo.ts[0m:[93m285[0m:[93m15[0m - [91merror[0m[90m TS2339: [0mProperty 'props' does not exist on type 'EarningsDetails'.

[7m285[0m     if (!this.props.nextPayoutDate) return false;
[7m   [0m [91m              ~~~~~[0m

[96msrc/modules/drivers/domain/value-objects/earnings-details.vo.ts[0m:[93m286[0m:[93m31[0m - [91merror[0m[90m TS2339: [0mProperty 'props' does not exist on type 'EarningsDetails'.

[7m286[0m     return new Date() >= this.props.nextPayoutDate;
[7m   [0m [91m                              ~~~~~[0m

[96msrc/modules/drivers/domain/value-objects/earnings-details.vo.ts[0m:[93m290[0m:[93m15[0m - [91merror[0m[90m TS2339: [0mProperty 'props' does not exist on type 'EarningsDetails'.

[7m290[0m     if (!this.props.nextPayoutDate) return null;
[7m   [0m [91m              ~~~~~[0m

[96msrc/modules/drivers/domain/value-objects/earnings-details.vo.ts[0m:[93m293[0m:[93m27[0m - [91merror[0m[90m TS2339: [0mProperty 'props' does not exist on type 'EarningsDetails'.

[7m293[0m     const diffTime = this.props.nextPayoutDate.getTime() - now.getTime();
[7m   [0m [91m                          ~~~~~[0m

[96msrc/modules/drivers/domain/value-objects/earnings-details.vo.ts[0m:[93m299[0m:[93m27[0m - [91merror[0m[90m TS2339: [0mProperty 'props' does not exist on type 'EarningsDetails'.

[7m299[0m       totalEarnings: this.props.totalEarnings,
[7m   [0m [91m                          ~~~~~[0m

[96msrc/modules/drivers/domain/value-objects/earnings-details.vo.ts[0m:[93m300[0m:[93m30[0m - [91merror[0m[90m TS2339: [0mProperty 'props' does not exist on type 'EarningsDetails'.

[7m300[0m       deliveryEarnings: this.props.deliveryEarnings,
[7m   [0m [91m                             ~~~~~[0m

[96msrc/modules/drivers/domain/value-objects/earnings-details.vo.ts[0m:[93m301[0m:[93m27[0m - [91merror[0m[90m TS2339: [0mProperty 'props' does not exist on type 'EarningsDetails'.

[7m301[0m       bonusEarnings: this.props.bonusEarnings,
[7m   [0m [91m                          ~~~~~[0m

[96msrc/modules/drivers/domain/value-objects/earnings-details.vo.ts[0m:[93m302[0m:[93m18[0m - [91merror[0m[90m TS2339: [0mProperty 'props' does not exist on type 'EarningsDetails'.

[7m302[0m       tips: this.props.tips,
[7m   [0m [91m                 ~~~~~[0m

[96msrc/modules/drivers/domain/value-objects/earnings-details.vo.ts[0m:[93m303[0m:[93m31[0m - [91merror[0m[90m TS2339: [0mProperty 'props' does not exist on type 'EarningsDetails'.

[7m303[0m       incentiveEarnings: this.props.incentiveEarnings,
[7m   [0m [91m                              ~~~~~[0m

[96msrc/modules/drivers/domain/value-objects/earnings-details.vo.ts[0m:[93m304[0m:[93m23[0m - [91merror[0m[90m TS2339: [0mProperty 'props' does not exist on type 'EarningsDetails'.

[7m304[0m       penalties: this.props.penalties,
[7m   [0m [91m                      ~~~~~[0m

[96msrc/modules/drivers/domain/value-objects/earnings-details.vo.ts[0m:[93m305[0m:[93m30[0m - [91merror[0m[90m TS2339: [0mProperty 'props' does not exist on type 'EarningsDetails'.

[7m305[0m       availableBalance: this.props.availableBalance,
[7m   [0m [91m                             ~~~~~[0m

[96msrc/modules/drivers/domain/value-objects/earnings-details.vo.ts[0m:[93m306[0m:[93m28[0m - [91merror[0m[90m TS2339: [0mProperty 'props' does not exist on type 'EarningsDetails'.

[7m306[0m       pendingBalance: this.props.pendingBalance,
[7m   [0m [91m                           ~~~~~[0m

[96msrc/modules/drivers/domain/value-objects/earnings-details.vo.ts[0m:[93m307[0m:[93m28[0m - [91merror[0m[90m TS2339: [0mProperty 'props' does not exist on type 'EarningsDetails'.

[7m307[0m       totalWithdrawn: this.props.totalWithdrawn,
[7m   [0m [91m                           ~~~~~[0m

[96msrc/modules/drivers/domain/value-objects/earnings-details.vo.ts[0m:[93m308[0m:[93m22[0m - [91merror[0m[90m TS2339: [0mProperty 'props' does not exist on type 'EarningsDetails'.

[7m308[0m       currency: this.props.currency,
[7m   [0m [91m                     ~~~~~[0m

[96msrc/modules/drivers/domain/value-objects/earnings-details.vo.ts[0m:[93m309[0m:[93m28[0m - [91merror[0m[90m TS2339: [0mProperty 'props' does not exist on type 'EarningsDetails'.

[7m309[0m       lastPayoutDate: this.props.lastPayoutDate,
[7m   [0m [91m                           ~~~~~[0m

[96msrc/modules/drivers/domain/value-objects/earnings-details.vo.ts[0m:[93m310[0m:[93m28[0m - [91merror[0m[90m TS2339: [0mProperty 'props' does not exist on type 'EarningsDetails'.

[7m310[0m       nextPayoutDate: this.props.nextPayoutDate,
[7m   [0m [91m                           ~~~~~[0m

[96msrc/modules/drivers/domain/value-objects/location.vo.ts[0m:[93m1[0m:[93m29[0m - [91merror[0m[90m TS2307: [0mCannot find module '../../../common/domain/value-object' or its corresponding type declarations.

[7m1[0m import { ValueObject } from '../../../common/domain/value-object';
[7m [0m [91m                            ~~~~~~~~~~~~~~~~~~~~~~~~~~~~~~~~~~~~~[0m

[96msrc/modules/drivers/domain/value-objects/location.vo.ts[0m:[93m37[0m:[93m17[0m - [91merror[0m[90m TS2339: [0mProperty 'props' does not exist on type 'Location'.

[7m37[0m     return this.props.latitude;
[7m  [0m [91m                ~~~~~[0m

[96msrc/modules/drivers/domain/value-objects/location.vo.ts[0m:[93m41[0m:[93m17[0m - [91merror[0m[90m TS2339: [0mProperty 'props' does not exist on type 'Location'.

[7m41[0m     return this.props.longitude;
[7m  [0m [91m                ~~~~~[0m

[96msrc/modules/drivers/domain/value-objects/location.vo.ts[0m:[93m45[0m:[93m17[0m - [91merror[0m[90m TS2339: [0mProperty 'props' does not exist on type 'Location'.

[7m45[0m     return this.props.address;
[7m  [0m [91m                ~~~~~[0m

[96msrc/modules/drivers/domain/value-objects/location.vo.ts[0m:[93m49[0m:[93m17[0m - [91merror[0m[90m TS2339: [0mProperty 'props' does not exist on type 'Location'.

[7m49[0m     return this.props.city;
[7m  [0m [91m                ~~~~~[0m

[96msrc/modules/drivers/domain/value-objects/location.vo.ts[0m:[93m53[0m:[93m17[0m - [91merror[0m[90m TS2339: [0mProperty 'props' does not exist on type 'Location'.

[7m53[0m     return this.props.country;
[7m  [0m [91m                ~~~~~[0m

[96msrc/modules/drivers/domain/value-objects/location.vo.ts[0m:[93m57[0m:[93m17[0m - [91merror[0m[90m TS2339: [0mProperty 'props' does not exist on type 'Location'.

[7m57[0m     return this.props.timestamp;
[7m  [0m [91m                ~~~~~[0m

[96msrc/modules/drivers/domain/value-objects/location.vo.ts[0m:[93m67[0m:[93m55[0m - [91merror[0m[90m TS2339: [0mProperty 'props' does not exist on type 'Location'.

[7m67[0m     const dLat = this.toRadians(other.latitude - this.props.latitude);
[7m  [0m [91m                                                      ~~~~~[0m

[96msrc/modules/drivers/domain/value-objects/location.vo.ts[0m:[93m68[0m:[93m56[0m - [91merror[0m[90m TS2339: [0mProperty 'props' does not exist on type 'Location'.

[7m68[0m     const dLon = this.toRadians(other.longitude - this.props.longitude);
[7m  [0m [91m                                                       ~~~~~[0m

[96msrc/modules/drivers/domain/value-objects/location.vo.ts[0m:[93m72[0m:[93m36[0m - [91merror[0m[90m TS2339: [0mProperty 'props' does not exist on type 'Location'.

[7m72[0m       Math.cos(this.toRadians(this.props.latitude)) *
[7m  [0m [91m                                   ~~~~~[0m

[96msrc/modules/drivers/domain/value-objects/location.vo.ts[0m:[93m95[0m:[93m20[0m - [91merror[0m[90m TS2339: [0mProperty 'props' does not exist on type 'Location'.

[7m95[0m     return `${this.props.latitude.toFixed(6)}, ${this.props.longitude.toFixed(6)}`;
[7m  [0m [91m                   ~~~~~[0m

[96msrc/modules/drivers/domain/value-objects/location.vo.ts[0m:[93m95[0m:[93m55[0m - [91merror[0m[90m TS2339: [0mProperty 'props' does not exist on type 'Location'.

[7m95[0m     return `${this.props.latitude.toFixed(6)}, ${this.props.longitude.toFixed(6)}`;
[7m  [0m [91m                                                      ~~~~~[0m

[96msrc/modules/drivers/domain/value-objects/location.vo.ts[0m:[93m104[0m:[93m15[0m - [91merror[0m[90m TS2339: [0mProperty 'props' does not exist on type 'Location'.

[7m104[0m     if (!this.props.timestamp) return false;
[7m   [0m [91m              ~~~~~[0m

[96msrc/modules/drivers/domain/value-objects/location.vo.ts[0m:[93m106[0m:[93m41[0m - [91merror[0m[90m TS2339: [0mProperty 'props' does not exist on type 'Location'.

[7m106[0m     const diffMs = now.getTime() - this.props.timestamp.getTime();
[7m   [0m [91m                                        ~~~~~[0m

[96msrc/modules/drivers/domain/value-objects/location.vo.ts[0m:[93m119[0m:[93m15[0m - [91merror[0m[90m TS2339: [0mProperty 'props' does not exist on type 'Location'.

[7m119[0m       ...this.props,
[7m   [0m [91m              ~~~~~[0m

[96msrc/modules/drivers/domain/value-objects/location.vo.ts[0m:[93m135[0m:[93m15[0m - [91merror[0m[90m TS2339: [0mProperty 'props' does not exist on type 'Location'.

[7m135[0m       ...this.props,
[7m   [0m [91m              ~~~~~[0m

[96msrc/modules/drivers/domain/value-objects/location.vo.ts[0m:[93m148[0m:[93m22[0m - [91merror[0m[90m TS2339: [0mProperty 'props' does not exist on type 'Location'.

[7m148[0m       latitude: this.props.latitude,
[7m   [0m [91m                     ~~~~~[0m

[96msrc/modules/drivers/domain/value-objects/location.vo.ts[0m:[93m149[0m:[93m23[0m - [91merror[0m[90m TS2339: [0mProperty 'props' does not exist on type 'Location'.

[7m149[0m       longitude: this.props.longitude,
[7m   [0m [91m                      ~~~~~[0m

[96msrc/modules/drivers/domain/value-objects/location.vo.ts[0m:[93m150[0m:[93m21[0m - [91merror[0m[90m TS2339: [0mProperty 'props' does not exist on type 'Location'.

[7m150[0m       address: this.props.address,
[7m   [0m [91m                    ~~~~~[0m

[96msrc/modules/drivers/domain/value-objects/location.vo.ts[0m:[93m151[0m:[93m18[0m - [91merror[0m[90m TS2339: [0mProperty 'props' does not exist on type 'Location'.

[7m151[0m       city: this.props.city,
[7m   [0m [91m                 ~~~~~[0m

[96msrc/modules/drivers/domain/value-objects/location.vo.ts[0m:[93m152[0m:[93m21[0m - [91merror[0m[90m TS2339: [0mProperty 'props' does not exist on type 'Location'.

[7m152[0m       country: this.props.country,
[7m   [0m [91m                    ~~~~~[0m

[96msrc/modules/drivers/domain/value-objects/location.vo.ts[0m:[93m153[0m:[93m23[0m - [91merror[0m[90m TS2339: [0mProperty 'props' does not exist on type 'Location'.

[7m153[0m       timestamp: this.props.timestamp,
[7m   [0m [91m                      ~~~~~[0m

[96msrc/modules/drivers/domain/value-objects/performance-metrics.vo.ts[0m:[93m1[0m:[93m29[0m - [91merror[0m[90m TS2307: [0mCannot find module '../../../common/domain/value-object' or its corresponding type declarations.

[7m1[0m import { ValueObject } from '../../../common/domain/value-object';
[7m [0m [91m                            ~~~~~~~~~~~~~~~~~~~~~~~~~~~~~~~~~~~~~[0m

[96msrc/modules/drivers/domain/value-objects/performance-metrics.vo.ts[0m:[93m90[0m:[93m17[0m - [91merror[0m[90m TS2339: [0mProperty 'props' does not exist on type 'PerformanceMetrics'.

[7m90[0m     return this.props.totalOrders;
[7m  [0m [91m                ~~~~~[0m

[96msrc/modules/drivers/domain/value-objects/performance-metrics.vo.ts[0m:[93m94[0m:[93m17[0m - [91merror[0m[90m TS2339: [0mProperty 'props' does not exist on type 'PerformanceMetrics'.

[7m94[0m     return this.props.completedOrders;
[7m  [0m [91m                ~~~~~[0m

[96msrc/modules/drivers/domain/value-objects/performance-metrics.vo.ts[0m:[93m98[0m:[93m17[0m - [91merror[0m[90m TS2339: [0mProperty 'props' does not exist on type 'PerformanceMetrics'.

[7m98[0m     return this.props.cancelledOrders;
[7m  [0m [91m                ~~~~~[0m

[96msrc/modules/drivers/domain/value-objects/performance-metrics.vo.ts[0m:[93m102[0m:[93m17[0m - [91merror[0m[90m TS2339: [0mProperty 'props' does not exist on type 'PerformanceMetrics'.

[7m102[0m     return this.props.acceptanceRate;
[7m   [0m [91m                ~~~~~[0m

[96msrc/modules/drivers/domain/value-objects/performance-metrics.vo.ts[0m:[93m106[0m:[93m17[0m - [91merror[0m[90m TS2339: [0mProperty 'props' does not exist on type 'PerformanceMetrics'.

[7m106[0m     return this.props.completionRate;
[7m   [0m [91m                ~~~~~[0m

[96msrc/modules/drivers/domain/value-objects/performance-metrics.vo.ts[0m:[93m110[0m:[93m17[0m - [91merror[0m[90m TS2339: [0mProperty 'props' does not exist on type 'PerformanceMetrics'.

[7m110[0m     return this.props.onTimeDeliveryRate;
[7m   [0m [91m                ~~~~~[0m

[96msrc/modules/drivers/domain/value-objects/performance-metrics.vo.ts[0m:[93m114[0m:[93m17[0m - [91merror[0m[90m TS2339: [0mProperty 'props' does not exist on type 'PerformanceMetrics'.

[7m114[0m     return this.props.averageRating;
[7m   [0m [91m                ~~~~~[0m

[96msrc/modules/drivers/domain/value-objects/performance-metrics.vo.ts[0m:[93m118[0m:[93m17[0m - [91merror[0m[90m TS2339: [0mProperty 'props' does not exist on type 'PerformanceMetrics'.

[7m118[0m     return this.props.totalRatings;
[7m   [0m [91m                ~~~~~[0m

[96msrc/modules/drivers/domain/value-objects/performance-metrics.vo.ts[0m:[93m122[0m:[93m17[0m - [91merror[0m[90m TS2339: [0mProperty 'props' does not exist on type 'PerformanceMetrics'.

[7m122[0m     return this.props.averageDeliveryTime;
[7m   [0m [91m                ~~~~~[0m

[96msrc/modules/drivers/domain/value-objects/performance-metrics.vo.ts[0m:[93m126[0m:[93m17[0m - [91merror[0m[90m TS2339: [0mProperty 'props' does not exist on type 'PerformanceMetrics'.

[7m126[0m     return this.props.totalDeliveryTime;
[7m   [0m [91m                ~~~~~[0m

[96msrc/modules/drivers/domain/value-objects/performance-metrics.vo.ts[0m:[93m130[0m:[93m17[0m - [91merror[0m[90m TS2339: [0mProperty 'props' does not exist on type 'PerformanceMetrics'.

[7m130[0m     return this.props.fastestDeliveryTime;
[7m   [0m [91m                ~~~~~[0m

[96msrc/modules/drivers/domain/value-objects/performance-metrics.vo.ts[0m:[93m134[0m:[93m17[0m - [91merror[0m[90m TS2339: [0mProperty 'props' does not exist on type 'PerformanceMetrics'.

[7m134[0m     return this.props.slowestDeliveryTime;
[7m   [0m [91m                ~~~~~[0m

[96msrc/modules/drivers/domain/value-objects/performance-metrics.vo.ts[0m:[93m138[0m:[93m17[0m - [91merror[0m[90m TS2339: [0mProperty 'props' does not exist on type 'PerformanceMetrics'.

[7m138[0m     return this.props.customerCompliments;
[7m   [0m [91m                ~~~~~[0m

[96msrc/modules/drivers/domain/value-objects/performance-metrics.vo.ts[0m:[93m142[0m:[93m17[0m - [91merror[0m[90m TS2339: [0mProperty 'props' does not exist on type 'PerformanceMetrics'.

[7m142[0m     return this.props.customerComplaints;
[7m   [0m [91m                ~~~~~[0m

[96msrc/modules/drivers/domain/value-objects/performance-metrics.vo.ts[0m:[93m146[0m:[93m17[0m - [91merror[0m[90m TS2339: [0mProperty 'props' does not exist on type 'PerformanceMetrics'.

[7m146[0m     return this.props.qualityScore;
[7m   [0m [91m                ~~~~~[0m

[96msrc/modules/drivers/domain/value-objects/performance-metrics.vo.ts[0m:[93m150[0m:[93m17[0m - [91merror[0m[90m TS2339: [0mProperty 'props' does not exist on type 'PerformanceMetrics'.

[7m150[0m     return this.props.reliabilityScore;
[7m   [0m [91m                ~~~~~[0m

[96msrc/modules/drivers/domain/value-objects/performance-metrics.vo.ts[0m:[93m154[0m:[93m17[0m - [91merror[0m[90m TS2339: [0mProperty 'props' does not exist on type 'PerformanceMetrics'.

[7m154[0m     return this.props.efficiencyScore;
[7m   [0m [91m                ~~~~~[0m

[96msrc/modules/drivers/domain/value-objects/performance-metrics.vo.ts[0m:[93m158[0m:[93m17[0m - [91merror[0m[90m TS2339: [0mProperty 'props' does not exist on type 'PerformanceMetrics'.

[7m158[0m     return this.props.lastUpdated;
[7m   [0m [91m                ~~~~~[0m

[96msrc/modules/drivers/domain/value-objects/performance-metrics.vo.ts[0m:[93m162[0m:[93m17[0m - [91merror[0m[90m TS2339: [0mProperty 'props' does not exist on type 'PerformanceMetrics'.

[7m162[0m     return this.props.totalOrders - this.props.completedOrders - this.props.cancelledOrders;
[7m   [0m [91m                ~~~~~[0m

[96msrc/modules/drivers/domain/value-objects/performance-metrics.vo.ts[0m:[93m162[0m:[93m42[0m - [91merror[0m[90m TS2339: [0mProperty 'props' does not exist on type 'PerformanceMetrics'.

[7m162[0m     return this.props.totalOrders - this.props.completedOrders - this.props.cancelledOrders;
[7m   [0m [91m                                         ~~~~~[0m

[96msrc/modules/drivers/domain/value-objects/performance-metrics.vo.ts[0m:[93m162[0m:[93m71[0m - [91merror[0m[90m TS2339: [0mProperty 'props' does not exist on type 'PerformanceMetrics'.

[7m162[0m     return this.props.totalOrders - this.props.completedOrders - this.props.cancelledOrders;
[7m   [0m [91m                                                                      ~~~~~[0m

[96msrc/modules/drivers/domain/value-objects/performance-metrics.vo.ts[0m:[93m166[0m:[93m14[0m - [91merror[0m[90m TS2339: [0mProperty 'props' does not exist on type 'PerformanceMetrics'.

[7m166[0m     if (this.props.totalOrders === 0) return 0;
[7m   [0m [91m             ~~~~~[0m

[96msrc/modules/drivers/domain/value-objects/performance-metrics.vo.ts[0m:[93m167[0m:[93m18[0m - [91merror[0m[90m TS2339: [0mProperty 'props' does not exist on type 'PerformanceMetrics'.

[7m167[0m     return (this.props.cancelledOrders / this.props.totalOrders) * 100;
[7m   [0m [91m                 ~~~~~[0m

[96msrc/modules/drivers/domain/value-objects/performance-metrics.vo.ts[0m:[93m167[0m:[93m47[0m - [91merror[0m[90m TS2339: [0mProperty 'props' does not exist on type 'PerformanceMetrics'.

[7m167[0m     return (this.props.cancelledOrders / this.props.totalOrders) * 100;
[7m   [0m [91m                                              ~~~~~[0m

[96msrc/modules/drivers/domain/value-objects/performance-metrics.vo.ts[0m:[93m179[0m:[93m31[0m - [91merror[0m[90m TS2339: [0mProperty 'props' does not exist on type 'PerformanceMetrics'.

[7m179[0m     const ratingScore = (this.props.averageRating / 5) * 100;
[7m   [0m [91m                              ~~~~~[0m

[96msrc/modules/drivers/domain/value-objects/performance-metrics.vo.ts[0m:[93m182[0m:[93m12[0m - [91merror[0m[90m TS2339: [0mProperty 'props' does not exist on type 'PerformanceMetrics'.

[7m182[0m       this.props.qualityScore * weights.quality +
[7m   [0m [91m           ~~~~~[0m

[96msrc/modules/drivers/domain/value-objects/performance-metrics.vo.ts[0m:[93m183[0m:[93m12[0m - [91merror[0m[90m TS2339: [0mProperty 'props' does not exist on type 'PerformanceMetrics'.

[7m183[0m       this.props.reliabilityScore * weights.reliability +
[7m   [0m [91m           ~~~~~[0m

[96msrc/modules/drivers/domain/value-objects/performance-metrics.vo.ts[0m:[93m184[0m:[93m12[0m - [91merror[0m[90m TS2339: [0mProperty 'props' does not exist on type 'PerformanceMetrics'.

[7m184[0m       this.props.efficiencyScore * weights.efficiency +
[7m   [0m [91m           ~~~~~[0m

[96msrc/modules/drivers/domain/value-objects/performance-metrics.vo.ts[0m:[93m200[0m:[93m12[0m - [91merror[0m[90m TS2339: [0mProperty 'props' does not exist on type 'PerformanceMetrics'.

[7m200[0m       this.props.acceptanceRate >= 90 &&
[7m   [0m [91m           ~~~~~[0m

[96msrc/modules/drivers/domain/value-objects/performance-metrics.vo.ts[0m:[93m201[0m:[93m12[0m - [91merror[0m[90m TS2339: [0mProperty 'props' does not exist on type 'PerformanceMetrics'.

[7m201[0m       this.props.completionRate >= 95 &&
[7m   [0m [91m           ~~~~~[0m

[96msrc/modules/drivers/domain/value-objects/performance-metrics.vo.ts[0m:[93m202[0m:[93m12[0m - [91merror[0m[90m TS2339: [0mProperty 'props' does not exist on type 'PerformanceMetrics'.

[7m202[0m       this.props.onTimeDeliveryRate >= 90 &&
[7m   [0m [91m           ~~~~~[0m

[96msrc/modules/drivers/domain/value-objects/performance-metrics.vo.ts[0m:[93m203[0m:[93m12[0m - [91merror[0m[90m TS2339: [0mProperty 'props' does not exist on type 'PerformanceMetrics'.

[7m203[0m       this.props.averageRating >= 4.5 &&
[7m   [0m [91m           ~~~~~[0m

[96msrc/modules/drivers/domain/value-objects/performance-metrics.vo.ts[0m:[93m210[0m:[93m12[0m - [91merror[0m[90m TS2339: [0mProperty 'props' does not exist on type 'PerformanceMetrics'.

[7m210[0m       this.props.acceptanceRate < 70 ||
[7m   [0m [91m           ~~~~~[0m

[96msrc/modules/drivers/domain/value-objects/performance-metrics.vo.ts[0m:[93m211[0m:[93m12[0m - [91merror[0m[90m TS2339: [0mProperty 'props' does not exist on type 'PerformanceMetrics'.

[7m211[0m       this.props.completionRate < 85 ||
[7m   [0m [91m           ~~~~~[0m

[96msrc/modules/drivers/domain/value-objects/performance-metrics.vo.ts[0m:[93m212[0m:[93m12[0m - [91merror[0m[90m TS2339: [0mProperty 'props' does not exist on type 'PerformanceMetrics'.

[7m212[0m       this.props.onTimeDeliveryRate < 80 ||
[7m   [0m [91m           ~~~~~[0m

[96msrc/modules/drivers/domain/value-objects/performance-metrics.vo.ts[0m:[93m213[0m:[93m12[0m - [91merror[0m[90m TS2339: [0mProperty 'props' does not exist on type 'PerformanceMetrics'.

[7m213[0m       this.props.averageRating < 3.5 ||
[7m   [0m [91m           ~~~~~[0m

[96msrc/modules/drivers/domain/value-objects/performance-metrics.vo.ts[0m:[93m219[0m:[93m33[0m - [91merror[0m[90m TS2339: [0mProperty 'props' does not exist on type 'PerformanceMetrics'.

[7m219[0m     const newTotalOrders = this.props.totalOrders + 1;
[7m   [0m [91m                                ~~~~~[0m

[96msrc/modules/drivers/domain/value-objects/performance-metrics.vo.ts[0m:[93m220[0m:[93m37[0m - [91merror[0m[90m TS2339: [0mProperty 'props' does not exist on type 'PerformanceMetrics'.

[7m220[0m     const newCompletedOrders = this.props.completedOrders + 1;
[7m   [0m [91m                                    ~~~~~[0m

[96msrc/modules/drivers/domain/value-objects/performance-metrics.vo.ts[0m:[93m221[0m:[93m39[0m - [91merror[0m[90m TS2339: [0mProperty 'props' does not exist on type 'PerformanceMetrics'.

[7m221[0m     const newTotalDeliveryTime = this.props.totalDeliveryTime + deliveryTimeMinutes;
[7m   [0m [91m                                      ~~~~~[0m

[96msrc/modules/drivers/domain/value-objects/performance-metrics.vo.ts[0m:[93m224[0m:[93m33[0m - [91merror[0m[90m TS2339: [0mProperty 'props' does not exist on type 'PerformanceMetrics'.

[7m224[0m     let newAverageRating = this.props.averageRating;
[7m   [0m [91m                                ~~~~~[0m

[96msrc/modules/drivers/domain/value-objects/performance-metrics.vo.ts[0m:[93m225[0m:[93m32[0m - [91merror[0m[90m TS2339: [0mProperty 'props' does not exist on type 'PerformanceMetrics'.

[7m225[0m     let newTotalRatings = this.props.totalRatings;
[7m   [0m [91m                               ~~~~~[0m

[96msrc/modules/drivers/domain/value-objects/performance-metrics.vo.ts[0m:[93m228[0m:[93m38[0m - [91merror[0m[90m TS2339: [0mProperty 'props' does not exist on type 'PerformanceMetrics'.

[7m228[0m       const totalRatingPoints = this.props.averageRating * this.props.totalRatings;
[7m   [0m [91m                                     ~~~~~[0m

[96msrc/modules/drivers/domain/value-objects/performance-metrics.vo.ts[0m:[93m228[0m:[93m65[0m - [91merror[0m[90m TS2339: [0mProperty 'props' does not exist on type 'PerformanceMetrics'.

[7m228[0m       const totalRatingPoints = this.props.averageRating * this.props.totalRatings;
[7m   [0m [91m                                                                ~~~~~[0m

[96msrc/modules/drivers/domain/value-objects/performance-metrics.vo.ts[0m:[93m229[0m:[93m30[0m - [91merror[0m[90m TS2339: [0mProperty 'props' does not exist on type 'PerformanceMetrics'.

[7m229[0m       newTotalRatings = this.props.totalRatings + 1;
[7m   [0m [91m                             ~~~~~[0m

[96msrc/modules/drivers/domain/value-objects/performance-metrics.vo.ts[0m:[93m234[0m:[93m24[0m - [91merror[0m[90m TS2339: [0mProperty 'props' does not exist on type 'PerformanceMetrics'.

[7m234[0m       Math.round((this.props.onTimeDeliveryRate / 100) * this.props.completedOrders) + 1 :
[7m   [0m [91m                       ~~~~~[0m

[96msrc/modules/drivers/domain/value-objects/performance-metrics.vo.ts[0m:[93m234[0m:[93m63[0m - [91merror[0m[90m TS2339: [0mProperty 'props' does not exist on type 'PerformanceMetrics'.

[7m234[0m       Math.round((this.props.onTimeDeliveryRate / 100) * this.props.completedOrders) + 1 :
[7m   [0m [91m                                                              ~~~~~[0m

[96msrc/modules/drivers/domain/value-objects/performance-metrics.vo.ts[0m:[93m235[0m:[93m24[0m - [91merror[0m[90m TS2339: [0mProperty 'props' does not exist on type 'PerformanceMetrics'.

[7m235[0m       Math.round((this.props.onTimeDeliveryRate / 100) * this.props.completedOrders);
[7m   [0m [91m                       ~~~~~[0m

[96msrc/modules/drivers/domain/value-objects/performance-metrics.vo.ts[0m:[93m235[0m:[93m63[0m - [91merror[0m[90m TS2339: [0mProperty 'props' does not exist on type 'PerformanceMetrics'.

[7m235[0m       Math.round((this.props.onTimeDeliveryRate / 100) * this.props.completedOrders);
[7m   [0m [91m                                                              ~~~~~[0m

[96msrc/modules/drivers/domain/value-objects/performance-metrics.vo.ts[0m:[93m241[0m:[93m15[0m - [91merror[0m[90m TS2339: [0mProperty 'props' does not exist on type 'PerformanceMetrics'.

[7m241[0m       ...this.props,
[7m   [0m [91m              ~~~~~[0m

[96msrc/modules/drivers/domain/value-objects/performance-metrics.vo.ts[0m:[93m250[0m:[93m33[0m - [91merror[0m[90m TS2339: [0mProperty 'props' does not exist on type 'PerformanceMetrics'.

[7m250[0m       fastestDeliveryTime: this.props.fastestDeliveryTime ?
[7m   [0m [91m                                ~~~~~[0m

[96msrc/modules/drivers/domain/value-objects/performance-metrics.vo.ts[0m:[93m251[0m:[93m23[0m - [91merror[0m[90m TS2339: [0mProperty 'props' does not exist on type 'PerformanceMetrics'.

[7m251[0m         Math.min(this.props.fastestDeliveryTime, deliveryTimeMinutes) : deliveryTimeMinutes,
[7m   [0m [91m                      ~~~~~[0m

[96msrc/modules/drivers/domain/value-objects/performance-metrics.vo.ts[0m:[93m252[0m:[93m33[0m - [91merror[0m[90m TS2339: [0mProperty 'props' does not exist on type 'PerformanceMetrics'.

[7m252[0m       slowestDeliveryTime: this.props.slowestDeliveryTime ?
[7m   [0m [91m                                ~~~~~[0m

[96msrc/modules/drivers/domain/value-objects/performance-metrics.vo.ts[0m:[93m253[0m:[93m23[0m - [91merror[0m[90m TS2339: [0mProperty 'props' does not exist on type 'PerformanceMetrics'.

[7m253[0m         Math.max(this.props.slowestDeliveryTime, deliveryTimeMinutes) : deliveryTimeMinutes,
[7m   [0m [91m                      ~~~~~[0m

[96msrc/modules/drivers/domain/value-objects/performance-metrics.vo.ts[0m:[93m259[0m:[93m33[0m - [91merror[0m[90m TS2339: [0mProperty 'props' does not exist on type 'PerformanceMetrics'.

[7m259[0m     const newTotalOrders = this.props.totalOrders + 1;
[7m   [0m [91m                                ~~~~~[0m

[96msrc/modules/drivers/domain/value-objects/performance-metrics.vo.ts[0m:[93m260[0m:[93m37[0m - [91merror[0m[90m TS2339: [0mProperty 'props' does not exist on type 'PerformanceMetrics'.

[7m260[0m     const newCancelledOrders = this.props.cancelledOrders + 1;
[7m   [0m [91m                                    ~~~~~[0m

[96msrc/modules/drivers/domain/value-objects/performance-metrics.vo.ts[0m:[93m261[0m:[93m37[0m - [91merror[0m[90m TS2339: [0mProperty 'props' does not exist on type 'PerformanceMetrics'.

[7m261[0m     const newCompletionRate = (this.props.completedOrders / newTotalOrders) * 100;
[7m   [0m [91m                                    ~~~~~[0m

[96msrc/modules/drivers/domain/value-objects/performance-metrics.vo.ts[0m:[93m264[0m:[93m15[0m - [91merror[0m[90m TS2339: [0mProperty 'props' does not exist on type 'PerformanceMetrics'.

[7m264[0m       ...this.props,
[7m   [0m [91m              ~~~~~[0m

[96msrc/modules/drivers/domain/value-objects/performance-metrics.vo.ts[0m:[93m274[0m:[93m15[0m - [91merror[0m[90m TS2339: [0mProperty 'props' does not exist on type 'PerformanceMetrics'.

[7m274[0m       ...this.props,
[7m   [0m [91m              ~~~~~[0m

[96msrc/modules/drivers/domain/value-objects/performance-metrics.vo.ts[0m:[93m282[0m:[93m15[0m - [91merror[0m[90m TS2339: [0mProperty 'props' does not exist on type 'PerformanceMetrics'.

[7m282[0m       ...this.props,
[7m   [0m [91m              ~~~~~[0m

[96msrc/modules/drivers/domain/value-objects/performance-metrics.vo.ts[0m:[93m283[0m:[93m33[0m - [91merror[0m[90m TS2339: [0mProperty 'props' does not exist on type 'PerformanceMetrics'.

[7m283[0m       customerCompliments: this.props.customerCompliments + 1,
[7m   [0m [91m                                ~~~~~[0m

[96msrc/modules/drivers/domain/value-objects/performance-metrics.vo.ts[0m:[93m290[0m:[93m15[0m - [91merror[0m[90m TS2339: [0mProperty 'props' does not exist on type 'PerformanceMetrics'.

[7m290[0m       ...this.props,
[7m   [0m [91m              ~~~~~[0m

[96msrc/modules/drivers/domain/value-objects/performance-metrics.vo.ts[0m:[93m291[0m:[93m32[0m - [91merror[0m[90m TS2339: [0mProperty 'props' does not exist on type 'PerformanceMetrics'.

[7m291[0m       customerComplaints: this.props.customerComplaints + 1,
[7m   [0m [91m                               ~~~~~[0m

[96msrc/modules/drivers/domain/value-objects/performance-metrics.vo.ts[0m:[93m298[0m:[93m15[0m - [91merror[0m[90m TS2339: [0mProperty 'props' does not exist on type 'PerformanceMetrics'.

[7m298[0m       ...this.props,
[7m   [0m [91m              ~~~~~[0m

[96msrc/modules/drivers/domain/value-objects/performance-metrics.vo.ts[0m:[93m306[0m:[93m15[0m - [91merror[0m[90m TS2339: [0mProperty 'props' does not exist on type 'PerformanceMetrics'.

[7m306[0m       ...this.props,
[7m   [0m [91m              ~~~~~[0m

[96msrc/modules/drivers/domain/value-objects/performance-metrics.vo.ts[0m:[93m314[0m:[93m15[0m - [91merror[0m[90m TS2339: [0mProperty 'props' does not exist on type 'PerformanceMetrics'.

[7m314[0m       ...this.props,
[7m   [0m [91m              ~~~~~[0m

[96msrc/modules/drivers/domain/value-objects/performance-metrics.vo.ts[0m:[93m329[0m:[93m14[0m - [91merror[0m[90m TS2339: [0mProperty 'props' does not exist on type 'PerformanceMetrics'.

[7m329[0m     if (this.props.acceptanceRate >= 90) strengths.push('High acceptance rate');
[7m   [0m [91m             ~~~~~[0m

[96msrc/modules/drivers/domain/value-objects/performance-metrics.vo.ts[0m:[93m330[0m:[93m19[0m - [91merror[0m[90m TS2339: [0mProperty 'props' does not exist on type 'PerformanceMetrics'.

[7m330[0m     else if (this.props.acceptanceRate < 70) improvements.push('Improve acceptance rate');
[7m   [0m [91m                  ~~~~~[0m

[96msrc/modules/drivers/domain/value-objects/performance-metrics.vo.ts[0m:[93m332[0m:[93m14[0m - [91merror[0m[90m TS2339: [0mProperty 'props' does not exist on type 'PerformanceMetrics'.

[7m332[0m     if (this.props.completionRate >= 95) strengths.push('Excellent completion rate');
[7m   [0m [91m             ~~~~~[0m

[96msrc/modules/drivers/domain/value-objects/performance-metrics.vo.ts[0m:[93m333[0m:[93m19[0m - [91merror[0m[90m TS2339: [0mProperty 'props' does not exist on type 'PerformanceMetrics'.

[7m333[0m     else if (this.props.completionRate < 85) improvements.push('Improve completion rate');
[7m   [0m [91m                  ~~~~~[0m

[96msrc/modules/drivers/domain/value-objects/performance-metrics.vo.ts[0m:[93m335[0m:[93m14[0m - [91merror[0m[90m TS2339: [0mProperty 'props' does not exist on type 'PerformanceMetrics'.

[7m335[0m     if (this.props.onTimeDeliveryRate >= 90) strengths.push('Punctual deliveries');
[7m   [0m [91m             ~~~~~[0m

[96msrc/modules/drivers/domain/value-objects/performance-metrics.vo.ts[0m:[93m336[0m:[93m19[0m - [91merror[0m[90m TS2339: [0mProperty 'props' does not exist on type 'PerformanceMetrics'.

[7m336[0m     else if (this.props.onTimeDeliveryRate < 80) improvements.push('Improve delivery timeliness');
[7m   [0m [91m                  ~~~~~[0m

[96msrc/modules/drivers/domain/value-objects/performance-metrics.vo.ts[0m:[93m338[0m:[93m14[0m - [91merror[0m[90m TS2339: [0mProperty 'props' does not exist on type 'PerformanceMetrics'.

[7m338[0m     if (this.props.averageRating >= 4.5) strengths.push('High customer satisfaction');
[7m   [0m [91m             ~~~~~[0m

[96msrc/modules/drivers/domain/value-objects/performance-metrics.vo.ts[0m:[93m339[0m:[93m19[0m - [91merror[0m[90m TS2339: [0mProperty 'props' does not exist on type 'PerformanceMetrics'.

[7m339[0m     else if (this.props.averageRating < 3.5) improvements.push('Improve customer service');
[7m   [0m [91m                  ~~~~~[0m

[96msrc/modules/drivers/domain/value-objects/performance-metrics.vo.ts[0m:[93m359[0m:[93m21[0m - [91merror[0m[90m TS2339: [0mProperty 'props' does not exist on type 'PerformanceMetrics'.

[7m359[0m       average: this.props.averageDeliveryTime,
[7m   [0m [91m                    ~~~~~[0m

[96msrc/modules/drivers/domain/value-objects/performance-metrics.vo.ts[0m:[93m360[0m:[93m21[0m - [91merror[0m[90m TS2339: [0mProperty 'props' does not exist on type 'PerformanceMetrics'.

[7m360[0m       fastest: this.props.fastestDeliveryTime || null,
[7m   [0m [91m                    ~~~~~[0m

[96msrc/modules/drivers/domain/value-objects/performance-metrics.vo.ts[0m:[93m361[0m:[93m21[0m - [91merror[0m[90m TS2339: [0mProperty 'props' does not exist on type 'PerformanceMetrics'.

[7m361[0m       slowest: this.props.slowestDeliveryTime || null,
[7m   [0m [91m                    ~~~~~[0m

[96msrc/modules/drivers/domain/value-objects/performance-metrics.vo.ts[0m:[93m362[0m:[93m19[0m - [91merror[0m[90m TS2339: [0mProperty 'props' does not exist on type 'PerformanceMetrics'.

[7m362[0m       total: this.props.totalDeliveryTime,
[7m   [0m [91m                  ~~~~~[0m

[96msrc/modules/drivers/domain/value-objects/performance-metrics.vo.ts[0m:[93m367[0m:[93m32[0m - [91merror[0m[90m TS2339: [0mProperty 'props' does not exist on type 'PerformanceMetrics'.

[7m367[0m     const totalFeedback = this.props.customerCompliments + this.props.customerComplaints;
[7m   [0m [91m                               ~~~~~[0m

[96msrc/modules/drivers/domain/value-objects/performance-metrics.vo.ts[0m:[93m367[0m:[93m65[0m - [91merror[0m[90m TS2339: [0mProperty 'props' does not exist on type 'PerformanceMetrics'.

[7m367[0m     const totalFeedback = this.props.customerCompliments + this.props.customerComplaints;
[7m   [0m [91m                                                                ~~~~~[0m

[96msrc/modules/drivers/domain/value-objects/performance-metrics.vo.ts[0m:[93m369[0m:[93m18[0m - [91merror[0m[90m TS2339: [0mProperty 'props' does not exist on type 'PerformanceMetrics'.

[7m369[0m     return (this.props.customerCompliments / totalFeedback) * 100;
[7m   [0m [91m                 ~~~~~[0m

[96msrc/modules/drivers/domain/value-objects/performance-metrics.vo.ts[0m:[93m384[0m:[93m25[0m - [91merror[0m[90m TS2339: [0mProperty 'props' does not exist on type 'PerformanceMetrics'.

[7m384[0m       totalOrders: this.props.totalOrders,
[7m   [0m [91m                        ~~~~~[0m

[96msrc/modules/drivers/domain/value-objects/performance-metrics.vo.ts[0m:[93m385[0m:[93m29[0m - [91merror[0m[90m TS2339: [0mProperty 'props' does not exist on type 'PerformanceMetrics'.

[7m385[0m       completedOrders: this.props.completedOrders,
[7m   [0m [91m                            ~~~~~[0m

[96msrc/modules/drivers/domain/value-objects/performance-metrics.vo.ts[0m:[93m386[0m:[93m29[0m - [91merror[0m[90m TS2339: [0mProperty 'props' does not exist on type 'PerformanceMetrics'.

[7m386[0m       cancelledOrders: this.props.cancelledOrders,
[7m   [0m [91m                            ~~~~~[0m

[96msrc/modules/drivers/domain/value-objects/performance-metrics.vo.ts[0m:[93m388[0m:[93m28[0m - [91merror[0m[90m TS2339: [0mProperty 'props' does not exist on type 'PerformanceMetrics'.

[7m388[0m       acceptanceRate: this.props.acceptanceRate,
[7m   [0m [91m                           ~~~~~[0m

[96msrc/modules/drivers/domain/value-objects/performance-metrics.vo.ts[0m:[93m389[0m:[93m28[0m - [91merror[0m[90m TS2339: [0mProperty 'props' does not exist on type 'PerformanceMetrics'.

[7m389[0m       completionRate: this.props.completionRate,
[7m   [0m [91m                           ~~~~~[0m

[96msrc/modules/drivers/domain/value-objects/performance-metrics.vo.ts[0m:[93m391[0m:[93m32[0m - [91merror[0m[90m TS2339: [0mProperty 'props' does not exist on type 'PerformanceMetrics'.

[7m391[0m       onTimeDeliveryRate: this.props.onTimeDeliveryRate,
[7m   [0m [91m                               ~~~~~[0m

[96msrc/modules/drivers/domain/value-objects/performance-metrics.vo.ts[0m:[93m392[0m:[93m27[0m - [91merror[0m[90m TS2339: [0mProperty 'props' does not exist on type 'PerformanceMetrics'.

[7m392[0m       averageRating: this.props.averageRating,
[7m   [0m [91m                          ~~~~~[0m

[96msrc/modules/drivers/domain/value-objects/performance-metrics.vo.ts[0m:[93m393[0m:[93m26[0m - [91merror[0m[90m TS2339: [0mProperty 'props' does not exist on type 'PerformanceMetrics'.

[7m393[0m       totalRatings: this.props.totalRatings,
[7m   [0m [91m                         ~~~~~[0m

[96msrc/modules/drivers/domain/value-objects/performance-metrics.vo.ts[0m:[93m394[0m:[93m33[0m - [91merror[0m[90m TS2339: [0mProperty 'props' does not exist on type 'PerformanceMetrics'.

[7m394[0m       averageDeliveryTime: this.props.averageDeliveryTime,
[7m   [0m [91m                                ~~~~~[0m

[96msrc/modules/drivers/domain/value-objects/performance-metrics.vo.ts[0m:[93m395[0m:[93m31[0m - [91merror[0m[90m TS2339: [0mProperty 'props' does not exist on type 'PerformanceMetrics'.

[7m395[0m       totalDeliveryTime: this.props.totalDeliveryTime,
[7m   [0m [91m                              ~~~~~[0m

[96msrc/modules/drivers/domain/value-objects/performance-metrics.vo.ts[0m:[93m396[0m:[93m33[0m - [91merror[0m[90m TS2339: [0mProperty 'props' does not exist on type 'PerformanceMetrics'.

[7m396[0m       fastestDeliveryTime: this.props.fastestDeliveryTime,
[7m   [0m [91m                                ~~~~~[0m

[96msrc/modules/drivers/domain/value-objects/performance-metrics.vo.ts[0m:[93m397[0m:[93m33[0m - [91merror[0m[90m TS2339: [0mProperty 'props' does not exist on type 'PerformanceMetrics'.

[7m397[0m       slowestDeliveryTime: this.props.slowestDeliveryTime,
[7m   [0m [91m                                ~~~~~[0m

[96msrc/modules/drivers/domain/value-objects/performance-metrics.vo.ts[0m:[93m398[0m:[93m33[0m - [91merror[0m[90m TS2339: [0mProperty 'props' does not exist on type 'PerformanceMetrics'.

[7m398[0m       customerCompliments: this.props.customerCompliments,
[7m   [0m [91m                                ~~~~~[0m

[96msrc/modules/drivers/domain/value-objects/performance-metrics.vo.ts[0m:[93m399[0m:[93m32[0m - [91merror[0m[90m TS2339: [0mProperty 'props' does not exist on type 'PerformanceMetrics'.

[7m399[0m       customerComplaints: this.props.customerComplaints,
[7m   [0m [91m                               ~~~~~[0m

[96msrc/modules/drivers/domain/value-objects/performance-metrics.vo.ts[0m:[93m400[0m:[93m26[0m - [91merror[0m[90m TS2339: [0mProperty 'props' does not exist on type 'PerformanceMetrics'.

[7m400[0m       qualityScore: this.props.qualityScore,
[7m   [0m [91m                         ~~~~~[0m

[96msrc/modules/drivers/domain/value-objects/performance-metrics.vo.ts[0m:[93m401[0m:[93m30[0m - [91merror[0m[90m TS2339: [0mProperty 'props' does not exist on type 'PerformanceMetrics'.

[7m401[0m       reliabilityScore: this.props.reliabilityScore,
[7m   [0m [91m                             ~~~~~[0m

[96msrc/modules/drivers/domain/value-objects/performance-metrics.vo.ts[0m:[93m402[0m:[93m29[0m - [91merror[0m[90m TS2339: [0mProperty 'props' does not exist on type 'PerformanceMetrics'.

[7m402[0m       efficiencyScore: this.props.efficiencyScore,
[7m   [0m [91m                            ~~~~~[0m

[96msrc/modules/drivers/domain/value-objects/performance-metrics.vo.ts[0m:[93m405[0m:[93m25[0m - [91merror[0m[90m TS2339: [0mProperty 'props' does not exist on type 'PerformanceMetrics'.

[7m405[0m       lastUpdated: this.props.lastUpdated,
[7m   [0m [91m                        ~~~~~[0m

[96msrc/modules/drivers/domain/value-objects/rider-status.vo.ts[0m:[93m1[0m:[93m29[0m - [91merror[0m[90m TS2307: [0mCannot find module '../../../common/domain/value-object' or its corresponding type declarations.

[7m1[0m import { ValueObject } from '../../../common/domain/value-object';
[7m [0m [91m                            ~~~~~~~~~~~~~~~~~~~~~~~~~~~~~~~~~~~~~[0m

[96msrc/modules/drivers/domain/value-objects/rider-status.vo.ts[0m:[93m68[0m:[93m17[0m - [91merror[0m[90m TS2339: [0mProperty 'props' does not exist on type 'RiderStatus'.

[7m68[0m     return this.props.accountStatus;
[7m  [0m [91m                ~~~~~[0m

[96msrc/modules/drivers/domain/value-objects/rider-status.vo.ts[0m:[93m72[0m:[93m17[0m - [91merror[0m[90m TS2339: [0mProperty 'props' does not exist on type 'RiderStatus'.

[7m72[0m     return this.props.verificationLevel;
[7m  [0m [91m                ~~~~~[0m

[96msrc/modules/drivers/domain/value-objects/rider-status.vo.ts[0m:[93m76[0m:[93m17[0m - [91merror[0m[90m TS2339: [0mProperty 'props' does not exist on type 'RiderStatus'.

[7m76[0m     return this.props.rating;
[7m  [0m [91m                ~~~~~[0m

[96msrc/modules/drivers/domain/value-objects/rider-status.vo.ts[0m:[93m80[0m:[93m17[0m - [91merror[0m[90m TS2339: [0mProperty 'props' does not exist on type 'RiderStatus'.

[7m80[0m     return this.props.totalOrders;
[7m  [0m [91m                ~~~~~[0m

[96msrc/modules/drivers/domain/value-objects/rider-status.vo.ts[0m:[93m84[0m:[93m17[0m - [91merror[0m[90m TS2339: [0mProperty 'props' does not exist on type 'RiderStatus'.

[7m84[0m     return this.props.completedOrders;
[7m  [0m [91m                ~~~~~[0m

[96msrc/modules/drivers/domain/value-objects/rider-status.vo.ts[0m:[93m88[0m:[93m17[0m - [91merror[0m[90m TS2339: [0mProperty 'props' does not exist on type 'RiderStatus'.

[7m88[0m     return this.props.cancelledOrders;
[7m  [0m [91m                ~~~~~[0m

[96msrc/modules/drivers/domain/value-objects/rider-status.vo.ts[0m:[93m92[0m:[93m17[0m - [91merror[0m[90m TS2339: [0mProperty 'props' does not exist on type 'RiderStatus'.

[7m92[0m     return this.props.acceptanceRate;
[7m  [0m [91m                ~~~~~[0m

[96msrc/modules/drivers/domain/value-objects/rider-status.vo.ts[0m:[93m96[0m:[93m17[0m - [91merror[0m[90m TS2339: [0mProperty 'props' does not exist on type 'RiderStatus'.

[7m96[0m     return this.props.completionRate;
[7m  [0m [91m                ~~~~~[0m

[96msrc/modules/drivers/domain/value-objects/rider-status.vo.ts[0m:[93m100[0m:[93m17[0m - [91merror[0m[90m TS2339: [0mProperty 'props' does not exist on type 'RiderStatus'.

[7m100[0m     return this.props.onTimeDeliveryRate;
[7m   [0m [91m                ~~~~~[0m

[96msrc/modules/drivers/domain/value-objects/rider-status.vo.ts[0m:[93m104[0m:[93m17[0m - [91merror[0m[90m TS2339: [0mProperty 'props' does not exist on type 'RiderStatus'.

[7m104[0m     return this.props.lastActiveAt;
[7m   [0m [91m                ~~~~~[0m

[96msrc/modules/drivers/domain/value-objects/rider-status.vo.ts[0m:[93m108[0m:[93m17[0m - [91merror[0m[90m TS2339: [0mProperty 'props' does not exist on type 'RiderStatus'.

[7m108[0m     return this.props.suspensionReason;
[7m   [0m [91m                ~~~~~[0m

[96msrc/modules/drivers/domain/value-objects/rider-status.vo.ts[0m:[93m112[0m:[93m17[0m - [91merror[0m[90m TS2339: [0mProperty 'props' does not exist on type 'RiderStatus'.

[7m112[0m     return this.props.suspendedUntil;
[7m   [0m [91m                ~~~~~[0m

[96msrc/modules/drivers/domain/value-objects/rider-status.vo.ts[0m:[93m116[0m:[93m17[0m - [91merror[0m[90m TS2339: [0mProperty 'props' does not exist on type 'RiderStatus'.

[7m116[0m     return this.props.rejectionReason;
[7m   [0m [91m                ~~~~~[0m

[96msrc/modules/drivers/domain/value-objects/rider-status.vo.ts[0m:[93m120[0m:[93m17[0m - [91merror[0m[90m TS2339: [0mProperty 'props' does not exist on type 'RiderStatus'.

[7m120[0m     return this.props.canReceiveOrders;
[7m   [0m [91m                ~~~~~[0m

[96msrc/modules/drivers/domain/value-objects/rider-status.vo.ts[0m:[93m124[0m:[93m17[0m - [91merror[0m[90m TS2339: [0mProperty 'props' does not exist on type 'RiderStatus'.

[7m124[0m     return this.props.accountStatus === 'active';
[7m   [0m [91m                ~~~~~[0m

[96msrc/modules/drivers/domain/value-objects/rider-status.vo.ts[0m:[93m128[0m:[93m17[0m - [91merror[0m[90m TS2339: [0mProperty 'props' does not exist on type 'RiderStatus'.

[7m128[0m     return this.props.accountStatus === 'inactive';
[7m   [0m [91m                ~~~~~[0m

[96msrc/modules/drivers/domain/value-objects/rider-status.vo.ts[0m:[93m132[0m:[93m17[0m - [91merror[0m[90m TS2339: [0mProperty 'props' does not exist on type 'RiderStatus'.

[7m132[0m     return this.props.accountStatus === 'suspended';
[7m   [0m [91m                ~~~~~[0m

[96msrc/modules/drivers/domain/value-objects/rider-status.vo.ts[0m:[93m136[0m:[93m17[0m - [91merror[0m[90m TS2339: [0mProperty 'props' does not exist on type 'RiderStatus'.

[7m136[0m     return this.props.accountStatus === 'pending_verification';
[7m   [0m [91m                ~~~~~[0m

[96msrc/modules/drivers/domain/value-objects/rider-status.vo.ts[0m:[93m140[0m:[93m17[0m - [91merror[0m[90m TS2339: [0mProperty 'props' does not exist on type 'RiderStatus'.

[7m140[0m     return this.props.accountStatus === 'rejected';
[7m   [0m [91m                ~~~~~[0m

[96msrc/modules/drivers/domain/value-objects/rider-status.vo.ts[0m:[93m144[0m:[93m17[0m - [91merror[0m[90m TS2339: [0mProperty 'props' does not exist on type 'RiderStatus'.

[7m144[0m     return this.props.verificationLevel === 'fully_verified';
[7m   [0m [91m                ~~~~~[0m

[96msrc/modules/drivers/domain/value-objects/rider-status.vo.ts[0m:[93m148[0m:[93m17[0m - [91merror[0m[90m TS2339: [0mProperty 'props' does not exist on type 'RiderStatus'.

[7m148[0m     return this.props.verificationLevel === 'partially_verified';
[7m   [0m [91m                ~~~~~[0m

[96msrc/modules/drivers/domain/value-objects/rider-status.vo.ts[0m:[93m152[0m:[93m17[0m - [91merror[0m[90m TS2339: [0mProperty 'props' does not exist on type 'RiderStatus'.

[7m152[0m     return this.props.verificationLevel === 'unverified';
[7m   [0m [91m                ~~~~~[0m

[96msrc/modules/drivers/domain/value-objects/rider-status.vo.ts[0m:[93m156[0m:[93m62[0m - [91merror[0m[90m TS2339: [0mProperty 'props' does not exist on type 'RiderStatus'.

[7m156[0m     return this.isActive() && this.isFullyVerified() && this.props.canReceiveOrders && !this.isSuspensionActive();
[7m   [0m [91m                                                             ~~~~~[0m

[96msrc/modules/drivers/domain/value-objects/rider-status.vo.ts[0m:[93m160[0m:[93m38[0m - [91merror[0m[90m TS2339: [0mProperty 'props' does not exist on type 'RiderStatus'.

[7m160[0m     if (!this.isSuspended() || !this.props.suspendedUntil) return false;
[7m   [0m [91m                                     ~~~~~[0m

[96msrc/modules/drivers/domain/value-objects/rider-status.vo.ts[0m:[93m161[0m:[93m30[0m - [91merror[0m[90m TS2339: [0mProperty 'props' does not exist on type 'RiderStatus'.

[7m161[0m     return new Date() < this.props.suspendedUntil;
[7m   [0m [91m                             ~~~~~[0m

[96msrc/modules/drivers/domain/value-objects/rider-status.vo.ts[0m:[93m170[0m:[93m15[0m - [91merror[0m[90m TS2339: [0mProperty 'props' does not exist on type 'RiderStatus'.

[7m170[0m       ...this.props,
[7m   [0m [91m              ~~~~~[0m

[96msrc/modules/drivers/domain/value-objects/rider-status.vo.ts[0m:[93m180[0m:[93m15[0m - [91merror[0m[90m TS2339: [0mProperty 'props' does not exist on type 'RiderStatus'.

[7m180[0m       ...this.props,
[7m   [0m [91m              ~~~~~[0m

[96msrc/modules/drivers/domain/value-objects/rider-status.vo.ts[0m:[93m188[0m:[93m15[0m - [91merror[0m[90m TS2339: [0mProperty 'props' does not exist on type 'RiderStatus'.

[7m188[0m       ...this.props,
[7m   [0m [91m              ~~~~~[0m

[96msrc/modules/drivers/domain/value-objects/rider-status.vo.ts[0m:[93m198[0m:[93m15[0m - [91merror[0m[90m TS2339: [0mProperty 'props' does not exist on type 'RiderStatus'.

[7m198[0m       ...this.props,
[7m   [0m [91m              ~~~~~[0m

[96msrc/modules/drivers/domain/value-objects/rider-status.vo.ts[0m:[93m209[0m:[93m15[0m - [91merror[0m[90m TS2339: [0mProperty 'props' does not exist on type 'RiderStatus'.

[7m209[0m       ...this.props,
[7m   [0m [91m              ~~~~~[0m

[96msrc/modules/drivers/domain/value-objects/rider-status.vo.ts[0m:[93m211[0m:[93m67[0m - [91merror[0m[90m TS2339: [0mProperty 'props' does not exist on type 'RiderStatus'.

[7m211[0m       accountStatus: level === 'fully_verified' ? 'active' : this.props.accountStatus,
[7m   [0m [91m                                                                  ~~~~~[0m

[96msrc/modules/drivers/domain/value-objects/rider-status.vo.ts[0m:[93m218[0m:[93m15[0m - [91merror[0m[90m TS2339: [0mProperty 'props' does not exist on type 'RiderStatus'.

[7m218[0m       ...this.props,
[7m   [0m [91m              ~~~~~[0m

[96msrc/modules/drivers/domain/value-objects/rider-status.vo.ts[0m:[93m224[0m:[93m33[0m - [91merror[0m[90m TS2339: [0mProperty 'props' does not exist on type 'RiderStatus'.

[7m224[0m     const newTotalOrders = this.props.totalOrders + 1;
[7m   [0m [91m                                ~~~~~[0m

[96msrc/modules/drivers/domain/value-objects/rider-status.vo.ts[0m:[93m225[0m:[93m37[0m - [91merror[0m[90m TS2339: [0mProperty 'props' does not exist on type 'RiderStatus'.

[7m225[0m     const newCompletedOrders = this.props.completedOrders + 1;
[7m   [0m [91m                                    ~~~~~[0m

[96msrc/modules/drivers/domain/value-objects/rider-status.vo.ts[0m:[93m228[0m:[93m47[0m - [91merror[0m[90m TS2339: [0mProperty 'props' does not exist on type 'RiderStatus'.

[7m228[0m     const onTimeDeliveries = Math.round((this.props.onTimeDeliveryRate / 100) * this.props.completedOrders);
[7m   [0m [91m                                              ~~~~~[0m

[96msrc/modules/drivers/domain/value-objects/rider-status.vo.ts[0m:[93m228[0m:[93m86[0m - [91merror[0m[90m TS2339: [0mProperty 'props' does not exist on type 'RiderStatus'.

[7m228[0m     const onTimeDeliveries = Math.round((this.props.onTimeDeliveryRate / 100) * this.props.completedOrders);
[7m   [0m [91m                                                                                     ~~~~~[0m

[96msrc/modules/drivers/domain/value-objects/rider-status.vo.ts[0m:[93m233[0m:[93m15[0m - [91merror[0m[90m TS2339: [0mProperty 'props' does not exist on type 'RiderStatus'.

[7m233[0m       ...this.props,
[7m   [0m [91m              ~~~~~[0m

[96msrc/modules/drivers/domain/value-objects/rider-status.vo.ts[0m:[93m243[0m:[93m33[0m - [91merror[0m[90m TS2339: [0mProperty 'props' does not exist on type 'RiderStatus'.

[7m243[0m     const newTotalOrders = this.props.totalOrders + 1;
[7m   [0m [91m                                ~~~~~[0m

[96msrc/modules/drivers/domain/value-objects/rider-status.vo.ts[0m:[93m244[0m:[93m37[0m - [91merror[0m[90m TS2339: [0mProperty 'props' does not exist on type 'RiderStatus'.

[7m244[0m     const newCancelledOrders = this.props.cancelledOrders + 1;
[7m   [0m [91m                                    ~~~~~[0m

[96msrc/modules/drivers/domain/value-objects/rider-status.vo.ts[0m:[93m245[0m:[93m37[0m - [91merror[0m[90m TS2339: [0mProperty 'props' does not exist on type 'RiderStatus'.

[7m245[0m     const newCompletionRate = (this.props.completedOrders / newTotalOrders) * 100;
[7m   [0m [91m                                    ~~~~~[0m

[96msrc/modules/drivers/domain/value-objects/rider-status.vo.ts[0m:[93m248[0m:[93m15[0m - [91merror[0m[90m TS2339: [0mProperty 'props' does not exist on type 'RiderStatus'.

[7m248[0m       ...this.props,
[7m   [0m [91m              ~~~~~[0m

[96msrc/modules/drivers/domain/value-objects/rider-status.vo.ts[0m:[93m258[0m:[93m15[0m - [91merror[0m[90m TS2339: [0mProperty 'props' does not exist on type 'RiderStatus'.

[7m258[0m       ...this.props,
[7m   [0m [91m              ~~~~~[0m

[96msrc/modules/drivers/domain/value-objects/rider-status.vo.ts[0m:[93m265[0m:[93m15[0m - [91merror[0m[90m TS2339: [0mProperty 'props' does not exist on type 'RiderStatus'.

[7m265[0m       ...this.props,
[7m   [0m [91m              ~~~~~[0m

[96msrc/modules/drivers/domain/value-objects/rider-status.vo.ts[0m:[93m271[0m:[93m14[0m - [91merror[0m[90m TS2339: [0mProperty 'props' does not exist on type 'RiderStatus'.

[7m271[0m     if (this.props.totalOrders === 0) return 0;
[7m   [0m [91m             ~~~~~[0m

[96msrc/modules/drivers/domain/value-objects/rider-status.vo.ts[0m:[93m272[0m:[93m18[0m - [91merror[0m[90m TS2339: [0mProperty 'props' does not exist on type 'RiderStatus'.

[7m272[0m     return (this.props.cancelledOrders / this.props.totalOrders) * 100;
[7m   [0m [91m                 ~~~~~[0m

[96msrc/modules/drivers/domain/value-objects/rider-status.vo.ts[0m:[93m272[0m:[93m47[0m - [91merror[0m[90m TS2339: [0mProperty 'props' does not exist on type 'RiderStatus'.

[7m272[0m     return (this.props.cancelledOrders / this.props.totalOrders) * 100;
[7m   [0m [91m                                              ~~~~~[0m

[96msrc/modules/drivers/domain/value-objects/rider-status.vo.ts[0m:[93m276[0m:[93m28[0m - [91merror[0m[90m TS2339: [0mProperty 'props' does not exist on type 'RiderStatus'.

[7m276[0m     const avgScore = (this.props.rating + (this.props.acceptanceRate / 20) + (this.props.completionRate / 20) + (this.props.onTimeDeliveryRate / 20)) / 4;
[7m   [0m [91m                           ~~~~~[0m

[96msrc/modules/drivers/domain/value-objects/rider-status.vo.ts[0m:[93m276[0m:[93m49[0m - [91merror[0m[90m TS2339: [0mProperty 'props' does not exist on type 'RiderStatus'.

[7m276[0m     const avgScore = (this.props.rating + (this.props.acceptanceRate / 20) + (this.props.completionRate / 20) + (this.props.onTimeDeliveryRate / 20)) / 4;
[7m   [0m [91m                                                ~~~~~[0m

[96msrc/modules/drivers/domain/value-objects/rider-status.vo.ts[0m:[93m276[0m:[93m84[0m - [91merror[0m[90m TS2339: [0mProperty 'props' does not exist on type 'RiderStatus'.

[7m276[0m     const avgScore = (this.props.rating + (this.props.acceptanceRate / 20) + (this.props.completionRate / 20) + (this.props.onTimeDeliveryRate / 20)) / 4;
[7m   [0m [91m                                                                                   ~~~~~[0m

[96msrc/modules/drivers/domain/value-objects/rider-status.vo.ts[0m:[93m276[0m:[93m119[0m - [91merror[0m[90m TS2339: [0mProperty 'props' does not exist on type 'RiderStatus'.

[7m276[0m     const avgScore = (this.props.rating + (this.props.acceptanceRate / 20) + (this.props.completionRate / 20) + (this.props.onTimeDeliveryRate / 20)) / 4;
[7m   [0m [91m                                                                                                                      ~~~~~[0m

[96msrc/modules/drivers/domain/value-objects/rider-status.vo.ts[0m:[93m285[0m:[93m17[0m - [91merror[0m[90m TS2339: [0mProperty 'props' does not exist on type 'RiderStatus'.

[7m285[0m     return this.props.rating < 3.0 ||
[7m   [0m [91m                ~~~~~[0m

[96msrc/modules/drivers/domain/value-objects/rider-status.vo.ts[0m:[93m286[0m:[93m17[0m - [91merror[0m[90m TS2339: [0mProperty 'props' does not exist on type 'RiderStatus'.

[7m286[0m            this.props.acceptanceRate < 70 ||
[7m   [0m [91m                ~~~~~[0m

[96msrc/modules/drivers/domain/value-objects/rider-status.vo.ts[0m:[93m287[0m:[93m17[0m - [91merror[0m[90m TS2339: [0mProperty 'props' does not exist on type 'RiderStatus'.

[7m287[0m            this.props.completionRate < 85 ||
[7m   [0m [91m                ~~~~~[0m

[96msrc/modules/drivers/domain/value-objects/rider-status.vo.ts[0m:[93m292[0m:[93m18[0m - [91merror[0m[90m TS2339: [0mProperty 'props' does not exist on type 'RiderStatus'.

[7m292[0m     switch (this.props.accountStatus) {
[7m   [0m [91m                 ~~~~~[0m

[96msrc/modules/drivers/domain/value-objects/rider-status.vo.ts[0m:[93m309[0m:[93m18[0m - [91merror[0m[90m TS2339: [0mProperty 'props' does not exist on type 'RiderStatus'.

[7m309[0m     switch (this.props.verificationLevel) {
[7m   [0m [91m                 ~~~~~[0m

[96msrc/modules/drivers/domain/value-objects/rider-status.vo.ts[0m:[93m323[0m:[93m27[0m - [91merror[0m[90m TS2339: [0mProperty 'props' does not exist on type 'RiderStatus'.

[7m323[0m       accountStatus: this.props.accountStatus,
[7m   [0m [91m                          ~~~~~[0m

[96msrc/modules/drivers/domain/value-objects/rider-status.vo.ts[0m:[93m324[0m:[93m31[0m - [91merror[0m[90m TS2339: [0mProperty 'props' does not exist on type 'RiderStatus'.

[7m324[0m       verificationLevel: this.props.verificationLevel,
[7m   [0m [91m                              ~~~~~[0m

[96msrc/modules/drivers/domain/value-objects/rider-status.vo.ts[0m:[93m325[0m:[93m20[0m - [91merror[0m[90m TS2339: [0mProperty 'props' does not exist on type 'RiderStatus'.

[7m325[0m       rating: this.props.rating,
[7m   [0m [91m                   ~~~~~[0m

[96msrc/modules/drivers/domain/value-objects/rider-status.vo.ts[0m:[93m326[0m:[93m25[0m - [91merror[0m[90m TS2339: [0mProperty 'props' does not exist on type 'RiderStatus'.

[7m326[0m       totalOrders: this.props.totalOrders,
[7m   [0m [91m                        ~~~~~[0m

[96msrc/modules/drivers/domain/value-objects/rider-status.vo.ts[0m:[93m327[0m:[93m29[0m - [91merror[0m[90m TS2339: [0mProperty 'props' does not exist on type 'RiderStatus'.

[7m327[0m       completedOrders: this.props.completedOrders,
[7m   [0m [91m                            ~~~~~[0m

[96msrc/modules/drivers/domain/value-objects/rider-status.vo.ts[0m:[93m328[0m:[93m29[0m - [91merror[0m[90m TS2339: [0mProperty 'props' does not exist on type 'RiderStatus'.

[7m328[0m       cancelledOrders: this.props.cancelledOrders,
[7m   [0m [91m                            ~~~~~[0m

[96msrc/modules/drivers/domain/value-objects/rider-status.vo.ts[0m:[93m329[0m:[93m28[0m - [91merror[0m[90m TS2339: [0mProperty 'props' does not exist on type 'RiderStatus'.

[7m329[0m       acceptanceRate: this.props.acceptanceRate,
[7m   [0m [91m                           ~~~~~[0m

[96msrc/modules/drivers/domain/value-objects/rider-status.vo.ts[0m:[93m330[0m:[93m28[0m - [91merror[0m[90m TS2339: [0mProperty 'props' does not exist on type 'RiderStatus'.

[7m330[0m       completionRate: this.props.completionRate,
[7m   [0m [91m                           ~~~~~[0m

[96msrc/modules/drivers/domain/value-objects/rider-status.vo.ts[0m:[93m331[0m:[93m32[0m - [91merror[0m[90m TS2339: [0mProperty 'props' does not exist on type 'RiderStatus'.

[7m331[0m       onTimeDeliveryRate: this.props.onTimeDeliveryRate,
[7m   [0m [91m                               ~~~~~[0m

[96msrc/modules/drivers/domain/value-objects/rider-status.vo.ts[0m:[93m332[0m:[93m26[0m - [91merror[0m[90m TS2339: [0mProperty 'props' does not exist on type 'RiderStatus'.

[7m332[0m       lastActiveAt: this.props.lastActiveAt,
[7m   [0m [91m                         ~~~~~[0m

[96msrc/modules/drivers/domain/value-objects/rider-status.vo.ts[0m:[93m333[0m:[93m30[0m - [91merror[0m[90m TS2339: [0mProperty 'props' does not exist on type 'RiderStatus'.

[7m333[0m       suspensionReason: this.props.suspensionReason,
[7m   [0m [91m                             ~~~~~[0m

[96msrc/modules/drivers/domain/value-objects/rider-status.vo.ts[0m:[93m334[0m:[93m28[0m - [91merror[0m[90m TS2339: [0mProperty 'props' does not exist on type 'RiderStatus'.

[7m334[0m       suspendedUntil: this.props.suspendedUntil,
[7m   [0m [91m                           ~~~~~[0m

[96msrc/modules/drivers/domain/value-objects/rider-status.vo.ts[0m:[93m335[0m:[93m29[0m - [91merror[0m[90m TS2339: [0mProperty 'props' does not exist on type 'RiderStatus'.

[7m335[0m       rejectionReason: this.props.rejectionReason,
[7m   [0m [91m                            ~~~~~[0m

[96msrc/modules/drivers/domain/value-objects/rider-status.vo.ts[0m:[93m336[0m:[93m30[0m - [91merror[0m[90m TS2339: [0mProperty 'props' does not exist on type 'RiderStatus'.

[7m336[0m       canReceiveOrders: this.props.canReceiveOrders,
[7m   [0m [91m                             ~~~~~[0m

[96msrc/modules/drivers/domain/value-objects/shift-status.vo.ts[0m:[93m1[0m:[93m29[0m - [91merror[0m[90m TS2307: [0mCannot find module '../../../common/domain/value-object' or its corresponding type declarations.

[7m1[0m import { ValueObject } from '../../../common/domain/value-object';
[7m [0m [91m                            ~~~~~~~~~~~~~~~~~~~~~~~~~~~~~~~~~~~~~[0m

[96msrc/modules/drivers/domain/value-objects/shift-status.vo.ts[0m:[93m47[0m:[93m17[0m - [91merror[0m[90m TS2339: [0mProperty 'props' does not exist on type 'ShiftStatus'.

[7m47[0m     return this.props.state;
[7m  [0m [91m                ~~~~~[0m

[96msrc/modules/drivers/domain/value-objects/shift-status.vo.ts[0m:[93m51[0m:[93m17[0m - [91merror[0m[90m TS2339: [0mProperty 'props' does not exist on type 'ShiftStatus'.

[7m51[0m     return this.props.startTime;
[7m  [0m [91m                ~~~~~[0m

[96msrc/modules/drivers/domain/value-objects/shift-status.vo.ts[0m:[93m55[0m:[93m17[0m - [91merror[0m[90m TS2339: [0mProperty 'props' does not exist on type 'ShiftStatus'.

[7m55[0m     return this.props.endTime;
[7m  [0m [91m                ~~~~~[0m

[96msrc/modules/drivers/domain/value-objects/shift-status.vo.ts[0m:[93m59[0m:[93m17[0m - [91merror[0m[90m TS2339: [0mProperty 'props' does not exist on type 'ShiftStatus'.

[7m59[0m     return this.props.breakType;
[7m  [0m [91m                ~~~~~[0m

[96msrc/modules/drivers/domain/value-objects/shift-status.vo.ts[0m:[93m63[0m:[93m17[0m - [91merror[0m[90m TS2339: [0mProperty 'props' does not exist on type 'ShiftStatus'.

[7m63[0m     return this.props.breakStartTime;
[7m  [0m [91m                ~~~~~[0m

[96msrc/modules/drivers/domain/value-objects/shift-status.vo.ts[0m:[93m67[0m:[93m17[0m - [91merror[0m[90m TS2339: [0mProperty 'props' does not exist on type 'ShiftStatus'.

[7m67[0m     return this.props.estimatedBreakDuration;
[7m  [0m [91m                ~~~~~[0m

[96msrc/modules/drivers/domain/value-objects/shift-status.vo.ts[0m:[93m71[0m:[93m17[0m - [91merror[0m[90m TS2339: [0mProperty 'props' does not exist on type 'ShiftStatus'.

[7m71[0m     return this.props.isAvailableForOrders;
[7m  [0m [91m                ~~~~~[0m

[96msrc/modules/drivers/domain/value-objects/shift-status.vo.ts[0m:[93m75[0m:[93m17[0m - [91merror[0m[90m TS2339: [0mProperty 'props' does not exist on type 'ShiftStatus'.

[7m75[0m     return this.props.lastLocationUpdate;
[7m  [0m [91m                ~~~~~[0m

[96msrc/modules/drivers/domain/value-objects/shift-status.vo.ts[0m:[93m79[0m:[93m17[0m - [91merror[0m[90m TS2339: [0mProperty 'props' does not exist on type 'ShiftStatus'.

[7m79[0m     return this.props.state === 'online';
[7m  [0m [91m                ~~~~~[0m

[96msrc/modules/drivers/domain/value-objects/shift-status.vo.ts[0m:[93m83[0m:[93m17[0m - [91merror[0m[90m TS2339: [0mProperty 'props' does not exist on type 'ShiftStatus'.

[7m83[0m     return this.props.state === 'offline';
[7m  [0m [91m                ~~~~~[0m

[96msrc/modules/drivers/domain/value-objects/shift-status.vo.ts[0m:[93m87[0m:[93m17[0m - [91merror[0m[90m TS2339: [0mProperty 'props' does not exist on type 'ShiftStatus'.

[7m87[0m     return this.props.state === 'on_break';
[7m  [0m [91m                ~~~~~[0m

[96msrc/modules/drivers/domain/value-objects/shift-status.vo.ts[0m:[93m91[0m:[93m17[0m - [91merror[0m[90m TS2339: [0mProperty 'props' does not exist on type 'ShiftStatus'.

[7m91[0m     return this.props.state === 'busy';
[7m  [0m [91m                ~~~~~[0m

[96msrc/modules/drivers/domain/value-objects/shift-status.vo.ts[0m:[93m95[0m:[93m17[0m - [91merror[0m[90m TS2339: [0mProperty 'props' does not exist on type 'ShiftStatus'.

[7m95[0m     return this.props.isAvailableForOrders && (this.isOnline() || this.isBusy());
[7m  [0m [91m                ~~~~~[0m

[96msrc/modules/drivers/domain/value-objects/shift-status.vo.ts[0m:[93m100[0m:[93m15[0m - [91merror[0m[90m TS2339: [0mProperty 'props' does not exist on type 'ShiftStatus'.

[7m100[0m       ...this.props,
[7m   [0m [91m              ~~~~~[0m

[96msrc/modules/drivers/domain/value-objects/shift-status.vo.ts[0m:[93m102[0m:[93m23[0m - [91merror[0m[90m TS2339: [0mProperty 'props' does not exist on type 'ShiftStatus'.

[7m102[0m       startTime: this.props.startTime || new Date(),
[7m   [0m [91m                      ~~~~~[0m

[96msrc/modules/drivers/domain/value-objects/shift-status.vo.ts[0m:[93m113[0m:[93m15[0m - [91merror[0m[90m TS2339: [0mProperty 'props' does not exist on type 'ShiftStatus'.

[7m113[0m       ...this.props,
[7m   [0m [91m              ~~~~~[0m

[96msrc/modules/drivers/domain/value-objects/shift-status.vo.ts[0m:[93m125[0m:[93m15[0m - [91merror[0m[90m TS2339: [0mProperty 'props' does not exist on type 'ShiftStatus'.

[7m125[0m       ...this.props,
[7m   [0m [91m              ~~~~~[0m

[96msrc/modules/drivers/domain/value-objects/shift-status.vo.ts[0m:[93m136[0m:[93m15[0m - [91merror[0m[90m TS2339: [0mProperty 'props' does not exist on type 'ShiftStatus'.

[7m136[0m       ...this.props,
[7m   [0m [91m              ~~~~~[0m

[96msrc/modules/drivers/domain/value-objects/shift-status.vo.ts[0m:[93m147[0m:[93m15[0m - [91merror[0m[90m TS2339: [0mProperty 'props' does not exist on type 'ShiftStatus'.

[7m147[0m       ...this.props,
[7m   [0m [91m              ~~~~~[0m

[96msrc/modules/drivers/domain/value-objects/shift-status.vo.ts[0m:[93m154[0m:[93m14[0m - [91merror[0m[90m TS2339: [0mProperty 'props' does not exist on type 'ShiftStatus'.

[7m154[0m     if (this.props.state === 'offline') {
[7m   [0m [91m             ~~~~~[0m

[96msrc/modules/drivers/domain/value-objects/shift-status.vo.ts[0m:[93m159[0m:[93m15[0m - [91merror[0m[90m TS2339: [0mProperty 'props' does not exist on type 'ShiftStatus'.

[7m159[0m       ...this.props,
[7m   [0m [91m              ~~~~~[0m

[96msrc/modules/drivers/domain/value-objects/shift-status.vo.ts[0m:[93m160[0m:[93m19[0m - [91merror[0m[90m TS2339: [0mProperty 'props' does not exist on type 'ShiftStatus'.

[7m160[0m       state: this.props.state === 'busy' ? 'online' : this.props.state,
[7m   [0m [91m                  ~~~~~[0m

[96msrc/modules/drivers/domain/value-objects/shift-status.vo.ts[0m:[93m160[0m:[93m60[0m - [91merror[0m[90m TS2339: [0mProperty 'props' does not exist on type 'ShiftStatus'.

[7m160[0m       state: this.props.state === 'busy' ? 'online' : this.props.state,
[7m   [0m [91m                                                           ~~~~~[0m

[96msrc/modules/drivers/domain/value-objects/shift-status.vo.ts[0m:[93m167[0m:[93m15[0m - [91merror[0m[90m TS2339: [0mProperty 'props' does not exist on type 'ShiftStatus'.

[7m167[0m       ...this.props,
[7m   [0m [91m              ~~~~~[0m

[96msrc/modules/drivers/domain/value-objects/shift-status.vo.ts[0m:[93m174[0m:[93m15[0m - [91merror[0m[90m TS2339: [0mProperty 'props' does not exist on type 'ShiftStatus'.

[7m174[0m       ...this.props,
[7m   [0m [91m              ~~~~~[0m

[96msrc/modules/drivers/domain/value-objects/shift-status.vo.ts[0m:[93m180[0m:[93m15[0m - [91merror[0m[90m TS2339: [0mProperty 'props' does not exist on type 'ShiftStatus'.

[7m180[0m     if (!this.props.startTime) return null;
[7m   [0m [91m              ~~~~~[0m

[96msrc/modules/drivers/domain/value-objects/shift-status.vo.ts[0m:[93m182[0m:[93m26[0m - [91merror[0m[90m TS2339: [0mProperty 'props' does not exist on type 'ShiftStatus'.

[7m182[0m     const endTime = this.props.endTime || new Date();
[7m   [0m [91m                         ~~~~~[0m

[96msrc/modules/drivers/domain/value-objects/shift-status.vo.ts[0m:[93m183[0m:[93m37[0m - [91merror[0m[90m TS2339: [0mProperty 'props' does not exist on type 'ShiftStatus'.

[7m183[0m     return endTime.getTime() - this.props.startTime.getTime();
[7m   [0m [91m                                    ~~~~~[0m

[96msrc/modules/drivers/domain/value-objects/shift-status.vo.ts[0m:[93m194[0m:[93m15[0m - [91merror[0m[90m TS2339: [0mProperty 'props' does not exist on type 'ShiftStatus'.

[7m194[0m     if (!this.props.breakStartTime) return null;
[7m   [0m [91m              ~~~~~[0m

[96msrc/modules/drivers/domain/value-objects/shift-status.vo.ts[0m:[93m197[0m:[93m33[0m - [91merror[0m[90m TS2339: [0mProperty 'props' does not exist on type 'ShiftStatus'.

[7m197[0m     return now.getTime() - this.props.breakStartTime.getTime();
[7m   [0m [91m                                ~~~~~[0m

[96msrc/modules/drivers/domain/value-objects/shift-status.vo.ts[0m:[93m208[0m:[93m36[0m - [91merror[0m[90m TS2339: [0mProperty 'props' does not exist on type 'ShiftStatus'.

[7m208[0m     if (!this.isOnBreak() || !this.props.estimatedBreakDuration) return false;
[7m   [0m [91m                                   ~~~~~[0m

[96msrc/modules/drivers/domain/value-objects/shift-status.vo.ts[0m:[93m213[0m:[93m40[0m - [91merror[0m[90m TS2339: [0mProperty 'props' does not exist on type 'ShiftStatus'.

[7m213[0m     return breakDurationMinutes > this.props.estimatedBreakDuration;
[7m   [0m [91m                                       ~~~~~[0m

[96msrc/modules/drivers/domain/value-objects/shift-status.vo.ts[0m:[93m217[0m:[93m15[0m - [91merror[0m[90m TS2339: [0mProperty 'props' does not exist on type 'ShiftStatus'.

[7m217[0m     if (!this.props.lastLocationUpdate) return true;
[7m   [0m [91m              ~~~~~[0m

[96msrc/modules/drivers/domain/value-objects/shift-status.vo.ts[0m:[93m220[0m:[93m46[0m - [91merror[0m[90m TS2339: [0mProperty 'props' does not exist on type 'ShiftStatus'.

[7m220[0m     const ageMinutes = (now.getTime() - this.props.lastLocationUpdate.getTime()) / (1000 * 60);
[7m   [0m [91m                                             ~~~~~[0m

[96msrc/modules/drivers/domain/value-objects/shift-status.vo.ts[0m:[93m225[0m:[93m18[0m - [91merror[0m[90m TS2339: [0mProperty 'props' does not exist on type 'ShiftStatus'.

[7m225[0m     switch (this.props.state) {
[7m   [0m [91m                 ~~~~~[0m

[96msrc/modules/drivers/domain/value-objects/shift-status.vo.ts[0m:[93m240[0m:[93m15[0m - [91merror[0m[90m TS2339: [0mProperty 'props' does not exist on type 'ShiftStatus'.

[7m240[0m     if (!this.props.breakType) return undefined;
[7m   [0m [91m              ~~~~~[0m

[96msrc/modules/drivers/domain/value-objects/shift-status.vo.ts[0m:[93m242[0m:[93m18[0m - [91merror[0m[90m TS2339: [0mProperty 'props' does not exist on type 'ShiftStatus'.

[7m242[0m     switch (this.props.breakType) {
[7m   [0m [91m                 ~~~~~[0m

[96msrc/modules/drivers/domain/value-objects/shift-status.vo.ts[0m:[93m258[0m:[93m19[0m - [91merror[0m[90m TS2339: [0mProperty 'props' does not exist on type 'ShiftStatus'.

[7m258[0m       state: this.props.state,
[7m   [0m [91m                  ~~~~~[0m

[96msrc/modules/drivers/domain/value-objects/shift-status.vo.ts[0m:[93m259[0m:[93m23[0m - [91merror[0m[90m TS2339: [0mProperty 'props' does not exist on type 'ShiftStatus'.

[7m259[0m       startTime: this.props.startTime,
[7m   [0m [91m                      ~~~~~[0m

[96msrc/modules/drivers/domain/value-objects/shift-status.vo.ts[0m:[93m260[0m:[93m21[0m - [91merror[0m[90m TS2339: [0mProperty 'props' does not exist on type 'ShiftStatus'.

[7m260[0m       endTime: this.props.endTime,
[7m   [0m [91m                    ~~~~~[0m

[96msrc/modules/drivers/domain/value-objects/shift-status.vo.ts[0m:[93m261[0m:[93m23[0m - [91merror[0m[90m TS2339: [0mProperty 'props' does not exist on type 'ShiftStatus'.

[7m261[0m       breakType: this.props.breakType,
[7m   [0m [91m                      ~~~~~[0m

[96msrc/modules/drivers/domain/value-objects/shift-status.vo.ts[0m:[93m262[0m:[93m28[0m - [91merror[0m[90m TS2339: [0mProperty 'props' does not exist on type 'ShiftStatus'.

[7m262[0m       breakStartTime: this.props.breakStartTime,
[7m   [0m [91m                           ~~~~~[0m

[96msrc/modules/drivers/domain/value-objects/shift-status.vo.ts[0m:[93m263[0m:[93m36[0m - [91merror[0m[90m TS2339: [0mProperty 'props' does not exist on type 'ShiftStatus'.

[7m263[0m       estimatedBreakDuration: this.props.estimatedBreakDuration,
[7m   [0m [91m                                   ~~~~~[0m

[96msrc/modules/drivers/domain/value-objects/shift-status.vo.ts[0m:[93m264[0m:[93m34[0m - [91merror[0m[90m TS2339: [0mProperty 'props' does not exist on type 'ShiftStatus'.

[7m264[0m       isAvailableForOrders: this.props.isAvailableForOrders,
[7m   [0m [91m                                 ~~~~~[0m

[96msrc/modules/drivers/domain/value-objects/shift-status.vo.ts[0m:[93m265[0m:[93m32[0m - [91merror[0m[90m TS2339: [0mProperty 'props' does not exist on type 'ShiftStatus'.

[7m265[0m       lastLocationUpdate: this.props.lastLocationUpdate,
[7m   [0m [91m                               ~~~~~[0m

[96msrc/modules/drivers/domain/value-objects/vehicle-info.vo.ts[0m:[93m1[0m:[93m29[0m - [91merror[0m[90m TS2307: [0mCannot find module '../../../common/domain/value-object' or its corresponding type declarations.

[7m1[0m import { ValueObject } from '../../../common/domain/value-object';
[7m [0m [91m                            ~~~~~~~~~~~~~~~~~~~~~~~~~~~~~~~~~~~~~[0m

[96msrc/modules/drivers/domain/value-objects/vehicle-info.vo.ts[0m:[93m38[0m:[93m17[0m - [91merror[0m[90m TS2339: [0mProperty 'props' does not exist on type 'VehicleInfo'.

[7m38[0m     return this.props.type;
[7m  [0m [91m                ~~~~~[0m

[96msrc/modules/drivers/domain/value-objects/vehicle-info.vo.ts[0m:[93m42[0m:[93m17[0m - [91merror[0m[90m TS2339: [0mProperty 'props' does not exist on type 'VehicleInfo'.

[7m42[0m     return this.props.make;
[7m  [0m [91m                ~~~~~[0m

[96msrc/modules/drivers/domain/value-objects/vehicle-info.vo.ts[0m:[93m46[0m:[93m17[0m - [91merror[0m[90m TS2339: [0mProperty 'props' does not exist on type 'VehicleInfo'.

[7m46[0m     return this.props.model;
[7m  [0m [91m                ~~~~~[0m

[96msrc/modules/drivers/domain/value-objects/vehicle-info.vo.ts[0m:[93m50[0m:[93m17[0m - [91merror[0m[90m TS2339: [0mProperty 'props' does not exist on type 'VehicleInfo'.

[7m50[0m     return this.props.plateNumber;
[7m  [0m [91m                ~~~~~[0m

[96msrc/modules/drivers/domain/value-objects/vehicle-info.vo.ts[0m:[93m54[0m:[93m17[0m - [91merror[0m[90m TS2339: [0mProperty 'props' does not exist on type 'VehicleInfo'.

[7m54[0m     return this.props.year;
[7m  [0m [91m                ~~~~~[0m

[96msrc/modules/drivers/domain/value-objects/vehicle-info.vo.ts[0m:[93m58[0m:[93m17[0m - [91merror[0m[90m TS2339: [0mProperty 'props' does not exist on type 'VehicleInfo'.

[7m58[0m     return this.props.color;
[7m  [0m [91m                ~~~~~[0m

[96msrc/modules/drivers/domain/value-objects/vehicle-info.vo.ts[0m:[93m62[0m:[93m17[0m - [91merror[0m[90m TS2339: [0mProperty 'props' does not exist on type 'VehicleInfo'.

[7m62[0m     return this.props.registrationNumber;
[7m  [0m [91m                ~~~~~[0m

[96msrc/modules/drivers/domain/value-objects/vehicle-info.vo.ts[0m:[93m66[0m:[93m17[0m - [91merror[0m[90m TS2339: [0mProperty 'props' does not exist on type 'VehicleInfo'.

[7m66[0m     return this.props.insuranceNumber;
[7m  [0m [91m                ~~~~~[0m

[96msrc/modules/drivers/domain/value-objects/vehicle-info.vo.ts[0m:[93m70[0m:[93m17[0m - [91merror[0m[90m TS2339: [0mProperty 'props' does not exist on type 'VehicleInfo'.

[7m70[0m     return this.props.insuranceExpiryDate;
[7m  [0m [91m                ~~~~~[0m

[96msrc/modules/drivers/domain/value-objects/vehicle-info.vo.ts[0m:[93m74[0m:[93m17[0m - [91merror[0m[90m TS2339: [0mProperty 'props' does not exist on type 'VehicleInfo'.

[7m74[0m     return this.props.registrationExpiryDate;
[7m  [0m [91m                ~~~~~[0m

[96msrc/modules/drivers/domain/value-objects/vehicle-info.vo.ts[0m:[93m78[0m:[93m15[0m - [91merror[0m[90m TS2339: [0mProperty 'props' does not exist on type 'VehicleInfo'.

[7m78[0m     if (!this.props.insuranceExpiryDate) return false;
[7m  [0m [91m              ~~~~~[0m

[96msrc/modules/drivers/domain/value-objects/vehicle-info.vo.ts[0m:[93m79[0m:[93m17[0m - [91merror[0m[90m TS2339: [0mProperty 'props' does not exist on type 'VehicleInfo'.

[7m79[0m     return this.props.insuranceExpiryDate < new Date();
[7m  [0m [91m                ~~~~~[0m

[96msrc/modules/drivers/domain/value-objects/vehicle-info.vo.ts[0m:[93m83[0m:[93m15[0m - [91merror[0m[90m TS2339: [0mProperty 'props' does not exist on type 'VehicleInfo'.

[7m83[0m     if (!this.props.registrationExpiryDate) return false;
[7m  [0m [91m              ~~~~~[0m

[96msrc/modules/drivers/domain/value-objects/vehicle-info.vo.ts[0m:[93m84[0m:[93m17[0m - [91merror[0m[90m TS2339: [0mProperty 'props' does not exist on type 'VehicleInfo'.

[7m84[0m     return this.props.registrationExpiryDate < new Date();
[7m  [0m [91m                ~~~~~[0m

[96msrc/modules/drivers/domain/value-objects/vehicle-info.vo.ts[0m:[93m93[0m:[93m15[0m - [91merror[0m[90m TS2339: [0mProperty 'props' does not exist on type 'VehicleInfo'.

[7m93[0m       ...this.props,
[7m  [0m [91m              ~~~~~[0m

[96msrc/modules/drivers/domain/value-objects/vehicle-info.vo.ts[0m:[93m101[0m:[93m15[0m - [91merror[0m[90m TS2339: [0mProperty 'props' does not exist on type 'VehicleInfo'.

[7m101[0m       ...this.props,
[7m   [0m [91m              ~~~~~[0m

[96msrc/modules/drivers/domain/value-objects/vehicle-info.vo.ts[0m:[93m108[0m:[93m20[0m - [91merror[0m[90m TS2339: [0mProperty 'props' does not exist on type 'VehicleInfo'.

[7m108[0m     return `${this.props.year} ${this.props.make} ${this.props.model}`;
[7m   [0m [91m                   ~~~~~[0m

[96msrc/modules/drivers/domain/value-objects/vehicle-info.vo.ts[0m:[93m108[0m:[93m39[0m - [91merror[0m[90m TS2339: [0mProperty 'props' does not exist on type 'VehicleInfo'.

[7m108[0m     return `${this.props.year} ${this.props.make} ${this.props.model}`;
[7m   [0m [91m                                      ~~~~~[0m

[96msrc/modules/drivers/domain/value-objects/vehicle-info.vo.ts[0m:[93m108[0m:[93m58[0m - [91merror[0m[90m TS2339: [0mProperty 'props' does not exist on type 'VehicleInfo'.

[7m108[0m     return `${this.props.year} ${this.props.make} ${this.props.model}`;
[7m   [0m [91m                                                         ~~~~~[0m

[96msrc/modules/drivers/domain/value-objects/vehicle-info.vo.ts[0m:[93m113[0m:[93m18[0m - [91merror[0m[90m TS2339: [0mProperty 'props' does not exist on type 'VehicleInfo'.

[7m113[0m       type: this.props.type,
[7m   [0m [91m                 ~~~~~[0m

[96msrc/modules/drivers/domain/value-objects/vehicle-info.vo.ts[0m:[93m114[0m:[93m18[0m - [91merror[0m[90m TS2339: [0mProperty 'props' does not exist on type 'VehicleInfo'.

[7m114[0m       make: this.props.make,
[7m   [0m [91m                 ~~~~~[0m

[96msrc/modules/drivers/domain/value-objects/vehicle-info.vo.ts[0m:[93m115[0m:[93m19[0m - [91merror[0m[90m TS2339: [0mProperty 'props' does not exist on type 'VehicleInfo'.

[7m115[0m       model: this.props.model,
[7m   [0m [91m                  ~~~~~[0m

[96msrc/modules/drivers/domain/value-objects/vehicle-info.vo.ts[0m:[93m116[0m:[93m25[0m - [91merror[0m[90m TS2339: [0mProperty 'props' does not exist on type 'VehicleInfo'.

[7m116[0m       plateNumber: this.props.plateNumber,
[7m   [0m [91m                        ~~~~~[0m

[96msrc/modules/drivers/domain/value-objects/vehicle-info.vo.ts[0m:[93m117[0m:[93m18[0m - [91merror[0m[90m TS2339: [0mProperty 'props' does not exist on type 'VehicleInfo'.

[7m117[0m       year: this.props.year,
[7m   [0m [91m                 ~~~~~[0m

[96msrc/modules/drivers/domain/value-objects/vehicle-info.vo.ts[0m:[93m118[0m:[93m19[0m - [91merror[0m[90m TS2339: [0mProperty 'props' does not exist on type 'VehicleInfo'.

[7m118[0m       color: this.props.color,
[7m   [0m [91m                  ~~~~~[0m

[96msrc/modules/drivers/domain/value-objects/vehicle-info.vo.ts[0m:[93m119[0m:[93m32[0m - [91merror[0m[90m TS2339: [0mProperty 'props' does not exist on type 'VehicleInfo'.

[7m119[0m       registrationNumber: this.props.registrationNumber,
[7m   [0m [91m                               ~~~~~[0m

[96msrc/modules/drivers/domain/value-objects/vehicle-info.vo.ts[0m:[93m120[0m:[93m29[0m - [91merror[0m[90m TS2339: [0mProperty 'props' does not exist on type 'VehicleInfo'.

[7m120[0m       insuranceNumber: this.props.insuranceNumber,
[7m   [0m [91m                            ~~~~~[0m

[96msrc/modules/drivers/domain/value-objects/vehicle-info.vo.ts[0m:[93m121[0m:[93m33[0m - [91merror[0m[90m TS2339: [0mProperty 'props' does not exist on type 'VehicleInfo'.

[7m121[0m       insuranceExpiryDate: this.props.insuranceExpiryDate,
[7m   [0m [91m                                ~~~~~[0m

[96msrc/modules/drivers/domain/value-objects/vehicle-info.vo.ts[0m:[93m122[0m:[93m36[0m - [91merror[0m[90m TS2339: [0mProperty 'props' does not exist on type 'VehicleInfo'.

[7m122[0m       registrationExpiryDate: this.props.registrationExpiryDate,
[7m   [0m [91m                                   ~~~~~[0m

[96msrc/modules/drivers/infrastructure/repositories/earnings.repository.impl.ts[0m:[93m56[0m:[93m9[0m - [91merror[0m[90m TS2416: [0mProperty 'save' in type 'EarningsRepositoryImpl' is not assignable to the same property in base type 'EarningsRepository'.
  Type '(earnings: Earnings) => Promise<Earnings>' is not assignable to type '(earnings: Earnings) => Promise<void>'.
    Type 'Promise<Earnings>' is not assignable to type 'Promise<void>'.
      Type 'Earnings' is not assignable to type 'void'.

[7m56[0m   async save(earnings: Earnings): Promise<Earnings> {
[7m  [0m [91m        ~~~~[0m

[96msrc/modules/drivers/infrastructure/repositories/earnings.repository.impl.ts[0m:[93m59[0m:[93m18[0m - [91merror[0m[90m TS2339: [0mProperty 'getId' does not exist on type 'Earnings'.

[7m59[0m     if (earnings.getId()) {
[7m  [0m [91m                 ~~~~~[0m

[96msrc/modules/drivers/infrastructure/repositories/earnings.repository.impl.ts[0m:[93m62[0m:[93m31[0m - [91merror[0m[90m TS2339: [0mProperty 'getId' does not exist on type 'Earnings'.

[7m62[0m         where: { id: earnings.getId() },
[7m  [0m [91m                              ~~~~~[0m

[96msrc/modules/drivers/infrastructure/repositories/earnings.repository.impl.ts[0m:[93m70[0m:[93m9[0m - [91merror[0m[90m TS2322: [0mType '{ id: undefined; type: EarningsType; amount: number; currency?: Currency | undefined; description?: string | null | undefined; payoutStatus?: PayoutStatus | undefined; ... 10 more ...; riderOrder?: RiderOrderCreateNestedOneWithoutEarningsInput | undefined; } | { ...; }' is not assignable to type '(Without<EarningsCreateInput, EarningsUncheckedCreateInput> & EarningsUncheckedCreateInput) | (Without<...> & EarningsCreateInput)'.
  Type '{ id: undefined; type?: Prisma.EnumEarningsTypeFieldUpdateOperationsInput | $Enums.EarningsType | undefined; amount?: number | Prisma.FloatFieldUpdateOperationsInput | undefined; ... 13 more ...; riderOrder?: Prisma.RiderOrderUpdateOneWithoutEarningsNestedInput | undefined; }' is not assignable to type '(Without<EarningsCreateInput, EarningsUncheckedCreateInput> & EarningsUncheckedCreateInput) | (Without<...> & EarningsCreateInput)'.
    Type '{ id: undefined; type?: Prisma.EnumEarningsTypeFieldUpdateOperationsInput | $Enums.EarningsType | undefined; amount?: number | Prisma.FloatFieldUpdateOperationsInput | undefined; ... 13 more ...; riderOrder?: Prisma.RiderOrderUpdateOneWithoutEarningsNestedInput | undefined; }' is not assignable to type 'Without<EarningsUncheckedCreateInput, EarningsCreateInput> & EarningsCreateInput'.
      Type '{ id: undefined; type?: Prisma.EnumEarningsTypeFieldUpdateOperationsInput | $Enums.EarningsType | undefined; amount?: number | Prisma.FloatFieldUpdateOperationsInput | undefined; ... 13 more ...; riderOrder?: Prisma.RiderOrderUpdateOneWithoutEarningsNestedInput | undefined; }' is not assignable to type 'EarningsCreateInput'.
        Types of property 'type' are incompatible.
          Type 'EnumEarningsTypeFieldUpdateOperationsInput | EarningsType | undefined' is not assignable to type 'EarningsType'.
            Type 'undefined' is not assignable to type 'EarningsType'.

[7m70[0m         data: {
[7m  [0m [91m        ~~~~[0m

  [96mnode_modules/.prisma/client/index.d.ts[0m:[93m57768[0m:[93m5[0m
    [7m57768[0m     data: XOR<EarningsCreateInput, EarningsUncheckedCreateInput>
    [7m     [0m [96m    ~~~~[0m
    The expected type comes from property 'data' which is declared here on type '{ select?: EarningsSelect<DefaultArgs> | null | undefined; omit?: EarningsOmit<DefaultArgs> | null | undefined; include?: EarningsInclude<...> | ... 1 more ... | undefined; data: (Without<...> & EarningsUncheckedCreateInput) | (Without<...> & EarningsCreateInput); }'

[96msrc/modules/drivers/infrastructure/repositories/earnings.repository.impl.ts[0m:[93m89[0m:[93m9[0m - [91merror[0m[90m TS2416: [0mProperty 'findByRiderId' in type 'EarningsRepositoryImpl' is not assignable to the same property in base type 'EarningsRepository'.
  Type '(riderId: string, pagination?: PaginationOptions | undefined) => Promise<EarningsSearchResult>' is not assignable to type '(riderId: UniqueEntityID) => Promise<Earnings | null>'.
    Type 'Promise<EarningsSearchResult>' is not assignable to type 'Promise<Earnings | null>'.
      Type 'EarningsSearchResult' is missing the following properties from type 'Earnings': earningsId, riderId, earningsDetails, entries, and 44 more.

[7m89[0m   async findByRiderId(
[7m  [0m [91m        ~~~~~~~~~~~~~[0m

[96msrc/modules/drivers/infrastructure/repositories/earnings.repository.impl.ts[0m:[93m114[0m:[93m16[0m - [91merror[0m[90m TS2561: [0mObject literal may only specify known properties, but 'orderId' does not exist in type 'EarningsWhereInput'. Did you mean to write 'riderId'?

[7m114[0m       where: { orderId },
[7m   [0m [91m               ~~~~~~~[0m

[96msrc/modules/drivers/infrastructure/repositories/earnings.repository.impl.ts[0m:[93m124[0m:[93m16[0m - [91merror[0m[90m TS2353: [0mObject literal may only specify known properties, and 'shiftId' does not exist in type 'EarningsWhereInput'.

[7m124[0m       where: { shiftId },
[7m   [0m [91m               ~~~~~~~[0m

[96msrc/modules/drivers/infrastructure/repositories/earnings.repository.impl.ts[0m:[93m181[0m:[93m9[0m - [91merror[0m[90m TS2698: [0mSpread types may only be created from object types.

[7m181[0m         ...where.earnedAt,
[7m   [0m [91m        ~~~~~~~~~~~~~~~~~[0m

[96msrc/modules/drivers/infrastructure/repositories/earnings.repository.impl.ts[0m:[93m194[0m:[93m9[0m - [91merror[0m[90m TS2698: [0mSpread types may only be created from object types.

[7m194[0m         ...where.amount,
[7m   [0m [91m        ~~~~~~~~~~~~~~~[0m

[96msrc/modules/drivers/infrastructure/repositories/earnings.repository.impl.ts[0m:[93m200[0m:[93m7[0m - [91merror[0m[90m TS2322: [0mType 'string' is not assignable to type 'Currency | EnumCurrencyFilter<"Earnings"> | undefined'.

[7m200[0m       where.currency = filters.currency;
[7m   [0m [91m      ~~~~~~~~~~~~~~[0m

[96msrc/modules/drivers/infrastructure/repositories/earnings.repository.impl.ts[0m:[93m204[0m:[93m13[0m - [91merror[0m[90m TS2551: [0mProperty 'orderId' does not exist on type 'EarningsWhereInput'. Did you mean 'riderId'?

[7m204[0m       where.orderId = filters.orderId;
[7m   [0m [91m            ~~~~~~~[0m

  [96mnode_modules/.prisma/client/index.d.ts[0m:[93m72005[0m:[93m5[0m
    [7m72005[0m     riderId?: StringFilter<"Earnings"> | string
    [7m     [0m [96m    ~~~~~~~[0m
    'riderId' is declared here.

[96msrc/modules/drivers/infrastructure/repositories/earnings.repository.impl.ts[0m:[93m208[0m:[93m13[0m - [91merror[0m[90m TS2339: [0mProperty 'shiftId' does not exist on type 'EarningsWhereInput'.

[7m208[0m       where.shiftId = filters.shiftId;
[7m   [0m [91m            ~~~~~~~[0m

[96msrc/modules/drivers/infrastructure/repositories/earnings.repository.impl.ts[0m:[93m298[0m:[93m9[0m - [91merror[0m[90m TS2698: [0mSpread types may only be created from object types.

[7m298[0m         ...where.earnedAt,
[7m   [0m [91m        ~~~~~~~~~~~~~~~~~[0m

[96msrc/modules/drivers/infrastructure/repositories/earnings.repository.impl.ts[0m:[93m309[0m:[93m28[0m - [91merror[0m[90m TS2322: [0mType '"PAID"' is not assignable to type 'PayoutStatus | EnumPayoutStatusFilter<"Earnings"> | undefined'.

[7m309[0m         where: { ...where, payoutStatus: 'PAID' },
[7m   [0m [91m                           ~~~~~~~~~~~~[0m

[96msrc/modules/drivers/infrastructure/repositories/earnings.repository.impl.ts[0m:[93m325[0m:[93m28[0m - [91merror[0m[90m TS2322: [0mType '"PAID"' is not assignable to type 'PayoutStatus | EnumPayoutStatusFilter<"Earnings"> | undefined'.

[7m325[0m         where: { ...where, payoutStatus: 'PAID' },
[7m   [0m [91m                           ~~~~~~~~~~~~[0m

[96msrc/modules/drivers/infrastructure/repositories/earnings.repository.impl.ts[0m:[93m326[0m:[93m20[0m - [91merror[0m[90m TS2353: [0mObject literal may only specify known properties, and 'paidAt' does not exist in type 'EarningsOrderByWithRelationInput | EarningsOrderByWithRelationInput[]'.

[7m326[0m         orderBy: { paidAt: 'desc' },
[7m   [0m [91m                   ~~~~~~[0m

[96msrc/modules/drivers/infrastructure/repositories/earnings.repository.impl.ts[0m:[93m327[0m:[93m19[0m - [91merror[0m[90m TS2353: [0mObject literal may only specify known properties, and 'paidAt' does not exist in type 'EarningsSelect<DefaultArgs>'.

[7m327[0m         select: { paidAt: true },
[7m   [0m [91m                  ~~~~~~[0m

[96msrc/modules/drivers/infrastructure/repositories/earnings.repository.impl.ts[0m:[93m333[0m:[93m26[0m - [91merror[0m[90m TS18048: [0m'paidResult._sum' is possibly 'undefined'.

[7m333[0m       paidAmount: Number(paidResult._sum.amount) || 0,
[7m   [0m [91m                         ~~~~~~~~~~~~~~~[0m

[96msrc/modules/drivers/infrastructure/repositories/earnings.repository.impl.ts[0m:[93m337[0m:[93m35[0m - [91merror[0m[90m TS2339: [0mProperty 'paidAt' does not exist on type '{ id: string; createdAt: Date; updatedAt: Date; type: EarningsType; description: string | null; metadata: JsonValue; currency: Currency; ... 9 more ...; earnedAt: Date; }'.

[7m337[0m       lastPayoutDate: lastPayout?.paidAt || undefined,
[7m   [0m [91m                                  ~~~~~~[0m

[96msrc/modules/drivers/infrastructure/repositories/earnings.repository.impl.ts[0m:[93m355[0m:[93m9[0m - [91merror[0m[90m TS2698: [0mSpread types may only be created from object types.

[7m355[0m         ...where.earnedAt,
[7m   [0m [91m        ~~~~~~~~~~~~~~~~~[0m

[96msrc/modules/drivers/infrastructure/repositories/earnings.repository.impl.ts[0m:[93m385[0m:[93m9[0m - [91merror[0m[90m TS2698: [0mSpread types may only be created from object types.

[7m385[0m         ...where.earnedAt,
[7m   [0m [91m        ~~~~~~~~~~~~~~~~~[0m

[96msrc/modules/drivers/infrastructure/repositories/earnings.repository.impl.ts[0m:[93m562[0m:[93m25[0m - [91merror[0m[90m TS2551: [0mProperty 'getRiderId' does not exist on type 'Earnings'. Did you mean 'riderId'?

[7m562[0m       riderId: earnings.getRiderId(),
[7m   [0m [91m                        ~~~~~~~~~~[0m

  [96msrc/modules/drivers/domain/entities/earnings.entity.ts[0m:[93m81[0m:[93m7[0m
    [7m81[0m   get riderId(): string {
    [7m  [0m [96m      ~~~~~~~[0m
    'riderId' is declared here.

[96msrc/modules/drivers/infrastructure/repositories/earnings.repository.impl.ts[0m:[93m563[0m:[93m25[0m - [91merror[0m[90m TS2339: [0mProperty 'getOrderId' does not exist on type 'Earnings'.

[7m563[0m       orderId: earnings.getOrderId(),
[7m   [0m [91m                        ~~~~~~~~~~[0m

[96msrc/modules/drivers/infrastructure/repositories/earnings.repository.impl.ts[0m:[93m564[0m:[93m25[0m - [91merror[0m[90m TS2339: [0mProperty 'getShiftId' does not exist on type 'Earnings'.

[7m564[0m       shiftId: earnings.getShiftId(),
[7m   [0m [91m                        ~~~~~~~~~~[0m

[96msrc/modules/drivers/infrastructure/repositories/earnings.repository.impl.ts[0m:[93m565[0m:[93m22[0m - [91merror[0m[90m TS2339: [0mProperty 'getType' does not exist on type 'Earnings'.

[7m565[0m       type: earnings.getType() as any,
[7m   [0m [91m                     ~~~~~~~[0m

[96msrc/modules/drivers/infrastructure/repositories/earnings.repository.impl.ts[0m:[93m566[0m:[93m24[0m - [91merror[0m[90m TS2339: [0mProperty 'getAmount' does not exist on type 'Earnings'.

[7m566[0m       amount: earnings.getAmount(),
[7m   [0m [91m                       ~~~~~~~~~[0m

[96msrc/modules/drivers/infrastructure/repositories/earnings.repository.impl.ts[0m:[93m567[0m:[93m26[0m - [91merror[0m[90m TS2551: [0mProperty 'getCurrency' does not exist on type 'Earnings'. Did you mean 'currency'?

[7m567[0m       currency: earnings.getCurrency(),
[7m   [0m [91m                         ~~~~~~~~~~~[0m

  [96msrc/modules/drivers/domain/entities/earnings.entity.ts[0m:[93m113[0m:[93m7[0m
    [7m113[0m   get currency(): string {
    [7m   [0m [96m      ~~~~~~~~[0m
    'currency' is declared here.

[96msrc/modules/drivers/infrastructure/repositories/earnings.repository.impl.ts[0m:[93m568[0m:[93m29[0m - [91merror[0m[90m TS2339: [0mProperty 'getDescription' does not exist on type 'Earnings'.

[7m568[0m       description: earnings.getDescription(),
[7m   [0m [91m                            ~~~~~~~~~~~~~~[0m

[96msrc/modules/drivers/infrastructure/repositories/earnings.repository.impl.ts[0m:[93m569[0m:[93m30[0m - [91merror[0m[90m TS2339: [0mProperty 'getPayoutStatus' does not exist on type 'Earnings'.

[7m569[0m       payoutStatus: earnings.getPayoutStatus() as any,
[7m   [0m [91m                             ~~~~~~~~~~~~~~~[0m

[96msrc/modules/drivers/infrastructure/repositories/earnings.repository.impl.ts[0m:[93m570[0m:[93m33[0m - [91merror[0m[90m TS2339: [0mProperty 'getPayoutReference' does not exist on type 'Earnings'.

[7m570[0m       payoutReference: earnings.getPayoutReference(),
[7m   [0m [91m                                ~~~~~~~~~~~~~~~~~~[0m

[96msrc/modules/drivers/infrastructure/repositories/earnings.repository.impl.ts[0m:[93m571[0m:[93m26[0m - [91merror[0m[90m TS2339: [0mProperty 'getEarnedAt' does not exist on type 'Earnings'.

[7m571[0m       earnedAt: earnings.getEarnedAt(),
[7m   [0m [91m                         ~~~~~~~~~~~[0m

[96msrc/modules/drivers/infrastructure/repositories/earnings.repository.impl.ts[0m:[93m572[0m:[93m24[0m - [91merror[0m[90m TS2339: [0mProperty 'getPaidAt' does not exist on type 'Earnings'.

[7m572[0m       paidAt: earnings.getPaidAt(),
[7m   [0m [91m                       ~~~~~~~~~[0m

[96msrc/modules/drivers/infrastructure/repositories/earnings.repository.impl.ts[0m:[93m573[0m:[93m25[0m - [91merror[0m[90m TS2339: [0mProperty 'getTaxYear' does not exist on type 'Earnings'.

[7m573[0m       taxYear: earnings.getTaxYear(),
[7m   [0m [91m                        ~~~~~~~~~~[0m

[96msrc/modules/drivers/infrastructure/repositories/earnings.repository.impl.ts[0m:[93m574[0m:[93m29[0m - [91merror[0m[90m TS2339: [0mProperty 'getTaxCategory' does not exist on type 'Earnings'.

[7m574[0m       taxCategory: earnings.getTaxCategory(),
[7m   [0m [91m                            ~~~~~~~~~~~~~~[0m

[96msrc/modules/drivers/infrastructure/repositories/earnings.repository.impl.ts[0m:[93m575[0m:[93m7[0m - [91merror[0m[90m TS2322: [0mType 'string | null' is not assignable to type 'NullableJsonNullValueInput | InputJsonValue | undefined'.
  Type 'null' is not assignable to type 'NullableJsonNullValueInput | InputJsonValue | undefined'.

[7m575[0m       metadata: earnings.getMetadata() ? JSON.stringify(earnings.getMetadata()) : null,
[7m   [0m [91m      ~~~~~~~~[0m

  [96mnode_modules/.prisma/client/index.d.ts[0m:[93m78302[0m:[93m5[0m
    [7m78302[0m     metadata?: NullableJsonNullValueInput | InputJsonValue
    [7m     [0m [96m    ~~~~~~~~[0m
    The expected type comes from property 'metadata' which is declared here on type 'EarningsCreateInput | EarningsUpdateInput'

[96msrc/modules/drivers/infrastructure/repositories/earnings.repository.impl.ts[0m:[93m575[0m:[93m26[0m - [91merror[0m[90m TS2339: [0mProperty 'getMetadata' does not exist on type 'Earnings'.

[7m575[0m       metadata: earnings.getMetadata() ? JSON.stringify(earnings.getMetadata()) : null,
[7m   [0m [91m                         ~~~~~~~~~~~[0m

[96msrc/modules/drivers/infrastructure/repositories/earnings.repository.impl.ts[0m:[93m575[0m:[93m66[0m - [91merror[0m[90m TS2339: [0mProperty 'getMetadata' does not exist on type 'Earnings'.

[7m575[0m       metadata: earnings.getMetadata() ? JSON.stringify(earnings.getMetadata()) : null,
[7m   [0m [91m                                                                 ~~~~~~~~~~~[0m

[96msrc/modules/drivers/infrastructure/repositories/earnings.repository.impl.ts[0m:[93m580[0m:[93m12[0m - [91merror[0m[90m TS2673: [0mConstructor of class 'Earnings' is private and only accessible within the class declaration.

[7m580[0m     return new Earnings(
[7m   [0m [91m           ~~~~~~~~~~~~~[0m
[7m581[0m       data.id,
[7m   [0m [91m~~~~~~~~~~~~~~[0m
[7m...[0m 
[7m597[0m       data.updatedAt,
[7m   [0m [91m~~~~~~~~~~~~~~~~~~~~~[0m
[7m598[0m     );
[7m   [0m [91m~~~~~[0m

[96msrc/modules/drivers/infrastructure/repositories/expense.repository.impl.ts[0m:[93m60[0m:[93m9[0m - [91merror[0m[90m TS2416: [0mProperty 'save' in type 'ExpenseRepositoryImpl' is not assignable to the same property in base type 'ExpenseRepository'.
  Type '(expense: Expense) => Promise<Expense>' is not assignable to type '(expense: Expense) => Promise<void>'.
    Type 'Promise<Expense>' is not assignable to type 'Promise<void>'.
      Type 'Expense' is not assignable to type 'void'.

[7m60[0m   async save(expense: Expense): Promise<Expense> {
[7m  [0m [91m        ~~~~[0m

[96msrc/modules/drivers/infrastructure/repositories/expense.repository.impl.ts[0m:[93m63[0m:[93m17[0m - [91merror[0m[90m TS2339: [0mProperty 'getId' does not exist on type 'Expense'.

[7m63[0m     if (expense.getId()) {
[7m  [0m [91m                ~~~~~[0m

[96msrc/modules/drivers/infrastructure/repositories/expense.repository.impl.ts[0m:[93m66[0m:[93m30[0m - [91merror[0m[90m TS2339: [0mProperty 'getId' does not exist on type 'Expense'.

[7m66[0m         where: { id: expense.getId() },
[7m  [0m [91m                             ~~~~~[0m

[96msrc/modules/drivers/infrastructure/repositories/expense.repository.impl.ts[0m:[93m74[0m:[93m9[0m - [91merror[0m[90m TS2322: [0mType '{ id: undefined; category: ExpenseCategory; amount: number; currency?: Currency | undefined; description: string; merchant?: string | null | undefined; receiptUrl?: string | ... 1 more ... | undefined; ... 18 more ...; rider: UserCreateNestedOneWithoutExpensesInput; } | { ...; }' is not assignable to type '(Without<ExpenseCreateInput, ExpenseUncheckedCreateInput> & ExpenseUncheckedCreateInput) | (Without<...> & ExpenseCreateInput)'.
  Type '{ id: undefined; category?: Prisma.EnumExpenseCategoryFieldUpdateOperationsInput | $Enums.ExpenseCategory | undefined; amount?: number | Prisma.FloatFieldUpdateOperationsInput | undefined; ... 22 more ...; rider?: Prisma.UserUpdateOneRequiredWithoutExpensesNestedInput | undefined; }' is not assignable to type '(Without<ExpenseCreateInput, ExpenseUncheckedCreateInput> & ExpenseUncheckedCreateInput) | (Without<...> & ExpenseCreateInput)'.
    Type '{ id: undefined; category?: Prisma.EnumExpenseCategoryFieldUpdateOperationsInput | $Enums.ExpenseCategory | undefined; amount?: number | Prisma.FloatFieldUpdateOperationsInput | undefined; ... 22 more ...; rider?: Prisma.UserUpdateOneRequiredWithoutExpensesNestedInput | undefined; }' is not assignable to type 'Without<ExpenseUncheckedCreateInput, ExpenseCreateInput> & ExpenseCreateInput'.
      Type '{ id: undefined; category?: Prisma.EnumExpenseCategoryFieldUpdateOperationsInput | $Enums.ExpenseCategory | undefined; amount?: number | Prisma.FloatFieldUpdateOperationsInput | undefined; ... 22 more ...; rider?: Prisma.UserUpdateOneRequiredWithoutExpensesNestedInput | undefined; }' is not assignable to type 'ExpenseCreateInput'.
        Types of property 'category' are incompatible.
          Type 'EnumExpenseCategoryFieldUpdateOperationsInput | ExpenseCategory | undefined' is not assignable to type 'ExpenseCategory'.
            Type 'undefined' is not assignable to type 'ExpenseCategory'.

[7m74[0m         data: {
[7m  [0m [91m        ~~~~[0m

  [96mnode_modules/.prisma/client/index.d.ts[0m:[93m60582[0m:[93m5[0m
    [7m60582[0m     data: XOR<ExpenseCreateInput, ExpenseUncheckedCreateInput>
    [7m     [0m [96m    ~~~~[0m
    The expected type comes from property 'data' which is declared here on type '{ select?: ExpenseSelect<DefaultArgs> | null | undefined; omit?: ExpenseOmit<DefaultArgs> | null | undefined; include?: ExpenseInclude<...> | ... 1 more ... | undefined; data: (Without<...> & ExpenseUncheckedCreateInput) | (Without<...> & ExpenseCreateInput); }'

[96msrc/modules/drivers/infrastructure/repositories/expense.repository.impl.ts[0m:[93m93[0m:[93m9[0m - [91merror[0m[90m TS2416: [0mProperty 'findByRiderId' in type 'ExpenseRepositoryImpl' is not assignable to the same property in base type 'ExpenseRepository'.
  Type '(riderId: string, pagination?: PaginationOptions | undefined) => Promise<ExpenseSearchResult>' is not assignable to type '(riderId: UniqueEntityID, pagination?: PaginationOptions | undefined) => Promise<PaginatedResult<Expense>>'.
    Type 'Promise<ExpenseSearchResult>' is not assignable to type 'Promise<PaginatedResult<Expense>>'.
      Type 'ExpenseSearchResult' is missing the following properties from type 'PaginatedResult<Expense>': items, page, limit, totalPages, and 2 more.

[7m93[0m   async findByRiderId(
[7m  [0m [91m        ~~~~~~~~~~~~~[0m

[96msrc/modules/drivers/infrastructure/repositories/expense.repository.impl.ts[0m:[93m116[0m:[93m9[0m - [91merror[0m[90m TS2416: [0mProperty 'findByCategory' in type 'ExpenseRepositoryImpl' is not assignable to the same property in base type 'ExpenseRepository'.
  Type '(category: string, pagination?: PaginationOptions | undefined) => Promise<ExpenseSearchResult>' is not assignable to type '(category: string, riderId?: any, pagination?: PaginationOptions | undefined) => Promise<PaginatedResult<Expense>>'.
    Type 'Promise<ExpenseSearchResult>' is not assignable to type 'Promise<PaginatedResult<Expense>>'.

[7m116[0m   async findByCategory(
[7m   [0m [91m        ~~~~~~~~~~~~~~[0m

[96msrc/modules/drivers/infrastructure/repositories/expense.repository.impl.ts[0m:[93m139[0m:[93m9[0m - [91merror[0m[90m TS2416: [0mProperty 'findByStatus' in type 'ExpenseRepositoryImpl' is not assignable to the same property in base type 'ExpenseRepository'.
  Type '(status: string, pagination?: PaginationOptions | undefined) => Promise<ExpenseSearchResult>' is not assignable to type '(status: string, riderId?: any, pagination?: PaginationOptions | undefined) => Promise<PaginatedResult<Expense>>'.
    Type 'Promise<ExpenseSearchResult>' is not assignable to type 'Promise<PaginatedResult<Expense>>'.

[7m139[0m   async findByStatus(
[7m   [0m [91m        ~~~~~~~~~~~~[0m

[96msrc/modules/drivers/infrastructure/repositories/expense.repository.impl.ts[0m:[93m188[0m:[93m9[0m - [91merror[0m[90m TS2698: [0mSpread types may only be created from object types.

[7m188[0m         ...where.expenseDate,
[7m   [0m [91m        ~~~~~~~~~~~~~~~~~~~~[0m

[96msrc/modules/drivers/infrastructure/repositories/expense.repository.impl.ts[0m:[93m201[0m:[93m9[0m - [91merror[0m[90m TS2698: [0mSpread types may only be created from object types.

[7m201[0m         ...where.amount,
[7m   [0m [91m        ~~~~~~~~~~~~~~~[0m

[96msrc/modules/drivers/infrastructure/repositories/expense.repository.impl.ts[0m:[93m207[0m:[93m7[0m - [91merror[0m[90m TS2322: [0mType 'string' is not assignable to type 'Currency | EnumCurrencyFilter<"Expense"> | undefined'.

[7m207[0m       where.currency = filters.currency;
[7m   [0m [91m      ~~~~~~~~~~~~~~[0m

[96msrc/modules/drivers/infrastructure/repositories/expense.repository.impl.ts[0m:[93m219[0m:[93m13[0m - [91merror[0m[90m TS2551: [0mProperty 'rejectedBy' does not exist on type 'ExpenseWhereInput'. Did you mean 'rejectedAt'?

[7m219[0m       where.rejectedBy = filters.rejectedBy;
[7m   [0m [91m            ~~~~~~~~~~[0m

  [96mnode_modules/.prisma/client/index.d.ts[0m:[93m72311[0m:[93m5[0m
    [7m72311[0m     rejectedAt?: DateTimeNullableFilter<"Expense"> | Date | string | null
    [7m     [0m [96m    ~~~~~~~~~~[0m
    'rejectedAt' is declared here.

[96msrc/modules/drivers/infrastructure/repositories/expense.repository.impl.ts[0m:[93m346[0m:[93m9[0m - [91merror[0m[90m TS2416: [0mProperty 'findPendingExpenses' in type 'ExpenseRepositoryImpl' is not assignable to the same property in base type 'ExpenseRepository'.
  Type '(riderId?: string | undefined, pagination?: PaginationOptions | undefined) => Promise<ExpenseSearchResult>' is not assignable to type '(riderId?: any, pagination?: PaginationOptions | undefined) => Promise<PaginatedResult<Expense>>'.
    Type 'Promise<ExpenseSearchResult>' is not assignable to type 'Promise<PaginatedResult<Expense>>'.

[7m346[0m   async findPendingExpenses(
[7m   [0m [91m        ~~~~~~~~~~~~~~~~~~~[0m

[96msrc/modules/drivers/infrastructure/repositories/expense.repository.impl.ts[0m:[93m362[0m:[93m20[0m - [91merror[0m[90m TS2353: [0mObject literal may only specify known properties, and 'submittedAt' does not exist in type 'ExpenseOrderByWithRelationInput | ExpenseOrderByWithRelationInput[]'.

[7m362[0m         orderBy: { submittedAt: 'asc' },
[7m   [0m [91m                   ~~~~~~~~~~~[0m

[96msrc/modules/drivers/infrastructure/repositories/expense.repository.impl.ts[0m:[93m373[0m:[93m9[0m - [91merror[0m[90m TS2416: [0mProperty 'findReimbursableExpenses' in type 'ExpenseRepositoryImpl' is not assignable to the same property in base type 'ExpenseRepository'.
  Type '(riderId: string, status?: string) => Promise<Expense[]>' is not assignable to type '(riderId?: any, pagination?: PaginationOptions | undefined) => Promise<PaginatedResult<Expense>>'.
    Types of parameters 'status' and 'pagination' are incompatible.
      Type 'PaginationOptions | undefined' is not assignable to type 'string | undefined'.
        Type 'PaginationOptions' is not assignable to type 'string'.

[7m373[0m   async findReimbursableExpenses(
[7m   [0m [91m        ~~~~~~~~~~~~~~~~~~~~~~~~[0m

[96msrc/modules/drivers/infrastructure/repositories/expense.repository.impl.ts[0m:[93m480[0m:[93m9[0m - [91merror[0m[90m TS2698: [0mSpread types may only be created from object types.

[7m480[0m         ...where.expenseDate,
[7m   [0m [91m        ~~~~~~~~~~~~~~~~~~~~[0m

[96msrc/modules/drivers/infrastructure/repositories/expense.repository.impl.ts[0m:[93m514[0m:[93m9[0m - [91merror[0m[90m TS2698: [0mSpread types may only be created from object types.

[7m514[0m         ...where.expenseDate,
[7m   [0m [91m        ~~~~~~~~~~~~~~~~~~~~[0m

[96msrc/modules/drivers/infrastructure/repositories/expense.repository.impl.ts[0m:[93m597[0m:[93m7[0m - [91merror[0m[90m TS2561: [0mObject literal may only specify known properties, but 'riderId' does not exist in type 'ExpenseCreateInput | ExpenseUpdateInput'. Did you mean to write 'rider'?

[7m597[0m       riderId: expense.getRiderId(),
[7m   [0m [91m      ~~~~~~~[0m

[96msrc/modules/drivers/infrastructure/repositories/expense.repository.impl.ts[0m:[93m597[0m:[93m24[0m - [91merror[0m[90m TS2551: [0mProperty 'getRiderId' does not exist on type 'Expense'. Did you mean 'riderId'?

[7m597[0m       riderId: expense.getRiderId(),
[7m   [0m [91m                       ~~~~~~~~~~[0m

  [96msrc/modules/drivers/domain/entities/expense.entity.ts[0m:[93m116[0m:[93m7[0m
    [7m116[0m   get riderId(): string {
    [7m   [0m [96m      ~~~~~~~[0m
    'riderId' is declared here.

[96msrc/modules/drivers/infrastructure/repositories/expense.repository.impl.ts[0m:[93m598[0m:[93m25[0m - [91merror[0m[90m TS2551: [0mProperty 'getCategory' does not exist on type 'Expense'. Did you mean 'category'?

[7m598[0m       category: expense.getCategory() as any,
[7m   [0m [91m                        ~~~~~~~~~~~[0m

  [96msrc/modules/drivers/domain/entities/expense.entity.ts[0m:[93m128[0m:[93m7[0m
    [7m128[0m   get category(): ExpenseCategory {
    [7m   [0m [96m      ~~~~~~~~[0m
    'category' is declared here.

[96msrc/modules/drivers/infrastructure/repositories/expense.repository.impl.ts[0m:[93m599[0m:[93m23[0m - [91merror[0m[90m TS2551: [0mProperty 'getAmount' does not exist on type 'Expense'. Did you mean 'amount'?

[7m599[0m       amount: expense.getAmount(),
[7m   [0m [91m                      ~~~~~~~~~[0m

  [96msrc/modules/drivers/domain/entities/expense.entity.ts[0m:[93m140[0m:[93m7[0m
    [7m140[0m   get amount(): number {
    [7m   [0m [96m      ~~~~~~[0m
    'amount' is declared here.

[96msrc/modules/drivers/infrastructure/repositories/expense.repository.impl.ts[0m:[93m600[0m:[93m25[0m - [91merror[0m[90m TS2551: [0mProperty 'getCurrency' does not exist on type 'Expense'. Did you mean 'currency'?

[7m600[0m       currency: expense.getCurrency(),
[7m   [0m [91m                        ~~~~~~~~~~~[0m

  [96msrc/modules/drivers/domain/entities/expense.entity.ts[0m:[93m144[0m:[93m7[0m
    [7m144[0m   get currency(): string {
    [7m   [0m [96m      ~~~~~~~~[0m
    'currency' is declared here.

[96msrc/modules/drivers/infrastructure/repositories/expense.repository.impl.ts[0m:[93m601[0m:[93m28[0m - [91merror[0m[90m TS2551: [0mProperty 'getDescription' does not exist on type 'Expense'. Did you mean 'description'?

[7m601[0m       description: expense.getDescription(),
[7m   [0m [91m                           ~~~~~~~~~~~~~~[0m

  [96msrc/modules/drivers/domain/entities/expense.entity.ts[0m:[93m136[0m:[93m7[0m
    [7m136[0m   get description(): string {
    [7m   [0m [96m      ~~~~~~~~~~~[0m
    'description' is declared here.

[96msrc/modules/drivers/infrastructure/repositories/expense.repository.impl.ts[0m:[93m602[0m:[93m28[0m - [91merror[0m[90m TS2339: [0mProperty 'getExpenseDate' does not exist on type 'Expense'.

[7m602[0m       expenseDate: expense.getExpenseDate(),
[7m   [0m [91m                           ~~~~~~~~~~~~~~[0m

[96msrc/modules/drivers/infrastructure/repositories/expense.repository.impl.ts[0m:[93m603[0m:[93m27[0m - [91merror[0m[90m TS2339: [0mProperty 'getReceiptUrl' does not exist on type 'Expense'.

[7m603[0m       receiptUrl: expense.getReceiptUrl(),
[7m   [0m [91m                          ~~~~~~~~~~~~~[0m

[96msrc/modules/drivers/infrastructure/repositories/expense.repository.impl.ts[0m:[93m604[0m:[93m31[0m - [91merror[0m[90m TS2551: [0mProperty 'getIsReimbursable' does not exist on type 'Expense'. Did you mean 'isReimbursable'?

[7m604[0m       isReimbursable: expense.getIsReimbursable(),
[7m   [0m [91m                              ~~~~~~~~~~~~~~~~~[0m

  [96msrc/modules/drivers/domain/entities/expense.entity.ts[0m:[93m579[0m:[93m10[0m
    [7m579[0m   public isReimbursable(): boolean {
    [7m   [0m [96m         ~~~~~~~~~~~~~~[0m
    'isReimbursable' is declared here.

[96msrc/modules/drivers/infrastructure/repositories/expense.repository.impl.ts[0m:[93m605[0m:[93m32[0m - [91merror[0m[90m TS2551: [0mProperty 'getIsTaxDeductible' does not exist on type 'Expense'. Did you mean 'isTaxDeductible'?

[7m605[0m       isTaxDeductible: expense.getIsTaxDeductible(),
[7m   [0m [91m                               ~~~~~~~~~~~~~~~~~~[0m

  [96msrc/modules/drivers/domain/entities/expense.entity.ts[0m:[93m168[0m:[93m7[0m
    [7m168[0m   get isTaxDeductible(): boolean {
    [7m   [0m [96m      ~~~~~~~~~~~~~~~[0m
    'isTaxDeductible' is declared here.

[96msrc/modules/drivers/infrastructure/repositories/expense.repository.impl.ts[0m:[93m606[0m:[93m23[0m - [91merror[0m[90m TS2551: [0mProperty 'getStatus' does not exist on type 'Expense'. Did you mean 'status'?

[7m606[0m       status: expense.getStatus() as any,
[7m   [0m [91m                      ~~~~~~~~~[0m

  [96msrc/modules/drivers/domain/entities/expense.entity.ts[0m:[93m176[0m:[93m7[0m
    [7m176[0m   get status(): ExpenseStatus {
    [7m   [0m [96m      ~~~~~~[0m
    'status' is declared here.

[96msrc/modules/drivers/infrastructure/repositories/expense.repository.impl.ts[0m:[93m607[0m:[93m28[0m - [91merror[0m[90m TS2551: [0mProperty 'getSubmittedAt' does not exist on type 'Expense'. Did you mean 'submittedAt'?

[7m607[0m       submittedAt: expense.getSubmittedAt(),
[7m   [0m [91m                           ~~~~~~~~~~~~~~[0m

  [96msrc/modules/drivers/domain/entities/expense.entity.ts[0m:[93m220[0m:[93m7[0m
    [7m220[0m   get submittedAt(): Date | undefined {
    [7m   [0m [96m      ~~~~~~~~~~~[0m
    'submittedAt' is declared here.

[96msrc/modules/drivers/infrastructure/repositories/expense.repository.impl.ts[0m:[93m608[0m:[93m27[0m - [91merror[0m[90m TS2551: [0mProperty 'getReviewedAt' does not exist on type 'Expense'. Did you mean 'reviewedAt'?

[7m608[0m       reviewedAt: expense.getReviewedAt(),
[7m   [0m [91m                          ~~~~~~~~~~~~~[0m

  [96msrc/modules/drivers/domain/entities/expense.entity.ts[0m:[93m228[0m:[93m7[0m
    [7m228[0m   get reviewedAt(): Date | undefined {
    [7m   [0m [96m      ~~~~~~~~~~[0m
    'reviewedAt' is declared here.

[96msrc/modules/drivers/infrastructure/repositories/expense.repository.impl.ts[0m:[93m609[0m:[93m27[0m - [91merror[0m[90m TS2339: [0mProperty 'getApprovedBy' does not exist on type 'Expense'.

[7m609[0m       approvedBy: expense.getApprovedBy(),
[7m   [0m [91m                          ~~~~~~~~~~~~~[0m

[96msrc/modules/drivers/infrastructure/repositories/expense.repository.impl.ts[0m:[93m610[0m:[93m27[0m - [91merror[0m[90m TS2551: [0mProperty 'getApprovedAt' does not exist on type 'Expense'. Did you mean 'getApprovedAmount'?

[7m610[0m       approvedAt: expense.getApprovedAt(),
[7m   [0m [91m                          ~~~~~~~~~~~~~[0m

  [96msrc/modules/drivers/domain/entities/expense.entity.ts[0m:[93m583[0m:[93m10[0m
    [7m583[0m   public getApprovedAmount(): number {
    [7m   [0m [96m         ~~~~~~~~~~~~~~~~~[0m
    'getApprovedAmount' is declared here.

[96msrc/modules/drivers/infrastructure/repositories/expense.repository.impl.ts[0m:[93m611[0m:[93m27[0m - [91merror[0m[90m TS2339: [0mProperty 'getRejectedBy' does not exist on type 'Expense'.

[7m611[0m       rejectedBy: expense.getRejectedBy(),
[7m   [0m [91m                          ~~~~~~~~~~~~~[0m

[96msrc/modules/drivers/infrastructure/repositories/expense.repository.impl.ts[0m:[93m612[0m:[93m27[0m - [91merror[0m[90m TS2339: [0mProperty 'getRejectedAt' does not exist on type 'Expense'.

[7m612[0m       rejectedAt: expense.getRejectedAt(),
[7m   [0m [91m                          ~~~~~~~~~~~~~[0m

[96msrc/modules/drivers/infrastructure/repositories/expense.repository.impl.ts[0m:[93m613[0m:[93m28[0m - [91merror[0m[90m TS2339: [0mProperty 'getReviewNotes' does not exist on type 'Expense'.

[7m613[0m       reviewNotes: expense.getReviewNotes(),
[7m   [0m [91m                           ~~~~~~~~~~~~~~[0m

[96msrc/modules/drivers/infrastructure/repositories/expense.repository.impl.ts[0m:[93m614[0m:[93m24[0m - [91merror[0m[90m TS2339: [0mProperty 'getMileage' does not exist on type 'Expense'.

[7m614[0m       mileage: expense.getMileage(),
[7m   [0m [91m                       ~~~~~~~~~~[0m

[96msrc/modules/drivers/infrastructure/repositories/expense.repository.impl.ts[0m:[93m615[0m:[93m25[0m - [91merror[0m[90m TS2551: [0mProperty 'getLocation' does not exist on type 'Expense'. Did you mean 'location'?

[7m615[0m       location: expense.getLocation(),
[7m   [0m [91m                        ~~~~~~~~~~~[0m

  [96msrc/modules/drivers/domain/entities/expense.entity.ts[0m:[93m152[0m:[93m7[0m
    [7m152[0m   get location(): Location | undefined {
    [7m   [0m [96m      ~~~~~~~~[0m
    'location' is declared here.

[96msrc/modules/drivers/infrastructure/repositories/expense.repository.impl.ts[0m:[93m616[0m:[93m23[0m - [91merror[0m[90m TS2339: [0mProperty 'getVendor' does not exist on type 'Expense'.

[7m616[0m       vendor: expense.getVendor(),
[7m   [0m [91m                      ~~~~~~~~~[0m

[96msrc/modules/drivers/infrastructure/repositories/expense.repository.impl.ts[0m:[93m617[0m:[93m30[0m - [91merror[0m[90m TS2551: [0mProperty 'getPaymentMethod' does not exist on type 'Expense'. Did you mean 'paymentMethod'?

[7m617[0m       paymentMethod: expense.getPaymentMethod(),
[7m   [0m [91m                             ~~~~~~~~~~~~~~~~[0m

  [96msrc/modules/drivers/domain/entities/expense.entity.ts[0m:[93m160[0m:[93m7[0m
    [7m160[0m   get paymentMethod(): PaymentMethod {
    [7m   [0m [96m      ~~~~~~~~~~~~~[0m
    'paymentMethod' is declared here.

[96msrc/modules/drivers/infrastructure/repositories/expense.repository.impl.ts[0m:[93m618[0m:[93m24[0m - [91merror[0m[90m TS2339: [0mProperty 'getTaxYear' does not exist on type 'Expense'.

[7m618[0m       taxYear: expense.getTaxYear(),
[7m   [0m [91m                       ~~~~~~~~~~[0m

[96msrc/modules/drivers/infrastructure/repositories/expense.repository.impl.ts[0m:[93m619[0m:[93m25[0m - [91merror[0m[90m TS2339: [0mProperty 'getMetadata' does not exist on type 'Expense'.

[7m619[0m       metadata: expense.getMetadata() ? JSON.stringify(expense.getMetadata()) : null,
[7m   [0m [91m                        ~~~~~~~~~~~[0m

[96msrc/modules/drivers/infrastructure/repositories/expense.repository.impl.ts[0m:[93m619[0m:[93m64[0m - [91merror[0m[90m TS2339: [0mProperty 'getMetadata' does not exist on type 'Expense'.

[7m619[0m       metadata: expense.getMetadata() ? JSON.stringify(expense.getMetadata()) : null,
[7m   [0m [91m                                                               ~~~~~~~~~~~[0m

[96msrc/modules/drivers/infrastructure/repositories/expense.repository.impl.ts[0m:[93m624[0m:[93m12[0m - [91merror[0m[90m TS2673: [0mConstructor of class 'Expense' is private and only accessible within the class declaration.

[7m624[0m     return new Expense(
[7m   [0m [91m           ~~~~~~~~~~~~[0m
[7m625[0m       data.id,
[7m   [0m [91m~~~~~~~~~~~~~~[0m
[7m...[0m 
[7m650[0m       data.updatedAt,
[7m   [0m [91m~~~~~~~~~~~~~~~~~~~~~[0m
[7m651[0m     );
[7m   [0m [91m~~~~~[0m

[96msrc/modules/drivers/infrastructure/repositories/incident.repository.impl.ts[0m:[93m48[0m:[93m9[0m - [91merror[0m[90m TS2416: [0mProperty 'save' in type 'IncidentRepositoryImpl' is not assignable to the same property in base type 'IncidentRepository'.
  Type '(incident: Incident) => Promise<Incident>' is not assignable to type '(incident: Incident) => Promise<void>'.
    Type 'Promise<Incident>' is not assignable to type 'Promise<void>'.
      Type 'Incident' is not assignable to type 'void'.

[7m48[0m   async save(incident: Incident): Promise<Incident> {
[7m  [0m [91m        ~~~~[0m

[96msrc/modules/drivers/infrastructure/repositories/incident.repository.impl.ts[0m:[93m51[0m:[93m18[0m - [91merror[0m[90m TS2339: [0mProperty 'getId' does not exist on type 'Incident'.

[7m51[0m     if (incident.getId()) {
[7m  [0m [91m                 ~~~~~[0m

[96msrc/modules/drivers/infrastructure/repositories/incident.repository.impl.ts[0m:[93m54[0m:[93m31[0m - [91merror[0m[90m TS2339: [0mProperty 'getId' does not exist on type 'Incident'.

[7m54[0m         where: { id: incident.getId() },
[7m  [0m [91m                              ~~~~~[0m

[96msrc/modules/drivers/infrastructure/repositories/incident.repository.impl.ts[0m:[93m62[0m:[93m9[0m - [91merror[0m[90m TS2322: [0mType '{ id: undefined; type: IncidentType; severity?: IncidentSeverity | undefined; status?: IncidentStatus | undefined; title: string; ... 22 more ...; riderOrder?: RiderOrderCreateNestedOneWithoutIncidentsInput | undefined; } | { ...; }' is not assignable to type '(Without<IncidentCreateInput, IncidentUncheckedCreateInput> & IncidentUncheckedCreateInput) | (Without<...> & IncidentCreateInput)'.
  Type '{ id: undefined; type?: Prisma.EnumIncidentTypeFieldUpdateOperationsInput | $Enums.IncidentType | undefined; severity?: Prisma.EnumIncidentSeverityFieldUpdateOperationsInput | $Enums.IncidentSeverity | undefined; ... 24 more ...; riderOrder?: Prisma.RiderOrderUpdateOneWithoutIncidentsNestedInput | undefined; }' is not assignable to type '(Without<IncidentCreateInput, IncidentUncheckedCreateInput> & IncidentUncheckedCreateInput) | (Without<...> & IncidentCreateInput)'.
    Type '{ id: undefined; type?: Prisma.EnumIncidentTypeFieldUpdateOperationsInput | $Enums.IncidentType | undefined; severity?: Prisma.EnumIncidentSeverityFieldUpdateOperationsInput | $Enums.IncidentSeverity | undefined; ... 24 more ...; riderOrder?: Prisma.RiderOrderUpdateOneWithoutIncidentsNestedInput | undefined; }' is not assignable to type 'Without<IncidentUncheckedCreateInput, IncidentCreateInput> & IncidentCreateInput'.
      Type '{ id: undefined; type?: Prisma.EnumIncidentTypeFieldUpdateOperationsInput | $Enums.IncidentType | undefined; severity?: Prisma.EnumIncidentSeverityFieldUpdateOperationsInput | $Enums.IncidentSeverity | undefined; ... 24 more ...; riderOrder?: Prisma.RiderOrderUpdateOneWithoutIncidentsNestedInput | undefined; }' is not assignable to type 'IncidentCreateInput'.
        Types of property 'type' are incompatible.
          Type 'EnumIncidentTypeFieldUpdateOperationsInput | IncidentType | undefined' is not assignable to type 'IncidentType'.
            Type 'undefined' is not assignable to type 'IncidentType'.

[7m62[0m         data: {
[7m  [0m [91m        ~~~~[0m

  [96mnode_modules/.prisma/client/index.d.ts[0m:[93m59178[0m:[93m5[0m
    [7m59178[0m     data: XOR<IncidentCreateInput, IncidentUncheckedCreateInput>
    [7m     [0m [96m    ~~~~[0m
    The expected type comes from property 'data' which is declared here on type '{ select?: IncidentSelect<DefaultArgs> | null | undefined; omit?: IncidentOmit<DefaultArgs> | null | undefined; include?: IncidentInclude<...> | ... 1 more ... | undefined; data: (Without<...> & IncidentUncheckedCreateInput) | (Without<...> & IncidentCreateInput); }'

[96msrc/modules/drivers/infrastructure/repositories/incident.repository.impl.ts[0m:[93m81[0m:[93m9[0m - [91merror[0m[90m TS2416: [0mProperty 'findByRiderId' in type 'IncidentRepositoryImpl' is not assignable to the same property in base type 'IncidentRepository'.
  Type '(riderId: string, pagination?: PaginationOptions | undefined) => Promise<IncidentSearchResult>' is not assignable to type '(riderId: UniqueEntityID, pagination?: PaginationOptions | undefined) => Promise<PaginatedResult<Incident>>'.
    Type 'Promise<IncidentSearchResult>' is not assignable to type 'Promise<PaginatedResult<Incident>>'.
      Type 'IncidentSearchResult' is missing the following properties from type 'PaginatedResult<Incident>': items, page, limit, totalPages, and 2 more.

[7m81[0m   async findByRiderId(
[7m  [0m [91m        ~~~~~~~~~~~~~[0m

[96msrc/modules/drivers/infrastructure/repositories/incident.repository.impl.ts[0m:[93m106[0m:[93m16[0m - [91merror[0m[90m TS2561: [0mObject literal may only specify known properties, but 'orderId' does not exist in type 'IncidentWhereInput'. Did you mean to write 'riderId'?

[7m106[0m       where: { orderId },
[7m   [0m [91m               ~~~~~~~[0m

[96msrc/modules/drivers/infrastructure/repositories/incident.repository.impl.ts[0m:[93m116[0m:[93m16[0m - [91merror[0m[90m TS2353: [0mObject literal may only specify known properties, and 'shiftId' does not exist in type 'IncidentWhereInput'.

[7m116[0m       where: { shiftId },
[7m   [0m [91m               ~~~~~~~[0m

[96msrc/modules/drivers/infrastructure/repositories/incident.repository.impl.ts[0m:[93m124[0m:[93m9[0m - [91merror[0m[90m TS2416: [0mProperty 'findByStatus' in type 'IncidentRepositoryImpl' is not assignable to the same property in base type 'IncidentRepository'.
  Type '(status: string, pagination?: PaginationOptions | undefined) => Promise<IncidentSearchResult>' is not assignable to type '(status: string, pagination?: PaginationOptions | undefined) => Promise<PaginatedResult<Incident>>'.
    Type 'Promise<IncidentSearchResult>' is not assignable to type 'Promise<PaginatedResult<Incident>>'.

[7m124[0m   async findByStatus(
[7m   [0m [91m        ~~~~~~~~~~~~[0m

[96msrc/modules/drivers/infrastructure/repositories/incident.repository.impl.ts[0m:[93m147[0m:[93m9[0m - [91merror[0m[90m TS2416: [0mProperty 'findBySeverity' in type 'IncidentRepositoryImpl' is not assignable to the same property in base type 'IncidentRepository'.
  Type '(severity: string, pagination?: PaginationOptions | undefined) => Promise<IncidentSearchResult>' is not assignable to type '(severity: string, pagination?: PaginationOptions | undefined) => Promise<PaginatedResult<Incident>>'.
    Type 'Promise<IncidentSearchResult>' is not assignable to type 'Promise<PaginatedResult<Incident>>'.

[7m147[0m   async findBySeverity(
[7m   [0m [91m        ~~~~~~~~~~~~~~[0m

[96msrc/modules/drivers/infrastructure/repositories/incident.repository.impl.ts[0m:[93m181[0m:[93m13[0m - [91merror[0m[90m TS2551: [0mProperty 'orderId' does not exist on type 'IncidentWhereInput'. Did you mean 'riderId'?

[7m181[0m       where.orderId = filters.orderId;
[7m   [0m [91m            ~~~~~~~[0m

  [96mnode_modules/.prisma/client/index.d.ts[0m:[93m72125[0m:[93m5[0m
    [7m72125[0m     riderId?: StringFilter<"Incident"> | string
    [7m     [0m [96m    ~~~~~~~[0m
    'riderId' is declared here.

[96msrc/modules/drivers/infrastructure/repositories/incident.repository.impl.ts[0m:[93m185[0m:[93m13[0m - [91merror[0m[90m TS2339: [0mProperty 'shiftId' does not exist on type 'IncidentWhereInput'.

[7m185[0m       where.shiftId = filters.shiftId;
[7m   [0m [91m            ~~~~~~~[0m

[96msrc/modules/drivers/infrastructure/repositories/incident.repository.impl.ts[0m:[93m208[0m:[93m9[0m - [91merror[0m[90m TS2698: [0mSpread types may only be created from object types.

[7m208[0m         ...where.reportedAt,
[7m   [0m [91m        ~~~~~~~~~~~~~~~~~~~[0m

[96msrc/modules/drivers/infrastructure/repositories/incident.repository.impl.ts[0m:[93m214[0m:[93m13[0m - [91merror[0m[90m TS2551: [0mProperty 'reportedBy' does not exist on type 'IncidentWhereInput'. Did you mean 'reportedAt'?

[7m214[0m       where.reportedBy = filters.reportedBy;
[7m   [0m [91m            ~~~~~~~~~~[0m

  [96mnode_modules/.prisma/client/index.d.ts[0m:[93m72149[0m:[93m5[0m
    [7m72149[0m     reportedAt?: DateTimeFilter<"Incident"> | Date | string
    [7m     [0m [96m    ~~~~~~~~~~[0m
    'reportedAt' is declared here.

[96msrc/modules/drivers/infrastructure/repositories/incident.repository.impl.ts[0m:[93m218[0m:[93m13[0m - [91merror[0m[90m TS2339: [0mProperty 'assignedTo' does not exist on type 'IncidentWhereInput'.

[7m218[0m       where.assignedTo = filters.assignedTo;
[7m   [0m [91m            ~~~~~~~~~~[0m

[96msrc/modules/drivers/infrastructure/repositories/incident.repository.impl.ts[0m:[93m222[0m:[93m13[0m - [91merror[0m[90m TS2339: [0mProperty 'city' does not exist on type 'IncidentWhereInput'.

[7m222[0m       where.city = {
[7m   [0m [91m            ~~~~[0m

[96msrc/modules/drivers/infrastructure/repositories/incident.repository.impl.ts[0m:[93m266[0m:[93m19[0m - [91merror[0m[90m TS2345: [0mArgument of type 'string' is not assignable to parameter of type 'Date'.

[7m266[0m       params.push(riderId);
[7m   [0m [91m                  ~~~~~~~[0m

[96msrc/modules/drivers/infrastructure/repositories/incident.repository.impl.ts[0m:[93m303[0m:[93m9[0m - [91merror[0m[90m TS2416: [0mProperty 'findCriticalIncidents' in type 'IncidentRepositoryImpl' is not assignable to the same property in base type 'IncidentRepository'.
  Type '() => Promise<Incident[]>' is not assignable to type '(riderId?: any, pagination?: PaginationOptions | undefined) => Promise<PaginatedResult<Incident>>'.
    Type 'Promise<Incident[]>' is not assignable to type 'Promise<PaginatedResult<Incident>>'.
      Type 'Incident[]' is missing the following properties from type 'PaginatedResult<Incident>': items, total, page, limit, and 3 more.

[7m303[0m   async findCriticalIncidents(): Promise<Incident[]> {
[7m   [0m [91m        ~~~~~~~~~~~~~~~~~~~~~[0m

[96msrc/modules/drivers/infrastructure/repositories/incident.repository.impl.ts[0m:[93m308[0m:[93m28[0m - [91merror[0m[90m TS2322: [0mType '"INVESTIGATING"' is not assignable to type 'IncidentStatus'.

[7m308[0m           in: ['REPORTED', 'INVESTIGATING', 'IN_PROGRESS'],
[7m   [0m [91m                           ~~~~~~~~~~~~~~~[0m

[96msrc/modules/drivers/infrastructure/repositories/incident.repository.impl.ts[0m:[93m308[0m:[93m45[0m - [91merror[0m[90m TS2322: [0mType '"IN_PROGRESS"' is not assignable to type 'IncidentStatus'.

[7m308[0m           in: ['REPORTED', 'INVESTIGATING', 'IN_PROGRESS'],
[7m   [0m [91m                                            ~~~~~~~~~~~~~[0m

[96msrc/modules/drivers/infrastructure/repositories/incident.repository.impl.ts[0m:[93m327[0m:[93m28[0m - [91merror[0m[90m TS2322: [0mType '"INVESTIGATING"' is not assignable to type 'IncidentStatus'.

[7m327[0m           in: ['REPORTED', 'INVESTIGATING', 'IN_PROGRESS'],
[7m   [0m [91m                           ~~~~~~~~~~~~~~~[0m

[96msrc/modules/drivers/infrastructure/repositories/incident.repository.impl.ts[0m:[93m327[0m:[93m45[0m - [91merror[0m[90m TS2322: [0mType '"IN_PROGRESS"' is not assignable to type 'IncidentStatus'.

[7m327[0m           in: ['REPORTED', 'INVESTIGATING', 'IN_PROGRESS'],
[7m   [0m [91m                                            ~~~~~~~~~~~~~[0m

[96msrc/modules/drivers/infrastructure/repositories/incident.repository.impl.ts[0m:[93m363[0m:[93m16[0m - [91merror[0m[90m TS2551: [0mProperty 'getLatitude' does not exist on type 'Location'. Did you mean 'latitude'?

[7m363[0m       location.getLatitude(),
[7m   [0m [91m               ~~~~~~~~~~~[0m

  [96msrc/modules/drivers/domain/value-objects/location.vo.ts[0m:[93m36[0m:[93m7[0m
    [7m36[0m   get latitude(): number {
    [7m  [0m [96m      ~~~~~~~~[0m
    'latitude' is declared here.

[96msrc/modules/drivers/infrastructure/repositories/incident.repository.impl.ts[0m:[93m364[0m:[93m16[0m - [91merror[0m[90m TS2551: [0mProperty 'getLongitude' does not exist on type 'Location'. Did you mean 'longitude'?

[7m364[0m       location.getLongitude(),
[7m   [0m [91m               ~~~~~~~~~~~~[0m

  [96msrc/modules/drivers/domain/value-objects/location.vo.ts[0m:[93m40[0m:[93m7[0m
    [7m40[0m   get longitude(): number {
    [7m  [0m [96m      ~~~~~~~~~[0m
    'longitude' is declared here.

[96msrc/modules/drivers/infrastructure/repositories/incident.repository.impl.ts[0m:[93m365[0m:[93m16[0m - [91merror[0m[90m TS2551: [0mProperty 'getLatitude' does not exist on type 'Location'. Did you mean 'latitude'?

[7m365[0m       location.getLatitude(),
[7m   [0m [91m               ~~~~~~~~~~~[0m

  [96msrc/modules/drivers/domain/value-objects/location.vo.ts[0m:[93m36[0m:[93m7[0m
    [7m36[0m   get latitude(): number {
    [7m  [0m [96m      ~~~~~~~~[0m
    'latitude' is declared here.

[96msrc/modules/drivers/infrastructure/repositories/incident.repository.impl.ts[0m:[93m405[0m:[93m28[0m - [91merror[0m[90m TS2551: [0mProperty 'getLatitude' does not exist on type 'Location'. Did you mean 'latitude'?

[7m405[0m         latitude: location.getLatitude(),
[7m   [0m [91m                           ~~~~~~~~~~~[0m

  [96msrc/modules/drivers/domain/value-objects/location.vo.ts[0m:[93m36[0m:[93m7[0m
    [7m36[0m   get latitude(): number {
    [7m  [0m [96m      ~~~~~~~~[0m
    'latitude' is declared here.

[96msrc/modules/drivers/infrastructure/repositories/incident.repository.impl.ts[0m:[93m406[0m:[93m29[0m - [91merror[0m[90m TS2551: [0mProperty 'getLongitude' does not exist on type 'Location'. Did you mean 'longitude'?

[7m406[0m         longitude: location.getLongitude(),
[7m   [0m [91m                            ~~~~~~~~~~~~[0m

  [96msrc/modules/drivers/domain/value-objects/location.vo.ts[0m:[93m40[0m:[93m7[0m
    [7m40[0m   get longitude(): number {
    [7m  [0m [96m      ~~~~~~~~~[0m
    'longitude' is declared here.

[96msrc/modules/drivers/infrastructure/repositories/incident.repository.impl.ts[0m:[93m418[0m:[93m17[0m - [91merror[0m[90m TS2353: [0mObject literal may only specify known properties, and 'adminNotes' does not exist in type 'IncidentSelect<DefaultArgs>'.

[7m418[0m       select: { adminNotes: true },
[7m   [0m [91m                ~~~~~~~~~~[0m

  [96mnode_modules/.prisma/client/index.d.ts[0m:[93m58971[0m:[93m5[0m
    [7m58971[0m     select?: IncidentSelect<ExtArgs> | null
    [7m     [0m [96m    ~~~~~~[0m
    The expected type comes from property 'select' which is declared here on type '{ select?: IncidentSelect<DefaultArgs> | null | undefined; omit?: IncidentOmit<DefaultArgs> | null | undefined; include?: IncidentInclude<...> | ... 1 more ... | undefined; where: IncidentWhereUniqueInput; }'

[96msrc/modules/drivers/infrastructure/repositories/incident.repository.impl.ts[0m:[93m423[0m:[93m37[0m - [91merror[0m[90m TS2339: [0mProperty 'adminNotes' does not exist on type '{ id: string; status: IncidentStatus; createdAt: Date; updatedAt: Date; documents: string[]; address: string | null; type: IncidentType; latitude: number | null; ... 19 more ...; actualCost: number | null; }'.

[7m423[0m     const existingNotes = incident?.adminNotes || '';
[7m   [0m [91m                                    ~~~~~~~~~~[0m

[96msrc/modules/drivers/infrastructure/repositories/incident.repository.impl.ts[0m:[93m428[0m:[93m15[0m - [91merror[0m[90m TS2353: [0mObject literal may only specify known properties, and 'adminNotes' does not exist in type '(Without<IncidentUpdateInput, IncidentUncheckedUpdateInput> & IncidentUncheckedUpdateInput) | (Without<...> & IncidentUpdateInput)'.

[7m428[0m       data: { adminNotes: updatedNotes },
[7m   [0m [91m              ~~~~~~~~~~[0m

  [96mnode_modules/.prisma/client/index.d.ts[0m:[93m59234[0m:[93m5[0m
    [7m59234[0m     data: XOR<IncidentUpdateInput, IncidentUncheckedUpdateInput>
    [7m     [0m [96m    ~~~~[0m
    The expected type comes from property 'data' which is declared here on type '{ select?: IncidentSelect<DefaultArgs> | null | undefined; omit?: IncidentOmit<DefaultArgs> | null | undefined; include?: IncidentInclude<...> | ... 1 more ... | undefined; data: (Without<...> & IncidentUncheckedUpdateInput) | (Without<...> & IncidentUpdateInput); where: IncidentWhereUniqueInput; }'

[96msrc/modules/drivers/infrastructure/repositories/incident.repository.impl.ts[0m:[93m486[0m:[93m9[0m - [91merror[0m[90m TS2698: [0mSpread types may only be created from object types.

[7m486[0m         ...where.reportedAt,
[7m   [0m [91m        ~~~~~~~~~~~~~~~~~~~[0m

[96msrc/modules/drivers/infrastructure/repositories/incident.repository.impl.ts[0m:[93m501[0m:[93m32[0m - [91merror[0m[90m TS2345: [0mArgument of type 'Date' is not assignable to parameter of type 'never'.

[7m501[0m     if (startDate) params.push(startDate);
[7m   [0m [91m                               ~~~~~~~~~[0m

[96msrc/modules/drivers/infrastructure/repositories/incident.repository.impl.ts[0m:[93m502[0m:[93m30[0m - [91merror[0m[90m TS2345: [0mArgument of type 'Date' is not assignable to parameter of type 'never'.

[7m502[0m     if (endDate) params.push(endDate);
[7m   [0m [91m                             ~~~~~~~[0m

[96msrc/modules/drivers/infrastructure/repositories/incident.repository.impl.ts[0m:[93m540[0m:[93m31[0m - [91merror[0m[90m TS2551: [0mProperty 'getLocation' does not exist on type 'Incident'. Did you mean 'location'?

[7m540[0m     const location = incident.getLocation();
[7m   [0m [91m                              ~~~~~~~~~~~[0m

  [96msrc/modules/drivers/domain/entities/incident.entity.ts[0m:[93m170[0m:[93m7[0m
    [7m170[0m   get location(): Location {
    [7m   [0m [96m      ~~~~~~~~[0m
    'location' is declared here.

[96msrc/modules/drivers/infrastructure/repositories/incident.repository.impl.ts[0m:[93m543[0m:[93m7[0m - [91merror[0m[90m TS2561: [0mObject literal may only specify known properties, but 'riderId' does not exist in type 'IncidentCreateInput | IncidentUpdateInput'. Did you mean to write 'rider'?

[7m543[0m       riderId: incident.getRiderId(),
[7m   [0m [91m      ~~~~~~~[0m

[96msrc/modules/drivers/infrastructure/repositories/incident.repository.impl.ts[0m:[93m543[0m:[93m25[0m - [91merror[0m[90m TS2551: [0mProperty 'getRiderId' does not exist on type 'Incident'. Did you mean 'riderId'?

[7m543[0m       riderId: incident.getRiderId(),
[7m   [0m [91m                        ~~~~~~~~~~[0m

  [96msrc/modules/drivers/domain/entities/incident.entity.ts[0m:[93m138[0m:[93m7[0m
    [7m138[0m   get riderId(): string {
    [7m   [0m [96m      ~~~~~~~[0m
    'riderId' is declared here.

[96msrc/modules/drivers/infrastructure/repositories/incident.repository.impl.ts[0m:[93m544[0m:[93m25[0m - [91merror[0m[90m TS2551: [0mProperty 'getOrderId' does not exist on type 'Incident'. Did you mean 'orderId'?

[7m544[0m       orderId: incident.getOrderId(),
[7m   [0m [91m                        ~~~~~~~~~~[0m

  [96msrc/modules/drivers/domain/entities/incident.entity.ts[0m:[93m142[0m:[93m7[0m
    [7m142[0m   get orderId(): string | undefined {
    [7m   [0m [96m      ~~~~~~~[0m
    'orderId' is declared here.

[96msrc/modules/drivers/infrastructure/repositories/incident.repository.impl.ts[0m:[93m545[0m:[93m25[0m - [91merror[0m[90m TS2551: [0mProperty 'getShiftId' does not exist on type 'Incident'. Did you mean 'shiftId'?

[7m545[0m       shiftId: incident.getShiftId(),
[7m   [0m [91m                        ~~~~~~~~~~[0m

  [96msrc/modules/drivers/domain/entities/incident.entity.ts[0m:[93m146[0m:[93m7[0m
    [7m146[0m   get shiftId(): string | undefined {
    [7m   [0m [96m      ~~~~~~~[0m
    'shiftId' is declared here.

[96msrc/modules/drivers/infrastructure/repositories/incident.repository.impl.ts[0m:[93m546[0m:[93m22[0m - [91merror[0m[90m TS2339: [0mProperty 'getType' does not exist on type 'Incident'.

[7m546[0m       type: incident.getType() as any,
[7m   [0m [91m                     ~~~~~~~[0m

[96msrc/modules/drivers/infrastructure/repositories/incident.repository.impl.ts[0m:[93m547[0m:[93m26[0m - [91merror[0m[90m TS2551: [0mProperty 'getSeverity' does not exist on type 'Incident'. Did you mean 'severity'?

[7m547[0m       severity: incident.getSeverity() as any,
[7m   [0m [91m                         ~~~~~~~~~~~[0m

  [96msrc/modules/drivers/domain/entities/incident.entity.ts[0m:[93m154[0m:[93m7[0m
    [7m154[0m   get severity(): IncidentSeverity {
    [7m   [0m [96m      ~~~~~~~~[0m
    'severity' is declared here.

[96msrc/modules/drivers/infrastructure/repositories/incident.repository.impl.ts[0m:[93m548[0m:[93m24[0m - [91merror[0m[90m TS2551: [0mProperty 'getStatus' does not exist on type 'Incident'. Did you mean 'status'?

[7m548[0m       status: incident.getStatus() as any,
[7m   [0m [91m                       ~~~~~~~~~[0m

  [96msrc/modules/drivers/domain/entities/incident.entity.ts[0m:[93m158[0m:[93m7[0m
    [7m158[0m   get status(): IncidentStatus {
    [7m   [0m [96m      ~~~~~~[0m
    'status' is declared here.

[96msrc/modules/drivers/infrastructure/repositories/incident.repository.impl.ts[0m:[93m549[0m:[93m23[0m - [91merror[0m[90m TS2339: [0mProperty 'getTitle' does not exist on type 'Incident'.

[7m549[0m       title: incident.getTitle(),
[7m   [0m [91m                      ~~~~~~~~[0m

[96msrc/modules/drivers/infrastructure/repositories/incident.repository.impl.ts[0m:[93m550[0m:[93m29[0m - [91merror[0m[90m TS2551: [0mProperty 'getDescription' does not exist on type 'Incident'. Did you mean 'description'?

[7m550[0m       description: incident.getDescription(),
[7m   [0m [91m                            ~~~~~~~~~~~~~~[0m

  [96msrc/modules/drivers/domain/entities/incident.entity.ts[0m:[93m166[0m:[93m7[0m
    [7m166[0m   get description(): string {
    [7m   [0m [96m      ~~~~~~~~~~~[0m
    'description' is declared here.

[96msrc/modules/drivers/infrastructure/repositories/incident.repository.impl.ts[0m:[93m553[0m:[93m25[0m - [91merror[0m[90m TS2339: [0mProperty 'getAddress' does not exist on type 'Incident'.

[7m553[0m       address: incident.getAddress(),
[7m   [0m [91m                        ~~~~~~~~~~[0m

[96msrc/modules/drivers/infrastructure/repositories/incident.repository.impl.ts[0m:[93m554[0m:[93m22[0m - [91merror[0m[90m TS2339: [0mProperty 'getCity' does not exist on type 'Incident'.

[7m554[0m       city: incident.getCity(),
[7m   [0m [91m                     ~~~~~~~[0m

[96msrc/modules/drivers/infrastructure/repositories/incident.repository.impl.ts[0m:[93m555[0m:[93m28[0m - [91merror[0m[90m TS2551: [0mProperty 'getReportedBy' does not exist on type 'Incident'. Did you mean 'reportedBy'?

[7m555[0m       reportedBy: incident.getReportedBy(),
[7m   [0m [91m                           ~~~~~~~~~~~~~[0m

  [96msrc/modules/drivers/domain/entities/incident.entity.ts[0m:[93m182[0m:[93m7[0m
    [7m182[0m   get reportedBy(): string {
    [7m   [0m [96m      ~~~~~~~~~~[0m
    'reportedBy' is declared here.

[96msrc/modules/drivers/infrastructure/repositories/incident.repository.impl.ts[0m:[93m556[0m:[93m28[0m - [91merror[0m[90m TS2339: [0mProperty 'getAssignedTo' does not exist on type 'Incident'.

[7m556[0m       assignedTo: incident.getAssignedTo(),
[7m   [0m [91m                           ~~~~~~~~~~~~~[0m

[96msrc/modules/drivers/infrastructure/repositories/incident.repository.impl.ts[0m:[93m557[0m:[93m28[0m - [91merror[0m[90m TS2551: [0mProperty 'getReportedAt' does not exist on type 'Incident'. Did you mean 'reportedAt'?

[7m557[0m       reportedAt: incident.getReportedAt(),
[7m   [0m [91m                           ~~~~~~~~~~~~~[0m

  [96msrc/modules/drivers/domain/entities/incident.entity.ts[0m:[93m178[0m:[93m7[0m
    [7m178[0m   get reportedAt(): Date {
    [7m   [0m [96m      ~~~~~~~~~~[0m
    'reportedAt' is declared here.

[96msrc/modules/drivers/infrastructure/repositories/incident.repository.impl.ts[0m:[93m558[0m:[93m28[0m - [91merror[0m[90m TS2551: [0mProperty 'getResolvedAt' does not exist on type 'Incident'. Did you mean 'resolvedAt'?

[7m558[0m       resolvedAt: incident.getResolvedAt(),
[7m   [0m [91m                           ~~~~~~~~~~~~~[0m

  [96msrc/modules/drivers/domain/entities/incident.entity.ts[0m:[93m242[0m:[93m7[0m
    [7m242[0m   get resolvedAt(): Date | undefined {
    [7m   [0m [96m      ~~~~~~~~~~[0m
    'resolvedAt' is declared here.

[96msrc/modules/drivers/infrastructure/repositories/incident.repository.impl.ts[0m:[93m559[0m:[93m28[0m - [91merror[0m[90m TS2339: [0mProperty 'getRiderNotes' does not exist on type 'Incident'.

[7m559[0m       riderNotes: incident.getRiderNotes(),
[7m   [0m [91m                           ~~~~~~~~~~~~~[0m

[96msrc/modules/drivers/infrastructure/repositories/incident.repository.impl.ts[0m:[93m560[0m:[93m28[0m - [91merror[0m[90m TS2339: [0mProperty 'getAdminNotes' does not exist on type 'Incident'.

[7m560[0m       adminNotes: incident.getAdminNotes(),
[7m   [0m [91m                           ~~~~~~~~~~~~~[0m

[96msrc/modules/drivers/infrastructure/repositories/incident.repository.impl.ts[0m:[93m561[0m:[93m29[0m - [91merror[0m[90m TS2339: [0mProperty 'getAttachments' does not exist on type 'Incident'.

[7m561[0m       attachments: incident.getAttachments() ? JSON.stringify(incident.getAttachments()) : null,
[7m   [0m [91m                            ~~~~~~~~~~~~~~[0m

[96msrc/modules/drivers/infrastructure/repositories/incident.repository.impl.ts[0m:[93m561[0m:[93m72[0m - [91merror[0m[90m TS2339: [0mProperty 'getAttachments' does not exist on type 'Incident'.

[7m561[0m       attachments: incident.getAttachments() ? JSON.stringify(incident.getAttachments()) : null,
[7m   [0m [91m                                                                       ~~~~~~~~~~~~~~[0m

[96msrc/modules/drivers/infrastructure/repositories/incident.repository.impl.ts[0m:[93m562[0m:[93m26[0m - [91merror[0m[90m TS2339: [0mProperty 'getMetadata' does not exist on type 'Incident'.

[7m562[0m       metadata: incident.getMetadata() ? JSON.stringify(incident.getMetadata()) : null,
[7m   [0m [91m                         ~~~~~~~~~~~[0m

[96msrc/modules/drivers/infrastructure/repositories/incident.repository.impl.ts[0m:[93m562[0m:[93m66[0m - [91merror[0m[90m TS2339: [0mProperty 'getMetadata' does not exist on type 'Incident'.

[7m562[0m       metadata: incident.getMetadata() ? JSON.stringify(incident.getMetadata()) : null,
[7m   [0m [91m                                                                 ~~~~~~~~~~~[0m

[96msrc/modules/drivers/infrastructure/repositories/incident.repository.impl.ts[0m:[93m568[0m:[93m38[0m - [91merror[0m[90m TS2554: [0mExpected 1 arguments, but got 2.

[7m568[0m       Location.create(data.latitude, data.longitude) : null;
[7m   [0m [91m                                     ~~~~~~~~~~~~~~[0m

[96msrc/modules/drivers/infrastructure/repositories/incident.repository.impl.ts[0m:[93m570[0m:[93m12[0m - [91merror[0m[90m TS2673: [0mConstructor of class 'Incident' is private and only accessible within the class declaration.

[7m570[0m     return new Incident(
[7m   [0m [91m           ~~~~~~~~~~~~~[0m
[7m571[0m       data.id,
[7m   [0m [91m~~~~~~~~~~~~~~[0m
[7m...[0m 
[7m592[0m       data.updatedAt,
[7m   [0m [91m~~~~~~~~~~~~~~~~~~~~~[0m
[7m593[0m     );
[7m   [0m [91m~~~~~[0m

[96msrc/modules/drivers/infrastructure/repositories/rider-order.repository.impl.ts[0m:[93m48[0m:[93m9[0m - [91merror[0m[90m TS2416: [0mProperty 'save' in type 'RiderOrderRepositoryImpl' is not assignable to the same property in base type 'RiderOrderRepository'.
  Type '(riderOrder: RiderOrder) => Promise<RiderOrder>' is not assignable to type '(order: RiderOrder) => Promise<void>'.
    Type 'Promise<RiderOrder>' is not assignable to type 'Promise<void>'.
      Type 'RiderOrder' is not assignable to type 'void'.

[7m48[0m   async save(riderOrder: RiderOrder): Promise<RiderOrder> {
[7m  [0m [91m        ~~~~[0m

[96msrc/modules/drivers/infrastructure/repositories/rider-order.repository.impl.ts[0m:[93m51[0m:[93m20[0m - [91merror[0m[90m TS2339: [0mProperty 'getId' does not exist on type 'RiderOrder'.

[7m51[0m     if (riderOrder.getId()) {
[7m  [0m [91m                   ~~~~~[0m

[96msrc/modules/drivers/infrastructure/repositories/rider-order.repository.impl.ts[0m:[93m54[0m:[93m33[0m - [91merror[0m[90m TS2339: [0mProperty 'getId' does not exist on type 'RiderOrder'.

[7m54[0m         where: { id: riderOrder.getId() },
[7m  [0m [91m                                ~~~~~[0m

[96msrc/modules/drivers/infrastructure/repositories/rider-order.repository.impl.ts[0m:[93m62[0m:[93m9[0m - [91merror[0m[90m TS2322: [0mType '{ id: undefined; status?: RiderOrderStatus | undefined; assignedAt?: string | Date | undefined; acceptedAt?: string | Date | null | undefined; rejectedAt?: string | ... 2 more ... | undefined; ... 29 more ...; incidents?: IncidentCreateNestedManyWithoutRiderOrderInput | undefined; } | { ...; }' is not assignable to type '(Without<RiderOrderCreateInput, RiderOrderUncheckedCreateInput> & RiderOrderUncheckedCreateInput) | (Without<...> & RiderOrderCreateInput)'.
  Type '{ id: undefined; status?: Prisma.EnumRiderOrderStatusFieldUpdateOperationsInput | $Enums.RiderOrderStatus | undefined; assignedAt?: string | Date | Prisma.DateTimeFieldUpdateOperationsInput | undefined; ... 31 more ...; incidents?: Prisma.IncidentUpdateManyWithoutRiderOrderNestedInput | undefined; }' is not assignable to type '(Without<RiderOrderCreateInput, RiderOrderUncheckedCreateInput> & RiderOrderUncheckedCreateInput) | (Without<...> & RiderOrderCreateInput)'.
    Type '{ id: undefined; status?: Prisma.EnumRiderOrderStatusFieldUpdateOperationsInput | $Enums.RiderOrderStatus | undefined; assignedAt?: string | Date | Prisma.DateTimeFieldUpdateOperationsInput | undefined; ... 31 more ...; incidents?: Prisma.IncidentUpdateManyWithoutRiderOrderNestedInput | undefined; }' is not assignable to type 'Without<RiderOrderUncheckedCreateInput, RiderOrderCreateInput> & RiderOrderCreateInput'.
      Type '{ id: undefined; status?: Prisma.EnumRiderOrderStatusFieldUpdateOperationsInput | $Enums.RiderOrderStatus | undefined; assignedAt?: string | Date | Prisma.DateTimeFieldUpdateOperationsInput | undefined; ... 31 more ...; incidents?: Prisma.IncidentUpdateManyWithoutRiderOrderNestedInput | undefined; }' is not assignable to type 'RiderOrderCreateInput'.
        Types of property 'status' are incompatible.
          Type 'EnumRiderOrderStatusFieldUpdateOperationsInput | RiderOrderStatus | undefined' is not assignable to type 'RiderOrderStatus | undefined'.
            Type 'EnumRiderOrderStatusFieldUpdateOperationsInput' is not assignable to type 'RiderOrderStatus | undefined'.

[7m62[0m         data: {
[7m  [0m [91m        ~~~~[0m

  [96mnode_modules/.prisma/client/index.d.ts[0m:[93m56460[0m:[93m5[0m
    [7m56460[0m     data: XOR<RiderOrderCreateInput, RiderOrderUncheckedCreateInput>
    [7m     [0m [96m    ~~~~[0m
    The expected type comes from property 'data' which is declared here on type '{ select?: RiderOrderSelect<DefaultArgs> | null | undefined; omit?: RiderOrderOmit<DefaultArgs> | null | undefined; include?: RiderOrderInclude<...> | ... 1 more ... | undefined; data: (Without<...> & RiderOrderUncheckedCreateInput) | (Without<...> & RiderOrderCreateInput); }'

[96msrc/modules/drivers/infrastructure/repositories/rider-order.repository.impl.ts[0m:[93m90[0m:[93m9[0m - [91merror[0m[90m TS2416: [0mProperty 'findByRiderId' in type 'RiderOrderRepositoryImpl' is not assignable to the same property in base type 'RiderOrderRepository'.
  Type '(riderId: string, pagination?: PaginationOptions | undefined) => Promise<RiderOrderSearchResult>' is not assignable to type '(riderId: UniqueEntityID, pagination?: PaginationOptions | undefined) => Promise<PaginatedResult<RiderOrder>>'.
    Type 'Promise<RiderOrderSearchResult>' is not assignable to type 'Promise<PaginatedResult<RiderOrder>>'.
      Type 'RiderOrderSearchResult' is missing the following properties from type 'PaginatedResult<RiderOrder>': items, page, limit, totalPages, and 2 more.

[7m90[0m   async findByRiderId(
[7m  [0m [91m        ~~~~~~~~~~~~~[0m

[96msrc/modules/drivers/infrastructure/repositories/rider-order.repository.impl.ts[0m:[93m115[0m:[93m16[0m - [91merror[0m[90m TS2353: [0mObject literal may only specify known properties, and 'shiftId' does not exist in type 'RiderOrderWhereInput'.

[7m115[0m       where: { shiftId },
[7m   [0m [91m               ~~~~~~~[0m

[96msrc/modules/drivers/infrastructure/repositories/rider-order.repository.impl.ts[0m:[93m138[0m:[93m9[0m - [91merror[0m[90m TS2416: [0mProperty 'findNearbyOrders' in type 'RiderOrderRepositoryImpl' is not assignable to the same property in base type 'RiderOrderRepository'.
  Type '(location: Location, radiusKm: number, excludeRiderId?: string | undefined) => Promise<RiderOrder[]>' is not assignable to type '(riderLocation: Location, radius: number, status?: string[] | undefined) => Promise<RiderOrder[]>'.
    Types of parameters 'excludeRiderId' and 'status' are incompatible.
      Type 'string[] | undefined' is not assignable to type 'string | undefined'.
        Type 'string[]' is not assignable to type 'string'.

[7m138[0m   async findNearbyOrders(
[7m   [0m [91m        ~~~~~~~~~~~~~~~~[0m

[96msrc/modules/drivers/infrastructure/repositories/rider-order.repository.impl.ts[0m:[93m171[0m:[93m16[0m - [91merror[0m[90m TS2551: [0mProperty 'getLatitude' does not exist on type 'Location'. Did you mean 'latitude'?

[7m171[0m       location.getLatitude(),
[7m   [0m [91m               ~~~~~~~~~~~[0m

  [96msrc/modules/drivers/domain/value-objects/location.vo.ts[0m:[93m36[0m:[93m7[0m
    [7m36[0m   get latitude(): number {
    [7m  [0m [96m      ~~~~~~~~[0m
    'latitude' is declared here.

[96msrc/modules/drivers/infrastructure/repositories/rider-order.repository.impl.ts[0m:[93m172[0m:[93m16[0m - [91merror[0m[90m TS2551: [0mProperty 'getLongitude' does not exist on type 'Location'. Did you mean 'longitude'?

[7m172[0m       location.getLongitude(),
[7m   [0m [91m               ~~~~~~~~~~~~[0m

  [96msrc/modules/drivers/domain/value-objects/location.vo.ts[0m:[93m40[0m:[93m7[0m
    [7m40[0m   get longitude(): number {
    [7m  [0m [96m      ~~~~~~~~~[0m
    'longitude' is declared here.

[96msrc/modules/drivers/infrastructure/repositories/rider-order.repository.impl.ts[0m:[93m173[0m:[93m16[0m - [91merror[0m[90m TS2551: [0mProperty 'getLatitude' does not exist on type 'Location'. Did you mean 'latitude'?

[7m173[0m       location.getLatitude(),
[7m   [0m [91m               ~~~~~~~~~~~[0m

  [96msrc/modules/drivers/domain/value-objects/location.vo.ts[0m:[93m36[0m:[93m7[0m
    [7m36[0m   get latitude(): number {
    [7m  [0m [96m      ~~~~~~~~[0m
    'latitude' is declared here.

[96msrc/modules/drivers/infrastructure/repositories/rider-order.repository.impl.ts[0m:[93m175[0m:[93m16[0m - [91merror[0m[90m TS2551: [0mProperty 'getLatitude' does not exist on type 'Location'. Did you mean 'latitude'?

[7m175[0m       location.getLatitude(),
[7m   [0m [91m               ~~~~~~~~~~~[0m

  [96msrc/modules/drivers/domain/value-objects/location.vo.ts[0m:[93m36[0m:[93m7[0m
    [7m36[0m   get latitude(): number {
    [7m  [0m [96m      ~~~~~~~~[0m
    'latitude' is declared here.

[96msrc/modules/drivers/infrastructure/repositories/rider-order.repository.impl.ts[0m:[93m176[0m:[93m16[0m - [91merror[0m[90m TS2551: [0mProperty 'getLongitude' does not exist on type 'Location'. Did you mean 'longitude'?

[7m176[0m       location.getLongitude(),
[7m   [0m [91m               ~~~~~~~~~~~~[0m

  [96msrc/modules/drivers/domain/value-objects/location.vo.ts[0m:[93m40[0m:[93m7[0m
    [7m40[0m   get longitude(): number {
    [7m  [0m [96m      ~~~~~~~~~[0m
    'longitude' is declared here.

[96msrc/modules/drivers/infrastructure/repositories/rider-order.repository.impl.ts[0m:[93m177[0m:[93m16[0m - [91merror[0m[90m TS2551: [0mProperty 'getLatitude' does not exist on type 'Location'. Did you mean 'latitude'?

[7m177[0m       location.getLatitude(),
[7m   [0m [91m               ~~~~~~~~~~~[0m

  [96msrc/modules/drivers/domain/value-objects/location.vo.ts[0m:[93m36[0m:[93m7[0m
    [7m36[0m   get latitude(): number {
    [7m  [0m [96m      ~~~~~~~~[0m
    'latitude' is declared here.

[96msrc/modules/drivers/infrastructure/repositories/rider-order.repository.impl.ts[0m:[93m204[0m:[93m13[0m - [91merror[0m[90m TS2339: [0mProperty 'shiftId' does not exist on type 'RiderOrderWhereInput'.

[7m204[0m       where.shiftId = filters.shiftId;
[7m   [0m [91m            ~~~~~~~[0m

[96msrc/modules/drivers/infrastructure/repositories/rider-order.repository.impl.ts[0m:[93m219[0m:[93m9[0m - [91merror[0m[90m TS2698: [0mSpread types may only be created from object types.

[7m219[0m         ...where.assignedAt,
[7m   [0m [91m        ~~~~~~~~~~~~~~~~~~~[0m

[96msrc/modules/drivers/infrastructure/repositories/rider-order.repository.impl.ts[0m:[93m226[0m:[93m9[0m - [91merror[0m[90m TS2353: [0mObject literal may only specify known properties, and 'gte' does not exist in type 'EarningsListRelationFilter'.

[7m226[0m         gte: filters.minEarnings,
[7m   [0m [91m        ~~~[0m

[96msrc/modules/drivers/infrastructure/repositories/rider-order.repository.impl.ts[0m:[93m233[0m:[93m9[0m - [91merror[0m[90m TS2353: [0mObject literal may only specify known properties, and 'lte' does not exist in type 'EarningsListRelationFilter'.

[7m233[0m         lte: filters.maxEarnings,
[7m   [0m [91m        ~~~[0m

[96msrc/modules/drivers/infrastructure/repositories/rider-order.repository.impl.ts[0m:[93m238[0m:[93m13[0m - [91merror[0m[90m TS2339: [0mProperty 'deliveryTime' does not exist on type 'RiderOrderWhereInput'.

[7m238[0m       where.deliveryTime = {
[7m   [0m [91m            ~~~~~~~~~~~~[0m

[96msrc/modules/drivers/infrastructure/repositories/rider-order.repository.impl.ts[0m:[93m244[0m:[93m13[0m - [91merror[0m[90m TS2339: [0mProperty 'deliveryTime' does not exist on type 'RiderOrderWhereInput'.

[7m244[0m       where.deliveryTime = {
[7m   [0m [91m            ~~~~~~~~~~~~[0m

[96msrc/modules/drivers/infrastructure/repositories/rider-order.repository.impl.ts[0m:[93m245[0m:[93m18[0m - [91merror[0m[90m TS2339: [0mProperty 'deliveryTime' does not exist on type 'RiderOrderWhereInput'.

[7m245[0m         ...where.deliveryTime,
[7m   [0m [91m                 ~~~~~~~~~~~~[0m

[96msrc/modules/drivers/infrastructure/repositories/rider-order.repository.impl.ts[0m:[93m255[0m:[93m13[0m - [91merror[0m[90m TS2339: [0mProperty 'deliveryCity' does not exist on type 'RiderOrderWhereInput'.

[7m255[0m       where.deliveryCity = {
[7m   [0m [91m            ~~~~~~~~~~~~[0m

[96msrc/modules/drivers/infrastructure/repositories/rider-order.repository.impl.ts[0m:[93m355[0m:[93m9[0m - [91merror[0m[90m TS2322: [0mType '"PENDING"' is not assignable to type 'RiderOrderStatus | EnumRiderOrderStatusFilter<"RiderOrder"> | undefined'.

[7m355[0m         status: 'PENDING',
[7m   [0m [91m        ~~~~~~[0m

[96msrc/modules/drivers/infrastructure/repositories/rider-order.repository.impl.ts[0m:[93m356[0m:[93m9[0m - [91merror[0m[90m TS2322: [0mType 'null' is not assignable to type 'string | StringFilter<"RiderOrder"> | undefined'.

[7m356[0m         riderId: null,
[7m   [0m [91m        ~~~~~~~[0m

[96msrc/modules/drivers/infrastructure/repositories/rider-order.repository.impl.ts[0m:[93m401[0m:[93m44[0m - [91merror[0m[90m TS2551: [0mProperty 'getLatitude' does not exist on type 'Location'. Did you mean 'latitude'?

[7m401[0m       updateData.pickupLatitude = location.getLatitude();
[7m   [0m [91m                                           ~~~~~~~~~~~[0m

  [96msrc/modules/drivers/domain/value-objects/location.vo.ts[0m:[93m36[0m:[93m7[0m
    [7m36[0m   get latitude(): number {
    [7m  [0m [96m      ~~~~~~~~[0m
    'latitude' is declared here.

[96msrc/modules/drivers/infrastructure/repositories/rider-order.repository.impl.ts[0m:[93m402[0m:[93m45[0m - [91merror[0m[90m TS2551: [0mProperty 'getLongitude' does not exist on type 'Location'. Did you mean 'longitude'?

[7m402[0m       updateData.pickupLongitude = location.getLongitude();
[7m   [0m [91m                                            ~~~~~~~~~~~~[0m

  [96msrc/modules/drivers/domain/value-objects/location.vo.ts[0m:[93m40[0m:[93m7[0m
    [7m40[0m   get longitude(): number {
    [7m  [0m [96m      ~~~~~~~~~[0m
    'longitude' is declared here.

[96msrc/modules/drivers/infrastructure/repositories/rider-order.repository.impl.ts[0m:[93m404[0m:[93m46[0m - [91merror[0m[90m TS2551: [0mProperty 'getLatitude' does not exist on type 'Location'. Did you mean 'latitude'?

[7m404[0m       updateData.deliveryLatitude = location.getLatitude();
[7m   [0m [91m                                             ~~~~~~~~~~~[0m

  [96msrc/modules/drivers/domain/value-objects/location.vo.ts[0m:[93m36[0m:[93m7[0m
    [7m36[0m   get latitude(): number {
    [7m  [0m [96m      ~~~~~~~~[0m
    'latitude' is declared here.

[96msrc/modules/drivers/infrastructure/repositories/rider-order.repository.impl.ts[0m:[93m405[0m:[93m47[0m - [91merror[0m[90m TS2551: [0mProperty 'getLongitude' does not exist on type 'Location'. Did you mean 'longitude'?

[7m405[0m       updateData.deliveryLongitude = location.getLongitude();
[7m   [0m [91m                                              ~~~~~~~~~~~~[0m

  [96msrc/modules/drivers/domain/value-objects/location.vo.ts[0m:[93m40[0m:[93m7[0m
    [7m40[0m   get longitude(): number {
    [7m  [0m [96m      ~~~~~~~~~[0m
    'longitude' is declared here.

[96msrc/modules/drivers/infrastructure/repositories/rider-order.repository.impl.ts[0m:[93m422[0m:[93m9[0m - [91merror[0m[90m TS2322: [0mType 'number' is not assignable to type 'EarningsUpdateManyWithoutRiderOrderNestedInput | EarningsUncheckedUpdateManyWithoutRiderOrderNestedInput | undefined'.

[7m422[0m         earnings,
[7m   [0m [91m        ~~~~~~~~[0m

  [96mnode_modules/.prisma/client/index.d.ts[0m:[93m78180[0m:[93m5[0m
    [7m78180[0m     earnings?: EarningsUncheckedUpdateManyWithoutRiderOrderNestedInput
    [7m     [0m [96m    ~~~~~~~~[0m
    The expected type comes from property 'earnings' which is declared here on type '(Without<RiderOrderUpdateInput, RiderOrderUncheckedUpdateInput> & RiderOrderUncheckedUpdateInput) | (Without<...> & RiderOrderUpdateInput)'

[96msrc/modules/drivers/infrastructure/repositories/rider-order.repository.impl.ts[0m:[93m489[0m:[93m9[0m - [91merror[0m[90m TS2698: [0mSpread types may only be created from object types.

[7m489[0m         ...where.assignedAt,
[7m   [0m [91m        ~~~~~~~~~~~~~~~~~~~[0m

[96msrc/modules/drivers/infrastructure/repositories/rider-order.repository.impl.ts[0m:[93m497[0m:[93m9[0m - [91merror[0m[90m TS2353: [0mObject literal may only specify known properties, and 'earnings' does not exist in type 'RiderOrderSumAggregateInputType'.

[7m497[0m         earnings: true,
[7m   [0m [91m        ~~~~~~~~[0m

  [96mnode_modules/.prisma/client/index.d.ts[0m:[93m55475[0m:[93m5[0m
    [7m55475[0m     _sum?: RiderOrderSumAggregateInputType
    [7m     [0m [96m    ~~~~[0m
    The expected type comes from property '_sum' which is declared here on type 'Subset<RiderOrderAggregateArgs<DefaultArgs>, RiderOrderAggregateArgs<DefaultArgs>>'

[96msrc/modules/drivers/infrastructure/repositories/rider-order.repository.impl.ts[0m:[93m502[0m:[93m13[0m - [91merror[0m[90m TS18048: [0m'result._sum' is possibly 'undefined'.

[7m502[0m     return (result._sum.earnings || 0) + (result._sum.tips || 0);
[7m   [0m [91m            ~~~~~~~~~~~[0m

[96msrc/modules/drivers/infrastructure/repositories/rider-order.repository.impl.ts[0m:[93m502[0m:[93m25[0m - [91merror[0m[90m TS2339: [0mProperty 'earnings' does not exist on type '{ pickupLatitude?: number | null | undefined; pickupLongitude?: number | null | undefined; deliveryLatitude?: number | null | undefined; deliveryLongitude?: number | null | undefined; ... 10 more ...; totalEarnings?: number | ... 1 more ... | undefined; }'.

[7m502[0m     return (result._sum.earnings || 0) + (result._sum.tips || 0);
[7m   [0m [91m                        ~~~~~~~~[0m

[96msrc/modules/drivers/infrastructure/repositories/rider-order.repository.impl.ts[0m:[93m502[0m:[93m43[0m - [91merror[0m[90m TS18048: [0m'result._sum' is possibly 'undefined'.

[7m502[0m     return (result._sum.earnings || 0) + (result._sum.tips || 0);
[7m   [0m [91m                                          ~~~~~~~~~~~[0m

[96msrc/modules/drivers/infrastructure/repositories/rider-order.repository.impl.ts[0m:[93m502[0m:[93m55[0m - [91merror[0m[90m TS2551: [0mProperty 'tips' does not exist on type '{ pickupLatitude?: number | null | undefined; pickupLongitude?: number | null | undefined; deliveryLatitude?: number | null | undefined; deliveryLongitude?: number | null | undefined; ... 10 more ...; totalEarnings?: number | ... 1 more ... | undefined; }'. Did you mean 'tip'?

[7m502[0m     return (result._sum.earnings || 0) + (result._sum.tips || 0);
[7m   [0m [91m                                                      ~~~~[0m

[96msrc/modules/drivers/infrastructure/repositories/rider-order.repository.impl.ts[0m:[93m523[0m:[93m9[0m - [91merror[0m[90m TS2698: [0mSpread types may only be created from object types.

[7m523[0m         ...where.assignedAt,
[7m   [0m [91m        ~~~~~~~~~~~~~~~~~~~[0m

[96msrc/modules/drivers/infrastructure/repositories/rider-order.repository.impl.ts[0m:[93m590[0m:[93m39[0m - [91merror[0m[90m TS2339: [0mProperty 'getPickupLocation' does not exist on type 'RiderOrder'.

[7m590[0m     const pickupLocation = riderOrder.getPickupLocation();
[7m   [0m [91m                                      ~~~~~~~~~~~~~~~~~[0m

[96msrc/modules/drivers/infrastructure/repositories/rider-order.repository.impl.ts[0m:[93m591[0m:[93m41[0m - [91merror[0m[90m TS2339: [0mProperty 'getDeliveryLocation' does not exist on type 'RiderOrder'.

[7m591[0m     const deliveryLocation = riderOrder.getDeliveryLocation();
[7m   [0m [91m                                        ~~~~~~~~~~~~~~~~~~~[0m

[96msrc/modules/drivers/infrastructure/repositories/rider-order.repository.impl.ts[0m:[93m594[0m:[93m7[0m - [91merror[0m[90m TS2561: [0mObject literal may only specify known properties, but 'riderId' does not exist in type 'RiderOrderCreateInput | RiderOrderUpdateInput'. Did you mean to write 'rider'?

[7m594[0m       riderId: riderOrder.getRiderId(),
[7m   [0m [91m      ~~~~~~~[0m

[96msrc/modules/drivers/infrastructure/repositories/rider-order.repository.impl.ts[0m:[93m594[0m:[93m27[0m - [91merror[0m[90m TS2551: [0mProperty 'getRiderId' does not exist on type 'RiderOrder'. Did you mean 'riderId'?

[7m594[0m       riderId: riderOrder.getRiderId(),
[7m   [0m [91m                          ~~~~~~~~~~[0m

  [96msrc/modules/drivers/domain/entities/rider-order.entity.ts[0m:[93m99[0m:[93m7[0m
    [7m99[0m   get riderId(): string {
    [7m  [0m [96m      ~~~~~~~[0m
    'riderId' is declared here.

[96msrc/modules/drivers/infrastructure/repositories/rider-order.repository.impl.ts[0m:[93m595[0m:[93m27[0m - [91merror[0m[90m TS2551: [0mProperty 'getOrderId' does not exist on type 'RiderOrder'. Did you mean 'orderId'?

[7m595[0m       orderId: riderOrder.getOrderId(),
[7m   [0m [91m                          ~~~~~~~~~~[0m

  [96msrc/modules/drivers/domain/entities/rider-order.entity.ts[0m:[93m95[0m:[93m7[0m
    [7m95[0m   get orderId(): string {
    [7m  [0m [96m      ~~~~~~~[0m
    'orderId' is declared here.

[96msrc/modules/drivers/infrastructure/repositories/rider-order.repository.impl.ts[0m:[93m596[0m:[93m27[0m - [91merror[0m[90m TS2551: [0mProperty 'getShiftId' does not exist on type 'RiderOrder'. Did you mean 'shiftId'?

[7m596[0m       shiftId: riderOrder.getShiftId(),
[7m   [0m [91m                          ~~~~~~~~~~[0m

  [96msrc/modules/drivers/domain/entities/rider-order.entity.ts[0m:[93m103[0m:[93m7[0m
    [7m103[0m   get shiftId(): string | undefined {
    [7m   [0m [96m      ~~~~~~~[0m
    'shiftId' is declared here.

[96msrc/modules/drivers/infrastructure/repositories/rider-order.repository.impl.ts[0m:[93m597[0m:[93m26[0m - [91merror[0m[90m TS2551: [0mProperty 'getStatus' does not exist on type 'RiderOrder'. Did you mean 'status'?

[7m597[0m       status: riderOrder.getStatus() as any,
[7m   [0m [91m                         ~~~~~~~~~[0m

  [96msrc/modules/drivers/domain/entities/rider-order.entity.ts[0m:[93m119[0m:[93m7[0m
    [7m119[0m   get status(): OrderStatus {
    [7m   [0m [96m      ~~~~~~[0m
    'status' is declared here.

[96msrc/modules/drivers/infrastructure/repositories/rider-order.repository.impl.ts[0m:[93m598[0m:[93m28[0m - [91merror[0m[90m TS2339: [0mProperty 'getPriority' does not exist on type 'RiderOrder'.

[7m598[0m       priority: riderOrder.getPriority(),
[7m   [0m [91m                           ~~~~~~~~~~~[0m

[96msrc/modules/drivers/infrastructure/repositories/rider-order.repository.impl.ts[0m:[93m599[0m:[93m39[0m - [91merror[0m[90m TS2551: [0mProperty 'getEstimatedPickupTime' does not exist on type 'RiderOrder'. Did you mean 'estimatedPickupTime'?

[7m599[0m       estimatedPickupTime: riderOrder.getEstimatedPickupTime(),
[7m   [0m [91m                                      ~~~~~~~~~~~~~~~~~~~~~~[0m

  [96msrc/modules/drivers/domain/entities/rider-order.entity.ts[0m:[93m135[0m:[93m7[0m
    [7m135[0m   get estimatedPickupTime(): Date {
    [7m   [0m [96m      ~~~~~~~~~~~~~~~~~~~[0m
    'estimatedPickupTime' is declared here.

[96msrc/modules/drivers/infrastructure/repositories/rider-order.repository.impl.ts[0m:[93m600[0m:[93m41[0m - [91merror[0m[90m TS2551: [0mProperty 'getEstimatedDeliveryTime' does not exist on type 'RiderOrder'. Did you mean 'estimatedDeliveryTime'?

[7m600[0m       estimatedDeliveryTime: riderOrder.getEstimatedDeliveryTime(),
[7m   [0m [91m                                        ~~~~~~~~~~~~~~~~~~~~~~~~[0m

  [96msrc/modules/drivers/domain/entities/rider-order.entity.ts[0m:[93m139[0m:[93m7[0m
    [7m139[0m   get estimatedDeliveryTime(): Date {
    [7m   [0m [96m      ~~~~~~~~~~~~~~~~~~~~~[0m
    'estimatedDeliveryTime' is declared here.

[96msrc/modules/drivers/infrastructure/repositories/rider-order.repository.impl.ts[0m:[93m603[0m:[93m33[0m - [91merror[0m[90m TS2551: [0mProperty 'getPickupAddress' does not exist on type 'RiderOrder'. Did you mean 'pickupAddress'?

[7m603[0m       pickupAddress: riderOrder.getPickupAddress(),
[7m   [0m [91m                                ~~~~~~~~~~~~~~~~[0m

  [96msrc/modules/drivers/domain/entities/rider-order.entity.ts[0m:[93m127[0m:[93m7[0m
    [7m127[0m   get pickupAddress(): DeliveryAddress {
    [7m   [0m [96m      ~~~~~~~~~~~~~[0m
    'pickupAddress' is declared here.

[96msrc/modules/drivers/infrastructure/repositories/rider-order.repository.impl.ts[0m:[93m604[0m:[93m30[0m - [91merror[0m[90m TS2339: [0mProperty 'getPickupCity' does not exist on type 'RiderOrder'.

[7m604[0m       pickupCity: riderOrder.getPickupCity(),
[7m   [0m [91m                             ~~~~~~~~~~~~~[0m

[96msrc/modules/drivers/infrastructure/repositories/rider-order.repository.impl.ts[0m:[93m605[0m:[93m38[0m - [91merror[0m[90m TS2339: [0mProperty 'getPickupInstructions' does not exist on type 'RiderOrder'.

[7m605[0m       pickupInstructions: riderOrder.getPickupInstructions(),
[7m   [0m [91m                                     ~~~~~~~~~~~~~~~~~~~~~[0m

[96msrc/modules/drivers/infrastructure/repositories/rider-order.repository.impl.ts[0m:[93m608[0m:[93m35[0m - [91merror[0m[90m TS2551: [0mProperty 'getDeliveryAddress' does not exist on type 'RiderOrder'. Did you mean 'deliveryAddress'?

[7m608[0m       deliveryAddress: riderOrder.getDeliveryAddress(),
[7m   [0m [91m                                  ~~~~~~~~~~~~~~~~~~[0m

  [96msrc/modules/drivers/domain/entities/rider-order.entity.ts[0m:[93m131[0m:[93m7[0m
    [7m131[0m   get deliveryAddress(): DeliveryAddress {
    [7m   [0m [96m      ~~~~~~~~~~~~~~~[0m
    'deliveryAddress' is declared here.

[96msrc/modules/drivers/infrastructure/repositories/rider-order.repository.impl.ts[0m:[93m609[0m:[93m32[0m - [91merror[0m[90m TS2339: [0mProperty 'getDeliveryCity' does not exist on type 'RiderOrder'.

[7m609[0m       deliveryCity: riderOrder.getDeliveryCity(),
[7m   [0m [91m                               ~~~~~~~~~~~~~~~[0m

[96msrc/modules/drivers/infrastructure/repositories/rider-order.repository.impl.ts[0m:[93m610[0m:[93m40[0m - [91merror[0m[90m TS2339: [0mProperty 'getDeliveryInstructions' does not exist on type 'RiderOrder'.

[7m610[0m       deliveryInstructions: riderOrder.getDeliveryInstructions(),
[7m   [0m [91m                                       ~~~~~~~~~~~~~~~~~~~~~~~[0m

[96msrc/modules/drivers/infrastructure/repositories/rider-order.repository.impl.ts[0m:[93m611[0m:[93m28[0m - [91merror[0m[90m TS2551: [0mProperty 'getDistance' does not exist on type 'RiderOrder'. Did you mean 'distance'?

[7m611[0m       distance: riderOrder.getDistance(),
[7m   [0m [91m                           ~~~~~~~~~~~[0m

  [96msrc/modules/drivers/domain/entities/rider-order.entity.ts[0m:[93m151[0m:[93m7[0m
    [7m151[0m   get distance(): number {
    [7m   [0m [96m      ~~~~~~~~[0m
    'distance' is declared here.

[96msrc/modules/drivers/infrastructure/repositories/rider-order.repository.impl.ts[0m:[93m612[0m:[93m28[0m - [91merror[0m[90m TS2339: [0mProperty 'getEarnings' does not exist on type 'RiderOrder'.

[7m612[0m       earnings: riderOrder.getEarnings(),
[7m   [0m [91m                           ~~~~~~~~~~~[0m

[96msrc/modules/drivers/infrastructure/repositories/rider-order.repository.impl.ts[0m:[93m613[0m:[93m24[0m - [91merror[0m[90m TS2339: [0mProperty 'getTips' does not exist on type 'RiderOrder'.

[7m613[0m       tips: riderOrder.getTips(),
[7m   [0m [91m                       ~~~~~~~[0m

[96msrc/modules/drivers/infrastructure/repositories/rider-order.repository.impl.ts[0m:[93m614[0m:[93m32[0m - [91merror[0m[90m TS2551: [0mProperty 'getDeliveryTime' does not exist on type 'RiderOrder'. Did you mean 'getTotalDeliveryTime'?

[7m614[0m       deliveryTime: riderOrder.getDeliveryTime(),
[7m   [0m [91m                               ~~~~~~~~~~~~~~~[0m

  [96msrc/modules/drivers/domain/entities/rider-order.entity.ts[0m:[93m437[0m:[93m10[0m
    [7m437[0m   public getTotalDeliveryTime(): number | null {
    [7m   [0m [96m         ~~~~~~~~~~~~~~~~~~~~[0m
    'getTotalDeliveryTime' is declared here.

[96msrc/modules/drivers/infrastructure/repositories/rider-order.repository.impl.ts[0m:[93m615[0m:[93m34[0m - [91merror[0m[90m TS2339: [0mProperty 'getCustomerRating' does not exist on type 'RiderOrder'.

[7m615[0m       customerRating: riderOrder.getCustomerRating(),
[7m   [0m [91m                                 ~~~~~~~~~~~~~~~~~[0m

[96msrc/modules/drivers/infrastructure/repositories/rider-order.repository.impl.ts[0m:[93m616[0m:[93m36[0m - [91merror[0m[90m TS2339: [0mProperty 'getCustomerFeedback' does not exist on type 'RiderOrder'.

[7m616[0m       customerFeedback: riderOrder.getCustomerFeedback(),
[7m   [0m [91m                                   ~~~~~~~~~~~~~~~~~~~[0m

[96msrc/modules/drivers/infrastructure/repositories/rider-order.repository.impl.ts[0m:[93m617[0m:[93m30[0m - [91merror[0m[90m TS2551: [0mProperty 'getRiderNotes' does not exist on type 'RiderOrder'. Did you mean 'riderNotes'?

[7m617[0m       riderNotes: riderOrder.getRiderNotes(),
[7m   [0m [91m                             ~~~~~~~~~~~~~[0m

  [96msrc/modules/drivers/domain/entities/rider-order.entity.ts[0m:[93m195[0m:[93m7[0m
    [7m195[0m   get riderNotes(): string | undefined {
    [7m   [0m [96m      ~~~~~~~~~~[0m
    'riderNotes' is declared here.

[96msrc/modules/drivers/infrastructure/repositories/rider-order.repository.impl.ts[0m:[93m618[0m:[93m30[0m - [91merror[0m[90m TS2551: [0mProperty 'getAssignedAt' does not exist on type 'RiderOrder'. Did you mean 'assignedAt'?

[7m618[0m       assignedAt: riderOrder.getAssignedAt(),
[7m   [0m [91m                             ~~~~~~~~~~~~~[0m

  [96msrc/modules/drivers/domain/entities/rider-order.entity.ts[0m:[93m219[0m:[93m7[0m
    [7m219[0m   get assignedAt(): Date {
    [7m   [0m [96m      ~~~~~~~~~~[0m
    'assignedAt' is declared here.

[96msrc/modules/drivers/infrastructure/repositories/rider-order.repository.impl.ts[0m:[93m619[0m:[93m30[0m - [91merror[0m[90m TS2551: [0mProperty 'getAcceptedAt' does not exist on type 'RiderOrder'. Did you mean 'acceptedAt'?

[7m619[0m       acceptedAt: riderOrder.getAcceptedAt(),
[7m   [0m [91m                             ~~~~~~~~~~~~~[0m

  [96msrc/modules/drivers/domain/entities/rider-order.entity.ts[0m:[93m223[0m:[93m7[0m
    [7m223[0m   get acceptedAt(): Date | undefined {
    [7m   [0m [96m      ~~~~~~~~~~[0m
    'acceptedAt' is declared here.

[96msrc/modules/drivers/infrastructure/repositories/rider-order.repository.impl.ts[0m:[93m620[0m:[93m30[0m - [91merror[0m[90m TS2551: [0mProperty 'getPickedUpAt' does not exist on type 'RiderOrder'. Did you mean 'pickedUpAt'?

[7m620[0m       pickedUpAt: riderOrder.getPickedUpAt(),
[7m   [0m [91m                             ~~~~~~~~~~~~~[0m

  [96msrc/modules/drivers/domain/entities/rider-order.entity.ts[0m:[93m227[0m:[93m7[0m
    [7m227[0m   get pickedUpAt(): Date | undefined {
    [7m   [0m [96m      ~~~~~~~~~~[0m
    'pickedUpAt' is declared here.

[96msrc/modules/drivers/infrastructure/repositories/rider-order.repository.impl.ts[0m:[93m621[0m:[93m31[0m - [91merror[0m[90m TS2551: [0mProperty 'getDeliveredAt' does not exist on type 'RiderOrder'. Did you mean 'deliveredAt'?

[7m621[0m       deliveredAt: riderOrder.getDeliveredAt(),
[7m   [0m [91m                              ~~~~~~~~~~~~~~[0m

  [96msrc/modules/drivers/domain/entities/rider-order.entity.ts[0m:[93m231[0m:[93m7[0m
    [7m231[0m   get deliveredAt(): Date | undefined {
    [7m   [0m [96m      ~~~~~~~~~~~[0m
    'deliveredAt' is declared here.

[96msrc/modules/drivers/infrastructure/repositories/rider-order.repository.impl.ts[0m:[93m622[0m:[93m31[0m - [91merror[0m[90m TS2551: [0mProperty 'getCancelledAt' does not exist on type 'RiderOrder'. Did you mean 'cancelledAt'?

[7m622[0m       cancelledAt: riderOrder.getCancelledAt(),
[7m   [0m [91m                              ~~~~~~~~~~~~~~[0m

  [96msrc/modules/drivers/domain/entities/rider-order.entity.ts[0m:[93m235[0m:[93m7[0m
    [7m235[0m   get cancelledAt(): Date | undefined {
    [7m   [0m [96m      ~~~~~~~~~~~[0m
    'cancelledAt' is declared here.

[96msrc/modules/drivers/infrastructure/repositories/rider-order.repository.impl.ts[0m:[93m623[0m:[93m38[0m - [91merror[0m[90m TS2551: [0mProperty 'getCancellationReason' does not exist on type 'RiderOrder'. Did you mean 'cancellationReason'?

[7m623[0m       cancellationReason: riderOrder.getCancellationReason(),
[7m   [0m [91m                                     ~~~~~~~~~~~~~~~~~~~~~[0m

  [96msrc/modules/drivers/domain/entities/rider-order.entity.ts[0m:[93m199[0m:[93m7[0m
    [7m199[0m   get cancellationReason(): CancellationReason | undefined {
    [7m   [0m [96m      ~~~~~~~~~~~~~~~~~~[0m
    'cancellationReason' is declared here.

[96msrc/modules/drivers/infrastructure/repositories/rider-order.repository.impl.ts[0m:[93m629[0m:[93m44[0m - [91merror[0m[90m TS2554: [0mExpected 1 arguments, but got 2.

[7m629[0m       Location.create(data.pickupLatitude, data.pickupLongitude) : null;
[7m   [0m [91m                                           ~~~~~~~~~~~~~~~~~~~~[0m

[96msrc/modules/drivers/infrastructure/repositories/rider-order.repository.impl.ts[0m:[93m632[0m:[93m46[0m - [91merror[0m[90m TS2554: [0mExpected 1 arguments, but got 2.

[7m632[0m       Location.create(data.deliveryLatitude, data.deliveryLongitude) : null;
[7m   [0m [91m                                             ~~~~~~~~~~~~~~~~~~~~~~[0m

[96msrc/modules/drivers/infrastructure/repositories/rider-order.repository.impl.ts[0m:[93m634[0m:[93m12[0m - [91merror[0m[90m TS2673: [0mConstructor of class 'RiderOrder' is private and only accessible within the class declaration.

[7m634[0m     return new RiderOrder(
[7m   [0m [91m           ~~~~~~~~~~~~~~~[0m
[7m635[0m       data.id,
[7m   [0m [91m~~~~~~~~~~~~~~[0m
[7m...[0m 
[7m665[0m       data.updatedAt,
[7m   [0m [91m~~~~~~~~~~~~~~~~~~~~~[0m
[7m666[0m     );
[7m   [0m [91m~~~~~[0m

[96msrc/modules/drivers/infrastructure/repositories/rider.repository.impl.ts[0m:[93m38[0m:[93m9[0m - [91merror[0m[90m TS2416: [0mProperty 'save' in type 'RiderRepositoryImpl' is not assignable to the same property in base type 'RiderRepository'.
  Type '(rider: Rider) => Promise<Rider>' is not assignable to type '(rider: Rider) => Promise<void>'.
    Type 'Promise<Rider>' is not assignable to type 'Promise<void>'.
      Type 'Rider' is not assignable to type 'void'.

[7m38[0m   async save(rider: Rider): Promise<Rider> {
[7m  [0m [91m        ~~~~[0m

[96msrc/modules/drivers/infrastructure/repositories/rider.repository.impl.ts[0m:[93m41[0m:[93m15[0m - [91merror[0m[90m TS2339: [0mProperty 'getId' does not exist on type 'Rider'.

[7m41[0m     if (rider.getId()) {
[7m  [0m [91m              ~~~~~[0m

[96msrc/modules/drivers/infrastructure/repositories/rider.repository.impl.ts[0m:[93m44[0m:[93m28[0m - [91merror[0m[90m TS2339: [0mProperty 'getId' does not exist on type 'Rider'.

[7m44[0m         where: { id: rider.getId() },
[7m  [0m [91m                           ~~~~~[0m

[96msrc/modules/drivers/infrastructure/repositories/rider.repository.impl.ts[0m:[93m52[0m:[93m9[0m - [91merror[0m[90m TS2322: [0mType '{ id: undefined; riderCode: string; status?: RiderStatus | undefined; isActive?: boolean | undefined; isVerified?: boolean | undefined; verifiedAt?: string | Date | null | undefined; ... 20 more ...; user: UserCreateNestedOneWithoutRiderProfileInput; } | { ...; }' is not assignable to type '(Without<RiderCreateInput, RiderUncheckedCreateInput> & RiderUncheckedCreateInput) | (Without<...> & RiderCreateInput)'.
  Type '{ id: undefined; riderCode?: string | Prisma.StringFieldUpdateOperationsInput | undefined; status?: Prisma.EnumRiderStatusFieldUpdateOperationsInput | $Enums.RiderStatus | undefined; ... 23 more ...; user?: Prisma.UserUpdateOneRequiredWithoutRiderProfileNestedInput | undefined; }' is not assignable to type '(Without<RiderCreateInput, RiderUncheckedCreateInput> & RiderUncheckedCreateInput) | (Without<...> & RiderCreateInput)'.
    Type '{ id: undefined; riderCode?: string | Prisma.StringFieldUpdateOperationsInput | undefined; status?: Prisma.EnumRiderStatusFieldUpdateOperationsInput | $Enums.RiderStatus | undefined; ... 23 more ...; user?: Prisma.UserUpdateOneRequiredWithoutRiderProfileNestedInput | undefined; }' is not assignable to type 'Without<RiderUncheckedCreateInput, RiderCreateInput> & RiderCreateInput'.
      Type '{ id: undefined; riderCode?: string | Prisma.StringFieldUpdateOperationsInput | undefined; status?: Prisma.EnumRiderStatusFieldUpdateOperationsInput | $Enums.RiderStatus | undefined; ... 23 more ...; user?: Prisma.UserUpdateOneRequiredWithoutRiderProfileNestedInput | undefined; }' is not assignable to type 'RiderCreateInput'.
        Types of property 'riderCode' are incompatible.
          Type 'string | StringFieldUpdateOperationsInput | undefined' is not assignable to type 'string'.
            Type 'undefined' is not assignable to type 'string'.

[7m52[0m         data: {
[7m  [0m [91m        ~~~~[0m

  [96mnode_modules/.prisma/client/index.d.ts[0m:[93m52203[0m:[93m5[0m
    [7m52203[0m     data: XOR<RiderCreateInput, RiderUncheckedCreateInput>
    [7m     [0m [96m    ~~~~[0m
    The expected type comes from property 'data' which is declared here on type '{ select?: RiderSelect<DefaultArgs> | null | undefined; omit?: RiderOmit<DefaultArgs> | null | undefined; include?: RiderInclude<DefaultArgs> | null | undefined; data: (Without<...> & RiderUncheckedCreateInput) | (Without<...> & RiderCreateInput); }'

[96msrc/modules/drivers/infrastructure/repositories/rider.repository.impl.ts[0m:[93m91[0m:[93m16[0m - [91merror[0m[90m TS2353: [0mObject literal may only specify known properties, and 'phoneNumber' does not exist in type 'RiderWhereInput'.

[7m91[0m       where: { phoneNumber },
[7m  [0m [91m               ~~~~~~~~~~~[0m

[96msrc/modules/drivers/infrastructure/repositories/rider.repository.impl.ts[0m:[93m100[0m:[93m16[0m - [91merror[0m[90m TS2353: [0mObject literal may only specify known properties, and 'email' does not exist in type 'RiderWhereInput'.

[7m100[0m       where: { email },
[7m   [0m [91m               ~~~~~[0m

[96msrc/modules/drivers/infrastructure/repositories/rider.repository.impl.ts[0m:[93m141[0m:[93m16[0m - [91merror[0m[90m TS2551: [0mProperty 'getLatitude' does not exist on type 'Location'. Did you mean 'latitude'?

[7m141[0m       location.getLatitude(),
[7m   [0m [91m               ~~~~~~~~~~~[0m

  [96msrc/modules/drivers/domain/value-objects/location.vo.ts[0m:[93m36[0m:[93m7[0m
    [7m36[0m   get latitude(): number {
    [7m  [0m [96m      ~~~~~~~~[0m
    'latitude' is declared here.

[96msrc/modules/drivers/infrastructure/repositories/rider.repository.impl.ts[0m:[93m142[0m:[93m16[0m - [91merror[0m[90m TS2551: [0mProperty 'getLongitude' does not exist on type 'Location'. Did you mean 'longitude'?

[7m142[0m       location.getLongitude(),
[7m   [0m [91m               ~~~~~~~~~~~~[0m

  [96msrc/modules/drivers/domain/value-objects/location.vo.ts[0m:[93m40[0m:[93m7[0m
    [7m40[0m   get longitude(): number {
    [7m  [0m [96m      ~~~~~~~~~[0m
    'longitude' is declared here.

[96msrc/modules/drivers/infrastructure/repositories/rider.repository.impl.ts[0m:[93m143[0m:[93m16[0m - [91merror[0m[90m TS2551: [0mProperty 'getLatitude' does not exist on type 'Location'. Did you mean 'latitude'?

[7m143[0m       location.getLatitude(),
[7m   [0m [91m               ~~~~~~~~~~~[0m

  [96msrc/modules/drivers/domain/value-objects/location.vo.ts[0m:[93m36[0m:[93m7[0m
    [7m36[0m   get latitude(): number {
    [7m  [0m [96m      ~~~~~~~~[0m
    'latitude' is declared here.

[96msrc/modules/drivers/infrastructure/repositories/rider.repository.impl.ts[0m:[93m152[0m:[93m16[0m - [91merror[0m[90m TS2551: [0mProperty 'getLatitude' does not exist on type 'Location'. Did you mean 'latitude'?

[7m152[0m       location.getLatitude(),
[7m   [0m [91m               ~~~~~~~~~~~[0m

  [96msrc/modules/drivers/domain/value-objects/location.vo.ts[0m:[93m36[0m:[93m7[0m
    [7m36[0m   get latitude(): number {
    [7m  [0m [96m      ~~~~~~~~[0m
    'latitude' is declared here.

[96msrc/modules/drivers/infrastructure/repositories/rider.repository.impl.ts[0m:[93m153[0m:[93m16[0m - [91merror[0m[90m TS2551: [0mProperty 'getLongitude' does not exist on type 'Location'. Did you mean 'longitude'?

[7m153[0m       location.getLongitude(),
[7m   [0m [91m               ~~~~~~~~~~~~[0m

  [96msrc/modules/drivers/domain/value-objects/location.vo.ts[0m:[93m40[0m:[93m7[0m
    [7m40[0m   get longitude(): number {
    [7m  [0m [96m      ~~~~~~~~~[0m
    'longitude' is declared here.

[96msrc/modules/drivers/infrastructure/repositories/rider.repository.impl.ts[0m:[93m154[0m:[93m16[0m - [91merror[0m[90m TS2551: [0mProperty 'getLatitude' does not exist on type 'Location'. Did you mean 'latitude'?

[7m154[0m       location.getLatitude(),
[7m   [0m [91m               ~~~~~~~~~~~[0m

  [96msrc/modules/drivers/domain/value-objects/location.vo.ts[0m:[93m36[0m:[93m7[0m
    [7m36[0m   get latitude(): number {
    [7m  [0m [96m      ~~~~~~~~[0m
    'latitude' is declared here.

[96msrc/modules/drivers/infrastructure/repositories/rider.repository.impl.ts[0m:[93m173[0m:[93m13[0m - [91merror[0m[90m TS2339: [0mProperty 'vehicleType' does not exist on type 'RiderWhereInput'.

[7m173[0m       where.vehicleType = filters.vehicleType as any;
[7m   [0m [91m            ~~~~~~~~~~~[0m

[96msrc/modules/drivers/infrastructure/repositories/rider.repository.impl.ts[0m:[93m177[0m:[93m13[0m - [91merror[0m[90m TS2339: [0mProperty 'city' does not exist on type 'RiderWhereInput'.

[7m177[0m       where.city = {
[7m   [0m [91m            ~~~~[0m

[96msrc/modules/drivers/infrastructure/repositories/rider.repository.impl.ts[0m:[93m184[0m:[93m13[0m - [91merror[0m[90m TS2339: [0mProperty 'isAvailable' does not exist on type 'RiderWhereInput'.

[7m184[0m       where.isAvailable = filters.isAvailable;
[7m   [0m [91m            ~~~~~~~~~~~[0m

[96msrc/modules/drivers/infrastructure/repositories/rider.repository.impl.ts[0m:[93m199[0m:[93m9[0m - [91merror[0m[90m TS2698: [0mSpread types may only be created from object types.

[7m199[0m         ...where.averageRating,
[7m   [0m [91m        ~~~~~~~~~~~~~~~~~~~~~~[0m

[96msrc/modules/drivers/infrastructure/repositories/rider.repository.impl.ts[0m:[93m212[0m:[93m9[0m - [91merror[0m[90m TS2698: [0mSpread types may only be created from object types.

[7m212[0m         ...where.createdAt,
[7m   [0m [91m        ~~~~~~~~~~~~~~~~~~[0m

[96msrc/modules/drivers/infrastructure/repositories/rider.repository.impl.ts[0m:[93m238[0m:[93m35[0m - [91merror[0m[90m TS2551: [0mProperty 'getLatitude' does not exist on type 'Location'. Did you mean 'latitude'?

[7m238[0m         currentLatitude: location.getLatitude(),
[7m   [0m [91m                                  ~~~~~~~~~~~[0m

  [96msrc/modules/drivers/domain/value-objects/location.vo.ts[0m:[93m36[0m:[93m7[0m
    [7m36[0m   get latitude(): number {
    [7m  [0m [96m      ~~~~~~~~[0m
    'latitude' is declared here.

[96msrc/modules/drivers/infrastructure/repositories/rider.repository.impl.ts[0m:[93m239[0m:[93m36[0m - [91merror[0m[90m TS2551: [0mProperty 'getLongitude' does not exist on type 'Location'. Did you mean 'longitude'?

[7m239[0m         currentLongitude: location.getLongitude(),
[7m   [0m [91m                                   ~~~~~~~~~~~~[0m

  [96msrc/modules/drivers/domain/value-objects/location.vo.ts[0m:[93m40[0m:[93m7[0m
    [7m40[0m   get longitude(): number {
    [7m  [0m [96m      ~~~~~~~~~[0m
    'longitude' is declared here.

[96msrc/modules/drivers/infrastructure/repositories/rider.repository.impl.ts[0m:[93m249[0m:[93m24[0m - [91merror[0m[90m TS2339: [0mProperty 'getStatus' does not exist on type 'RiderStatus'.

[7m249[0m         status: status.getStatus() as any,
[7m   [0m [91m                       ~~~~~~~~~[0m

[96msrc/modules/drivers/infrastructure/repositories/rider.repository.impl.ts[0m:[93m250[0m:[93m9[0m - [91merror[0m[90m TS2353: [0mObject literal may only specify known properties, and 'isAvailable' does not exist in type '(Without<RiderUpdateInput, RiderUncheckedUpdateInput> & RiderUncheckedUpdateInput) | (Without<...> & RiderUpdateInput)'.

[7m250[0m         isAvailable: status.getIsAvailable(),
[7m   [0m [91m        ~~~~~~~~~~~[0m

  [96mnode_modules/.prisma/client/index.d.ts[0m:[93m52259[0m:[93m5[0m
    [7m52259[0m     data: XOR<RiderUpdateInput, RiderUncheckedUpdateInput>
    [7m     [0m [96m    ~~~~[0m
    The expected type comes from property 'data' which is declared here on type '{ select?: RiderSelect<DefaultArgs> | null | undefined; omit?: RiderOmit<DefaultArgs> | null | undefined; include?: RiderInclude<DefaultArgs> | null | undefined; data: (Without<...> & RiderUncheckedUpdateInput) | (Without<...> & RiderUpdateInput); where: RiderWhereUniqueInput; }'

[96msrc/modules/drivers/infrastructure/repositories/rider.repository.impl.ts[0m:[93m250[0m:[93m29[0m - [91merror[0m[90m TS2339: [0mProperty 'getIsAvailable' does not exist on type 'RiderStatus'.

[7m250[0m         isAvailable: status.getIsAvailable(),
[7m   [0m [91m                            ~~~~~~~~~~~~~~[0m

[96msrc/modules/drivers/infrastructure/repositories/rider.repository.impl.ts[0m:[93m263[0m:[93m30[0m - [91merror[0m[90m TS2551: [0mProperty 'getTotalOrders' does not exist on type 'PerformanceMetrics'. Did you mean 'totalOrders'?

[7m263[0m         totalOrders: metrics.getTotalOrders(),
[7m   [0m [91m                             ~~~~~~~~~~~~~~[0m

  [96msrc/modules/drivers/domain/value-objects/performance-metrics.vo.ts[0m:[93m89[0m:[93m7[0m
    [7m89[0m   get totalOrders(): number {
    [7m  [0m [96m      ~~~~~~~~~~~[0m
    'totalOrders' is declared here.

[96msrc/modules/drivers/infrastructure/repositories/rider.repository.impl.ts[0m:[93m264[0m:[93m34[0m - [91merror[0m[90m TS2551: [0mProperty 'getCompletedOrders' does not exist on type 'PerformanceMetrics'. Did you mean 'completedOrders'?

[7m264[0m         completedOrders: metrics.getCompletedOrders(),
[7m   [0m [91m                                 ~~~~~~~~~~~~~~~~~~[0m

  [96msrc/modules/drivers/domain/value-objects/performance-metrics.vo.ts[0m:[93m93[0m:[93m7[0m
    [7m93[0m   get completedOrders(): number {
    [7m  [0m [96m      ~~~~~~~~~~~~~~~[0m
    'completedOrders' is declared here.

[96msrc/modules/drivers/infrastructure/repositories/rider.repository.impl.ts[0m:[93m265[0m:[93m34[0m - [91merror[0m[90m TS2551: [0mProperty 'getCancelledOrders' does not exist on type 'PerformanceMetrics'. Did you mean 'cancelledOrders'?

[7m265[0m         cancelledOrders: metrics.getCancelledOrders(),
[7m   [0m [91m                                 ~~~~~~~~~~~~~~~~~~[0m

  [96msrc/modules/drivers/domain/value-objects/performance-metrics.vo.ts[0m:[93m97[0m:[93m7[0m
    [7m97[0m   get cancelledOrders(): number {
    [7m  [0m [96m      ~~~~~~~~~~~~~~~[0m
    'cancelledOrders' is declared here.

[96msrc/modules/drivers/infrastructure/repositories/rider.repository.impl.ts[0m:[93m266[0m:[93m32[0m - [91merror[0m[90m TS2551: [0mProperty 'getAverageRating' does not exist on type 'PerformanceMetrics'. Did you mean 'averageRating'?

[7m266[0m         averageRating: metrics.getAverageRating(),
[7m   [0m [91m                               ~~~~~~~~~~~~~~~~[0m

  [96msrc/modules/drivers/domain/value-objects/performance-metrics.vo.ts[0m:[93m113[0m:[93m7[0m
    [7m113[0m   get averageRating(): number {
    [7m   [0m [96m      ~~~~~~~~~~~~~[0m
    'averageRating' is declared here.

[96msrc/modules/drivers/infrastructure/repositories/rider.repository.impl.ts[0m:[93m267[0m:[93m31[0m - [91merror[0m[90m TS2551: [0mProperty 'getTotalRatings' does not exist on type 'PerformanceMetrics'. Did you mean 'totalRatings'?

[7m267[0m         totalRatings: metrics.getTotalRatings(),
[7m   [0m [91m                              ~~~~~~~~~~~~~~~[0m

  [96msrc/modules/drivers/domain/value-objects/performance-metrics.vo.ts[0m:[93m117[0m:[93m7[0m
    [7m117[0m   get totalRatings(): number {
    [7m   [0m [96m      ~~~~~~~~~~~~[0m
    'totalRatings' is declared here.

[96msrc/modules/drivers/infrastructure/repositories/rider.repository.impl.ts[0m:[93m268[0m:[93m9[0m - [91merror[0m[90m TS2353: [0mObject literal may only specify known properties, and 'averageDeliveryTime' does not exist in type '(Without<RiderUpdateInput, RiderUncheckedUpdateInput> & RiderUncheckedUpdateInput) | (Without<...> & RiderUpdateInput)'.

[7m268[0m         averageDeliveryTime: metrics.getAverageDeliveryTime(),
[7m   [0m [91m        ~~~~~~~~~~~~~~~~~~~[0m

  [96mnode_modules/.prisma/client/index.d.ts[0m:[93m52259[0m:[93m5[0m
    [7m52259[0m     data: XOR<RiderUpdateInput, RiderUncheckedUpdateInput>
    [7m     [0m [96m    ~~~~[0m
    The expected type comes from property 'data' which is declared here on type '{ select?: RiderSelect<DefaultArgs> | null | undefined; omit?: RiderOmit<DefaultArgs> | null | undefined; include?: RiderInclude<DefaultArgs> | null | undefined; data: (Without<...> & RiderUncheckedUpdateInput) | (Without<...> & RiderUpdateInput); where: RiderWhereUniqueInput; }'

[96msrc/modules/drivers/infrastructure/repositories/rider.repository.impl.ts[0m:[93m268[0m:[93m38[0m - [91merror[0m[90m TS2551: [0mProperty 'getAverageDeliveryTime' does not exist on type 'PerformanceMetrics'. Did you mean 'averageDeliveryTime'?

[7m268[0m         averageDeliveryTime: metrics.getAverageDeliveryTime(),
[7m   [0m [91m                                     ~~~~~~~~~~~~~~~~~~~~~~[0m

  [96msrc/modules/drivers/domain/value-objects/performance-metrics.vo.ts[0m:[93m121[0m:[93m7[0m
    [7m121[0m   get averageDeliveryTime(): number {
    [7m   [0m [96m      ~~~~~~~~~~~~~~~~~~~[0m
    'averageDeliveryTime' is declared here.

[96msrc/modules/drivers/infrastructure/repositories/rider.repository.impl.ts[0m:[93m269[0m:[93m37[0m - [91merror[0m[90m TS2551: [0mProperty 'getOnTimeDeliveryRate' does not exist on type 'PerformanceMetrics'. Did you mean 'onTimeDeliveryRate'?

[7m269[0m         onTimeDeliveryRate: metrics.getOnTimeDeliveryRate(),
[7m   [0m [91m                                    ~~~~~~~~~~~~~~~~~~~~~[0m

  [96msrc/modules/drivers/domain/value-objects/performance-metrics.vo.ts[0m:[93m109[0m:[93m7[0m
    [7m109[0m   get onTimeDeliveryRate(): number {
    [7m   [0m [96m      ~~~~~~~~~~~~~~~~~~[0m
    'onTimeDeliveryRate' is declared here.

[96msrc/modules/drivers/infrastructure/repositories/rider.repository.impl.ts[0m:[93m270[0m:[93m32[0m - [91merror[0m[90m TS2339: [0mProperty 'getTotalEarnings' does not exist on type 'PerformanceMetrics'.

[7m270[0m         totalEarnings: metrics.getTotalEarnings(),
[7m   [0m [91m                               ~~~~~~~~~~~~~~~~[0m

[96msrc/modules/drivers/infrastructure/repositories/rider.repository.impl.ts[0m:[93m271[0m:[93m32[0m - [91merror[0m[90m TS2339: [0mProperty 'getTotalDistance' does not exist on type 'PerformanceMetrics'.

[7m271[0m         totalDistance: metrics.getTotalDistance(),
[7m   [0m [91m                               ~~~~~~~~~~~~~~~~[0m

[96msrc/modules/drivers/infrastructure/repositories/rider.repository.impl.ts[0m:[93m272[0m:[93m34[0m - [91merror[0m[90m TS2339: [0mProperty 'getTotalActiveTime' does not exist on type 'PerformanceMetrics'.

[7m272[0m         totalActiveTime: metrics.getTotalActiveTime(),
[7m   [0m [91m                                 ~~~~~~~~~~~~~~~~~~[0m

[96msrc/modules/drivers/infrastructure/repositories/rider.repository.impl.ts[0m:[93m312[0m:[93m9[0m - [91merror[0m[90m TS2353: [0mObject literal may only specify known properties, and 'city' does not exist in type 'RiderWhereInput'.

[7m312[0m         city: {
[7m   [0m [91m        ~~~~[0m

[96msrc/modules/drivers/infrastructure/repositories/rider.repository.impl.ts[0m:[93m340[0m:[93m31[0m - [91merror[0m[90m TS2551: [0mProperty 'getVehicleInfo' does not exist on type 'Rider'. Did you mean 'vehicleInfo'?

[7m340[0m     const vehicleInfo = rider.getVehicleInfo();
[7m   [0m [91m                              ~~~~~~~~~~~~~~[0m

  [96msrc/modules/drivers/domain/entities/rider.entity.ts[0m:[93m104[0m:[93m7[0m
    [7m104[0m   get vehicleInfo(): VehicleInfo | undefined {
    [7m   [0m [96m      ~~~~~~~~~~~[0m
    'vehicleInfo' is declared here.

[96msrc/modules/drivers/infrastructure/repositories/rider.repository.impl.ts[0m:[93m341[0m:[93m28[0m - [91merror[0m[90m TS2551: [0mProperty 'getCurrentLocation' does not exist on type 'Rider'. Did you mean 'currentLocation'?

[7m341[0m     const location = rider.getCurrentLocation();
[7m   [0m [91m                           ~~~~~~~~~~~~~~~~~~[0m

  [96msrc/modules/drivers/domain/entities/rider.entity.ts[0m:[93m108[0m:[93m7[0m
    [7m108[0m   get currentLocation(): Location | undefined {
    [7m   [0m [96m      ~~~~~~~~~~~~~~~[0m
    'currentLocation' is declared here.

[96msrc/modules/drivers/infrastructure/repositories/rider.repository.impl.ts[0m:[93m342[0m:[93m26[0m - [91merror[0m[90m TS2339: [0mProperty 'getStatus' does not exist on type 'Rider'.

[7m342[0m     const status = rider.getStatus();
[7m   [0m [91m                         ~~~~~~~~~[0m

[96msrc/modules/drivers/infrastructure/repositories/rider.repository.impl.ts[0m:[93m343[0m:[93m34[0m - [91merror[0m[90m TS2339: [0mProperty 'getDocumentStatus' does not exist on type 'Rider'.

[7m343[0m     const documentStatus = rider.getDocumentStatus();
[7m   [0m [91m                                 ~~~~~~~~~~~~~~~~~[0m

[96msrc/modules/drivers/infrastructure/repositories/rider.repository.impl.ts[0m:[93m344[0m:[93m38[0m - [91merror[0m[90m TS2339: [0mProperty 'getPerformanceMetrics' does not exist on type 'Rider'.

[7m344[0m     const performanceMetrics = rider.getPerformanceMetrics();
[7m   [0m [91m                                     ~~~~~~~~~~~~~~~~~~~~~[0m

[96msrc/modules/drivers/infrastructure/repositories/rider.repository.impl.ts[0m:[93m347[0m:[93m7[0m - [91merror[0m[90m TS2561: [0mObject literal may only specify known properties, but 'userId' does not exist in type 'RiderCreateInput | RiderUpdateInput'. Did you mean to write 'user'?

[7m347[0m       userId: rider.getUserId(),
[7m   [0m [91m      ~~~~~~[0m

[96msrc/modules/drivers/infrastructure/repositories/rider.repository.impl.ts[0m:[93m347[0m:[93m21[0m - [91merror[0m[90m TS2551: [0mProperty 'getUserId' does not exist on type 'Rider'. Did you mean 'userId'?

[7m347[0m       userId: rider.getUserId(),
[7m   [0m [91m                    ~~~~~~~~~[0m

  [96msrc/modules/drivers/domain/entities/rider.entity.ts[0m:[93m64[0m:[93m7[0m
    [7m64[0m   get userId(): string {
    [7m  [0m [96m      ~~~~~~[0m
    'userId' is declared here.

[96msrc/modules/drivers/infrastructure/repositories/rider.repository.impl.ts[0m:[93m348[0m:[93m24[0m - [91merror[0m[90m TS2339: [0mProperty 'getRiderCode' does not exist on type 'Rider'.

[7m348[0m       riderCode: rider.getRiderCode(),
[7m   [0m [91m                       ~~~~~~~~~~~~[0m

[96msrc/modules/drivers/infrastructure/repositories/rider.repository.impl.ts[0m:[93m349[0m:[93m24[0m - [91merror[0m[90m TS2551: [0mProperty 'getFirstName' does not exist on type 'Rider'. Did you mean 'firstName'?

[7m349[0m       firstName: rider.getFirstName(),
[7m   [0m [91m                       ~~~~~~~~~~~~[0m

  [96msrc/modules/drivers/domain/entities/rider.entity.ts[0m:[93m68[0m:[93m7[0m
    [7m68[0m   get firstName(): string {
    [7m  [0m [96m      ~~~~~~~~~[0m
    'firstName' is declared here.

[96msrc/modules/drivers/infrastructure/repositories/rider.repository.impl.ts[0m:[93m350[0m:[93m23[0m - [91merror[0m[90m TS2551: [0mProperty 'getLastName' does not exist on type 'Rider'. Did you mean 'lastName'?

[7m350[0m       lastName: rider.getLastName(),
[7m   [0m [91m                      ~~~~~~~~~~~[0m

  [96msrc/modules/drivers/domain/entities/rider.entity.ts[0m:[93m72[0m:[93m7[0m
    [7m72[0m   get lastName(): string {
    [7m  [0m [96m      ~~~~~~~~[0m
    'lastName' is declared here.

[96msrc/modules/drivers/infrastructure/repositories/rider.repository.impl.ts[0m:[93m351[0m:[93m20[0m - [91merror[0m[90m TS2339: [0mProperty 'getEmail' does not exist on type 'Rider'.

[7m351[0m       email: rider.getEmail(),
[7m   [0m [91m                   ~~~~~~~~[0m

[96msrc/modules/drivers/infrastructure/repositories/rider.repository.impl.ts[0m:[93m352[0m:[93m26[0m - [91merror[0m[90m TS2551: [0mProperty 'getPhoneNumber' does not exist on type 'Rider'. Did you mean 'phoneNumber'?

[7m352[0m       phoneNumber: rider.getPhoneNumber(),
[7m   [0m [91m                         ~~~~~~~~~~~~~~[0m

  [96msrc/modules/drivers/domain/entities/rider.entity.ts[0m:[93m84[0m:[93m7[0m
    [7m84[0m   get phoneNumber(): string {
    [7m  [0m [96m      ~~~~~~~~~~~[0m
    'phoneNumber' is declared here.

[96msrc/modules/drivers/infrastructure/repositories/rider.repository.impl.ts[0m:[93m353[0m:[93m26[0m - [91merror[0m[90m TS2551: [0mProperty 'getDateOfBirth' does not exist on type 'Rider'. Did you mean 'dateOfBirth'?

[7m353[0m       dateOfBirth: rider.getDateOfBirth(),
[7m   [0m [91m                         ~~~~~~~~~~~~~~[0m

  [96msrc/modules/drivers/domain/entities/rider.entity.ts[0m:[93m88[0m:[93m7[0m
    [7m88[0m   get dateOfBirth(): Date {
    [7m  [0m [96m      ~~~~~~~~~~~[0m
    'dateOfBirth' is declared here.

[96msrc/modules/drivers/infrastructure/repositories/rider.repository.impl.ts[0m:[93m354[0m:[93m29[0m - [91merror[0m[90m TS2551: [0mProperty 'getProfilePicture' does not exist on type 'Rider'. Did you mean 'profilePicture'?

[7m354[0m       profilePicture: rider.getProfilePicture(),
[7m   [0m [91m                            ~~~~~~~~~~~~~~~~~[0m

  [96msrc/modules/drivers/domain/entities/rider.entity.ts[0m:[93m92[0m:[93m7[0m
    [7m92[0m   get profilePicture(): string | undefined {
    [7m  [0m [96m      ~~~~~~~~~~~~~~[0m
    'profilePicture' is declared here.

[96msrc/modules/drivers/infrastructure/repositories/rider.repository.impl.ts[0m:[93m355[0m:[93m28[0m - [91merror[0m[90m TS2339: [0mProperty 'getLicenseNumber' does not exist on type 'Rider'.

[7m355[0m       licenseNumber: rider.getLicenseNumber(),
[7m   [0m [91m                           ~~~~~~~~~~~~~~~~[0m

[96msrc/modules/drivers/infrastructure/repositories/rider.repository.impl.ts[0m:[93m356[0m:[93m32[0m - [91merror[0m[90m TS2339: [0mProperty 'getLicenseExpiryDate' does not exist on type 'Rider'.

[7m356[0m       licenseExpiryDate: rider.getLicenseExpiryDate(),
[7m   [0m [91m                               ~~~~~~~~~~~~~~~~~~~~[0m

[96msrc/modules/drivers/infrastructure/repositories/rider.repository.impl.ts[0m:[93m363[0m:[93m36[0m - [91merror[0m[90m TS2339: [0mProperty 'getInsurancePolicyNumber' does not exist on type 'Rider'.

[7m363[0m       insurancePolicyNumber: rider.getInsurancePolicyNumber(),
[7m   [0m [91m                                   ~~~~~~~~~~~~~~~~~~~~~~~~[0m

[96msrc/modules/drivers/infrastructure/repositories/rider.repository.impl.ts[0m:[93m364[0m:[93m34[0m - [91merror[0m[90m TS2339: [0mProperty 'getInsuranceExpiryDate' does not exist on type 'Rider'.

[7m364[0m       insuranceExpiryDate: rider.getInsuranceExpiryDate(),
[7m   [0m [91m                                 ~~~~~~~~~~~~~~~~~~~~~~[0m

[96msrc/modules/drivers/infrastructure/repositories/rider.repository.impl.ts[0m:[93m365[0m:[93m35[0m - [91merror[0m[90m TS2551: [0mProperty 'getEmergencyContactName' does not exist on type 'Rider'. Did you mean 'emergencyContactName'?

[7m365[0m       emergencyContactName: rider.getEmergencyContactName(),
[7m   [0m [91m                                  ~~~~~~~~~~~~~~~~~~~~~~~[0m

  [96msrc/modules/drivers/domain/entities/rider.entity.ts[0m:[93m96[0m:[93m7[0m
    [7m96[0m   get emergencyContactName(): string | undefined {
    [7m  [0m [96m      ~~~~~~~~~~~~~~~~~~~~[0m
    'emergencyContactName' is declared here.

[96msrc/modules/drivers/infrastructure/repositories/rider.repository.impl.ts[0m:[93m366[0m:[93m36[0m - [91merror[0m[90m TS2551: [0mProperty 'getEmergencyContactPhone' does not exist on type 'Rider'. Did you mean 'emergencyContactPhone'?

[7m366[0m       emergencyContactPhone: rider.getEmergencyContactPhone(),
[7m   [0m [91m                                   ~~~~~~~~~~~~~~~~~~~~~~~~[0m

  [96msrc/modules/drivers/domain/entities/rider.entity.ts[0m:[93m100[0m:[93m7[0m
    [7m100[0m   get emergencyContactPhone(): string | undefined {
    [7m   [0m [96m      ~~~~~~~~~~~~~~~~~~~~~[0m
    'emergencyContactPhone' is declared here.

[96msrc/modules/drivers/infrastructure/repositories/rider.repository.impl.ts[0m:[93m367[0m:[93m32[0m - [91merror[0m[90m TS2551: [0mProperty 'getBankAccountNumber' does not exist on type 'Rider'. Did you mean 'bankAccountNumber'?

[7m367[0m       bankAccountNumber: rider.getBankAccountNumber(),
[7m   [0m [91m                               ~~~~~~~~~~~~~~~~~~~~[0m

  [96msrc/modules/drivers/domain/entities/rider.entity.ts[0m:[93m140[0m:[93m7[0m
    [7m140[0m   get bankAccountNumber(): string | undefined {
    [7m   [0m [96m      ~~~~~~~~~~~~~~~~~[0m
    'bankAccountNumber' is declared here.

[96msrc/modules/drivers/infrastructure/repositories/rider.repository.impl.ts[0m:[93m368[0m:[93m32[0m - [91merror[0m[90m TS2339: [0mProperty 'getBankRoutingNumber' does not exist on type 'Rider'.

[7m368[0m       bankRoutingNumber: rider.getBankRoutingNumber(),
[7m   [0m [91m                               ~~~~~~~~~~~~~~~~~~~~[0m

[96msrc/modules/drivers/infrastructure/repositories/rider.repository.impl.ts[0m:[93m369[0m:[93m36[0m - [91merror[0m[90m TS2551: [0mProperty 'getBankAccountHolderName' does not exist on type 'Rider'. Did you mean 'bankAccountHolderName'?

[7m369[0m       bankAccountHolderName: rider.getBankAccountHolderName(),
[7m   [0m [91m                                   ~~~~~~~~~~~~~~~~~~~~~~~~[0m

  [96msrc/modules/drivers/domain/entities/rider.entity.ts[0m:[93m148[0m:[93m7[0m
    [7m148[0m   get bankAccountHolderName(): string | undefined {
    [7m   [0m [96m      ~~~~~~~~~~~~~~~~~~~~~[0m
    'bankAccountHolderName' is declared here.

[96msrc/modules/drivers/infrastructure/repositories/rider.repository.impl.ts[0m:[93m370[0m:[93m36[0m - [91merror[0m[90m TS2339: [0mProperty 'getPreferredWorkingHours' does not exist on type 'Rider'.

[7m370[0m       preferredWorkingHours: rider.getPreferredWorkingHours(),
[7m   [0m [91m                                   ~~~~~~~~~~~~~~~~~~~~~~~~[0m

[96msrc/modules/drivers/infrastructure/repositories/rider.repository.impl.ts[0m:[93m371[0m:[93m27[0m - [91merror[0m[90m TS2339: [0mProperty 'getServiceAreas' does not exist on type 'Rider'.

[7m371[0m       serviceAreas: rider.getServiceAreas(),
[7m   [0m [91m                          ~~~~~~~~~~~~~~~[0m

[96msrc/modules/drivers/infrastructure/repositories/rider.repository.impl.ts[0m:[93m374[0m:[93m25[0m - [91merror[0m[90m TS2339: [0mProperty 'getIsVerified' does not exist on type 'Rider'.

[7m374[0m       isVerified: rider.getIsVerified(),
[7m   [0m [91m                        ~~~~~~~~~~~~~[0m

[96msrc/modules/drivers/infrastructure/repositories/rider.repository.impl.ts[0m:[93m375[0m:[93m31[0m - [91merror[0m[90m TS2339: [0mProperty 'getVerificationDate' does not exist on type 'Rider'.

[7m375[0m       verificationDate: rider.getVerificationDate(),
[7m   [0m [91m                              ~~~~~~~~~~~~~~~~~~~[0m

[96msrc/modules/drivers/infrastructure/repositories/rider.repository.impl.ts[0m:[93m378[0m:[93m33[0m - [91merror[0m[90m TS2339: [0mProperty 'getLastLocationUpdate' does not exist on type 'Rider'.

[7m378[0m       lastLocationUpdate: rider.getLastLocationUpdate(),
[7m   [0m [91m                                ~~~~~~~~~~~~~~~~~~~~~[0m

[96msrc/modules/drivers/infrastructure/repositories/rider.repository.impl.ts[0m:[93m379[0m:[93m31[0m - [91merror[0m[90m TS2339: [0mProperty 'getLastStatusUpdate' does not exist on type 'Rider'.

[7m379[0m       lastStatusUpdate: rider.getLastStatusUpdate(),
[7m   [0m [91m                              ~~~~~~~~~~~~~~~~~~~[0m

[96msrc/modules/drivers/infrastructure/repositories/rider.repository.impl.ts[0m:[93m394[0m:[93m19[0m - [91merror[0m[90m TS2339: [0mProperty 'getCity' does not exist on type 'Rider'.

[7m394[0m       city: rider.getCity(),
[7m   [0m [91m                  ~~~~~~~[0m

[96msrc/modules/drivers/infrastructure/repositories/rider.repository.impl.ts[0m:[93m395[0m:[93m20[0m - [91merror[0m[90m TS2339: [0mProperty 'getState' does not exist on type 'Rider'.

[7m395[0m       state: rider.getState(),
[7m   [0m [91m                   ~~~~~~~~[0m

[96msrc/modules/drivers/infrastructure/repositories/rider.repository.impl.ts[0m:[93m396[0m:[93m22[0m - [91merror[0m[90m TS2339: [0mProperty 'getCountry' does not exist on type 'Rider'.

[7m396[0m       country: rider.getCountry(),
[7m   [0m [91m                     ~~~~~~~~~~[0m

[96msrc/modules/drivers/infrastructure/repositories/rider.repository.impl.ts[0m:[93m397[0m:[93m23[0m - [91merror[0m[90m TS2339: [0mProperty 'getTimezone' does not exist on type 'Rider'.

[7m397[0m       timezone: rider.getTimezone(),
[7m   [0m [91m                      ~~~~~~~~~~~[0m

[96msrc/modules/drivers/infrastructure/repositories/rider.repository.impl.ts[0m:[93m398[0m:[93m23[0m - [91merror[0m[90m TS2339: [0mProperty 'getLanguage' does not exist on type 'Rider'.

[7m398[0m       language: rider.getLanguage(),
[7m   [0m [91m                      ~~~~~~~~~~~[0m

[96msrc/modules/drivers/infrastructure/repositories/rider.repository.impl.ts[0m:[93m399[0m:[93m23[0m - [91merror[0m[90m TS2339: [0mProperty 'getCurrency' does not exist on type 'Rider'.

[7m399[0m       currency: rider.getCurrency(),
[7m   [0m [91m                      ~~~~~~~~~~~[0m

[96msrc/modules/drivers/infrastructure/repositories/rider.repository.impl.ts[0m:[93m400[0m:[93m23[0m - [91merror[0m[90m TS2339: [0mProperty 'getJoinedAt' does not exist on type 'Rider'.

[7m400[0m       joinedAt: rider.getJoinedAt(),
[7m   [0m [91m                      ~~~~~~~~~~~[0m

[96msrc/modules/drivers/infrastructure/repositories/rider.repository.impl.ts[0m:[93m407[0m:[93m7[0m - [91merror[0m[90m TS2554: [0mExpected 1 arguments, but got 6.

[7m407[0m       data.vehicleMake,
[7m   [0m [91m      ~~~~~~~~~~~~~~~~~[0m
[7m408[0m       data.vehicleModel,
[7m   [0m [91m~~~~~~~~~~~~~~~~~~~~~~~~[0m
[7m...[0m 
[7m410[0m       data.vehicleColor,
[7m   [0m [91m~~~~~~~~~~~~~~~~~~~~~~~~[0m
[7m411[0m       data.vehiclePlateNumber,
[7m   [0m [91m~~~~~~~~~~~~~~~~~~~~~~~~~~~~~[0m

[96msrc/modules/drivers/infrastructure/repositories/rider.repository.impl.ts[0m:[93m415[0m:[93m45[0m - [91merror[0m[90m TS2554: [0mExpected 1 arguments, but got 2.

[7m415[0m       Location.create(data.currentLatitude, data.currentLongitude) : null;
[7m   [0m [91m                                            ~~~~~~~~~~~~~~~~~~~~~[0m

[96msrc/modules/drivers/infrastructure/repositories/rider.repository.impl.ts[0m:[93m419[0m:[93m7[0m - [91merror[0m[90m TS2554: [0mExpected 1 arguments, but got 3.

[7m419[0m       data.isAvailable,
[7m   [0m [91m      ~~~~~~~~~~~~~~~~~[0m
[7m420[0m       data.lastStatusUpdate,
[7m   [0m [91m~~~~~~~~~~~~~~~~~~~~~~~~~~~[0m

[96msrc/modules/drivers/infrastructure/repositories/rider.repository.impl.ts[0m:[93m425[0m:[93m7[0m - [91merror[0m[90m TS2554: [0mExpected 1 arguments, but got 4.

[7m425[0m       data.documentsVerifiedAt,
[7m   [0m [91m      ~~~~~~~~~~~~~~~~~~~~~~~~~[0m
[7m426[0m       data.documentsRejectedAt,
[7m   [0m [91m~~~~~~~~~~~~~~~~~~~~~~~~~~~~~~~[0m
[7m427[0m       data.documentsRejectionReason,
[7m   [0m [91m~~~~~~~~~~~~~~~~~~~~~~~~~~~~~~~~~~~[0m

[96msrc/modules/drivers/infrastructure/repositories/rider.repository.impl.ts[0m:[93m432[0m:[93m7[0m - [91merror[0m[90m TS2554: [0mExpected 1 arguments, but got 10.

[7m432[0m       data.completedOrders || 0,
[7m   [0m [91m      ~~~~~~~~~~~~~~~~~~~~~~~~~~[0m
[7m433[0m       data.cancelledOrders || 0,
[7m   [0m [91m~~~~~~~~~~~~~~~~~~~~~~~~~~~~~~~~[0m
[7m...[0m 
[7m439[0m       data.totalDistance || 0,
[7m   [0m [91m~~~~~~~~~~~~~~~~~~~~~~~~~~~~~~[0m
[7m440[0m       data.totalActiveTime || 0,
[7m   [0m [91m~~~~~~~~~~~~~~~~~~~~~~~~~~~~~~~[0m

[96msrc/modules/drivers/infrastructure/repositories/rider.repository.impl.ts[0m:[93m443[0m:[93m12[0m - [91merror[0m[90m TS2673: [0mConstructor of class 'Rider' is private and only accessible within the class declaration.

[7m443[0m     return new Rider(
[7m   [0m [91m           ~~~~~~~~~~[0m
[7m444[0m       data.id,
[7m   [0m [91m~~~~~~~~~~~~~~[0m
[7m...[0m 
[7m481[0m       data.updatedAt,
[7m   [0m [91m~~~~~~~~~~~~~~~~~~~~~[0m
[7m482[0m     );
[7m   [0m [91m~~~~~[0m

[96msrc/modules/drivers/infrastructure/repositories/shift.repository.impl.ts[0m:[93m47[0m:[93m9[0m - [91merror[0m[90m TS2416: [0mProperty 'save' in type 'ShiftRepositoryImpl' is not assignable to the same property in base type 'ShiftRepository'.
  Type '(shift: Shift) => Promise<Shift>' is not assignable to type '(shift: Shift) => Promise<void>'.
    Type 'Promise<Shift>' is not assignable to type 'Promise<void>'.
      Type 'Shift' is not assignable to type 'void'.

[7m47[0m   async save(shift: Shift): Promise<Shift> {
[7m  [0m [91m        ~~~~[0m

[96msrc/modules/drivers/infrastructure/repositories/shift.repository.impl.ts[0m:[93m50[0m:[93m15[0m - [91merror[0m[90m TS2339: [0mProperty 'getId' does not exist on type 'Shift'.

[7m50[0m     if (shift.getId()) {
[7m  [0m [91m              ~~~~~[0m

[96msrc/modules/drivers/infrastructure/repositories/shift.repository.impl.ts[0m:[93m53[0m:[93m28[0m - [91merror[0m[90m TS2339: [0mProperty 'getId' does not exist on type 'Shift'.

[7m53[0m         where: { id: shift.getId() },
[7m  [0m [91m                           ~~~~~[0m

[96msrc/modules/drivers/infrastructure/repositories/shift.repository.impl.ts[0m:[93m61[0m:[93m9[0m - [91merror[0m[90m TS2322: [0mType '{ id: undefined; status?: ShiftStatus | undefined; startTime?: string | Date | undefined; endTime?: string | Date | null | undefined; plannedEndTime?: string | Date | null | undefined; ... 17 more ...; vehicle?: VehicleCreateNestedOneWithoutShiftsInput | undefined; } | { ...; }' is not assignable to type '(Without<ShiftCreateInput, ShiftUncheckedCreateInput> & ShiftUncheckedCreateInput) | (Without<...> & ShiftCreateInput)'.
  Type '{ id: undefined; status?: Prisma.EnumShiftStatusFieldUpdateOperationsInput | $Enums.ShiftStatus | undefined; startTime?: string | Date | Prisma.DateTimeFieldUpdateOperationsInput | undefined; ... 19 more ...; vehicle?: Prisma.VehicleUpdateOneWithoutShiftsNestedInput | undefined; }' is not assignable to type '(Without<ShiftCreateInput, ShiftUncheckedCreateInput> & ShiftUncheckedCreateInput) | (Without<...> & ShiftCreateInput)'.
    Type '{ id: undefined; status?: Prisma.EnumShiftStatusFieldUpdateOperationsInput | $Enums.ShiftStatus | undefined; startTime?: string | Date | Prisma.DateTimeFieldUpdateOperationsInput | undefined; ... 19 more ...; vehicle?: Prisma.VehicleUpdateOneWithoutShiftsNestedInput | undefined; }' is not assignable to type 'Without<ShiftUncheckedCreateInput, ShiftCreateInput> & ShiftCreateInput'.
      Type '{ id: undefined; status?: Prisma.EnumShiftStatusFieldUpdateOperationsInput | $Enums.ShiftStatus | undefined; startTime?: string | Date | Prisma.DateTimeFieldUpdateOperationsInput | undefined; ... 19 more ...; vehicle?: Prisma.VehicleUpdateOneWithoutShiftsNestedInput | undefined; }' is not assignable to type 'ShiftCreateInput'.
        Types of property 'status' are incompatible.
          Type 'EnumShiftStatusFieldUpdateOperationsInput | ShiftStatus | undefined' is not assignable to type 'ShiftStatus | undefined'.
            Type 'EnumShiftStatusFieldUpdateOperationsInput' is not assignable to type 'ShiftStatus | undefined'.

[7m61[0m         data: {
[7m  [0m [91m        ~~~~[0m

  [96mnode_modules/.prisma/client/index.d.ts[0m:[93m54911[0m:[93m5[0m
    [7m54911[0m     data: XOR<ShiftCreateInput, ShiftUncheckedCreateInput>
    [7m     [0m [96m    ~~~~[0m
    The expected type comes from property 'data' which is declared here on type '{ select?: ShiftSelect<DefaultArgs> | null | undefined; omit?: ShiftOmit<DefaultArgs> | null | undefined; include?: ShiftInclude<DefaultArgs> | null | undefined; data: (Without<...> & ShiftUncheckedCreateInput) | (Without<...> & ShiftCreateInput); }'

[96msrc/modules/drivers/infrastructure/repositories/shift.repository.impl.ts[0m:[93m80[0m:[93m9[0m - [91merror[0m[90m TS2416: [0mProperty 'findByRiderId' in type 'ShiftRepositoryImpl' is not assignable to the same property in base type 'ShiftRepository'.
  Type '(riderId: string, pagination?: PaginationOptions | undefined) => Promise<ShiftSearchResult>' is not assignable to type '(riderId: UniqueEntityID, pagination?: PaginationOptions | undefined) => Promise<PaginatedResult<Shift>>'.
    Type 'Promise<ShiftSearchResult>' is not assignable to type 'Promise<PaginatedResult<Shift>>'.
      Type 'ShiftSearchResult' is missing the following properties from type 'PaginatedResult<Shift>': items, page, limit, totalPages, and 2 more.

[7m80[0m   async findByRiderId(
[7m  [0m [91m        ~~~~~~~~~~~~~[0m

[96msrc/modules/drivers/infrastructure/repositories/shift.repository.impl.ts[0m:[93m171[0m:[93m9[0m - [91merror[0m[90m TS2698: [0mSpread types may only be created from object types.

[7m171[0m         ...where.startTime,
[7m   [0m [91m        ~~~~~~~~~~~~~~~~~~[0m

[96msrc/modules/drivers/infrastructure/repositories/shift.repository.impl.ts[0m:[93m177[0m:[93m13[0m - [91merror[0m[90m TS2339: [0mProperty 'duration' does not exist on type 'ShiftWhereInput'.

[7m177[0m       where.duration = {
[7m   [0m [91m            ~~~~~~~~[0m

[96msrc/modules/drivers/infrastructure/repositories/shift.repository.impl.ts[0m:[93m183[0m:[93m13[0m - [91merror[0m[90m TS2339: [0mProperty 'duration' does not exist on type 'ShiftWhereInput'.

[7m183[0m       where.duration = {
[7m   [0m [91m            ~~~~~~~~[0m

[96msrc/modules/drivers/infrastructure/repositories/shift.repository.impl.ts[0m:[93m184[0m:[93m18[0m - [91merror[0m[90m TS2339: [0mProperty 'duration' does not exist on type 'ShiftWhereInput'.

[7m184[0m         ...where.duration,
[7m   [0m [91m                 ~~~~~~~~[0m

[96msrc/modules/drivers/infrastructure/repositories/shift.repository.impl.ts[0m:[93m197[0m:[93m9[0m - [91merror[0m[90m TS2698: [0mSpread types may only be created from object types.

[7m197[0m         ...where.totalEarnings,
[7m   [0m [91m        ~~~~~~~~~~~~~~~~~~~~~~[0m

[96msrc/modules/drivers/infrastructure/repositories/shift.repository.impl.ts[0m:[93m207[0m:[93m13[0m - [91merror[0m[90m TS2339: [0mProperty 'startLocationCity' does not exist on type 'ShiftWhereInput'.

[7m207[0m       where.startLocationCity = {
[7m   [0m [91m            ~~~~~~~~~~~~~~~~~[0m

[96msrc/modules/drivers/infrastructure/repositories/shift.repository.impl.ts[0m:[93m339[0m:[93m51[0m - [91merror[0m[90m TS2551: [0mProperty 'getLatitude' does not exist on type 'Location'. Did you mean 'latitude'?

[7m339[0m       updateData.startLocationLatitude = location.getLatitude();
[7m   [0m [91m                                                  ~~~~~~~~~~~[0m

  [96msrc/modules/drivers/domain/value-objects/location.vo.ts[0m:[93m36[0m:[93m7[0m
    [7m36[0m   get latitude(): number {
    [7m  [0m [96m      ~~~~~~~~[0m
    'latitude' is declared here.

[96msrc/modules/drivers/infrastructure/repositories/shift.repository.impl.ts[0m:[93m340[0m:[93m52[0m - [91merror[0m[90m TS2551: [0mProperty 'getLongitude' does not exist on type 'Location'. Did you mean 'longitude'?

[7m340[0m       updateData.startLocationLongitude = location.getLongitude();
[7m   [0m [91m                                                   ~~~~~~~~~~~~[0m

  [96msrc/modules/drivers/domain/value-objects/location.vo.ts[0m:[93m40[0m:[93m7[0m
    [7m40[0m   get longitude(): number {
    [7m  [0m [96m      ~~~~~~~~~[0m
    'longitude' is declared here.

[96msrc/modules/drivers/infrastructure/repositories/shift.repository.impl.ts[0m:[93m342[0m:[93m49[0m - [91merror[0m[90m TS2551: [0mProperty 'getLatitude' does not exist on type 'Location'. Did you mean 'latitude'?

[7m342[0m       updateData.endLocationLatitude = location.getLatitude();
[7m   [0m [91m                                                ~~~~~~~~~~~[0m

  [96msrc/modules/drivers/domain/value-objects/location.vo.ts[0m:[93m36[0m:[93m7[0m
    [7m36[0m   get latitude(): number {
    [7m  [0m [96m      ~~~~~~~~[0m
    'latitude' is declared here.

[96msrc/modules/drivers/infrastructure/repositories/shift.repository.impl.ts[0m:[93m343[0m:[93m50[0m - [91merror[0m[90m TS2551: [0mProperty 'getLongitude' does not exist on type 'Location'. Did you mean 'longitude'?

[7m343[0m       updateData.endLocationLongitude = location.getLongitude();
[7m   [0m [91m                                                 ~~~~~~~~~~~~[0m

  [96msrc/modules/drivers/domain/value-objects/location.vo.ts[0m:[93m40[0m:[93m7[0m
    [7m40[0m   get longitude(): number {
    [7m  [0m [96m      ~~~~~~~~~[0m
    'longitude' is declared here.

[96msrc/modules/drivers/infrastructure/repositories/shift.repository.impl.ts[0m:[93m390[0m:[93m7[0m - [91merror[0m[90m TS2322: [0mType '"COMPLETED"' is not assignable to type 'ShiftStatus | EnumShiftStatusFilter<"Shift"> | undefined'.

[7m390[0m       status: 'COMPLETED',
[7m   [0m [91m      ~~~~~~[0m

  [96mnode_modules/.prisma/client/index.d.ts[0m:[93m71651[0m:[93m5[0m
    [7m71651[0m     status?: EnumShiftStatusFilter<"Shift"> | $Enums.ShiftStatus
    [7m     [0m [96m    ~~~~~~[0m
    The expected type comes from property 'status' which is declared here on type 'ShiftWhereInput'

[96msrc/modules/drivers/infrastructure/repositories/shift.repository.impl.ts[0m:[93m399[0m:[93m9[0m - [91merror[0m[90m TS2698: [0mSpread types may only be created from object types.

[7m399[0m         ...where.startTime,
[7m   [0m [91m        ~~~~~~~~~~~~~~~~~~[0m

[96msrc/modules/drivers/infrastructure/repositories/shift.repository.impl.ts[0m:[93m421[0m:[93m7[0m - [91merror[0m[90m TS2322: [0mType '"COMPLETED"' is not assignable to type 'ShiftStatus | EnumShiftStatusFilter<"Shift"> | undefined'.

[7m421[0m       status: 'COMPLETED',
[7m   [0m [91m      ~~~~~~[0m

  [96mnode_modules/.prisma/client/index.d.ts[0m:[93m71651[0m:[93m5[0m
    [7m71651[0m     status?: EnumShiftStatusFilter<"Shift"> | $Enums.ShiftStatus
    [7m     [0m [96m    ~~~~~~[0m
    The expected type comes from property 'status' which is declared here on type 'ShiftWhereInput'

[96msrc/modules/drivers/infrastructure/repositories/shift.repository.impl.ts[0m:[93m430[0m:[93m9[0m - [91merror[0m[90m TS2698: [0mSpread types may only be created from object types.

[7m430[0m         ...where.startTime,
[7m   [0m [91m        ~~~~~~~~~~~~~~~~~~[0m

[96msrc/modules/drivers/infrastructure/repositories/shift.repository.impl.ts[0m:[93m438[0m:[93m9[0m - [91merror[0m[90m TS2353: [0mObject literal may only specify known properties, and 'duration' does not exist in type 'ShiftSumAggregateInputType'.

[7m438[0m         duration: true,
[7m   [0m [91m        ~~~~~~~~[0m

  [96mnode_modules/.prisma/client/index.d.ts[0m:[93m54006[0m:[93m5[0m
    [7m54006[0m     _sum?: ShiftSumAggregateInputType
    [7m     [0m [96m    ~~~~[0m
    The expected type comes from property '_sum' which is declared here on type 'Subset<ShiftAggregateArgs<DefaultArgs>, ShiftAggregateArgs<DefaultArgs>>'

[96msrc/modules/drivers/infrastructure/repositories/shift.repository.impl.ts[0m:[93m442[0m:[93m12[0m - [91merror[0m[90m TS18048: [0m'result._sum' is possibly 'undefined'.

[7m442[0m     return result._sum.duration || 0;
[7m   [0m [91m           ~~~~~~~~~~~[0m

[96msrc/modules/drivers/infrastructure/repositories/shift.repository.impl.ts[0m:[93m442[0m:[93m24[0m - [91merror[0m[90m TS2339: [0mProperty 'duration' does not exist on type '{ startLatitude?: number | null | undefined; startLongitude?: number | null | undefined; endLatitude?: number | null | undefined; endLongitude?: number | null | undefined; totalOrders?: number | ... 1 more ... | undefined; ... 5 more ...; customerRating?: number | ... 1 more ... | undefined; }'.

[7m442[0m     return result._sum.duration || 0;
[7m   [0m [91m                       ~~~~~~~~[0m

[96msrc/modules/drivers/infrastructure/repositories/shift.repository.impl.ts[0m:[93m478[0m:[93m26[0m - [91merror[0m[90m TS2339: [0mProperty 'getStatus' does not exist on type 'Shift'.

[7m478[0m     const status = shift.getStatus();
[7m   [0m [91m                         ~~~~~~~~~[0m

[96msrc/modules/drivers/infrastructure/repositories/shift.repository.impl.ts[0m:[93m479[0m:[93m33[0m - [91merror[0m[90m TS2551: [0mProperty 'getStartLocation' does not exist on type 'Shift'. Did you mean 'startLocation'?

[7m479[0m     const startLocation = shift.getStartLocation();
[7m   [0m [91m                                ~~~~~~~~~~~~~~~~[0m

  [96msrc/modules/drivers/domain/entities/shift.entity.ts[0m:[93m99[0m:[93m7[0m
    [7m99[0m   get startLocation(): Location | undefined {
    [7m  [0m [96m      ~~~~~~~~~~~~~[0m
    'startLocation' is declared here.

[96msrc/modules/drivers/infrastructure/repositories/shift.repository.impl.ts[0m:[93m480[0m:[93m31[0m - [91merror[0m[90m TS2551: [0mProperty 'getEndLocation' does not exist on type 'Shift'. Did you mean 'endLocation'?

[7m480[0m     const endLocation = shift.getEndLocation();
[7m   [0m [91m                              ~~~~~~~~~~~~~~[0m

  [96msrc/modules/drivers/domain/entities/shift.entity.ts[0m:[93m103[0m:[93m7[0m
    [7m103[0m   get endLocation(): Location | undefined {
    [7m   [0m [96m      ~~~~~~~~~~~[0m
    'endLocation' is declared here.

[96msrc/modules/drivers/infrastructure/repositories/shift.repository.impl.ts[0m:[93m483[0m:[93m7[0m - [91merror[0m[90m TS2561: [0mObject literal may only specify known properties, but 'riderId' does not exist in type 'ShiftCreateInput | ShiftUpdateInput'. Did you mean to write 'rider'?

[7m483[0m       riderId: shift.getRiderId(),
[7m   [0m [91m      ~~~~~~~[0m

[96msrc/modules/drivers/infrastructure/repositories/shift.repository.impl.ts[0m:[93m483[0m:[93m22[0m - [91merror[0m[90m TS2551: [0mProperty 'getRiderId' does not exist on type 'Shift'. Did you mean 'riderId'?

[7m483[0m       riderId: shift.getRiderId(),
[7m   [0m [91m                     ~~~~~~~~~~[0m

  [96msrc/modules/drivers/domain/entities/shift.entity.ts[0m:[93m83[0m:[93m7[0m
    [7m83[0m   get riderId(): string {
    [7m  [0m [96m      ~~~~~~~[0m
    'riderId' is declared here.

[96msrc/modules/drivers/infrastructure/repositories/shift.repository.impl.ts[0m:[93m484[0m:[93m24[0m - [91merror[0m[90m TS2339: [0mProperty 'getVehicleId' does not exist on type 'Shift'.

[7m484[0m       vehicleId: shift.getVehicleId(),
[7m   [0m [91m                       ~~~~~~~~~~~~[0m

[96msrc/modules/drivers/infrastructure/repositories/shift.repository.impl.ts[0m:[93m486[0m:[93m24[0m - [91merror[0m[90m TS2551: [0mProperty 'getStartTime' does not exist on type 'Shift'. Did you mean 'startTime'?

[7m486[0m       startTime: shift.getStartTime(),
[7m   [0m [91m                       ~~~~~~~~~~~~[0m

  [96msrc/modules/drivers/domain/entities/shift.entity.ts[0m:[93m87[0m:[93m7[0m
    [7m87[0m   get startTime(): Date {
    [7m  [0m [96m      ~~~~~~~~~[0m
    'startTime' is declared here.

[96msrc/modules/drivers/infrastructure/repositories/shift.repository.impl.ts[0m:[93m487[0m:[93m22[0m - [91merror[0m[90m TS2551: [0mProperty 'getEndTime' does not exist on type 'Shift'. Did you mean 'endTime'?

[7m487[0m       endTime: shift.getEndTime(),
[7m   [0m [91m                     ~~~~~~~~~~[0m

  [96msrc/modules/drivers/domain/entities/shift.entity.ts[0m:[93m91[0m:[93m7[0m
    [7m91[0m   get endTime(): Date | undefined {
    [7m  [0m [96m      ~~~~~~~[0m
    'endTime' is declared here.

[96msrc/modules/drivers/infrastructure/repositories/shift.repository.impl.ts[0m:[93m488[0m:[93m23[0m - [91merror[0m[90m TS2339: [0mProperty 'getDuration' does not exist on type 'Shift'.

[7m488[0m       duration: shift.getDuration(),
[7m   [0m [91m                      ~~~~~~~~~~~[0m

[96msrc/modules/drivers/infrastructure/repositories/shift.repository.impl.ts[0m:[93m489[0m:[93m29[0m - [91merror[0m[90m TS2339: [0mProperty 'getPausedDuration' does not exist on type 'Shift'.

[7m489[0m       pausedDuration: shift.getPausedDuration(),
[7m   [0m [91m                            ~~~~~~~~~~~~~~~~~[0m

[96msrc/modules/drivers/infrastructure/repositories/shift.repository.impl.ts[0m:[93m492[0m:[93m35[0m - [91merror[0m[90m TS2339: [0mProperty 'getStartLocationAddress' does not exist on type 'Shift'.

[7m492[0m       startLocationAddress: shift.getStartLocationAddress(),
[7m   [0m [91m                                  ~~~~~~~~~~~~~~~~~~~~~~~[0m

[96msrc/modules/drivers/infrastructure/repositories/shift.repository.impl.ts[0m:[93m493[0m:[93m32[0m - [91merror[0m[90m TS2339: [0mProperty 'getStartLocationCity' does not exist on type 'Shift'.

[7m493[0m       startLocationCity: shift.getStartLocationCity(),
[7m   [0m [91m                               ~~~~~~~~~~~~~~~~~~~~[0m

[96msrc/modules/drivers/infrastructure/repositories/shift.repository.impl.ts[0m:[93m496[0m:[93m33[0m - [91merror[0m[90m TS2339: [0mProperty 'getEndLocationAddress' does not exist on type 'Shift'.

[7m496[0m       endLocationAddress: shift.getEndLocationAddress(),
[7m   [0m [91m                                ~~~~~~~~~~~~~~~~~~~~~[0m

[96msrc/modules/drivers/infrastructure/repositories/shift.repository.impl.ts[0m:[93m497[0m:[93m30[0m - [91merror[0m[90m TS2339: [0mProperty 'getEndLocationCity' does not exist on type 'Shift'.

[7m497[0m       endLocationCity: shift.getEndLocationCity(),
[7m   [0m [91m                             ~~~~~~~~~~~~~~~~~~[0m

[96msrc/modules/drivers/infrastructure/repositories/shift.repository.impl.ts[0m:[93m498[0m:[93m26[0m - [91merror[0m[90m TS2551: [0mProperty 'getTotalOrders' does not exist on type 'Shift'. Did you mean 'totalOrders'?

[7m498[0m       totalOrders: shift.getTotalOrders(),
[7m   [0m [91m                         ~~~~~~~~~~~~~~[0m

  [96msrc/modules/drivers/domain/entities/shift.entity.ts[0m:[93m111[0m:[93m7[0m
    [7m111[0m   get totalOrders(): number {
    [7m   [0m [96m      ~~~~~~~~~~~[0m
    'totalOrders' is declared here.

[96msrc/modules/drivers/infrastructure/repositories/shift.repository.impl.ts[0m:[93m499[0m:[93m30[0m - [91merror[0m[90m TS2551: [0mProperty 'getCompletedOrders' does not exist on type 'Shift'. Did you mean 'completedOrders'?

[7m499[0m       completedOrders: shift.getCompletedOrders(),
[7m   [0m [91m                             ~~~~~~~~~~~~~~~~~~[0m

  [96msrc/modules/drivers/domain/entities/shift.entity.ts[0m:[93m115[0m:[93m7[0m
    [7m115[0m   get completedOrders(): number {
    [7m   [0m [96m      ~~~~~~~~~~~~~~~[0m
    'completedOrders' is declared here.

[96msrc/modules/drivers/infrastructure/repositories/shift.repository.impl.ts[0m:[93m500[0m:[93m30[0m - [91merror[0m[90m TS2551: [0mProperty 'getCancelledOrders' does not exist on type 'Shift'. Did you mean 'cancelledOrders'?

[7m500[0m       cancelledOrders: shift.getCancelledOrders(),
[7m   [0m [91m                             ~~~~~~~~~~~~~~~~~~[0m

  [96msrc/modules/drivers/domain/entities/shift.entity.ts[0m:[93m119[0m:[93m7[0m
    [7m119[0m   get cancelledOrders(): number {
    [7m   [0m [96m      ~~~~~~~~~~~~~~~[0m
    'cancelledOrders' is declared here.

[96msrc/modules/drivers/infrastructure/repositories/shift.repository.impl.ts[0m:[93m501[0m:[93m28[0m - [91merror[0m[90m TS2551: [0mProperty 'getTotalEarnings' does not exist on type 'Shift'. Did you mean 'totalEarnings'?

[7m501[0m       totalEarnings: shift.getTotalEarnings(),
[7m   [0m [91m                           ~~~~~~~~~~~~~~~~[0m

  [96msrc/modules/drivers/domain/entities/shift.entity.ts[0m:[93m123[0m:[93m7[0m
    [7m123[0m   get totalEarnings(): number {
    [7m   [0m [96m      ~~~~~~~~~~~~~[0m
    'totalEarnings' is declared here.

[96msrc/modules/drivers/infrastructure/repositories/shift.repository.impl.ts[0m:[93m502[0m:[93m28[0m - [91merror[0m[90m TS2551: [0mProperty 'getTotalDistance' does not exist on type 'Shift'. Did you mean 'totalDistance'?

[7m502[0m       totalDistance: shift.getTotalDistance(),
[7m   [0m [91m                           ~~~~~~~~~~~~~~~~[0m

  [96msrc/modules/drivers/domain/entities/shift.entity.ts[0m:[93m107[0m:[93m7[0m
    [7m107[0m   get totalDistance(): number {
    [7m   [0m [96m      ~~~~~~~~~~~~~[0m
    'totalDistance' is declared here.

[96msrc/modules/drivers/infrastructure/repositories/shift.repository.impl.ts[0m:[93m503[0m:[93m28[0m - [91merror[0m[90m TS2339: [0mProperty 'getAverageRating' does not exist on type 'Shift'.

[7m503[0m       averageRating: shift.getAverageRating(),
[7m   [0m [91m                           ~~~~~~~~~~~~~~~~[0m

[96msrc/modules/drivers/infrastructure/repositories/shift.repository.impl.ts[0m:[93m504[0m:[93m20[0m - [91merror[0m[90m TS2339: [0mProperty 'getNotes' does not exist on type 'Shift'.

[7m504[0m       notes: shift.getNotes(),
[7m   [0m [91m                   ~~~~~~~~[0m

[96msrc/modules/drivers/infrastructure/repositories/shift.repository.impl.ts[0m:[93m505[0m:[93m27[0m - [91merror[0m[90m TS2339: [0mProperty 'getPauseReasons' does not exist on type 'Shift'.

[7m505[0m       pauseReasons: shift.getPauseReasons(),
[7m   [0m [91m                          ~~~~~~~~~~~~~~~[0m

[96msrc/modules/drivers/infrastructure/repositories/shift.repository.impl.ts[0m:[93m506[0m:[93m24[0m - [91merror[0m[90m TS2339: [0mProperty 'getEndReason' does not exist on type 'Shift'.

[7m506[0m       endReason: shift.getEndReason(),
[7m   [0m [91m                       ~~~~~~~~~~~~[0m

[96msrc/modules/drivers/infrastructure/repositories/shift.repository.impl.ts[0m:[93m513[0m:[93m7[0m - [91merror[0m[90m TS2554: [0mExpected 1 arguments, but got 4.

[7m513[0m       data.startTime,
[7m   [0m [91m      ~~~~~~~~~~~~~~~[0m
[7m514[0m       data.endTime,
[7m   [0m [91m~~~~~~~~~~~~~~~~~~~[0m
[7m515[0m       data.pausedDuration,
[7m   [0m [91m~~~~~~~~~~~~~~~~~~~~~~~~~[0m

[96msrc/modules/drivers/infrastructure/repositories/shift.repository.impl.ts[0m:[93m519[0m:[93m51[0m - [91merror[0m[90m TS2554: [0mExpected 1 arguments, but got 2.

[7m519[0m       Location.create(data.startLocationLatitude, data.startLocationLongitude) : null;
[7m   [0m [91m                                                  ~~~~~~~~~~~~~~~~~~~~~~~~~~~[0m

[96msrc/modules/drivers/infrastructure/repositories/shift.repository.impl.ts[0m:[93m522[0m:[93m49[0m - [91merror[0m[90m TS2554: [0mExpected 1 arguments, but got 2.

[7m522[0m       Location.create(data.endLocationLatitude, data.endLocationLongitude) : null;
[7m   [0m [91m                                                ~~~~~~~~~~~~~~~~~~~~~~~~~[0m

[96msrc/modules/drivers/infrastructure/repositories/shift.repository.impl.ts[0m:[93m524[0m:[93m12[0m - [91merror[0m[90m TS2673: [0mConstructor of class 'Shift' is private and only accessible within the class declaration.

[7m524[0m     return new Shift(
[7m   [0m [91m           ~~~~~~~~~~[0m
[7m525[0m       data.id,
[7m   [0m [91m~~~~~~~~~~~~~~[0m
[7m...[0m 
[7m549[0m       data.updatedAt,
[7m   [0m [91m~~~~~~~~~~~~~~~~~~~~~[0m
[7m550[0m     );
[7m   [0m [91m~~~~~[0m

[96msrc/modules/drivers/infrastructure/repositories/vehicle.repository.impl.ts[0m:[93m36[0m:[93m9[0m - [91merror[0m[90m TS2416: [0mProperty 'save' in type 'VehicleRepositoryImpl' is not assignable to the same property in base type 'VehicleRepository'.
  Type '(vehicle: Vehicle) => Promise<Vehicle>' is not assignable to type '(vehicle: Vehicle) => Promise<void>'.
    Type 'Promise<Vehicle>' is not assignable to type 'Promise<void>'.
      Type 'Vehicle' is not assignable to type 'void'.

[7m36[0m   async save(vehicle: Vehicle): Promise<Vehicle> {
[7m  [0m [91m        ~~~~[0m

[96msrc/modules/drivers/infrastructure/repositories/vehicle.repository.impl.ts[0m:[93m39[0m:[93m17[0m - [91merror[0m[90m TS2339: [0mProperty 'getId' does not exist on type 'Vehicle'.

[7m39[0m     if (vehicle.getId()) {
[7m  [0m [91m                ~~~~~[0m

[96msrc/modules/drivers/infrastructure/repositories/vehicle.repository.impl.ts[0m:[93m42[0m:[93m30[0m - [91merror[0m[90m TS2339: [0mProperty 'getId' does not exist on type 'Vehicle'.

[7m42[0m         where: { id: vehicle.getId() },
[7m  [0m [91m                             ~~~~~[0m

[96msrc/modules/drivers/infrastructure/repositories/vehicle.repository.impl.ts[0m:[93m50[0m:[93m9[0m - [91merror[0m[90m TS2322: [0mType '{ id: undefined; type: VehicleType; make?: string | null | undefined; model?: string | null | undefined; year?: number | null | undefined; color?: string | null | undefined; ... 15 more ...; shifts?: ShiftCreateNestedManyWithoutVehicleInput | undefined; } | { ...; }' is not assignable to type '(Without<VehicleCreateInput, VehicleUncheckedCreateInput> & VehicleUncheckedCreateInput) | (Without<...> & VehicleCreateInput)'.
  Type '{ id: undefined; type?: $Enums.VehicleType | Prisma.EnumVehicleTypeFieldUpdateOperationsInput | undefined; make?: string | Prisma.NullableStringFieldUpdateOperationsInput | null | undefined; ... 18 more ...; shifts?: Prisma.ShiftUpdateManyWithoutVehicleNestedInput | undefined; }' is not assignable to type '(Without<VehicleCreateInput, VehicleUncheckedCreateInput> & VehicleUncheckedCreateInput) | (Without<...> & VehicleCreateInput)'.
    Type '{ id: undefined; type?: $Enums.VehicleType | Prisma.EnumVehicleTypeFieldUpdateOperationsInput | undefined; make?: string | Prisma.NullableStringFieldUpdateOperationsInput | null | undefined; ... 18 more ...; shifts?: Prisma.ShiftUpdateManyWithoutVehicleNestedInput | undefined; }' is not assignable to type 'Without<VehicleUncheckedCreateInput, VehicleCreateInput> & VehicleCreateInput'.
      Type '{ id: undefined; type?: $Enums.VehicleType | Prisma.EnumVehicleTypeFieldUpdateOperationsInput | undefined; make?: string | Prisma.NullableStringFieldUpdateOperationsInput | null | undefined; ... 18 more ...; shifts?: Prisma.ShiftUpdateManyWithoutVehicleNestedInput | undefined; }' is not assignable to type 'VehicleCreateInput'.
        Types of property 'type' are incompatible.
          Type 'VehicleType | EnumVehicleTypeFieldUpdateOperationsInput | undefined' is not assignable to type 'VehicleType'.
            Type 'undefined' is not assignable to type 'VehicleType'.

[7m50[0m         data: {
[7m  [0m [91m        ~~~~[0m

  [96mnode_modules/.prisma/client/index.d.ts[0m:[93m53513[0m:[93m5[0m
    [7m53513[0m     data: XOR<VehicleCreateInput, VehicleUncheckedCreateInput>
    [7m     [0m [96m    ~~~~[0m
    The expected type comes from property 'data' which is declared here on type '{ select?: VehicleSelect<DefaultArgs> | null | undefined; omit?: VehicleOmit<DefaultArgs> | null | undefined; include?: VehicleInclude<...> | ... 1 more ... | undefined; data: (Without<...> & VehicleUncheckedCreateInput) | (Without<...> & VehicleCreateInput); }'

[96msrc/modules/drivers/infrastructure/repositories/vehicle.repository.impl.ts[0m:[93m81[0m:[93m16[0m - [91merror[0m[90m TS2353: [0mObject literal may only specify known properties, and 'plateNumber' does not exist in type 'VehicleWhereInput'.

[7m81[0m       where: { plateNumber },
[7m  [0m [91m               ~~~~~~~~~~~[0m

[96msrc/modules/drivers/infrastructure/repositories/vehicle.repository.impl.ts[0m:[93m148[0m:[93m9[0m - [91merror[0m[90m TS2698: [0mSpread types may only be created from object types.

[7m148[0m         ...where.year,
[7m   [0m [91m        ~~~~~~~~~~~~~[0m

[96msrc/modules/drivers/infrastructure/repositories/vehicle.repository.impl.ts[0m:[93m155[0m:[93m9[0m - [91merror[0m[90m TS2698: [0mSpread types may only be created from object types.

[7m155[0m         ...where.year,
[7m   [0m [91m        ~~~~~~~~~~~~~[0m

[96msrc/modules/drivers/infrastructure/repositories/vehicle.repository.impl.ts[0m:[93m168[0m:[93m13[0m - [91merror[0m[90m TS2339: [0mProperty 'plateNumber' does not exist on type 'VehicleWhereInput'.

[7m168[0m       where.plateNumber = {
[7m   [0m [91m            ~~~~~~~~~~~[0m

[96msrc/modules/drivers/infrastructure/repositories/vehicle.repository.impl.ts[0m:[93m216[0m:[93m9[0m - [91merror[0m[90m TS2561: [0mObject literal may only specify known properties, but 'insuranceExpiryDate' does not exist in type 'VehicleWhereInput'. Did you mean to write 'insuranceExpiry'?

[7m216[0m         insuranceExpiryDate: {
[7m   [0m [91m        ~~~~~~~~~~~~~~~~~~~[0m

[96msrc/modules/drivers/infrastructure/repositories/vehicle.repository.impl.ts[0m:[93m231[0m:[93m9[0m - [91merror[0m[90m TS2561: [0mObject literal may only specify known properties, but 'registrationExpiryDate' does not exist in type 'VehicleWhereInput'. Did you mean to write 'registrationExpiry'?

[7m231[0m         registrationExpiryDate: {
[7m   [0m [91m        ~~~~~~~~~~~~~~~~~~~~~~[0m

[96msrc/modules/drivers/infrastructure/repositories/vehicle.repository.impl.ts[0m:[93m252[0m:[93m9[0m - [91merror[0m[90m TS2353: [0mObject literal may only specify known properties, and 'verificationDate' does not exist in type '(Without<VehicleUpdateInput, VehicleUncheckedUpdateInput> & VehicleUncheckedUpdateInput) | (Without<...> & VehicleUpdateInput)'.

[7m252[0m         verificationDate: verificationDate || (isVerified ? new Date() : null),
[7m   [0m [91m        ~~~~~~~~~~~~~~~~[0m

  [96mnode_modules/.prisma/client/index.d.ts[0m:[93m53569[0m:[93m5[0m
    [7m53569[0m     data: XOR<VehicleUpdateInput, VehicleUncheckedUpdateInput>
    [7m     [0m [96m    ~~~~[0m
    The expected type comes from property 'data' which is declared here on type '{ select?: VehicleSelect<DefaultArgs> | null | undefined; omit?: VehicleOmit<DefaultArgs> | null | undefined; include?: VehicleInclude<...> | ... 1 more ... | undefined; data: (Without<...> & VehicleUncheckedUpdateInput) | (Without<...> & VehicleUpdateInput); where: VehicleWhereUniqueInput; }'

[96msrc/modules/drivers/infrastructure/repositories/vehicle.repository.impl.ts[0m:[93m263[0m:[93m9[0m - [91merror[0m[90m TS2353: [0mObject literal may only specify known properties, and 'deactivatedAt' does not exist in type '(Without<VehicleUpdateInput, VehicleUncheckedUpdateInput> & VehicleUncheckedUpdateInput) | (Without<...> & VehicleUpdateInput)'.

[7m263[0m         deactivatedAt: isActive ? null : new Date(),
[7m   [0m [91m        ~~~~~~~~~~~~~[0m

  [96mnode_modules/.prisma/client/index.d.ts[0m:[93m53569[0m:[93m5[0m
    [7m53569[0m     data: XOR<VehicleUpdateInput, VehicleUncheckedUpdateInput>
    [7m     [0m [96m    ~~~~[0m
    The expected type comes from property 'data' which is declared here on type '{ select?: VehicleSelect<DefaultArgs> | null | undefined; omit?: VehicleOmit<DefaultArgs> | null | undefined; include?: VehicleInclude<...> | ... 1 more ... | undefined; data: (Without<...> & VehicleUncheckedUpdateInput) | (Without<...> & VehicleUpdateInput); where: VehicleWhereUniqueInput; }'

[96msrc/modules/drivers/infrastructure/repositories/vehicle.repository.impl.ts[0m:[93m321[0m:[93m33[0m - [91merror[0m[90m TS2551: [0mProperty 'getVehicleInfo' does not exist on type 'Vehicle'. Did you mean 'vehicleInfo'?

[7m321[0m     const vehicleInfo = vehicle.getVehicleInfo();
[7m   [0m [91m                                ~~~~~~~~~~~~~~[0m

  [96msrc/modules/drivers/domain/entities/vehicle.entity.ts[0m:[93m60[0m:[93m7[0m
    [7m60[0m   get vehicleInfo(): VehicleInfo {
    [7m  [0m [96m      ~~~~~~~~~~~[0m
    'vehicleInfo' is declared here.

[96msrc/modules/drivers/infrastructure/repositories/vehicle.repository.impl.ts[0m:[93m324[0m:[93m7[0m - [91merror[0m[90m TS2561: [0mObject literal may only specify known properties, but 'riderId' does not exist in type 'VehicleCreateInput | VehicleUpdateInput'. Did you mean to write 'rider'?

[7m324[0m       riderId: vehicle.getRiderId(),
[7m   [0m [91m      ~~~~~~~[0m

[96msrc/modules/drivers/infrastructure/repositories/vehicle.repository.impl.ts[0m:[93m324[0m:[93m24[0m - [91merror[0m[90m TS2551: [0mProperty 'getRiderId' does not exist on type 'Vehicle'. Did you mean 'riderId'?

[7m324[0m       riderId: vehicle.getRiderId(),
[7m   [0m [91m                       ~~~~~~~~~~[0m

  [96msrc/modules/drivers/domain/entities/vehicle.entity.ts[0m:[93m56[0m:[93m7[0m
    [7m56[0m   get riderId(): string {
    [7m  [0m [96m      ~~~~~~~[0m
    'riderId' is declared here.

[96msrc/modules/drivers/infrastructure/repositories/vehicle.repository.impl.ts[0m:[93m331[0m:[93m26[0m - [91merror[0m[90m TS2339: [0mProperty 'getVinNumber' does not exist on type 'Vehicle'.

[7m331[0m       vinNumber: vehicle.getVinNumber(),
[7m   [0m [91m                         ~~~~~~~~~~~~[0m

[96msrc/modules/drivers/infrastructure/repositories/vehicle.repository.impl.ts[0m:[93m332[0m:[93m35[0m - [91merror[0m[90m TS2339: [0mProperty 'getRegistrationNumber' does not exist on type 'Vehicle'.

[7m332[0m       registrationNumber: vehicle.getRegistrationNumber(),
[7m   [0m [91m                                  ~~~~~~~~~~~~~~~~~~~~~[0m

[96msrc/modules/drivers/infrastructure/repositories/vehicle.repository.impl.ts[0m:[93m333[0m:[93m39[0m - [91merror[0m[90m TS2551: [0mProperty 'getRegistrationExpiryDate' does not exist on type 'Vehicle'. Did you mean 'registrationExpiryDate'?

[7m333[0m       registrationExpiryDate: vehicle.getRegistrationExpiryDate(),
[7m   [0m [91m                                      ~~~~~~~~~~~~~~~~~~~~~~~~~[0m

  [96msrc/modules/drivers/domain/entities/vehicle.entity.ts[0m:[93m92[0m:[93m7[0m
    [7m92[0m   get registrationExpiryDate(): Date | undefined {
    [7m  [0m [96m      ~~~~~~~~~~~~~~~~~~~~~~[0m
    'registrationExpiryDate' is declared here.

[96msrc/modules/drivers/infrastructure/repositories/vehicle.repository.impl.ts[0m:[93m334[0m:[93m38[0m - [91merror[0m[90m TS2339: [0mProperty 'getInsurancePolicyNumber' does not exist on type 'Vehicle'.

[7m334[0m       insurancePolicyNumber: vehicle.getInsurancePolicyNumber(),
[7m   [0m [91m                                     ~~~~~~~~~~~~~~~~~~~~~~~~[0m

[96msrc/modules/drivers/infrastructure/repositories/vehicle.repository.impl.ts[0m:[93m335[0m:[93m34[0m - [91merror[0m[90m TS2339: [0mProperty 'getInsuranceProvider' does not exist on type 'Vehicle'.

[7m335[0m       insuranceProvider: vehicle.getInsuranceProvider(),
[7m   [0m [91m                                 ~~~~~~~~~~~~~~~~~~~~[0m

[96msrc/modules/drivers/infrastructure/repositories/vehicle.repository.impl.ts[0m:[93m336[0m:[93m36[0m - [91merror[0m[90m TS2551: [0mProperty 'getInsuranceExpiryDate' does not exist on type 'Vehicle'. Did you mean 'insuranceExpiryDate'?

[7m336[0m       insuranceExpiryDate: vehicle.getInsuranceExpiryDate(),
[7m   [0m [91m                                   ~~~~~~~~~~~~~~~~~~~~~~[0m

  [96msrc/modules/drivers/domain/entities/vehicle.entity.ts[0m:[93m88[0m:[93m7[0m
    [7m88[0m   get insuranceExpiryDate(): Date | undefined {
    [7m  [0m [96m      ~~~~~~~~~~~~~~~~~~~[0m
    'insuranceExpiryDate' is declared here.

[96msrc/modules/drivers/infrastructure/repositories/vehicle.repository.impl.ts[0m:[93m337[0m:[93m37[0m - [91merror[0m[90m TS2339: [0mProperty 'getInspectionExpiryDate' does not exist on type 'Vehicle'.

[7m337[0m       inspectionExpiryDate: vehicle.getInspectionExpiryDate(),
[7m   [0m [91m                                    ~~~~~~~~~~~~~~~~~~~~~~~[0m

[96msrc/modules/drivers/infrastructure/repositories/vehicle.repository.impl.ts[0m:[93m338[0m:[93m25[0m - [91merror[0m[90m TS2551: [0mProperty 'getIsActive' does not exist on type 'Vehicle'. Did you mean 'setActive'?

[7m338[0m       isActive: vehicle.getIsActive(),
[7m   [0m [91m                        ~~~~~~~~~~~[0m

  [96msrc/modules/drivers/domain/entities/vehicle.entity.ts[0m:[93m219[0m:[93m10[0m
    [7m219[0m   public setActive(): void {
    [7m   [0m [96m         ~~~~~~~~~[0m
    'setActive' is declared here.

[96msrc/modules/drivers/infrastructure/repositories/vehicle.repository.impl.ts[0m:[93m339[0m:[93m27[0m - [91merror[0m[90m TS2551: [0mProperty 'getIsVerified' does not exist on type 'Vehicle'. Did you mean 'isVerified'?

[7m339[0m       isVerified: vehicle.getIsVerified(),
[7m   [0m [91m                          ~~~~~~~~~~~~~[0m

  [96msrc/modules/drivers/domain/entities/vehicle.entity.ts[0m:[93m96[0m:[93m7[0m
    [7m96[0m   get isVerified(): boolean {
    [7m  [0m [96m      ~~~~~~~~~~[0m
    'isVerified' is declared here.

[96msrc/modules/drivers/infrastructure/repositories/vehicle.repository.impl.ts[0m:[93m340[0m:[93m33[0m - [91merror[0m[90m TS2339: [0mProperty 'getVerificationDate' does not exist on type 'Vehicle'.

[7m340[0m       verificationDate: vehicle.getVerificationDate(),
[7m   [0m [91m                                ~~~~~~~~~~~~~~~~~~~[0m

[96msrc/modules/drivers/infrastructure/repositories/vehicle.repository.impl.ts[0m:[93m341[0m:[93m34[0m - [91merror[0m[90m TS2339: [0mProperty 'getVerificationNotes' does not exist on type 'Vehicle'.

[7m341[0m       verificationNotes: vehicle.getVerificationNotes(),
[7m   [0m [91m                                 ~~~~~~~~~~~~~~~~~~~~[0m

[96msrc/modules/drivers/infrastructure/repositories/vehicle.repository.impl.ts[0m:[93m342[0m:[93m30[0m - [91merror[0m[90m TS2339: [0mProperty 'getDeactivatedAt' does not exist on type 'Vehicle'.

[7m342[0m       deactivatedAt: vehicle.getDeactivatedAt(),
[7m   [0m [91m                             ~~~~~~~~~~~~~~~~[0m

[96msrc/modules/drivers/infrastructure/repositories/vehicle.repository.impl.ts[0m:[93m343[0m:[93m23[0m - [91merror[0m[90m TS2339: [0mProperty 'getPhotos' does not exist on type 'Vehicle'.

[7m343[0m       photos: vehicle.getPhotos(),
[7m   [0m [91m                      ~~~~~~~~~[0m

[96msrc/modules/drivers/infrastructure/repositories/vehicle.repository.impl.ts[0m:[93m344[0m:[93m26[0m - [91merror[0m[90m TS2551: [0mProperty 'getDocuments' does not exist on type 'Vehicle'. Did you mean 'documents'?

[7m344[0m       documents: vehicle.getDocuments(),
[7m   [0m [91m                         ~~~~~~~~~~~~[0m

  [96msrc/modules/drivers/domain/entities/vehicle.entity.ts[0m:[93m68[0m:[93m7[0m
    [7m68[0m   get documents(): DocumentStatus[] {
    [7m  [0m [96m      ~~~~~~~~~[0m
    'documents' is declared here.

[96msrc/modules/drivers/infrastructure/repositories/vehicle.repository.impl.ts[0m:[93m351[0m:[93m7[0m - [91merror[0m[90m TS2554: [0mExpected 1 arguments, but got 6.

[7m351[0m       data.make,
[7m   [0m [91m      ~~~~~~~~~~[0m
[7m352[0m       data.model,
[7m   [0m [91m~~~~~~~~~~~~~~~~~[0m
[7m...[0m 
[7m354[0m       data.color,
[7m   [0m [91m~~~~~~~~~~~~~~~~~[0m
[7m355[0m       data.plateNumber,
[7m   [0m [91m~~~~~~~~~~~~~~~~~~~~~~[0m

[96msrc/modules/drivers/infrastructure/repositories/vehicle.repository.impl.ts[0m:[93m358[0m:[93m12[0m - [91merror[0m[90m TS2673: [0mConstructor of class 'Vehicle' is private and only accessible within the class declaration.

[7m358[0m     return new Vehicle(
[7m   [0m [91m           ~~~~~~~~~~~~[0m
[7m359[0m       data.id,
[7m   [0m [91m~~~~~~~~~~~~~~[0m
[7m...[0m 
[7m377[0m       data.updatedAt,
[7m   [0m [91m~~~~~~~~~~~~~~~~~~~~~[0m
[7m378[0m     );
[7m   [0m [91m~~~~~[0m

[96msrc/modules/drivers/presentation/controllers/communication.controller.ts[0m:[93m22[0m:[93m30[0m - [91merror[0m[90m TS2307: [0mCannot find module '../../../../shared/guards/jwt-auth.guard' or its corresponding type declarations.

[7m22[0m import { JwtAuthGuard } from '../../../../shared/guards/jwt-auth.guard';
[7m  [0m [91m                             ~~~~~~~~~~~~~~~~~~~~~~~~~~~~~~~~~~~~~~~~~~[0m

[96msrc/modules/drivers/presentation/controllers/communication.controller.ts[0m:[93m23[0m:[93m28[0m - [91merror[0m[90m TS2307: [0mCannot find module '../../../../shared/guards/roles.guard' or its corresponding type declarations.

[7m23[0m import { RolesGuard } from '../../../../shared/guards/roles.guard';
[7m  [0m [91m                           ~~~~~~~~~~~~~~~~~~~~~~~~~~~~~~~~~~~~~~~[0m

[96msrc/modules/drivers/presentation/controllers/communication.controller.ts[0m:[93m24[0m:[93m23[0m - [91merror[0m[90m TS2307: [0mCannot find module '../../../../shared/decorators/roles.decorator' or its corresponding type declarations.

[7m24[0m import { Roles } from '../../../../shared/decorators/roles.decorator';
[7m  [0m [91m                      ~~~~~~~~~~~~~~~~~~~~~~~~~~~~~~~~~~~~~~~~~~~~~~~[0m

[96msrc/modules/drivers/presentation/controllers/communication.controller.ts[0m:[93m25[0m:[93m38[0m - [91merror[0m[90m TS2307: [0mCannot find module '../../application/services/communication.service' or its corresponding type declarations.

[7m25[0m import { CommunicationService } from '../../application/services/communication.service';
[7m  [0m [91m                                     ~~~~~~~~~~~~~~~~~~~~~~~~~~~~~~~~~~~~~~~~~~~~~~~~~~[0m

[96msrc/modules/drivers/presentation/controllers/earnings.controller.ts[0m:[93m22[0m:[93m30[0m - [91merror[0m[90m TS2307: [0mCannot find module '../../../../shared/guards/jwt-auth.guard' or its corresponding type declarations.

[7m22[0m import { JwtAuthGuard } from '../../../../shared/guards/jwt-auth.guard';
[7m  [0m [91m                             ~~~~~~~~~~~~~~~~~~~~~~~~~~~~~~~~~~~~~~~~~~[0m

[96msrc/modules/drivers/presentation/controllers/earnings.controller.ts[0m:[93m23[0m:[93m28[0m - [91merror[0m[90m TS2307: [0mCannot find module '../../../../shared/guards/roles.guard' or its corresponding type declarations.

[7m23[0m import { RolesGuard } from '../../../../shared/guards/roles.guard';
[7m  [0m [91m                           ~~~~~~~~~~~~~~~~~~~~~~~~~~~~~~~~~~~~~~~[0m

[96msrc/modules/drivers/presentation/controllers/earnings.controller.ts[0m:[93m24[0m:[93m23[0m - [91merror[0m[90m TS2307: [0mCannot find module '../../../../shared/decorators/roles.decorator' or its corresponding type declarations.

[7m24[0m import { Roles } from '../../../../shared/decorators/roles.decorator';
[7m  [0m [91m                      ~~~~~~~~~~~~~~~~~~~~~~~~~~~~~~~~~~~~~~~~~~~~~~~[0m

[96msrc/modules/drivers/presentation/controllers/earnings.controller.ts[0m:[93m25[0m:[93m33[0m - [91merror[0m[90m TS2307: [0mCannot find module '../../application/services/earnings.service' or its corresponding type declarations.

[7m25[0m import { EarningsService } from '../../application/services/earnings.service';
[7m  [0m [91m                                ~~~~~~~~~~~~~~~~~~~~~~~~~~~~~~~~~~~~~~~~~~~~~[0m

[96msrc/modules/drivers/presentation/controllers/expense.controller.ts[0m:[93m27[0m:[93m30[0m - [91merror[0m[90m TS2307: [0mCannot find module '../../../../shared/guards/jwt-auth.guard' or its corresponding type declarations.

[7m27[0m import { JwtAuthGuard } from '../../../../shared/guards/jwt-auth.guard';
[7m  [0m [91m                             ~~~~~~~~~~~~~~~~~~~~~~~~~~~~~~~~~~~~~~~~~~[0m

[96msrc/modules/drivers/presentation/controllers/expense.controller.ts[0m:[93m28[0m:[93m28[0m - [91merror[0m[90m TS2307: [0mCannot find module '../../../../shared/guards/roles.guard' or its corresponding type declarations.

[7m28[0m import { RolesGuard } from '../../../../shared/guards/roles.guard';
[7m  [0m [91m                           ~~~~~~~~~~~~~~~~~~~~~~~~~~~~~~~~~~~~~~~[0m

[96msrc/modules/drivers/presentation/controllers/expense.controller.ts[0m:[93m29[0m:[93m23[0m - [91merror[0m[90m TS2307: [0mCannot find module '../../../../shared/decorators/roles.decorator' or its corresponding type declarations.

[7m29[0m import { Roles } from '../../../../shared/decorators/roles.decorator';
[7m  [0m [91m                      ~~~~~~~~~~~~~~~~~~~~~~~~~~~~~~~~~~~~~~~~~~~~~~~[0m

[96msrc/modules/drivers/presentation/controllers/expense.controller.ts[0m:[93m30[0m:[93m32[0m - [91merror[0m[90m TS2307: [0mCannot find module '../../application/services/expense.service' or its corresponding type declarations.

[7m30[0m import { ExpenseService } from '../../application/services/expense.service';
[7m  [0m [91m                               ~~~~~~~~~~~~~~~~~~~~~~~~~~~~~~~~~~~~~~~~~~~~[0m

[96msrc/modules/drivers/presentation/controllers/expense.controller.ts[0m:[93m188[0m:[93m35[0m - [91merror[0m[90m TS2694: [0mNamespace 'global.Express' has no exported member 'Multer'.

[7m188[0m     @UploadedFile() file: Express.Multer.File,
[7m   [0m [91m                                  ~~~~~~[0m

[96msrc/modules/drivers/presentation/controllers/order.controller.ts[0m:[93m22[0m:[93m30[0m - [91merror[0m[90m TS2307: [0mCannot find module '../../../../shared/guards/jwt-auth.guard' or its corresponding type declarations.

[7m22[0m import { JwtAuthGuard } from '../../../../shared/guards/jwt-auth.guard';
[7m  [0m [91m                             ~~~~~~~~~~~~~~~~~~~~~~~~~~~~~~~~~~~~~~~~~~[0m

[96msrc/modules/drivers/presentation/controllers/order.controller.ts[0m:[93m23[0m:[93m28[0m - [91merror[0m[90m TS2307: [0mCannot find module '../../../../shared/guards/roles.guard' or its corresponding type declarations.

[7m23[0m import { RolesGuard } from '../../../../shared/guards/roles.guard';
[7m  [0m [91m                           ~~~~~~~~~~~~~~~~~~~~~~~~~~~~~~~~~~~~~~~[0m

[96msrc/modules/drivers/presentation/controllers/order.controller.ts[0m:[93m24[0m:[93m23[0m - [91merror[0m[90m TS2307: [0mCannot find module '../../../../shared/decorators/roles.decorator' or its corresponding type declarations.

[7m24[0m import { Roles } from '../../../../shared/decorators/roles.decorator';
[7m  [0m [91m                      ~~~~~~~~~~~~~~~~~~~~~~~~~~~~~~~~~~~~~~~~~~~~~~~[0m

[96msrc/modules/drivers/presentation/controllers/order.controller.ts[0m:[93m25[0m:[93m30[0m - [91merror[0m[90m TS2307: [0mCannot find module '../../application/services/order.service' or its corresponding type declarations.

[7m25[0m import { OrderService } from '../../application/services/order.service';
[7m  [0m [91m                             ~~~~~~~~~~~~~~~~~~~~~~~~~~~~~~~~~~~~~~~~~~[0m

[96msrc/modules/drivers/presentation/controllers/performance.controller.ts[0m:[93m23[0m:[93m30[0m - [91merror[0m[90m TS2307: [0mCannot find module '../../../../shared/guards/jwt-auth.guard' or its corresponding type declarations.

[7m23[0m import { JwtAuthGuard } from '../../../../shared/guards/jwt-auth.guard';
[7m  [0m [91m                             ~~~~~~~~~~~~~~~~~~~~~~~~~~~~~~~~~~~~~~~~~~[0m

[96msrc/modules/drivers/presentation/controllers/performance.controller.ts[0m:[93m24[0m:[93m28[0m - [91merror[0m[90m TS2307: [0mCannot find module '../../../../shared/guards/roles.guard' or its corresponding type declarations.

[7m24[0m import { RolesGuard } from '../../../../shared/guards/roles.guard';
[7m  [0m [91m                           ~~~~~~~~~~~~~~~~~~~~~~~~~~~~~~~~~~~~~~~[0m

[96msrc/modules/drivers/presentation/controllers/performance.controller.ts[0m:[93m25[0m:[93m23[0m - [91merror[0m[90m TS2307: [0mCannot find module '../../../../shared/decorators/roles.decorator' or its corresponding type declarations.

[7m25[0m import { Roles } from '../../../../shared/decorators/roles.decorator';
[7m  [0m [91m                      ~~~~~~~~~~~~~~~~~~~~~~~~~~~~~~~~~~~~~~~~~~~~~~~[0m

[96msrc/modules/drivers/presentation/controllers/performance.controller.ts[0m:[93m26[0m:[93m36[0m - [91merror[0m[90m TS2307: [0mCannot find module '../../application/services/performance.service' or its corresponding type declarations.

[7m26[0m import { PerformanceService } from '../../application/services/performance.service';
[7m  [0m [91m                                   ~~~~~~~~~~~~~~~~~~~~~~~~~~~~~~~~~~~~~~~~~~~~~~~~[0m

[96msrc/modules/drivers/presentation/controllers/rating.controller.ts[0m:[93m22[0m:[93m30[0m - [91merror[0m[90m TS2307: [0mCannot find module '../../../../shared/guards/jwt-auth.guard' or its corresponding type declarations.

[7m22[0m import { JwtAuthGuard } from '../../../../shared/guards/jwt-auth.guard';
[7m  [0m [91m                             ~~~~~~~~~~~~~~~~~~~~~~~~~~~~~~~~~~~~~~~~~~[0m

[96msrc/modules/drivers/presentation/controllers/rating.controller.ts[0m:[93m23[0m:[93m28[0m - [91merror[0m[90m TS2307: [0mCannot find module '../../../../shared/guards/roles.guard' or its corresponding type declarations.

[7m23[0m import { RolesGuard } from '../../../../shared/guards/roles.guard';
[7m  [0m [91m                           ~~~~~~~~~~~~~~~~~~~~~~~~~~~~~~~~~~~~~~~[0m

[96msrc/modules/drivers/presentation/controllers/rating.controller.ts[0m:[93m24[0m:[93m23[0m - [91merror[0m[90m TS2307: [0mCannot find module '../../../../shared/decorators/roles.decorator' or its corresponding type declarations.

[7m24[0m import { Roles } from '../../../../shared/decorators/roles.decorator';
[7m  [0m [91m                      ~~~~~~~~~~~~~~~~~~~~~~~~~~~~~~~~~~~~~~~~~~~~~~~[0m

[96msrc/modules/drivers/presentation/controllers/rating.controller.ts[0m:[93m25[0m:[93m31[0m - [91merror[0m[90m TS2307: [0mCannot find module '../../application/services/rating.service' or its corresponding type declarations.

[7m25[0m import { RatingService } from '../../application/services/rating.service';
[7m  [0m [91m                              ~~~~~~~~~~~~~~~~~~~~~~~~~~~~~~~~~~~~~~~~~~~[0m

[96msrc/modules/drivers/presentation/controllers/rider-profile.controller.ts[0m:[93m27[0m:[93m30[0m - [91merror[0m[90m TS2307: [0mCannot find module '../../../../shared/guards/jwt-auth.guard' or its corresponding type declarations.

[7m27[0m import { JwtAuthGuard } from '../../../../shared/guards/jwt-auth.guard';
[7m  [0m [91m                             ~~~~~~~~~~~~~~~~~~~~~~~~~~~~~~~~~~~~~~~~~~[0m

[96msrc/modules/drivers/presentation/controllers/rider-profile.controller.ts[0m:[93m28[0m:[93m28[0m - [91merror[0m[90m TS2307: [0mCannot find module '../../../../shared/guards/roles.guard' or its corresponding type declarations.

[7m28[0m import { RolesGuard } from '../../../../shared/guards/roles.guard';
[7m  [0m [91m                           ~~~~~~~~~~~~~~~~~~~~~~~~~~~~~~~~~~~~~~~[0m

[96msrc/modules/drivers/presentation/controllers/rider-profile.controller.ts[0m:[93m29[0m:[93m23[0m - [91merror[0m[90m TS2307: [0mCannot find module '../../../../shared/decorators/roles.decorator' or its corresponding type declarations.

[7m29[0m import { Roles } from '../../../../shared/decorators/roles.decorator';
[7m  [0m [91m                      ~~~~~~~~~~~~~~~~~~~~~~~~~~~~~~~~~~~~~~~~~~~~~~~[0m

[96msrc/modules/drivers/presentation/controllers/rider-profile.controller.ts[0m:[93m30[0m:[93m37[0m - [91merror[0m[90m TS2307: [0mCannot find module '../../application/services/rider-profile.service' or its corresponding type declarations.

[7m30[0m import { RiderProfileService } from '../../application/services/rider-profile.service';
[7m  [0m [91m                                    ~~~~~~~~~~~~~~~~~~~~~~~~~~~~~~~~~~~~~~~~~~~~~~~~~~[0m

[96msrc/modules/drivers/presentation/controllers/rider-profile.controller.ts[0m:[93m268[0m:[93m35[0m - [91merror[0m[90m TS2694: [0mNamespace 'global.Express' has no exported member 'Multer'.

[7m268[0m     @UploadedFile() file: Express.Multer.File,
[7m   [0m [91m                                  ~~~~~~[0m

[96msrc/modules/drivers/presentation/controllers/shift.controller.ts[0m:[93m22[0m:[93m30[0m - [91merror[0m[90m TS2307: [0mCannot find module '../../../../shared/guards/jwt-auth.guard' or its corresponding type declarations.

[7m22[0m import { JwtAuthGuard } from '../../../../shared/guards/jwt-auth.guard';
[7m  [0m [91m                             ~~~~~~~~~~~~~~~~~~~~~~~~~~~~~~~~~~~~~~~~~~[0m

[96msrc/modules/drivers/presentation/controllers/shift.controller.ts[0m:[93m23[0m:[93m28[0m - [91merror[0m[90m TS2307: [0mCannot find module '../../../../shared/guards/roles.guard' or its corresponding type declarations.

[7m23[0m import { RolesGuard } from '../../../../shared/guards/roles.guard';
[7m  [0m [91m                           ~~~~~~~~~~~~~~~~~~~~~~~~~~~~~~~~~~~~~~~[0m

[96msrc/modules/drivers/presentation/controllers/shift.controller.ts[0m:[93m24[0m:[93m23[0m - [91merror[0m[90m TS2307: [0mCannot find module '../../../../shared/decorators/roles.decorator' or its corresponding type declarations.

[7m24[0m import { Roles } from '../../../../shared/decorators/roles.decorator';
[7m  [0m [91m                      ~~~~~~~~~~~~~~~~~~~~~~~~~~~~~~~~~~~~~~~~~~~~~~~[0m

[96msrc/modules/drivers/presentation/controllers/shift.controller.ts[0m:[93m25[0m:[93m30[0m - [91merror[0m[90m TS2307: [0mCannot find module '../../application/services/shift.service' or its corresponding type declarations.

[7m25[0m import { ShiftService } from '../../application/services/shift.service';
[7m  [0m [91m                             ~~~~~~~~~~~~~~~~~~~~~~~~~~~~~~~~~~~~~~~~~~[0m

[96msrc/modules/drivers/presentation/controllers/vehicle.controller.ts[0m:[93m27[0m:[93m30[0m - [91merror[0m[90m TS2307: [0mCannot find module '../../../../shared/guards/jwt-auth.guard' or its corresponding type declarations.

[7m27[0m import { JwtAuthGuard } from '../../../../shared/guards/jwt-auth.guard';
[7m  [0m [91m                             ~~~~~~~~~~~~~~~~~~~~~~~~~~~~~~~~~~~~~~~~~~[0m

[96msrc/modules/drivers/presentation/controllers/vehicle.controller.ts[0m:[93m28[0m:[93m28[0m - [91merror[0m[90m TS2307: [0mCannot find module '../../../../shared/guards/roles.guard' or its corresponding type declarations.

[7m28[0m import { RolesGuard } from '../../../../shared/guards/roles.guard';
[7m  [0m [91m                           ~~~~~~~~~~~~~~~~~~~~~~~~~~~~~~~~~~~~~~~[0m

[96msrc/modules/drivers/presentation/controllers/vehicle.controller.ts[0m:[93m29[0m:[93m23[0m - [91merror[0m[90m TS2307: [0mCannot find module '../../../../shared/decorators/roles.decorator' or its corresponding type declarations.

[7m29[0m import { Roles } from '../../../../shared/decorators/roles.decorator';
[7m  [0m [91m                      ~~~~~~~~~~~~~~~~~~~~~~~~~~~~~~~~~~~~~~~~~~~~~~~[0m

[96msrc/modules/drivers/presentation/controllers/vehicle.controller.ts[0m:[93m30[0m:[93m32[0m - [91merror[0m[90m TS2307: [0mCannot find module '../../application/services/vehicle.service' or its corresponding type declarations.

[7m30[0m import { VehicleService } from '../../application/services/vehicle.service';
[7m  [0m [91m                               ~~~~~~~~~~~~~~~~~~~~~~~~~~~~~~~~~~~~~~~~~~~~[0m

[96msrc/modules/drivers/presentation/controllers/vehicle.controller.ts[0m:[93m313[0m:[93m36[0m - [91merror[0m[90m TS2694: [0mNamespace 'global.Express' has no exported member 'Multer'.

[7m313[0m     @UploadedFile() photo: Express.Multer.File,
[7m   [0m [91m                                   ~~~~~~[0m

[96msrc/modules/drivers/presentation/dtos/index.ts[0m:[93m23[0m:[93m1[0m - [91merror[0m[90m TS2308: [0mModule './order.dto' has already exported a member named 'PaymentMethod'. Consider explicitly re-exporting to resolve the ambiguity.

[7m23[0m export * from './expense.dto';
[7m  [0m [91m~~~~~~~~~~~~~~~~~~~~~~~~~~~~~~[0m

[96msrc/modules/errands/application/services/errand-management.service.ts[0m:[93m122[0m:[93m28[0m - [91merror[0m[90m TS2673: [0mConstructor of class 'LocationVO' is private and only accessible within the class declaration.

[7m122[0m     const pickupLocation = new LocationVO(
[7m   [0m [91m                           ~~~~~~~~~~~~~~~[0m
[7m123[0m       request.pickupLocation.address,
[7m   [0m [91m~~~~~~~~~~~~~~~~~~~~~~~~~~~~~~~~~~~~~[0m
[7m...[0m 
[7m126[0m       request.pickupLocation.instructions,
[7m   [0m [91m~~~~~~~~~~~~~~~~~~~~~~~~~~~~~~~~~~~~~~~~~~[0m
[7m127[0m     );
[7m   [0m [91m~~~~~[0m

[96msrc/modules/errands/application/services/errand-management.service.ts[0m:[93m129[0m:[93m29[0m - [91merror[0m[90m TS2673: [0mConstructor of class 'LocationVO' is private and only accessible within the class declaration.

[7m129[0m     const dropoffLocation = new LocationVO(
[7m   [0m [91m                            ~~~~~~~~~~~~~~~[0m
[7m130[0m       request.dropoffLocation.address,
[7m   [0m [91m~~~~~~~~~~~~~~~~~~~~~~~~~~~~~~~~~~~~~~[0m
[7m...[0m 
[7m133[0m       request.dropoffLocation.instructions,
[7m   [0m [91m~~~~~~~~~~~~~~~~~~~~~~~~~~~~~~~~~~~~~~~~~~~[0m
[7m134[0m     );
[7m   [0m [91m~~~~~[0m

[96msrc/modules/errands/application/services/errand-management.service.ts[0m:[93m136[0m:[93m22[0m - [91merror[0m[90m TS2673: [0mConstructor of class 'PriorityVO' is private and only accessible within the class declaration.

[7m136[0m     const priority = new PriorityVO(request.priority);
[7m   [0m [91m                     ~~~~~~~~~~~~~~~~~~~~~~~~~~~~~~~~[0m

[96msrc/modules/errands/application/services/errand-management.service.ts[0m:[93m141[0m:[93m7[0m - [91merror[0m[90m TS2322: [0mType 'string | undefined' is not assignable to type 'string'.
  Type 'undefined' is not assignable to type 'string'.

[7m141[0m       description: request.description,
[7m   [0m [91m      ~~~~~~~~~~~[0m

  [96msrc/modules/errands/domain/entities/errand.entity.ts[0m:[93m6[0m:[93m3[0m
    [7m6[0m   description: string;
    [7m [0m [96m  ~~~~~~~~~~~[0m
    The expected type comes from property 'description' which is declared here on type 'Omit<ErrandProps, "id" | "status" | "createdAt" | "updatedAt" | "proofs">'

[96msrc/modules/errands/application/services/errand-management.service.ts[0m:[93m157[0m:[93m46[0m - [91merror[0m[90m TS2339: [0mProperty 'createCreated' does not exist on type 'typeof ErrandHistoryEntity'.

[7m157[0m     const historyEntry = ErrandHistoryEntity.createCreated(
[7m   [0m [91m                                             ~~~~~~~~~~~~~[0m

[96msrc/modules/errands/application/services/errand-management.service.ts[0m:[93m158[0m:[93m19[0m - [91merror[0m[90m TS2339: [0mProperty 'getId' does not exist on type 'ErrandEntity'.

[7m158[0m       savedErrand.getId(),
[7m   [0m [91m                  ~~~~~[0m

[96msrc/modules/errands/application/services/errand-management.service.ts[0m:[93m188[0m:[93m7[0m - [91merror[0m[90m TS2353: [0mObject literal may only specify known properties, and 'filters' does not exist in type 'ErrandFilters'.

[7m188[0m       filters: {
[7m   [0m [91m      ~~~~~~~[0m

[96msrc/modules/errands/application/services/errand-management.service.ts[0m:[93m212[0m:[93m23[0m - [91merror[0m[90m TS2339: [0mProperty 'items' does not exist on type 'PaginatedResult<ErrandEntity>'.

[7m212[0m       errands: result.items,
[7m   [0m [91m                      ~~~~~[0m

[96msrc/modules/errands/application/services/errand-management.service.ts[0m:[93m232[0m:[93m16[0m - [91merror[0m[90m TS2551: [0mProperty 'getCreatedBy' does not exist on type 'ErrandEntity'. Did you mean 'createdBy'?

[7m232[0m     if (errand.getCreatedBy() !== userId) {
[7m   [0m [91m               ~~~~~~~~~~~~[0m

  [96msrc/modules/errands/domain/entities/errand.entity.ts[0m:[93m118[0m:[93m7[0m
    [7m118[0m   get createdBy(): string {
    [7m   [0m [96m      ~~~~~~~~~[0m
    'createdBy' is declared here.

[96msrc/modules/errands/application/services/errand-management.service.ts[0m:[93m237[0m:[93m41[0m - [91merror[0m[90m TS2673: [0mConstructor of class 'PriorityVO' is private and only accessible within the class declaration.

[7m237[0m     const priority = request.priority ? new PriorityVO(request.priority) : undefined;
[7m   [0m [91m                                        ~~~~~~~~~~~~~~~~~~~~~~~~~~~~~~~~[0m

[96msrc/modules/errands/application/services/errand-management.service.ts[0m:[93m247[0m:[93m7[0m - [91merror[0m[90m TS2353: [0mObject literal may only specify known properties, and 'estimatedDuration' does not exist in type '{ title?: string | undefined; description?: string | undefined; pickupLocation?: LocationVO | undefined; dropoffLocation?: LocationVO | undefined; price?: number | undefined; priority?: PriorityVO | undefined; deadline?: Date | undefined; category?: string | undefined; requirements?: string[] | undefined; }'.

[7m247[0m       estimatedDuration: request.estimatedDuration,
[7m   [0m [91m      ~~~~~~~~~~~~~~~~~[0m

[96msrc/modules/errands/application/services/errand-management.service.ts[0m:[93m251[0m:[93m58[0m - [91merror[0m[90m TS2345: [0mArgument of type 'void' is not assignable to parameter of type 'ErrandEntity'.

[7m251[0m     const savedErrand = await this.errandRepository.save(updatedErrand);
[7m   [0m [91m                                                         ~~~~~~~~~~~~~[0m

[96msrc/modules/errands/application/services/errand-management.service.ts[0m:[93m254[0m:[93m46[0m - [91merror[0m[90m TS2339: [0mProperty 'createUpdated' does not exist on type 'typeof ErrandHistoryEntity'.

[7m254[0m     const historyEntry = ErrandHistoryEntity.createUpdated(
[7m   [0m [91m                                             ~~~~~~~~~~~~~[0m

[96msrc/modules/errands/application/services/errand-management.service.ts[0m:[93m276[0m:[93m7[0m - [91merror[0m[90m TS2345: [0mArgument of type 'string' is not assignable to parameter of type 'DriverInfo'.

[7m276[0m       request.driverId,
[7m   [0m [91m      ~~~~~~~~~~~~~~~~[0m

[96msrc/modules/errands/application/services/errand-management.service.ts[0m:[93m291[0m:[93m58[0m - [91merror[0m[90m TS2345: [0mArgument of type '{ errand: ErrandEntity; history: ErrandHistoryEntity; }' is not assignable to parameter of type 'ErrandEntity'.
  Type '{ errand: ErrandEntity; history: ErrandHistoryEntity; }' is missing the following properties from type 'ErrandEntity': props, id, title, description, and 40 more.

[7m291[0m     const savedErrand = await this.errandRepository.save(assignedErrand);
[7m   [0m [91m                                                         ~~~~~~~~~~~~~~[0m

[96msrc/modules/errands/application/services/errand-management.service.ts[0m:[93m294[0m:[93m46[0m - [91merror[0m[90m TS2339: [0mProperty 'createAssigned' does not exist on type 'typeof ErrandHistoryEntity'.

[7m294[0m     const historyEntry = ErrandHistoryEntity.createAssigned(
[7m   [0m [91m                                             ~~~~~~~~~~~~~~[0m

[96msrc/modules/errands/application/services/errand-management.service.ts[0m:[93m312[0m:[93m9[0m - [91merror[0m[90m TS2673: [0mConstructor of class 'LocationVO' is private and only accessible within the class declaration.

[7m312[0m       ? new LocationVO(
[7m   [0m [91m        ~~~~~~~~~~~~~~~[0m
[7m313[0m           request.startLocation.address,
[7m   [0m [91m~~~~~~~~~~~~~~~~~~~~~~~~~~~~~~~~~~~~~~~~[0m
[7m...[0m 
[7m316[0m           request.startLocation.instructions,
[7m   [0m [91m~~~~~~~~~~~~~~~~~~~~~~~~~~~~~~~~~~~~~~~~~~~~~[0m
[7m317[0m         )
[7m   [0m [91m~~~~~~~~~[0m

[96msrc/modules/errands/application/services/errand-management.service.ts[0m:[93m328[0m:[93m58[0m - [91merror[0m[90m TS2345: [0mArgument of type '{ errand: ErrandEntity; history: ErrandHistoryEntity; }' is not assignable to parameter of type 'ErrandEntity'.
  Type '{ errand: ErrandEntity; history: ErrandHistoryEntity; }' is missing the following properties from type 'ErrandEntity': props, id, title, description, and 40 more.

[7m328[0m     const savedErrand = await this.errandRepository.save(startedErrand);
[7m   [0m [91m                                                         ~~~~~~~~~~~~~[0m

[96msrc/modules/errands/application/services/errand-management.service.ts[0m:[93m331[0m:[93m46[0m - [91merror[0m[90m TS2339: [0mProperty 'createStarted' does not exist on type 'typeof ErrandHistoryEntity'.

[7m331[0m     const historyEntry = ErrandHistoryEntity.createStarted(
[7m   [0m [91m                                             ~~~~~~~~~~~~~[0m

[96msrc/modules/errands/application/services/errand-management.service.ts[0m:[93m349[0m:[93m9[0m - [91merror[0m[90m TS2673: [0mConstructor of class 'LocationVO' is private and only accessible within the class declaration.

[7m349[0m       ? new LocationVO(
[7m   [0m [91m        ~~~~~~~~~~~~~~~[0m
[7m350[0m           request.completionLocation.address,
[7m   [0m [91m~~~~~~~~~~~~~~~~~~~~~~~~~~~~~~~~~~~~~~~~~~~~~[0m
[7m...[0m 
[7m353[0m           request.completionLocation.instructions,
[7m   [0m [91m~~~~~~~~~~~~~~~~~~~~~~~~~~~~~~~~~~~~~~~~~~~~~~~~~~[0m
[7m354[0m         )
[7m   [0m [91m~~~~~~~~~[0m

[96msrc/modules/errands/application/services/errand-management.service.ts[0m:[93m359[0m:[93m18[0m - [91merror[0m[90m TS2673: [0mConstructor of class 'ProofVO' is private and only accessible within the class declaration.

[7m359[0m       (proof) => new ProofVO(proof.type, proof.url, proof.description),
[7m   [0m [91m                 ~~~~~~~~~~~~~~~~~~~~~~~~~~~~~~~~~~~~~~~~~~~~~~~~~~~~~[0m

[96msrc/modules/errands/application/services/errand-management.service.ts[0m:[93m366[0m:[93m7[0m - [91merror[0m[90m TS2345: [0mArgument of type 'string | undefined' is not assignable to parameter of type 'ProofVO[]'.
  Type 'undefined' is not assignable to type 'ProofVO[]'.

[7m366[0m       request.completionNotes,
[7m   [0m [91m      ~~~~~~~~~~~~~~~~~~~~~~~[0m

[96msrc/modules/errands/application/services/errand-management.service.ts[0m:[93m372[0m:[93m58[0m - [91merror[0m[90m TS2345: [0mArgument of type '{ errand: ErrandEntity; history: ErrandHistoryEntity; }' is not assignable to parameter of type 'ErrandEntity'.
  Type '{ errand: ErrandEntity; history: ErrandHistoryEntity; }' is missing the following properties from type 'ErrandEntity': props, id, title, description, and 40 more.

[7m372[0m     const savedErrand = await this.errandRepository.save(completedErrand);
[7m   [0m [91m                                                         ~~~~~~~~~~~~~~~[0m

[96msrc/modules/errands/application/services/errand-management.service.ts[0m:[93m375[0m:[93m46[0m - [91merror[0m[90m TS2551: [0mProperty 'createCompleted' does not exist on type 'typeof ErrandHistoryEntity'. Did you mean 'createCompletedEntry'?

[7m375[0m     const historyEntry = ErrandHistoryEntity.createCompleted(
[7m   [0m [91m                                             ~~~~~~~~~~~~~~~[0m

  [96msrc/modules/errands/domain/entities/errand-history.entity.ts[0m:[93m118[0m:[93m10[0m
    [7m118[0m   static createCompletedEntry(
    [7m   [0m [96m         ~~~~~~~~~~~~~~~~~~~~[0m
    'createCompletedEntry' is declared here.

[96msrc/modules/errands/application/services/errand-management.service.ts[0m:[93m404[0m:[93m58[0m - [91merror[0m[90m TS2345: [0mArgument of type '{ errand: ErrandEntity; history: ErrandHistoryEntity; }' is not assignable to parameter of type 'ErrandEntity'.
  Type '{ errand: ErrandEntity; history: ErrandHistoryEntity; }' is missing the following properties from type 'ErrandEntity': props, id, title, description, and 40 more.

[7m404[0m     const savedErrand = await this.errandRepository.save(cancelledErrand);
[7m   [0m [91m                                                         ~~~~~~~~~~~~~~~[0m

[96msrc/modules/errands/application/services/errand-management.service.ts[0m:[93m407[0m:[93m46[0m - [91merror[0m[90m TS2551: [0mProperty 'createCancelled' does not exist on type 'typeof ErrandHistoryEntity'. Did you mean 'createCancelledEntry'?

[7m407[0m     const historyEntry = ErrandHistoryEntity.createCancelled(
[7m   [0m [91m                                             ~~~~~~~~~~~~~~~[0m

  [96msrc/modules/errands/domain/entities/errand-history.entity.ts[0m:[93m140[0m:[93m10[0m
    [7m140[0m   static createCancelledEntry(
    [7m   [0m [96m         ~~~~~~~~~~~~~~~~~~~~[0m
    'createCancelledEntry' is declared here.

[96msrc/modules/errands/application/services/errand-management.service.ts[0m:[93m427[0m:[93m5[0m - [91merror[0m[90m TS2740: [0mType 'PaginatedResult<ErrandHistoryEntity>' is missing the following properties from type 'ErrandHistoryEntity[]': length, pop, push, concat, and 29 more.

[7m427[0m     return this.errandHistoryRepository.findByErrandId(id);
[7m   [0m [91m    ~~~~~~[0m

[96msrc/modules/errands/application/services/errand-management.service.ts[0m:[93m438[0m:[93m16[0m - [91merror[0m[90m TS2551: [0mProperty 'getAssignedTo' does not exist on type 'ErrandEntity'. Did you mean 'assignedTo'?

[7m438[0m     if (errand.getAssignedTo() !== userId && errand.getCreatedBy() !== userId) {
[7m   [0m [91m               ~~~~~~~~~~~~~[0m

  [96msrc/modules/errands/domain/entities/errand.entity.ts[0m:[93m98[0m:[93m7[0m
    [7m98[0m   get assignedTo(): string | undefined {
    [7m  [0m [96m      ~~~~~~~~~~[0m
    'assignedTo' is declared here.

[96msrc/modules/errands/application/services/errand-management.service.ts[0m:[93m438[0m:[93m53[0m - [91merror[0m[90m TS2551: [0mProperty 'getCreatedBy' does not exist on type 'ErrandEntity'. Did you mean 'createdBy'?

[7m438[0m     if (errand.getAssignedTo() !== userId && errand.getCreatedBy() !== userId) {
[7m   [0m [91m                                                    ~~~~~~~~~~~~[0m

  [96msrc/modules/errands/domain/entities/errand.entity.ts[0m:[93m118[0m:[93m7[0m
    [7m118[0m   get createdBy(): string {
    [7m   [0m [96m      ~~~~~~~~~[0m
    'createdBy' is declared here.

[96msrc/modules/errands/application/services/errand-management.service.ts[0m:[93m442[0m:[93m21[0m - [91merror[0m[90m TS2673: [0mConstructor of class 'ProofVO' is private and only accessible within the class declaration.

[7m442[0m     const proofVO = new ProofVO(proof.type, proof.url, proof.description);
[7m   [0m [91m                    ~~~~~~~~~~~~~~~~~~~~~~~~~~~~~~~~~~~~~~~~~~~~~~~~~~~~~[0m

[96msrc/modules/errands/application/services/errand-management.service.ts[0m:[93m446[0m:[93m58[0m - [91merror[0m[90m TS2345: [0mArgument of type 'void' is not assignable to parameter of type 'ErrandEntity'.

[7m446[0m     const savedErrand = await this.errandRepository.save(updatedErrand);
[7m   [0m [91m                                                         ~~~~~~~~~~~~~[0m

[96msrc/modules/errands/application/services/errand-management.service.ts[0m:[93m449[0m:[93m46[0m - [91merror[0m[90m TS2551: [0mProperty 'createProofAdded' does not exist on type 'typeof ErrandHistoryEntity'. Did you mean 'createProofAddedEntry'?

[7m449[0m     const historyEntry = ErrandHistoryEntity.createProofAdded(
[7m   [0m [91m                                             ~~~~~~~~~~~~~~~~[0m

  [96msrc/modules/errands/domain/entities/errand-history.entity.ts[0m:[93m163[0m:[93m10[0m
    [7m163[0m   static createProofAddedEntry(
    [7m   [0m [96m         ~~~~~~~~~~~~~~~~~~~~~[0m
    'createProofAddedEntry' is declared here.

[96msrc/modules/errands/application/services/errand-management.service.ts[0m:[93m463[0m:[93m62[0m - [91merror[0m[90m TS2345: [0mArgument of type '{ latitude: number; longitude: number; radius: number; } | undefined' is not assignable to parameter of type 'Omit<ErrandFilters, "status" | "assignedTo"> | undefined'.
  Type '{ latitude: number; longitude: number; radius: number; }' has no properties in common with type 'Omit<ErrandFilters, "status" | "assignedTo">'.

[7m463[0m     const result = await this.errandRepository.findAvailable(location, pagination);
[7m   [0m [91m                                                             ~~~~~~~~[0m

[96msrc/modules/errands/application/services/errand-management.service.ts[0m:[93m465[0m:[93m23[0m - [91merror[0m[90m TS2339: [0mProperty 'items' does not exist on type 'PaginatedResult<ErrandEntity>'.

[7m465[0m       errands: result.items,
[7m   [0m [91m                      ~~~~~[0m

[96msrc/modules/errands/application/services/errand-management.service.ts[0m:[93m476[0m:[93m61[0m - [91merror[0m[90m TS2345: [0mArgument of type 'PaginationRequest | undefined' is not assignable to parameter of type 'Omit<ErrandFilters, "createdBy"> | undefined'.
  Type 'PaginationRequest' has no properties in common with type 'Omit<ErrandFilters, "createdBy">'.

[7m476[0m       ? await this.errandRepository.findByCreatedBy(userId, pagination)
[7m   [0m [91m                                                            ~~~~~~~~~~[0m

[96msrc/modules/errands/application/services/errand-management.service.ts[0m:[93m477[0m:[93m62[0m - [91merror[0m[90m TS2345: [0mArgument of type 'PaginationRequest | undefined' is not assignable to parameter of type 'Omit<ErrandFilters, "assignedTo"> | undefined'.
  Type 'PaginationRequest' has no properties in common with type 'Omit<ErrandFilters, "assignedTo">'.

[7m477[0m       : await this.errandRepository.findByAssignedTo(userId, pagination);
[7m   [0m [91m                                                             ~~~~~~~~~~[0m

[96msrc/modules/errands/application/services/errand-management.service.ts[0m:[93m480[0m:[93m23[0m - [91merror[0m[90m TS2339: [0mProperty 'items' does not exist on type 'PaginatedResult<ErrandEntity>'.

[7m480[0m       errands: result.items,
[7m   [0m [91m                      ~~~~~[0m

[96msrc/modules/errands/application/services/errand-management.service.ts[0m:[93m491[0m:[93m5[0m - [91merror[0m[90m TS2739: [0mType '{ total: number; completed: number; cancelled: number; inProgress: number; pending: number; assigned: number; overdue: number; averageCompletionTime: number; completionRate: number; }' is missing the following properties from type '{ total: number; byStatus: Record<string, number>; byPriority: Record<string, number>; byCategory: Record<string, number>; }': byStatus, byPriority, byCategory

[7m491[0m     return this.errandRepository.getStatistics(userId);
[7m   [0m [91m    ~~~~~~[0m

[96msrc/modules/errands/application/services/errand-management.service.ts[0m:[93m491[0m:[93m48[0m - [91merror[0m[90m TS2345: [0mArgument of type 'string | undefined' is not assignable to parameter of type 'string'.
  Type 'undefined' is not assignable to type 'string'.

[7m491[0m     return this.errandRepository.getStatistics(userId);
[7m   [0m [91m                                               ~~~~~~[0m

[96msrc/modules/errands/application/services/errand-template.service.ts[0m:[93m85[0m:[93m66[0m - [91merror[0m[90m TS2339: [0mProperty 'checkNameUniqueness' does not exist on type 'ErrandTemplateRepository'.

[7m85[0m     const existingTemplate = await this.errandTemplateRepository.checkNameUniqueness(
[7m  [0m [91m                                                                 ~~~~~~~~~~~~~~~~~~~[0m

[96msrc/modules/errands/application/services/errand-template.service.ts[0m:[93m96[0m:[93m9[0m - [91merror[0m[90m TS2673: [0mConstructor of class 'LocationVO' is private and only accessible within the class declaration.

[7m 96[0m       ? new LocationVO(
[7m   [0m [91m        ~~~~~~~~~~~~~~~[0m
[7m 97[0m           request.defaultPickupLocation.address,
[7m   [0m [91m~~~~~~~~~~~~~~~~~~~~~~~~~~~~~~~~~~~~~~~~~~~~~~~~[0m
[7m...[0m 
[7m100[0m           request.defaultPickupLocation.instructions,
[7m   [0m [91m~~~~~~~~~~~~~~~~~~~~~~~~~~~~~~~~~~~~~~~~~~~~~~~~~~~~~[0m
[7m101[0m         )
[7m   [0m [91m~~~~~~~~~[0m

[96msrc/modules/errands/application/services/errand-template.service.ts[0m:[93m105[0m:[93m9[0m - [91merror[0m[90m TS2673: [0mConstructor of class 'LocationVO' is private and only accessible within the class declaration.

[7m105[0m       ? new LocationVO(
[7m   [0m [91m        ~~~~~~~~~~~~~~~[0m
[7m106[0m           request.defaultDropoffLocation.address,
[7m   [0m [91m~~~~~~~~~~~~~~~~~~~~~~~~~~~~~~~~~~~~~~~~~~~~~~~~~[0m
[7m...[0m 
[7m109[0m           request.defaultDropoffLocation.instructions,
[7m   [0m [91m~~~~~~~~~~~~~~~~~~~~~~~~~~~~~~~~~~~~~~~~~~~~~~~~~~~~~~[0m
[7m110[0m         )
[7m   [0m [91m~~~~~~~~~[0m

[96msrc/modules/errands/application/services/errand-template.service.ts[0m:[93m115[0m:[93m9[0m - [91merror[0m[90m TS2673: [0mConstructor of class 'PriorityVO' is private and only accessible within the class declaration.

[7m115[0m       ? new PriorityVO(request.defaultPriority)
[7m   [0m [91m        ~~~~~~~~~~~~~~~~~~~~~~~~~~~~~~~~~~~~~~~[0m

[96msrc/modules/errands/application/services/errand-template.service.ts[0m:[93m116[0m:[93m9[0m - [91merror[0m[90m TS2673: [0mConstructor of class 'PriorityVO' is private and only accessible within the class declaration.

[7m116[0m       : new PriorityVO('medium');
[7m   [0m [91m        ~~~~~~~~~~~~~~~~~~~~~~~~[0m

[96msrc/modules/errands/application/services/errand-template.service.ts[0m:[93m121[0m:[93m7[0m - [91merror[0m[90m TS2322: [0mType 'string | undefined' is not assignable to type 'string'.
  Type 'undefined' is not assignable to type 'string'.

[7m121[0m       description: request.description,
[7m   [0m [91m      ~~~~~~~~~~~[0m

  [96msrc/modules/errands/domain/entities/errand-template.entity.ts[0m:[93m6[0m:[93m3[0m
    [7m6[0m   description: string;
    [7m [0m [96m  ~~~~~~~~~~~[0m
    The expected type comes from property 'description' which is declared here on type 'Omit<ErrandTemplateProps, "id" | "createdAt" | "updatedAt" | "usageCount">'

[96msrc/modules/errands/application/services/errand-template.service.ts[0m:[93m129[0m:[93m7[0m - [91merror[0m[90m TS2322: [0mType 'string | undefined' is not assignable to type 'string'.
  Type 'undefined' is not assignable to type 'string'.

[7m129[0m       instructions: request.instructions,
[7m   [0m [91m      ~~~~~~~~~~~~[0m

  [96msrc/modules/errands/domain/entities/errand-template.entity.ts[0m:[93m14[0m:[93m3[0m
    [7m14[0m   instructions: string;
    [7m  [0m [96m  ~~~~~~~~~~~~[0m
    The expected type comes from property 'instructions' which is declared here on type 'Omit<ErrandTemplateProps, "id" | "createdAt" | "updatedAt" | "usageCount">'

[96msrc/modules/errands/application/services/errand-template.service.ts[0m:[93m158[0m:[93m7[0m - [91merror[0m[90m TS2353: [0mObject literal may only specify known properties, and 'filters' does not exist in type 'ErrandTemplateFilters'.

[7m158[0m       filters: {
[7m   [0m [91m      ~~~~~~~[0m

[96msrc/modules/errands/application/services/errand-template.service.ts[0m:[93m180[0m:[93m25[0m - [91merror[0m[90m TS2339: [0mProperty 'items' does not exist on type 'PaginatedResult<ErrandTemplateEntity>'.

[7m180[0m       templates: result.items,
[7m   [0m [91m                        ~~~~~[0m

[96msrc/modules/errands/application/services/errand-template.service.ts[0m:[93m195[0m:[93m18[0m - [91merror[0m[90m TS2551: [0mProperty 'getCreatedBy' does not exist on type 'ErrandTemplateEntity'. Did you mean 'createdBy'?

[7m195[0m     if (template.getCreatedBy() !== userId) {
[7m   [0m [91m                 ~~~~~~~~~~~~[0m

  [96msrc/modules/errands/domain/entities/errand-template.entity.ts[0m:[93m92[0m:[93m7[0m
    [7m92[0m   get createdBy(): string {
    [7m  [0m [96m      ~~~~~~~~~[0m
    'createdBy' is declared here.

[96msrc/modules/errands/application/services/errand-template.service.ts[0m:[93m200[0m:[93m51[0m - [91merror[0m[90m TS2339: [0mProperty 'getName' does not exist on type 'ErrandTemplateEntity'.

[7m200[0m     if (request.name && request.name !== template.getName()) {
[7m   [0m [91m                                                  ~~~~~~~[0m

[96msrc/modules/errands/application/services/errand-template.service.ts[0m:[93m201[0m:[93m68[0m - [91merror[0m[90m TS2339: [0mProperty 'checkNameUniqueness' does not exist on type 'ErrandTemplateRepository'.

[7m201[0m       const existingTemplate = await this.errandTemplateRepository.checkNameUniqueness(
[7m   [0m [91m                                                                   ~~~~~~~~~~~~~~~~~~~[0m

[96msrc/modules/errands/application/services/errand-template.service.ts[0m:[93m213[0m:[93m9[0m - [91merror[0m[90m TS2673: [0mConstructor of class 'LocationVO' is private and only accessible within the class declaration.

[7m213[0m       ? new LocationVO(
[7m   [0m [91m        ~~~~~~~~~~~~~~~[0m
[7m214[0m           request.defaultPickupLocation.address,
[7m   [0m [91m~~~~~~~~~~~~~~~~~~~~~~~~~~~~~~~~~~~~~~~~~~~~~~~~[0m
[7m...[0m 
[7m217[0m           request.defaultPickupLocation.instructions,
[7m   [0m [91m~~~~~~~~~~~~~~~~~~~~~~~~~~~~~~~~~~~~~~~~~~~~~~~~~~~~~[0m
[7m218[0m         )
[7m   [0m [91m~~~~~~~~~[0m

[96msrc/modules/errands/application/services/errand-template.service.ts[0m:[93m222[0m:[93m9[0m - [91merror[0m[90m TS2673: [0mConstructor of class 'LocationVO' is private and only accessible within the class declaration.

[7m222[0m       ? new LocationVO(
[7m   [0m [91m        ~~~~~~~~~~~~~~~[0m
[7m223[0m           request.defaultDropoffLocation.address,
[7m   [0m [91m~~~~~~~~~~~~~~~~~~~~~~~~~~~~~~~~~~~~~~~~~~~~~~~~~[0m
[7m...[0m 
[7m226[0m           request.defaultDropoffLocation.instructions,
[7m   [0m [91m~~~~~~~~~~~~~~~~~~~~~~~~~~~~~~~~~~~~~~~~~~~~~~~~~~~~~~[0m
[7m227[0m         )
[7m   [0m [91m~~~~~~~~~[0m

[96msrc/modules/errands/application/services/errand-template.service.ts[0m:[93m232[0m:[93m9[0m - [91merror[0m[90m TS2673: [0mConstructor of class 'PriorityVO' is private and only accessible within the class declaration.

[7m232[0m       ? new PriorityVO(request.defaultPriority)
[7m   [0m [91m        ~~~~~~~~~~~~~~~~~~~~~~~~~~~~~~~~~~~~~~~[0m

[96msrc/modules/errands/application/services/errand-template.service.ts[0m:[93m250[0m:[93m47[0m - [91merror[0m[90m TS2345: [0mArgument of type 'void' is not assignable to parameter of type 'ErrandTemplateEntity'.

[7m250[0m     return this.errandTemplateRepository.save(updatedTemplate);
[7m   [0m [91m                                              ~~~~~~~~~~~~~~~[0m

[96msrc/modules/errands/application/services/errand-template.service.ts[0m:[93m257[0m:[93m18[0m - [91merror[0m[90m TS2551: [0mProperty 'getCreatedBy' does not exist on type 'ErrandTemplateEntity'. Did you mean 'createdBy'?

[7m257[0m     if (template.getCreatedBy() !== userId) {
[7m   [0m [91m                 ~~~~~~~~~~~~[0m

  [96msrc/modules/errands/domain/entities/errand-template.entity.ts[0m:[93m92[0m:[93m7[0m
    [7m92[0m   get createdBy(): string {
    [7m  [0m [96m      ~~~~~~~~~[0m
    'createdBy' is declared here.

[96msrc/modules/errands/application/services/errand-template.service.ts[0m:[93m268[0m:[93m18[0m - [91merror[0m[90m TS2551: [0mProperty 'getCreatedBy' does not exist on type 'ErrandTemplateEntity'. Did you mean 'createdBy'?

[7m268[0m     if (template.getCreatedBy() !== userId) {
[7m   [0m [91m                 ~~~~~~~~~~~~[0m

  [96msrc/modules/errands/domain/entities/errand-template.entity.ts[0m:[93m92[0m:[93m7[0m
    [7m92[0m   get createdBy(): string {
    [7m  [0m [96m      ~~~~~~~~~[0m
    'createdBy' is declared here.

[96msrc/modules/errands/application/services/errand-template.service.ts[0m:[93m273[0m:[93m47[0m - [91merror[0m[90m TS2345: [0mArgument of type 'void' is not assignable to parameter of type 'ErrandTemplateEntity'.

[7m273[0m     return this.errandTemplateRepository.save(activatedTemplate);
[7m   [0m [91m                                              ~~~~~~~~~~~~~~~~~[0m

[96msrc/modules/errands/application/services/errand-template.service.ts[0m:[93m280[0m:[93m18[0m - [91merror[0m[90m TS2551: [0mProperty 'getCreatedBy' does not exist on type 'ErrandTemplateEntity'. Did you mean 'createdBy'?

[7m280[0m     if (template.getCreatedBy() !== userId) {
[7m   [0m [91m                 ~~~~~~~~~~~~[0m

  [96msrc/modules/errands/domain/entities/errand-template.entity.ts[0m:[93m92[0m:[93m7[0m
    [7m92[0m   get createdBy(): string {
    [7m  [0m [96m      ~~~~~~~~~[0m
    'createdBy' is declared here.

[96msrc/modules/errands/application/services/errand-template.service.ts[0m:[93m285[0m:[93m47[0m - [91merror[0m[90m TS2345: [0mArgument of type 'void' is not assignable to parameter of type 'ErrandTemplateEntity'.

[7m285[0m     return this.errandTemplateRepository.save(deactivatedTemplate);
[7m   [0m [91m                                              ~~~~~~~~~~~~~~~~~~~[0m

[96msrc/modules/errands/application/services/errand-template.service.ts[0m:[93m301[0m:[93m47[0m - [91merror[0m[90m TS2345: [0mArgument of type 'void' is not assignable to parameter of type 'ErrandTemplateEntity'.

[7m301[0m     return this.errandTemplateRepository.save(updatedTemplate);
[7m   [0m [91m                                              ~~~~~~~~~~~~~~~[0m

[96msrc/modules/errands/application/services/errand-template.service.ts[0m:[93m312[0m:[93m18[0m - [91merror[0m[90m TS2551: [0mProperty 'getCreatedBy' does not exist on type 'ErrandTemplateEntity'. Did you mean 'createdBy'?

[7m312[0m     if (template.getCreatedBy() !== userId) {
[7m   [0m [91m                 ~~~~~~~~~~~~[0m

  [96msrc/modules/errands/domain/entities/errand-template.entity.ts[0m:[93m92[0m:[93m7[0m
    [7m92[0m   get createdBy(): string {
    [7m  [0m [96m      ~~~~~~~~~[0m
    'createdBy' is declared here.

[96msrc/modules/errands/application/services/errand-template.service.ts[0m:[93m317[0m:[93m47[0m - [91merror[0m[90m TS2345: [0mArgument of type 'void' is not assignable to parameter of type 'ErrandTemplateEntity'.

[7m317[0m     return this.errandTemplateRepository.save(updatedTemplate);
[7m   [0m [91m                                              ~~~~~~~~~~~~~~~[0m

[96msrc/modules/errands/application/services/errand-template.service.ts[0m:[93m328[0m:[93m18[0m - [91merror[0m[90m TS2551: [0mProperty 'getCreatedBy' does not exist on type 'ErrandTemplateEntity'. Did you mean 'createdBy'?

[7m328[0m     if (template.getCreatedBy() !== userId) {
[7m   [0m [91m                 ~~~~~~~~~~~~[0m

  [96msrc/modules/errands/domain/entities/errand-template.entity.ts[0m:[93m92[0m:[93m7[0m
    [7m92[0m   get createdBy(): string {
    [7m  [0m [96m      ~~~~~~~~~[0m
    'createdBy' is declared here.

[96msrc/modules/errands/application/services/errand-template.service.ts[0m:[93m333[0m:[93m47[0m - [91merror[0m[90m TS2345: [0mArgument of type 'void' is not assignable to parameter of type 'ErrandTemplateEntity'.

[7m333[0m     return this.errandTemplateRepository.save(updatedTemplate);
[7m   [0m [91m                                              ~~~~~~~~~~~~~~~[0m

[96msrc/modules/errands/application/services/errand-template.service.ts[0m:[93m344[0m:[93m18[0m - [91merror[0m[90m TS2551: [0mProperty 'getCreatedBy' does not exist on type 'ErrandTemplateEntity'. Did you mean 'createdBy'?

[7m344[0m     if (template.getCreatedBy() !== userId) {
[7m   [0m [91m                 ~~~~~~~~~~~~[0m

  [96msrc/modules/errands/domain/entities/errand-template.entity.ts[0m:[93m92[0m:[93m7[0m
    [7m92[0m   get createdBy(): string {
    [7m  [0m [96m      ~~~~~~~~~[0m
    'createdBy' is declared here.

[96msrc/modules/errands/application/services/errand-template.service.ts[0m:[93m349[0m:[93m47[0m - [91merror[0m[90m TS2345: [0mArgument of type 'void' is not assignable to parameter of type 'ErrandTemplateEntity'.

[7m349[0m     return this.errandTemplateRepository.save(updatedTemplate);
[7m   [0m [91m                                              ~~~~~~~~~~~~~~~[0m

[96msrc/modules/errands/application/services/errand-template.service.ts[0m:[93m360[0m:[93m18[0m - [91merror[0m[90m TS2551: [0mProperty 'getCreatedBy' does not exist on type 'ErrandTemplateEntity'. Did you mean 'createdBy'?

[7m360[0m     if (template.getCreatedBy() !== userId) {
[7m   [0m [91m                 ~~~~~~~~~~~~[0m

  [96msrc/modules/errands/domain/entities/errand-template.entity.ts[0m:[93m92[0m:[93m7[0m
    [7m92[0m   get createdBy(): string {
    [7m  [0m [96m      ~~~~~~~~~[0m
    'createdBy' is declared here.

[96msrc/modules/errands/application/services/errand-template.service.ts[0m:[93m365[0m:[93m47[0m - [91merror[0m[90m TS2345: [0mArgument of type 'void' is not assignable to parameter of type 'ErrandTemplateEntity'.

[7m365[0m     return this.errandTemplateRepository.save(updatedTemplate);
[7m   [0m [91m                                              ~~~~~~~~~~~~~~~[0m

[96msrc/modules/errands/application/services/errand-template.service.ts[0m:[93m371[0m:[93m67[0m - [91merror[0m[90m TS2345: [0mArgument of type 'PaginationRequest | undefined' is not assignable to parameter of type 'Omit<ErrandTemplateFilters, "isActive"> | undefined'.
  Type 'PaginationRequest' has no properties in common with type 'Omit<ErrandTemplateFilters, "isActive">'.

[7m371[0m     const result = await this.errandTemplateRepository.findActive(pagination);
[7m   [0m [91m                                                                  ~~~~~~~~~~[0m

[96msrc/modules/errands/application/services/errand-template.service.ts[0m:[93m373[0m:[93m25[0m - [91merror[0m[90m TS2339: [0mProperty 'items' does not exist on type 'PaginatedResult<ErrandTemplateEntity>'.

[7m373[0m       templates: result.items,
[7m   [0m [91m                        ~~~~~[0m

[96msrc/modules/errands/application/services/errand-template.service.ts[0m:[93m382[0m:[93m81[0m - [91merror[0m[90m TS2345: [0mArgument of type 'PaginationRequest | undefined' is not assignable to parameter of type 'Omit<ErrandTemplateFilters, "category"> | undefined'.
  Type 'PaginationRequest' has no properties in common with type 'Omit<ErrandTemplateFilters, "category">'.

[7m382[0m     const result = await this.errandTemplateRepository.findByCategory(category, pagination);
[7m   [0m [91m                                                                                ~~~~~~~~~~[0m

[96msrc/modules/errands/application/services/errand-template.service.ts[0m:[93m384[0m:[93m25[0m - [91merror[0m[90m TS2339: [0mProperty 'items' does not exist on type 'PaginatedResult<ErrandTemplateEntity>'.

[7m384[0m       templates: result.items,
[7m   [0m [91m                        ~~~~~[0m

[96msrc/modules/errands/application/services/errand-template.service.ts[0m:[93m393[0m:[93m73[0m - [91merror[0m[90m TS2345: [0mArgument of type 'PaginationRequest | undefined' is not assignable to parameter of type 'Omit<ErrandTemplateFilters, "tags"> | undefined'.
  Type 'PaginationRequest' has no properties in common with type 'Omit<ErrandTemplateFilters, "tags">'.

[7m393[0m     const result = await this.errandTemplateRepository.findByTags(tags, pagination);
[7m   [0m [91m                                                                        ~~~~~~~~~~[0m

[96msrc/modules/errands/application/services/errand-template.service.ts[0m:[93m395[0m:[93m25[0m - [91merror[0m[90m TS2339: [0mProperty 'items' does not exist on type 'PaginatedResult<ErrandTemplateEntity>'.

[7m395[0m       templates: result.items,
[7m   [0m [91m                        ~~~~~[0m

[96msrc/modules/errands/application/services/errand-template.service.ts[0m:[93m403[0m:[93m67[0m - [91merror[0m[90m TS2345: [0mArgument of type 'PaginationRequest | undefined' is not assignable to parameter of type 'ErrandTemplateFilters | undefined'.
  Type 'PaginationRequest' has no properties in common with type 'ErrandTemplateFilters'.

[7m403[0m     const result = await this.errandTemplateRepository.findPublic(pagination);
[7m   [0m [91m                                                                  ~~~~~~~~~~[0m

[96msrc/modules/errands/application/services/errand-template.service.ts[0m:[93m405[0m:[93m25[0m - [91merror[0m[90m TS2339: [0mProperty 'items' does not exist on type 'PaginatedResult<ErrandTemplateEntity>'.

[7m405[0m       templates: result.items,
[7m   [0m [91m                        ~~~~~[0m

[96msrc/modules/errands/application/services/errand-template.service.ts[0m:[93m413[0m:[93m69[0m - [91merror[0m[90m TS2345: [0mArgument of type '{ page: number; limit: number; }' is not assignable to parameter of type 'number'.

[7m413[0m     const result = await this.errandTemplateRepository.findMostUsed({ page: 1, limit });
[7m   [0m [91m                                                                    ~~~~~~~~~~~~~~~~~~[0m

[96msrc/modules/errands/application/services/errand-template.service.ts[0m:[93m414[0m:[93m19[0m - [91merror[0m[90m TS2339: [0mProperty 'items' does not exist on type 'ErrandTemplateEntity[]'.

[7m414[0m     return result.items;
[7m   [0m [91m                  ~~~~~[0m

[96msrc/modules/errands/application/services/errand-template.service.ts[0m:[93m420[0m:[93m67[0m - [91merror[0m[90m TS2345: [0mArgument of type '{ page: number; limit: number; }' is not assignable to parameter of type 'number'.

[7m420[0m     const result = await this.errandTemplateRepository.findRecent({ page: 1, limit });
[7m   [0m [91m                                                                  ~~~~~~~~~~~~~~~~~~[0m

[96msrc/modules/errands/application/services/errand-template.service.ts[0m:[93m421[0m:[93m19[0m - [91merror[0m[90m TS2339: [0mProperty 'items' does not exist on type 'ErrandTemplateEntity[]'.

[7m421[0m     return result.items;
[7m   [0m [91m                  ~~~~~[0m

[96msrc/modules/errands/application/services/errand-template.service.ts[0m:[93m428[0m:[93m70[0m - [91merror[0m[90m TS2345: [0mArgument of type 'PaginationRequest | undefined' is not assignable to parameter of type 'Omit<ErrandTemplateFilters, "search"> | undefined'.
  Type 'PaginationRequest' has no properties in common with type 'Omit<ErrandTemplateFilters, "search">'.

[7m428[0m     const result = await this.errandTemplateRepository.search(query, pagination);
[7m   [0m [91m                                                                     ~~~~~~~~~~[0m

[96msrc/modules/errands/application/services/errand-template.service.ts[0m:[93m430[0m:[93m25[0m - [91merror[0m[90m TS2339: [0mProperty 'items' does not exist on type 'PaginatedResult<ErrandTemplateEntity>'.

[7m430[0m       templates: result.items,
[7m   [0m [91m                        ~~~~~[0m

[96msrc/modules/errands/application/services/errand-template.service.ts[0m:[93m443[0m:[93m5[0m - [91merror[0m[90m TS2741: [0mProperty 'byCategory' is missing in type '{ total: number; active: number; inactive: number; public: number; private: number; totalUsage: number; averageUsage: number; categoriesCount: number; tagsCount: number; }' but required in type '{ total: number; active: number; inactive: number; byCategory: Record<string, number>; totalUsage: number; averageUsage: number; }'.

[7m443[0m     return this.errandTemplateRepository.getStatistics(userId);
[7m   [0m [91m    ~~~~~~[0m

  [96msrc/modules/errands/application/services/errand-template.service.ts[0m:[93m439[0m:[93m5[0m
    [7m439[0m     byCategory: Record<string, number>;
    [7m   [0m [96m    ~~~~~~~~~~[0m
    'byCategory' is declared here.

[96msrc/modules/errands/application/services/errand-template.service.ts[0m:[93m466[0m:[93m80[0m - [91merror[0m[90m TS2345: [0mArgument of type '{ page: number; limit: number; }' is not assignable to parameter of type 'number'.

[7m466[0m     const result = await this.errandTemplateRepository.findSimilar(templateId, { page: 1, limit });
[7m   [0m [91m                                                                               ~~~~~~~~~~~~~~~~~~[0m

[96msrc/modules/errands/application/services/errand-template.service.ts[0m:[93m467[0m:[93m19[0m - [91merror[0m[90m TS2339: [0mProperty 'items' does not exist on type 'ErrandTemplateEntity[]'.

[7m467[0m     return result.items;
[7m   [0m [91m                  ~~~~~[0m

[96msrc/modules/errands/application/services/index.ts[0m:[93m2[0m:[93m1[0m - [91merror[0m[90m TS2308: [0mModule './errand-management.service' has already exported a member named 'PaginationRequest'. Consider explicitly re-exporting to resolve the ambiguity.

[7m2[0m export * from './errand-template.service';
[7m [0m [91m~~~~~~~~~~~~~~~~~~~~~~~~~~~~~~~~~~~~~~~~~~[0m

[96msrc/modules/errands/domain/repositories/index.ts[0m:[93m2[0m:[93m1[0m - [91merror[0m[90m TS2308: [0mModule './errand.repository' has already exported a member named 'PaginatedResult'. Consider explicitly re-exporting to resolve the ambiguity.

[7m2[0m export * from './errand-template.repository';
[7m [0m [91m~~~~~~~~~~~~~~~~~~~~~~~~~~~~~~~~~~~~~~~~~~~~~[0m

[96msrc/modules/errands/domain/repositories/index.ts[0m:[93m2[0m:[93m1[0m - [91merror[0m[90m TS2308: [0mModule './errand.repository' has already exported a member named 'PaginationOptions'. Consider explicitly re-exporting to resolve the ambiguity.

[7m2[0m export * from './errand-template.repository';
[7m [0m [91m~~~~~~~~~~~~~~~~~~~~~~~~~~~~~~~~~~~~~~~~~~~~~[0m

[96msrc/modules/errands/domain/repositories/index.ts[0m:[93m3[0m:[93m1[0m - [91merror[0m[90m TS2308: [0mModule './errand.repository' has already exported a member named 'PaginatedResult'. Consider explicitly re-exporting to resolve the ambiguity.

[7m3[0m export * from './errand-history.repository';
[7m [0m [91m~~~~~~~~~~~~~~~~~~~~~~~~~~~~~~~~~~~~~~~~~~~~[0m

[96msrc/modules/errands/domain/repositories/index.ts[0m:[93m3[0m:[93m1[0m - [91merror[0m[90m TS2308: [0mModule './errand.repository' has already exported a member named 'PaginationOptions'. Consider explicitly re-exporting to resolve the ambiguity.

[7m3[0m export * from './errand-history.repository';
[7m [0m [91m~~~~~~~~~~~~~~~~~~~~~~~~~~~~~~~~~~~~~~~~~~~~[0m

[96msrc/modules/errands/domain/services/errand-lifecycle.service.ts[0m:[93m189[0m:[93m7[0m - [91merror[0m[90m TS2345: [0mArgument of type '{ latitude: number | undefined; longitude: number | undefined; address: string; } | undefined' is not assignable to parameter of type '{ latitude: number; longitude: number; address?: string | undefined; } | undefined'.
  Type '{ latitude: number | undefined; longitude: number | undefined; address: string; }' is not assignable to type '{ latitude: number; longitude: number; address?: string | undefined; }'.
    Types of property 'latitude' are incompatible.
      Type 'number | undefined' is not assignable to type 'number'.
        Type 'undefined' is not assignable to type 'number'.

[7m189[0m       locationData,
[7m   [0m [91m      ~~~~~~~~~~~~[0m

[96msrc/modules/errands/domain/services/errand-lifecycle.service.ts[0m:[93m245[0m:[93m7[0m - [91merror[0m[90m TS2345: [0mArgument of type '{ latitude: number | undefined; longitude: number | undefined; address: string; } | undefined' is not assignable to parameter of type '{ latitude: number; longitude: number; address?: string | undefined; } | undefined'.
  Type '{ latitude: number | undefined; longitude: number | undefined; address: string; }' is not assignable to type '{ latitude: number; longitude: number; address?: string | undefined; }'.
    Types of property 'latitude' are incompatible.
      Type 'number | undefined' is not assignable to type 'number'.
        Type 'undefined' is not assignable to type 'number'.

[7m245[0m       locationData,
[7m   [0m [91m      ~~~~~~~~~~~~[0m

[96msrc/modules/errands/errands.module.ts[0m:[93m2[0m:[93m30[0m - [91merror[0m[90m TS2307: [0mCannot find module '../../shared/prisma/prisma.module' or its corresponding type declarations.

[7m2[0m import { PrismaModule } from '../../shared/prisma/prisma.module';
[7m [0m [91m                             ~~~~~~~~~~~~~~~~~~~~~~~~~~~~~~~~~~~[0m

[96msrc/modules/errands/errands.module.ts[0m:[93m18[0m:[93m3[0m - [91merror[0m[90m TS2305: [0mModule '"./domain/services"' has no exported member 'ErrandDomainService'.

[7m18[0m   ErrandDomainService,
[7m  [0m [91m  ~~~~~~~~~~~~~~~~~~~[0m

[96msrc/modules/errands/errands.module.ts[0m:[93m50[0m:[93m5[0m - [91merror[0m[90m TS2693: [0m'ErrandAssignmentService' only refers to a type, but is being used as a value here.

[7m50[0m     ErrandAssignmentService,
[7m  [0m [91m    ~~~~~~~~~~~~~~~~~~~~~~~[0m

[96msrc/modules/errands/errands.module.ts[0m:[93m51[0m:[93m5[0m - [91merror[0m[90m TS2693: [0m'ErrandLifecycleService' only refers to a type, but is being used as a value here.

[7m51[0m     ErrandLifecycleService,
[7m  [0m [91m    ~~~~~~~~~~~~~~~~~~~~~~[0m

[96msrc/modules/errands/errands.module.ts[0m:[93m55[0m:[93m16[0m - [91merror[0m[90m TS2693: [0m'ErrandRepository' only refers to a type, but is being used as a value here.

[7m55[0m       provide: ErrandRepository,
[7m  [0m [91m               ~~~~~~~~~~~~~~~~[0m

[96msrc/modules/errands/errands.module.ts[0m:[93m59[0m:[93m16[0m - [91merror[0m[90m TS2693: [0m'ErrandTemplateRepository' only refers to a type, but is being used as a value here.

[7m59[0m       provide: ErrandTemplateRepository,
[7m  [0m [91m               ~~~~~~~~~~~~~~~~~~~~~~~~[0m

[96msrc/modules/errands/errands.module.ts[0m:[93m63[0m:[93m16[0m - [91merror[0m[90m TS2693: [0m'ErrandHistoryRepository' only refers to a type, but is being used as a value here.

[7m63[0m       provide: ErrandHistoryRepository,
[7m  [0m [91m               ~~~~~~~~~~~~~~~~~~~~~~~[0m

[96msrc/modules/errands/errands.module.ts[0m:[93m72[0m:[93m5[0m - [91merror[0m[90m TS2693: [0m'ErrandAssignmentService' only refers to a type, but is being used as a value here.

[7m72[0m     ErrandAssignmentService,
[7m  [0m [91m    ~~~~~~~~~~~~~~~~~~~~~~~[0m

[96msrc/modules/errands/errands.module.ts[0m:[93m73[0m:[93m5[0m - [91merror[0m[90m TS2693: [0m'ErrandLifecycleService' only refers to a type, but is being used as a value here.

[7m73[0m     ErrandLifecycleService,
[7m  [0m [91m    ~~~~~~~~~~~~~~~~~~~~~~[0m

[96msrc/modules/errands/errands.module.ts[0m:[93m76[0m:[93m5[0m - [91merror[0m[90m TS2693: [0m'ErrandRepository' only refers to a type, but is being used as a value here.

[7m76[0m     ErrandRepository,
[7m  [0m [91m    ~~~~~~~~~~~~~~~~[0m

[96msrc/modules/errands/errands.module.ts[0m:[93m77[0m:[93m5[0m - [91merror[0m[90m TS2693: [0m'ErrandTemplateRepository' only refers to a type, but is being used as a value here.

[7m77[0m     ErrandTemplateRepository,
[7m  [0m [91m    ~~~~~~~~~~~~~~~~~~~~~~~~[0m

[96msrc/modules/errands/errands.module.ts[0m:[93m78[0m:[93m5[0m - [91merror[0m[90m TS2693: [0m'ErrandHistoryRepository' only refers to a type, but is being used as a value here.

[7m78[0m     ErrandHistoryRepository,
[7m  [0m [91m    ~~~~~~~~~~~~~~~~~~~~~~~[0m

[96msrc/modules/errands/index.ts[0m:[93m5[0m:[93m15[0m - [91merror[0m[90m TS2307: [0mCannot find module './domain' or its corresponding type declarations.

[7m5[0m export * from './domain';
[7m [0m [91m              ~~~~~~~~~~[0m

[96msrc/modules/errands/index.ts[0m:[93m8[0m:[93m15[0m - [91merror[0m[90m TS2307: [0mCannot find module './application' or its corresponding type declarations.

[7m8[0m export * from './application';
[7m [0m [91m              ~~~~~~~~~~~~~~~[0m

[96msrc/modules/errands/infrastructure/repositories/errand-history.repository.impl.ts[0m:[93m15[0m:[93m17[0m - [91merror[0m[90m TS2339: [0mProperty 'getId' does not exist on type 'ErrandHistoryEntity'.

[7m15[0m     if (history.getId()) {
[7m  [0m [91m                ~~~~~[0m

[96msrc/modules/errands/infrastructure/repositories/errand-history.repository.impl.ts[0m:[93m18[0m:[93m30[0m - [91merror[0m[90m TS2339: [0mProperty 'getId' does not exist on type 'ErrandHistoryEntity'.

[7m18[0m         where: { id: history.getId() },
[7m  [0m [91m                             ~~~~~[0m

[96msrc/modules/errands/infrastructure/repositories/errand-history.repository.impl.ts[0m:[93m51[0m:[93m9[0m - [91merror[0m[90m TS2416: [0mProperty 'findMany' in type 'ErrandHistoryRepositoryImpl' is not assignable to the same property in base type 'ErrandHistoryRepository'.
  Type '(options: { filters?: ErrandHistoryFilters | undefined; sort?: ErrandHistorySortOptions | undefined; pagination?: PaginationOptions | undefined; }) => Promise<...>' is not assignable to type '(filters?: ErrandHistoryFilters | undefined, sort?: ErrandHistorySortOptions | undefined, pagination?: PaginationOptions | undefined) => Promise<...>'.
    Types of parameters 'options' and 'filters' are incompatible.
      Type 'ErrandHistoryFilters | undefined' is not assignable to type '{ filters?: ErrandHistoryFilters | undefined; sort?: ErrandHistorySortOptions | undefined; pagination?: PaginationOptions | undefined; }'.
        Type 'undefined' is not assignable to type '{ filters?: ErrandHistoryFilters | undefined; sort?: ErrandHistorySortOptions | undefined; pagination?: PaginationOptions | undefined; }'.

[7m51[0m   async findMany(options: {
[7m  [0m [91m        ~~~~~~~~[0m

[96msrc/modules/errands/infrastructure/repositories/errand-history.repository.impl.ts[0m:[93m75[0m:[93m7[0m - [91merror[0m[90m TS2353: [0mObject literal may only specify known properties, and 'items' does not exist in type 'PaginatedResult<ErrandHistoryEntity>'.

[7m75[0m       items: items.map(item => this.mapDataToEntity(item)),
[7m  [0m [91m      ~~~~~[0m

[96msrc/modules/errands/infrastructure/repositories/errand-history.repository.impl.ts[0m:[93m82[0m:[93m9[0m - [91merror[0m[90m TS2416: [0mProperty 'findByErrandId' in type 'ErrandHistoryRepositoryImpl' is not assignable to the same property in base type 'ErrandHistoryRepository'.
  Type '(errandId: string, pagination?: PaginationOptions | undefined) => Promise<PaginatedResult<ErrandHistoryEntity>>' is not assignable to type '(errandId: string, filters?: Omit<ErrandHistoryFilters, "errandId"> | undefined, sort?: ErrandHistorySortOptions | undefined, pagination?: PaginationOptions | undefined) => Promise<...>'.
    Types of parameters 'pagination' and 'filters' are incompatible.
      Type 'Omit<ErrandHistoryFilters, "errandId"> | undefined' is not assignable to type 'PaginationOptions | undefined'.
        Type 'Omit<ErrandHistoryFilters, "errandId">' is missing the following properties from type 'PaginationOptions': page, limit

[7m82[0m   async findByErrandId(errandId: string, pagination?: PaginationOptions): Promise<PaginatedResult<ErrandHistoryEntity>> {
[7m  [0m [91m        ~~~~~~~~~~~~~~[0m

[96msrc/modules/errands/infrastructure/repositories/errand-history.repository.impl.ts[0m:[93m85[0m:[93m15[0m - [91merror[0m[90m TS2322: [0mType '"timestamp"' is not assignable to type '"performedAt" | "performedBy" | "action"'.

[7m85[0m       sort: { field: 'timestamp', direction: 'desc' },
[7m  [0m [91m              ~~~~~[0m

[96msrc/modules/errands/infrastructure/repositories/errand-history.repository.impl.ts[0m:[93m93[0m:[93m15[0m - [91merror[0m[90m TS2322: [0mType '"timestamp"' is not assignable to type '"performedAt" | "performedBy" | "action"'.

[7m93[0m       sort: { field: 'timestamp', direction: 'desc' },
[7m  [0m [91m              ~~~~~[0m

[96msrc/modules/errands/infrastructure/repositories/errand-history.repository.impl.ts[0m:[93m98[0m:[93m9[0m - [91merror[0m[90m TS2416: [0mProperty 'findByAction' in type 'ErrandHistoryRepositoryImpl' is not assignable to the same property in base type 'ErrandHistoryRepository'.
  Type '(action: string, pagination?: PaginationOptions | undefined) => Promise<PaginatedResult<ErrandHistoryEntity>>' is not assignable to type '(action: ErrandHistoryAction, filters?: Omit<ErrandHistoryFilters, "action"> | undefined, sort?: ErrandHistorySortOptions | undefined, pagination?: PaginationOptions | undefined) => Promise<...>'.
    Types of parameters 'pagination' and 'filters' are incompatible.
      Type 'Omit<ErrandHistoryFilters, "action"> | undefined' is not assignable to type 'PaginationOptions | undefined'.
        Type 'Omit<ErrandHistoryFilters, "action">' is missing the following properties from type 'PaginationOptions': page, limit

[7m98[0m   async findByAction(action: string, pagination?: PaginationOptions): Promise<PaginatedResult<ErrandHistoryEntity>> {
[7m  [0m [91m        ~~~~~~~~~~~~[0m

[96msrc/modules/errands/infrastructure/repositories/errand-history.repository.impl.ts[0m:[93m100[0m:[93m27[0m - [91merror[0m[90m TS2322: [0mType 'string' is not assignable to type 'ErrandHistoryAction'.

[7m100[0m       filters: { action: [action] },
[7m   [0m [91m                          ~~~~~~[0m

[96msrc/modules/errands/infrastructure/repositories/errand-history.repository.impl.ts[0m:[93m101[0m:[93m15[0m - [91merror[0m[90m TS2322: [0mType '"timestamp"' is not assignable to type '"performedAt" | "performedBy" | "action"'.

[7m101[0m       sort: { field: 'timestamp', direction: 'desc' },
[7m   [0m [91m              ~~~~~[0m

[96msrc/modules/errands/infrastructure/repositories/errand-history.repository.impl.ts[0m:[93m106[0m:[93m9[0m - [91merror[0m[90m TS2416: [0mProperty 'findCritical' in type 'ErrandHistoryRepositoryImpl' is not assignable to the same property in base type 'ErrandHistoryRepository'.
  Type '(pagination?: PaginationOptions | undefined) => Promise<PaginatedResult<ErrandHistoryEntity>>' is not assignable to type '(filters?: Omit<ErrandHistoryFilters, "isCritical"> | undefined, sort?: ErrandHistorySortOptions | undefined, pagination?: PaginationOptions | undefined) => Promise<...>'.
    Types of parameters 'pagination' and 'filters' are incompatible.
      Type 'Omit<ErrandHistoryFilters, "isCritical"> | undefined' is not assignable to type 'PaginationOptions | undefined'.
        Type 'Omit<ErrandHistoryFilters, "isCritical">' is missing the following properties from type 'PaginationOptions': page, limit

[7m106[0m   async findCritical(pagination?: PaginationOptions): Promise<PaginatedResult<ErrandHistoryEntity>> {
[7m   [0m [91m        ~~~~~~~~~~~~[0m

[96msrc/modules/errands/infrastructure/repositories/errand-history.repository.impl.ts[0m:[93m109[0m:[93m15[0m - [91merror[0m[90m TS2322: [0mType '"timestamp"' is not assignable to type '"performedAt" | "performedBy" | "action"'.

[7m109[0m       sort: { field: 'timestamp', direction: 'desc' },
[7m   [0m [91m              ~~~~~[0m

[96msrc/modules/errands/infrastructure/repositories/errand-history.repository.impl.ts[0m:[93m114[0m:[93m9[0m - [91merror[0m[90m TS2416: [0mProperty 'findWithLocation' in type 'ErrandHistoryRepositoryImpl' is not assignable to the same property in base type 'ErrandHistoryRepository'.
  Type '(pagination?: PaginationOptions | undefined) => Promise<PaginatedResult<ErrandHistoryEntity>>' is not assignable to type '(filters?: Omit<ErrandHistoryFilters, "hasLocation"> | undefined, sort?: ErrandHistorySortOptions | undefined, pagination?: PaginationOptions | undefined) => Promise<...>'.
    Types of parameters 'pagination' and 'filters' are incompatible.
      Type 'Omit<ErrandHistoryFilters, "hasLocation"> | undefined' is not assignable to type 'PaginationOptions | undefined'.
        Type 'Omit<ErrandHistoryFilters, "hasLocation">' is missing the following properties from type 'PaginationOptions': page, limit

[7m114[0m   async findWithLocation(pagination?: PaginationOptions): Promise<PaginatedResult<ErrandHistoryEntity>> {
[7m   [0m [91m        ~~~~~~~~~~~~~~~~[0m

[96msrc/modules/errands/infrastructure/repositories/errand-history.repository.impl.ts[0m:[93m116[0m:[93m19[0m - [91merror[0m[90m TS2322: [0mType 'null' is not assignable to type 'InputJsonValue | JsonNullValueFilter | FieldRef<"ErrandHistory", "Json"> | undefined'.

[7m116[0m       location: { not: null },
[7m   [0m [91m                  ~~~[0m

[96msrc/modules/errands/infrastructure/repositories/errand-history.repository.impl.ts[0m:[93m130[0m:[93m20[0m - [91merror[0m[90m TS2353: [0mObject literal may only specify known properties, and 'timestamp' does not exist in type 'ErrandHistoryOrderByWithRelationInput | ErrandHistoryOrderByWithRelationInput[]'.

[7m130[0m         orderBy: { timestamp: 'desc' },
[7m   [0m [91m                   ~~~~~~~~~[0m

[96msrc/modules/errands/infrastructure/repositories/errand-history.repository.impl.ts[0m:[93m136[0m:[93m7[0m - [91merror[0m[90m TS2353: [0mObject literal may only specify known properties, and 'items' does not exist in type 'PaginatedResult<ErrandHistoryEntity>'.

[7m136[0m       items: items.map(item => this.mapDataToEntity(item)),
[7m   [0m [91m      ~~~~~[0m

[96msrc/modules/errands/infrastructure/repositories/errand-history.repository.impl.ts[0m:[93m143[0m:[93m9[0m - [91merror[0m[90m TS2416: [0mProperty 'findByDateRange' in type 'ErrandHistoryRepositoryImpl' is not assignable to the same property in base type 'ErrandHistoryRepository'.
  Type '(startDate: Date, endDate: Date, pagination?: PaginationOptions | undefined) => Promise<PaginatedResult<ErrandHistoryEntity>>' is not assignable to type '(startDate: Date, endDate: Date, filters?: Omit<ErrandHistoryFilters, "dateFrom" | "dateTo"> | undefined, sort?: ErrandHistorySortOptions | undefined, pagination?: PaginationOptions | undefined) => Promise<...>'.
    Types of parameters 'pagination' and 'filters' are incompatible.
      Type 'Omit<ErrandHistoryFilters, "dateFrom" | "dateTo"> | undefined' is not assignable to type 'PaginationOptions | undefined'.
        Type 'Omit<ErrandHistoryFilters, "dateFrom" | "dateTo">' is missing the following properties from type 'PaginationOptions': page, limit

[7m143[0m   async findByDateRange(
[7m   [0m [91m        ~~~~~~~~~~~~~~~[0m

[96msrc/modules/errands/infrastructure/repositories/errand-history.repository.impl.ts[0m:[93m149[0m:[93m18[0m - [91merror[0m[90m TS2353: [0mObject literal may only specify known properties, and 'startDate' does not exist in type 'ErrandHistoryFilters'.

[7m149[0m       filters: { startDate, endDate },
[7m   [0m [91m                 ~~~~~~~~~[0m

  [96msrc/modules/errands/infrastructure/repositories/errand-history.repository.impl.ts[0m:[93m52[0m:[93m5[0m
    [7m52[0m     filters?: ErrandHistoryFilters;
    [7m  [0m [96m    ~~~~~~~[0m
    The expected type comes from property 'filters' which is declared here on type '{ filters?: ErrandHistoryFilters | undefined; sort?: ErrandHistorySortOptions | undefined; pagination?: PaginationOptions | undefined; }'

[96msrc/modules/errands/infrastructure/repositories/errand-history.repository.impl.ts[0m:[93m150[0m:[93m15[0m - [91merror[0m[90m TS2322: [0mType '"timestamp"' is not assignable to type '"performedAt" | "performedBy" | "action"'.

[7m150[0m       sort: { field: 'timestamp', direction: 'desc' },
[7m   [0m [91m              ~~~~~[0m

[96msrc/modules/errands/infrastructure/repositories/errand-history.repository.impl.ts[0m:[93m157[0m:[93m19[0m - [91merror[0m[90m TS2339: [0mProperty 'items' does not exist on type 'PaginatedResult<ErrandHistoryEntity>'.

[7m157[0m     return result.items;
[7m   [0m [91m                  ~~~~~[0m

[96msrc/modules/errands/infrastructure/repositories/errand-history.repository.impl.ts[0m:[93m162[0m:[93m19[0m - [91merror[0m[90m TS2339: [0mProperty 'items' does not exist on type 'PaginatedResult<ErrandHistoryEntity>'.

[7m162[0m     return result.items[0] || null;
[7m   [0m [91m                  ~~~~~[0m

[96msrc/modules/errands/infrastructure/repositories/errand-history.repository.impl.ts[0m:[93m168[0m:[93m15[0m - [91merror[0m[90m TS2322: [0mType '"timestamp"' is not assignable to type '"performedAt" | "performedBy" | "action"'.

[7m168[0m       sort: { field: 'timestamp', direction: 'asc' },
[7m   [0m [91m              ~~~~~[0m

[96msrc/modules/errands/infrastructure/repositories/errand-history.repository.impl.ts[0m:[93m171[0m:[93m19[0m - [91merror[0m[90m TS2339: [0mProperty 'items' does not exist on type 'PaginatedResult<ErrandHistoryEntity>'.

[7m171[0m     return result.items[0] || null;
[7m   [0m [91m                  ~~~~~[0m

[96msrc/modules/errands/infrastructure/repositories/errand-history.repository.impl.ts[0m:[93m178[0m:[93m18[0m - [91merror[0m[90m TS2322: [0mType '"status_changed"' is not assignable to type 'ErrandHistoryAction'.

[7m178[0m         action: ['status_changed', 'assigned', 'started', 'completed', 'cancelled'],
[7m   [0m [91m                 ~~~~~~~~~~~~~~~~[0m

[96msrc/modules/errands/infrastructure/repositories/errand-history.repository.impl.ts[0m:[93m178[0m:[93m36[0m - [91merror[0m[90m TS2820: [0mType '"assigned"' is not assignable to type 'ErrandHistoryAction'. Did you mean 'ErrandHistoryAction.ASSIGNED'?

[7m178[0m         action: ['status_changed', 'assigned', 'started', 'completed', 'cancelled'],
[7m   [0m [91m                                   ~~~~~~~~~~[0m

[96msrc/modules/errands/infrastructure/repositories/errand-history.repository.impl.ts[0m:[93m178[0m:[93m48[0m - [91merror[0m[90m TS2820: [0mType '"started"' is not assignable to type 'ErrandHistoryAction'. Did you mean 'ErrandHistoryAction.STARTED'?

[7m178[0m         action: ['status_changed', 'assigned', 'started', 'completed', 'cancelled'],
[7m   [0m [91m                                               ~~~~~~~~~[0m

[96msrc/modules/errands/infrastructure/repositories/errand-history.repository.impl.ts[0m:[93m178[0m:[93m59[0m - [91merror[0m[90m TS2820: [0mType '"completed"' is not assignable to type 'ErrandHistoryAction'. Did you mean 'ErrandHistoryAction.COMPLETED'?

[7m178[0m         action: ['status_changed', 'assigned', 'started', 'completed', 'cancelled'],
[7m   [0m [91m                                                          ~~~~~~~~~~~[0m

[96msrc/modules/errands/infrastructure/repositories/errand-history.repository.impl.ts[0m:[93m178[0m:[93m72[0m - [91merror[0m[90m TS2820: [0mType '"cancelled"' is not assignable to type 'ErrandHistoryAction'. Did you mean 'ErrandHistoryAction.CANCELLED'?

[7m178[0m         action: ['status_changed', 'assigned', 'started', 'completed', 'cancelled'],
[7m   [0m [91m                                                                       ~~~~~~~~~~~[0m

[96msrc/modules/errands/infrastructure/repositories/errand-history.repository.impl.ts[0m:[93m180[0m:[93m15[0m - [91merror[0m[90m TS2322: [0mType '"timestamp"' is not assignable to type '"performedAt" | "performedBy" | "action"'.

[7m180[0m       sort: { field: 'timestamp', direction: 'asc' },
[7m   [0m [91m              ~~~~~[0m

[96msrc/modules/errands/infrastructure/repositories/errand-history.repository.impl.ts[0m:[93m182[0m:[93m19[0m - [91merror[0m[90m TS2339: [0mProperty 'items' does not exist on type 'PaginatedResult<ErrandHistoryEntity>'.

[7m182[0m     return result.items;
[7m   [0m [91m                  ~~~~~[0m

[96msrc/modules/errands/infrastructure/repositories/errand-history.repository.impl.ts[0m:[93m185[0m:[93m9[0m - [91merror[0m[90m TS2416: [0mProperty 'getUserActivity' in type 'ErrandHistoryRepositoryImpl' is not assignable to the same property in base type 'ErrandHistoryRepository'.
  Type '(userId: string, startDate?: Date | undefined, endDate?: Date | undefined) => Promise<ErrandHistoryEntity[]>' is not assignable to type '(userId: string, dateFrom?: Date | undefined, dateTo?: Date | undefined, pagination?: PaginationOptions | undefined) => Promise<PaginatedResult<ErrandHistoryEntity>>'.
    Type 'Promise<ErrandHistoryEntity[]>' is not assignable to type 'Promise<PaginatedResult<ErrandHistoryEntity>>'.
      Type 'ErrandHistoryEntity[]' is missing the following properties from type 'PaginatedResult<ErrandHistoryEntity>': data, total, page, limit, and 3 more.

[7m185[0m   async getUserActivity(
[7m   [0m [91m        ~~~~~~~~~~~~~~~[0m

[96msrc/modules/errands/infrastructure/repositories/errand-history.repository.impl.ts[0m:[93m191[0m:[93m28[0m - [91merror[0m[90m TS2339: [0mProperty 'startDate' does not exist on type 'ErrandHistoryFilters'.

[7m191[0m     if (startDate) filters.startDate = startDate;
[7m   [0m [91m                           ~~~~~~~~~[0m

[96msrc/modules/errands/infrastructure/repositories/errand-history.repository.impl.ts[0m:[93m192[0m:[93m26[0m - [91merror[0m[90m TS2339: [0mProperty 'endDate' does not exist on type 'ErrandHistoryFilters'.

[7m192[0m     if (endDate) filters.endDate = endDate;
[7m   [0m [91m                         ~~~~~~~[0m

[96msrc/modules/errands/infrastructure/repositories/errand-history.repository.impl.ts[0m:[93m196[0m:[93m15[0m - [91merror[0m[90m TS2322: [0mType '"timestamp"' is not assignable to type '"performedAt" | "performedBy" | "action"'.

[7m196[0m       sort: { field: 'timestamp', direction: 'desc' },
[7m   [0m [91m              ~~~~~[0m

[96msrc/modules/errands/infrastructure/repositories/errand-history.repository.impl.ts[0m:[93m198[0m:[93m19[0m - [91merror[0m[90m TS2339: [0mProperty 'items' does not exist on type 'PaginatedResult<ErrandHistoryEntity>'.

[7m198[0m     return result.items;
[7m   [0m [91m                  ~~~~~[0m

[96msrc/modules/errands/infrastructure/repositories/errand-history.repository.impl.ts[0m:[93m245[0m:[93m28[0m - [91merror[0m[90m TS2353: [0mObject literal may only specify known properties, and 'isCritical' does not exist in type 'ErrandHistoryWhereInput'.

[7m245[0m         where: { errandId, isCritical: true },
[7m   [0m [91m                           ~~~~~~~~~~[0m

[96msrc/modules/errands/infrastructure/repositories/errand-history.repository.impl.ts[0m:[93m252[0m:[93m19[0m - [91merror[0m[90m TS2339: [0mProperty 'getTimestamp' does not exist on type 'ErrandHistoryEntity'.

[7m252[0m       ? lastEntry.getTimestamp().getTime() - firstEntry.getTimestamp().getTime()
[7m   [0m [91m                  ~~~~~~~~~~~~[0m

[96msrc/modules/errands/infrastructure/repositories/errand-history.repository.impl.ts[0m:[93m252[0m:[93m57[0m - [91merror[0m[90m TS2339: [0mProperty 'getTimestamp' does not exist on type 'ErrandHistoryEntity'.

[7m252[0m       ? lastEntry.getTimestamp().getTime() - firstEntry.getTimestamp().getTime()
[7m   [0m [91m                                                        ~~~~~~~~~~~~[0m

[96msrc/modules/errands/infrastructure/repositories/errand-history.repository.impl.ts[0m:[93m271[0m:[93m13[0m - [91merror[0m[90m TS2339: [0mProperty 'timestamp' does not exist on type 'ErrandHistoryWhereInput'.

[7m271[0m       where.timestamp = {};
[7m   [0m [91m            ~~~~~~~~~[0m

[96msrc/modules/errands/infrastructure/repositories/errand-history.repository.impl.ts[0m:[93m272[0m:[93m28[0m - [91merror[0m[90m TS2339: [0mProperty 'timestamp' does not exist on type 'ErrandHistoryWhereInput'.

[7m272[0m       if (startDate) where.timestamp.gte = startDate;
[7m   [0m [91m                           ~~~~~~~~~[0m

[96msrc/modules/errands/infrastructure/repositories/errand-history.repository.impl.ts[0m:[93m273[0m:[93m26[0m - [91merror[0m[90m TS2339: [0mProperty 'timestamp' does not exist on type 'ErrandHistoryWhereInput'.

[7m273[0m       if (endDate) where.timestamp.lte = endDate;
[7m   [0m [91m                         ~~~~~~~~~[0m

[96msrc/modules/errands/infrastructure/repositories/errand-history.repository.impl.ts[0m:[93m310[0m:[93m9[0m - [91merror[0m[90m TS2416: [0mProperty 'findRequiringAttention' in type 'ErrandHistoryRepositoryImpl' is not assignable to the same property in base type 'ErrandHistoryRepository'.
  Type '(pagination?: PaginationOptions | undefined) => Promise<PaginatedResult<ErrandHistoryEntity>>' is not assignable to type '(filters?: ErrandHistoryFilters | undefined, pagination?: PaginationOptions | undefined) => Promise<PaginatedResult<ErrandHistoryEntity>>'.
    Types of parameters 'pagination' and 'filters' are incompatible.
      Type 'ErrandHistoryFilters | undefined' is not assignable to type 'PaginationOptions | undefined'.
        Type 'ErrandHistoryFilters' is missing the following properties from type 'PaginationOptions': page, limit

[7m310[0m   async findRequiringAttention(pagination?: PaginationOptions): Promise<PaginatedResult<ErrandHistoryEntity>> {
[7m   [0m [91m        ~~~~~~~~~~~~~~~~~~~~~~[0m

[96msrc/modules/errands/infrastructure/repositories/errand-history.repository.impl.ts[0m:[93m314[0m:[93m18[0m - [91merror[0m[90m TS2322: [0mType '"error"' is not assignable to type 'ErrandHistoryAction'.

[7m314[0m         action: ['error', 'timeout', 'failed'],
[7m   [0m [91m                 ~~~~~~~[0m

[96msrc/modules/errands/infrastructure/repositories/errand-history.repository.impl.ts[0m:[93m314[0m:[93m27[0m - [91merror[0m[90m TS2322: [0mType '"timeout"' is not assignable to type 'ErrandHistoryAction'.

[7m314[0m         action: ['error', 'timeout', 'failed'],
[7m   [0m [91m                          ~~~~~~~~~[0m

[96msrc/modules/errands/infrastructure/repositories/errand-history.repository.impl.ts[0m:[93m314[0m:[93m38[0m - [91merror[0m[90m TS2322: [0mType '"failed"' is not assignable to type 'ErrandHistoryAction'.

[7m314[0m         action: ['error', 'timeout', 'failed'],
[7m   [0m [91m                                     ~~~~~~~~[0m

[96msrc/modules/errands/infrastructure/repositories/errand-history.repository.impl.ts[0m:[93m316[0m:[93m15[0m - [91merror[0m[90m TS2322: [0mType '"timestamp"' is not assignable to type '"performedAt" | "performedBy" | "action"'.

[7m316[0m       sort: { field: 'timestamp', direction: 'desc' },
[7m   [0m [91m              ~~~~~[0m

[96msrc/modules/errands/infrastructure/repositories/errand-history.repository.impl.ts[0m:[93m336[0m:[93m9[0m - [91merror[0m[90m TS2353: [0mObject literal may only specify known properties, and 'timestamp' does not exist in type 'ErrandHistoryWhereInput'.

[7m336[0m         timestamp: { lt: date },
[7m   [0m [91m        ~~~~~~~~~[0m

[96msrc/modules/errands/infrastructure/repositories/errand-history.repository.impl.ts[0m:[93m368[0m:[93m9[0m - [91merror[0m[90m TS2416: [0mProperty 'getPerformanceMetrics' in type 'ErrandHistoryRepositoryImpl' is not assignable to the same property in base type 'ErrandHistoryRepository'.
  Type '(userId?: string | undefined) => Promise<{ averageResponseTime: number; completionRate: number; errorRate: number; }>' is not assignable to type '(dateFrom?: Date | undefined, dateTo?: Date | undefined) => Promise<{ averageCompletionTime: number; averageAssignmentTime: number; averageStartTime: number; completionRate: number; cancellationRate: number; onTimeCompletionRate: number; statusDistribution: Record<...>; }>'.
    Types of parameters 'userId' and 'dateFrom' are incompatible.
      Type 'Date | undefined' is not assignable to type 'string | undefined'.

[7m368[0m   async getPerformanceMetrics(userId?: string): Promise<{
[7m   [0m [91m        ~~~~~~~~~~~~~~~~~~~~~[0m

[96msrc/modules/errands/infrastructure/repositories/errand-history.repository.impl.ts[0m:[93m392[0m:[93m9[0m - [91merror[0m[90m TS2416: [0mProperty 'findByLocationProximity' in type 'ErrandHistoryRepositoryImpl' is not assignable to the same property in base type 'ErrandHistoryRepository'.
  Type '(location: { latitude: number; longitude: number; }, radiusKm: number, pagination?: PaginationOptions | undefined) => Promise<PaginatedResult<ErrandHistoryEntity>>' is not assignable to type '(latitude: number, longitude: number, radiusKm: number, filters?: Omit<ErrandHistoryFilters, "hasLocation"> | undefined, sort?: ErrandHistorySortOptions | undefined, pagination?: PaginationOptions | undefined) => Promise<...>'.
    Types of parameters 'location' and 'latitude' are incompatible.
      Type 'number' is not assignable to type '{ latitude: number; longitude: number; }'.

[7m392[0m   async findByLocationProximity(
[7m   [0m [91m        ~~~~~~~~~~~~~~~~~~~~~~~[0m

[96msrc/modules/errands/infrastructure/repositories/errand-history.repository.impl.ts[0m:[93m400[0m:[93m7[0m - [91merror[0m[90m TS2353: [0mObject literal may only specify known properties, and 'items' does not exist in type 'PaginatedResult<ErrandHistoryEntity>'.

[7m400[0m       items: [],
[7m   [0m [91m      ~~~~~[0m

[96msrc/modules/errands/infrastructure/repositories/errand-history.repository.impl.ts[0m:[93m407[0m:[93m9[0m - [91merror[0m[90m TS2416: [0mProperty 'getAuditTrail' in type 'ErrandHistoryRepositoryImpl' is not assignable to the same property in base type 'ErrandHistoryRepository'.
  Type '(errandId: string, startDate?: Date | undefined, endDate?: Date | undefined) => Promise<ErrandHistoryEntity[]>' is not assignable to type '(errandId: string, includeMetadata?: boolean | undefined) => Promise<ErrandHistoryEntity[]>'.
    Types of parameters 'startDate' and 'includeMetadata' are incompatible.
      Type 'boolean | undefined' is not assignable to type 'Date | undefined'.
        Type 'boolean' is not assignable to type 'Date'.

[7m407[0m   async getAuditTrail(
[7m   [0m [91m        ~~~~~~~~~~~~~[0m

[96msrc/modules/errands/infrastructure/repositories/errand-history.repository.impl.ts[0m:[93m413[0m:[93m28[0m - [91merror[0m[90m TS2339: [0mProperty 'startDate' does not exist on type 'ErrandHistoryFilters'.

[7m413[0m     if (startDate) filters.startDate = startDate;
[7m   [0m [91m                           ~~~~~~~~~[0m

[96msrc/modules/errands/infrastructure/repositories/errand-history.repository.impl.ts[0m:[93m414[0m:[93m26[0m - [91merror[0m[90m TS2339: [0mProperty 'endDate' does not exist on type 'ErrandHistoryFilters'.

[7m414[0m     if (endDate) filters.endDate = endDate;
[7m   [0m [91m                         ~~~~~~~[0m

[96msrc/modules/errands/infrastructure/repositories/errand-history.repository.impl.ts[0m:[93m418[0m:[93m15[0m - [91merror[0m[90m TS2322: [0mType '"timestamp"' is not assignable to type '"performedAt" | "performedBy" | "action"'.

[7m418[0m       sort: { field: 'timestamp', direction: 'asc' },
[7m   [0m [91m              ~~~~~[0m

[96msrc/modules/errands/infrastructure/repositories/errand-history.repository.impl.ts[0m:[93m420[0m:[93m19[0m - [91merror[0m[90m TS2339: [0mProperty 'items' does not exist on type 'PaginatedResult<ErrandHistoryEntity>'.

[7m420[0m     return result.items;
[7m   [0m [91m                  ~~~~~[0m

[96msrc/modules/errands/infrastructure/repositories/errand-history.repository.impl.ts[0m:[93m430[0m:[93m36[0m - [91merror[0m[90m TS2339: [0mProperty 'items' does not exist on type 'PaginatedResult<ErrandHistoryEntity>'.

[7m430[0m       return JSON.stringify(result.items.map(item => ({
[7m   [0m [91m                                   ~~~~~[0m

[96msrc/modules/errands/infrastructure/repositories/errand-history.repository.impl.ts[0m:[93m449[0m:[93m19[0m - [91merror[0m[90m TS2339: [0mProperty 'getId' does not exist on type 'ErrandHistoryEntity'.

[7m449[0m       id: history.getId(),
[7m   [0m [91m                  ~~~~~[0m

[96msrc/modules/errands/infrastructure/repositories/errand-history.repository.impl.ts[0m:[93m450[0m:[93m25[0m - [91merror[0m[90m TS2551: [0mProperty 'getErrandId' does not exist on type 'ErrandHistoryEntity'. Did you mean 'errandId'?

[7m450[0m       errandId: history.getErrandId(),
[7m   [0m [91m                        ~~~~~~~~~~~[0m

  [96msrc/modules/errands/domain/entities/errand-history.entity.ts[0m:[93m222[0m:[93m7[0m
    [7m222[0m   get errandId(): string {
    [7m   [0m [96m      ~~~~~~~~[0m
    'errandId' is declared here.

[96msrc/modules/errands/infrastructure/repositories/errand-history.repository.impl.ts[0m:[93m451[0m:[93m23[0m - [91merror[0m[90m TS2551: [0mProperty 'getAction' does not exist on type 'ErrandHistoryEntity'. Did you mean 'action'?

[7m451[0m       action: history.getAction(),
[7m   [0m [91m                      ~~~~~~~~~[0m

  [96msrc/modules/errands/domain/entities/errand-history.entity.ts[0m:[93m226[0m:[93m7[0m
    [7m226[0m   get action(): ErrandHistoryAction {
    [7m   [0m [96m      ~~~~~~[0m
    'action' is declared here.

[96msrc/modules/errands/infrastructure/repositories/errand-history.repository.impl.ts[0m:[93m452[0m:[93m28[0m - [91merror[0m[90m TS2339: [0mProperty 'getDescription' does not exist on type 'ErrandHistoryEntity'.

[7m452[0m       description: history.getDescription(),
[7m   [0m [91m                           ~~~~~~~~~~~~~~[0m

[96msrc/modules/errands/infrastructure/repositories/errand-history.repository.impl.ts[0m:[93m453[0m:[93m28[0m - [91merror[0m[90m TS2551: [0mProperty 'getPerformedBy' does not exist on type 'ErrandHistoryEntity'. Did you mean 'performedBy'?

[7m453[0m       performedBy: history.getPerformedBy(),
[7m   [0m [91m                           ~~~~~~~~~~~~~~[0m

  [96msrc/modules/errands/domain/entities/errand-history.entity.ts[0m:[93m230[0m:[93m7[0m
    [7m230[0m   get performedBy(): string {
    [7m   [0m [96m      ~~~~~~~~~~~[0m
    'performedBy' is declared here.

[96msrc/modules/errands/infrastructure/repositories/errand-history.repository.impl.ts[0m:[93m454[0m:[93m26[0m - [91merror[0m[90m TS2339: [0mProperty 'getTimestamp' does not exist on type 'ErrandHistoryEntity'.

[7m454[0m       timestamp: history.getTimestamp(),
[7m   [0m [91m                         ~~~~~~~~~~~~[0m

[96msrc/modules/errands/infrastructure/repositories/errand-history.repository.impl.ts[0m:[93m455[0m:[93m25[0m - [91merror[0m[90m TS2551: [0mProperty 'getLocation' does not exist on type 'ErrandHistoryEntity'. Did you mean 'location'?

[7m455[0m       location: history.getLocation()?.toJSON(),
[7m   [0m [91m                        ~~~~~~~~~~~[0m

  [96msrc/modules/errands/domain/entities/errand-history.entity.ts[0m:[93m254[0m:[93m7[0m
    [7m254[0m   get location(): { latitude: number; longitude: number; address?: string } | undefined {
    [7m   [0m [96m      ~~~~~~~~[0m
    'location' is declared here.

[96msrc/modules/errands/infrastructure/repositories/errand-history.repository.impl.ts[0m:[93m456[0m:[93m25[0m - [91merror[0m[90m TS2551: [0mProperty 'getMetadata' does not exist on type 'ErrandHistoryEntity'. Did you mean 'metadata'?

[7m456[0m       metadata: history.getMetadata(),
[7m   [0m [91m                        ~~~~~~~~~~~[0m

  [96msrc/modules/errands/domain/entities/errand-history.entity.ts[0m:[93m258[0m:[93m7[0m
    [7m258[0m   get metadata(): Record<string, any> | undefined {
    [7m   [0m [96m      ~~~~~~~~[0m
    'metadata' is declared here.

[96msrc/modules/errands/infrastructure/repositories/errand-history.repository.impl.ts[0m:[93m457[0m:[93m27[0m - [91merror[0m[90m TS2339: [0mProperty 'getIsCritical' does not exist on type 'ErrandHistoryEntity'.

[7m457[0m       isCritical: history.getIsCritical(),
[7m   [0m [91m                          ~~~~~~~~~~~~~[0m

[96msrc/modules/errands/infrastructure/repositories/errand-history.repository.impl.ts[0m:[93m463[0m:[93m9[0m - [91merror[0m[90m TS2673: [0mConstructor of class 'LocationVO' is private and only accessible within the class declaration.

[7m463[0m       ? new LocationVO(
[7m   [0m [91m        ~~~~~~~~~~~~~~~[0m
[7m464[0m           data.location.address,
[7m   [0m [91m~~~~~~~~~~~~~~~~~~~~~~~~~~~~~~~~[0m
[7m...[0m 
[7m467[0m           data.location.instructions,
[7m   [0m [91m~~~~~~~~~~~~~~~~~~~~~~~~~~~~~~~~~~~~~[0m
[7m468[0m         )
[7m   [0m [91m~~~~~~~~~[0m

[96msrc/modules/errands/infrastructure/repositories/errand-history.repository.impl.ts[0m:[93m475[0m:[93m7[0m - [91merror[0m[90m TS2353: [0mObject literal may only specify known properties, and 'description' does not exist in type 'ErrandHistoryProps'.

[7m475[0m       description: data.description,
[7m   [0m [91m      ~~~~~~~~~~~[0m

[96msrc/modules/errands/infrastructure/repositories/errand-history.repository.impl.ts[0m:[93m502[0m:[93m13[0m - [91merror[0m[90m TS2339: [0mProperty 'isCritical' does not exist on type 'ErrandHistoryWhereInput'.

[7m502[0m       where.isCritical = filters.isCritical;
[7m   [0m [91m            ~~~~~~~~~~[0m

[96msrc/modules/errands/infrastructure/repositories/errand-history.repository.impl.ts[0m:[93m505[0m:[93m17[0m - [91merror[0m[90m TS2339: [0mProperty 'startDate' does not exist on type 'ErrandHistoryFilters'.

[7m505[0m     if (filters.startDate || filters.endDate) {
[7m   [0m [91m                ~~~~~~~~~[0m

[96msrc/modules/errands/infrastructure/repositories/errand-history.repository.impl.ts[0m:[93m505[0m:[93m38[0m - [91merror[0m[90m TS2339: [0mProperty 'endDate' does not exist on type 'ErrandHistoryFilters'.

[7m505[0m     if (filters.startDate || filters.endDate) {
[7m   [0m [91m                                     ~~~~~~~[0m

[96msrc/modules/errands/infrastructure/repositories/errand-history.repository.impl.ts[0m:[93m506[0m:[93m13[0m - [91merror[0m[90m TS2339: [0mProperty 'timestamp' does not exist on type 'ErrandHistoryWhereInput'.

[7m506[0m       where.timestamp = {};
[7m   [0m [91m            ~~~~~~~~~[0m

[96msrc/modules/errands/infrastructure/repositories/errand-history.repository.impl.ts[0m:[93m507[0m:[93m19[0m - [91merror[0m[90m TS2339: [0mProperty 'startDate' does not exist on type 'ErrandHistoryFilters'.

[7m507[0m       if (filters.startDate) {
[7m   [0m [91m                  ~~~~~~~~~[0m

[96msrc/modules/errands/infrastructure/repositories/errand-history.repository.impl.ts[0m:[93m508[0m:[93m15[0m - [91merror[0m[90m TS2339: [0mProperty 'timestamp' does not exist on type 'ErrandHistoryWhereInput'.

[7m508[0m         where.timestamp.gte = filters.startDate;
[7m   [0m [91m              ~~~~~~~~~[0m

[96msrc/modules/errands/infrastructure/repositories/errand-history.repository.impl.ts[0m:[93m508[0m:[93m39[0m - [91merror[0m[90m TS2339: [0mProperty 'startDate' does not exist on type 'ErrandHistoryFilters'.

[7m508[0m         where.timestamp.gte = filters.startDate;
[7m   [0m [91m                                      ~~~~~~~~~[0m

[96msrc/modules/errands/infrastructure/repositories/errand-history.repository.impl.ts[0m:[93m510[0m:[93m19[0m - [91merror[0m[90m TS2339: [0mProperty 'endDate' does not exist on type 'ErrandHistoryFilters'.

[7m510[0m       if (filters.endDate) {
[7m   [0m [91m                  ~~~~~~~[0m

[96msrc/modules/errands/infrastructure/repositories/errand-history.repository.impl.ts[0m:[93m511[0m:[93m15[0m - [91merror[0m[90m TS2339: [0mProperty 'timestamp' does not exist on type 'ErrandHistoryWhereInput'.

[7m511[0m         where.timestamp.lte = filters.endDate;
[7m   [0m [91m              ~~~~~~~~~[0m

[96msrc/modules/errands/infrastructure/repositories/errand-history.repository.impl.ts[0m:[93m511[0m:[93m39[0m - [91merror[0m[90m TS2339: [0mProperty 'endDate' does not exist on type 'ErrandHistoryFilters'.

[7m511[0m         where.timestamp.lte = filters.endDate;
[7m   [0m [91m                                      ~~~~~~~[0m

[96msrc/modules/errands/infrastructure/repositories/errand-history.repository.impl.ts[0m:[93m520[0m:[93m16[0m - [91merror[0m[90m TS2353: [0mObject literal may only specify known properties, and 'timestamp' does not exist in type 'ErrandHistoryOrderByWithRelationInput'.

[7m520[0m       return { timestamp: 'desc' };
[7m   [0m [91m               ~~~~~~~~~[0m

[96msrc/modules/errands/infrastructure/repositories/errand-template.repository.impl.ts[0m:[93m16[0m:[93m18[0m - [91merror[0m[90m TS2339: [0mProperty 'getId' does not exist on type 'ErrandTemplateEntity'.

[7m16[0m     if (template.getId()) {
[7m  [0m [91m                 ~~~~~[0m

[96msrc/modules/errands/infrastructure/repositories/errand-template.repository.impl.ts[0m:[93m19[0m:[93m31[0m - [91merror[0m[90m TS2339: [0mProperty 'getId' does not exist on type 'ErrandTemplateEntity'.

[7m19[0m         where: { id: template.getId() },
[7m  [0m [91m                              ~~~~~[0m

[96msrc/modules/errands/infrastructure/repositories/errand-template.repository.impl.ts[0m:[93m49[0m:[93m9[0m - [91merror[0m[90m TS2416: [0mProperty 'findMany' in type 'ErrandTemplateRepositoryImpl' is not assignable to the same property in base type 'ErrandTemplateRepository'.
  Type '(options: { filters?: ErrandTemplateFilters | undefined; sort?: ErrandTemplateSortOptions | undefined; pagination?: PaginationOptions | undefined; }) => Promise<...>' is not assignable to type '(filters?: ErrandTemplateFilters | undefined, sort?: ErrandTemplateSortOptions | undefined, pagination?: PaginationOptions | undefined) => Promise<...>'.
    Types of parameters 'options' and 'filters' are incompatible.
      Type 'ErrandTemplateFilters | undefined' is not assignable to type '{ filters?: ErrandTemplateFilters | undefined; sort?: ErrandTemplateSortOptions | undefined; pagination?: PaginationOptions | undefined; }'.
        Type 'undefined' is not assignable to type '{ filters?: ErrandTemplateFilters | undefined; sort?: ErrandTemplateSortOptions | undefined; pagination?: PaginationOptions | undefined; }'.

[7m49[0m   async findMany(options: {
[7m  [0m [91m        ~~~~~~~~[0m

[96msrc/modules/errands/infrastructure/repositories/errand-template.repository.impl.ts[0m:[93m72[0m:[93m7[0m - [91merror[0m[90m TS2353: [0mObject literal may only specify known properties, and 'items' does not exist in type 'PaginatedResult<ErrandTemplateEntity>'.

[7m72[0m       items: items.map(item => this.mapDataToEntity(item)),
[7m  [0m [91m      ~~~~~[0m

[96msrc/modules/errands/infrastructure/repositories/errand-template.repository.impl.ts[0m:[93m79[0m:[93m9[0m - [91merror[0m[90m TS2416: [0mProperty 'findByCreatedBy' in type 'ErrandTemplateRepositoryImpl' is not assignable to the same property in base type 'ErrandTemplateRepository'.
  Type '(createdBy: string, pagination?: PaginationOptions | undefined) => Promise<PaginatedResult<ErrandTemplateEntity>>' is not assignable to type '(userId: string, filters?: Omit<ErrandTemplateFilters, "createdBy"> | undefined, sort?: ErrandTemplateSortOptions | undefined, pagination?: PaginationOptions | undefined) => Promise<...>'.
    Types of parameters 'pagination' and 'filters' are incompatible.
      Type 'Omit<ErrandTemplateFilters, "createdBy"> | undefined' is not assignable to type 'PaginationOptions | undefined'.
        Type 'Omit<ErrandTemplateFilters, "createdBy">' is missing the following properties from type 'PaginationOptions': page, limit

[7m79[0m   async findByCreatedBy(createdBy: string, pagination?: PaginationOptions): Promise<PaginatedResult<ErrandTemplateEntity>> {
[7m  [0m [91m        ~~~~~~~~~~~~~~~[0m

[96msrc/modules/errands/infrastructure/repositories/errand-template.repository.impl.ts[0m:[93m86[0m:[93m9[0m - [91merror[0m[90m TS2416: [0mProperty 'findActive' in type 'ErrandTemplateRepositoryImpl' is not assignable to the same property in base type 'ErrandTemplateRepository'.
  Type '(pagination?: PaginationOptions | undefined) => Promise<PaginatedResult<ErrandTemplateEntity>>' is not assignable to type '(filters?: Omit<ErrandTemplateFilters, "isActive"> | undefined, sort?: ErrandTemplateSortOptions | undefined, pagination?: PaginationOptions | undefined) => Promise<...>'.
    Types of parameters 'pagination' and 'filters' are incompatible.
      Type 'Omit<ErrandTemplateFilters, "isActive"> | undefined' is not assignable to type 'PaginationOptions | undefined'.
        Type 'Omit<ErrandTemplateFilters, "isActive">' is missing the following properties from type 'PaginationOptions': page, limit

[7m86[0m   async findActive(pagination?: PaginationOptions): Promise<PaginatedResult<ErrandTemplateEntity>> {
[7m  [0m [91m        ~~~~~~~~~~[0m

[96msrc/modules/errands/infrastructure/repositories/errand-template.repository.impl.ts[0m:[93m93[0m:[93m9[0m - [91merror[0m[90m TS2416: [0mProperty 'findByCategory' in type 'ErrandTemplateRepositoryImpl' is not assignable to the same property in base type 'ErrandTemplateRepository'.
  Type '(category: string, pagination?: PaginationOptions | undefined) => Promise<PaginatedResult<ErrandTemplateEntity>>' is not assignable to type '(category: string, filters?: Omit<ErrandTemplateFilters, "category"> | undefined, sort?: ErrandTemplateSortOptions | undefined, pagination?: PaginationOptions | undefined) => Promise<...>'.
    Types of parameters 'pagination' and 'filters' are incompatible.
      Type 'Omit<ErrandTemplateFilters, "category"> | undefined' is not assignable to type 'PaginationOptions | undefined'.
        Type 'Omit<ErrandTemplateFilters, "category">' is missing the following properties from type 'PaginationOptions': page, limit

[7m93[0m   async findByCategory(category: string, pagination?: PaginationOptions): Promise<PaginatedResult<ErrandTemplateEntity>> {
[7m  [0m [91m        ~~~~~~~~~~~~~~[0m

[96msrc/modules/errands/infrastructure/repositories/errand-template.repository.impl.ts[0m:[93m100[0m:[93m9[0m - [91merror[0m[90m TS2416: [0mProperty 'findByTags' in type 'ErrandTemplateRepositoryImpl' is not assignable to the same property in base type 'ErrandTemplateRepository'.
  Type '(tags: string[], pagination?: PaginationOptions | undefined) => Promise<PaginatedResult<ErrandTemplateEntity>>' is not assignable to type '(tags: string[], filters?: Omit<ErrandTemplateFilters, "tags"> | undefined, sort?: ErrandTemplateSortOptions | undefined, pagination?: PaginationOptions | undefined) => Promise<...>'.
    Types of parameters 'pagination' and 'filters' are incompatible.
      Type 'Omit<ErrandTemplateFilters, "tags"> | undefined' is not assignable to type 'PaginationOptions | undefined'.
        Type 'Omit<ErrandTemplateFilters, "tags">' is missing the following properties from type 'PaginationOptions': page, limit

[7m100[0m   async findByTags(tags: string[], pagination?: PaginationOptions): Promise<PaginatedResult<ErrandTemplateEntity>> {
[7m   [0m [91m        ~~~~~~~~~~[0m

[96msrc/modules/errands/infrastructure/repositories/errand-template.repository.impl.ts[0m:[93m107[0m:[93m9[0m - [91merror[0m[90m TS2416: [0mProperty 'findPublic' in type 'ErrandTemplateRepositoryImpl' is not assignable to the same property in base type 'ErrandTemplateRepository'.
  Type '(pagination?: PaginationOptions | undefined) => Promise<PaginatedResult<ErrandTemplateEntity>>' is not assignable to type '(filters?: ErrandTemplateFilters | undefined, sort?: ErrandTemplateSortOptions | undefined, pagination?: PaginationOptions | undefined) => Promise<...>'.
    Types of parameters 'pagination' and 'filters' are incompatible.
      Type 'ErrandTemplateFilters | undefined' is not assignable to type 'PaginationOptions | undefined'.
        Type 'ErrandTemplateFilters' is missing the following properties from type 'PaginationOptions': page, limit

[7m107[0m   async findPublic(pagination?: PaginationOptions): Promise<PaginatedResult<ErrandTemplateEntity>> {
[7m   [0m [91m        ~~~~~~~~~~[0m

[96msrc/modules/errands/infrastructure/repositories/errand-template.repository.impl.ts[0m:[93m109[0m:[93m18[0m - [91merror[0m[90m TS2353: [0mObject literal may only specify known properties, and 'isPublic' does not exist in type 'ErrandTemplateFilters'.

[7m109[0m       filters: { isPublic: true, isActive: true },
[7m   [0m [91m                 ~~~~~~~~[0m

  [96msrc/modules/errands/infrastructure/repositories/errand-template.repository.impl.ts[0m:[93m50[0m:[93m5[0m
    [7m50[0m     filters?: ErrandTemplateFilters;
    [7m  [0m [96m    ~~~~~~~[0m
    The expected type comes from property 'filters' which is declared here on type '{ filters?: ErrandTemplateFilters | undefined; sort?: ErrandTemplateSortOptions | undefined; pagination?: PaginationOptions | undefined; }'

[96msrc/modules/errands/infrastructure/repositories/errand-template.repository.impl.ts[0m:[93m115[0m:[93m9[0m - [91merror[0m[90m TS2416: [0mProperty 'findAccessibleByUser' in type 'ErrandTemplateRepositoryImpl' is not assignable to the same property in base type 'ErrandTemplateRepository'.
  Type '(userId: string, pagination?: PaginationOptions | undefined) => Promise<PaginatedResult<ErrandTemplateEntity>>' is not assignable to type '(userId: string, filters?: ErrandTemplateFilters | undefined, sort?: ErrandTemplateSortOptions | undefined, pagination?: PaginationOptions | undefined) => Promise<...>'.
    Types of parameters 'pagination' and 'filters' are incompatible.
      Type 'ErrandTemplateFilters | undefined' is not assignable to type 'PaginationOptions | undefined'.

[7m115[0m   async findAccessibleByUser(userId: string, pagination?: PaginationOptions): Promise<PaginatedResult<ErrandTemplateEntity>> {
[7m   [0m [91m        ~~~~~~~~~~~~~~~~~~~~[0m

[96msrc/modules/errands/infrastructure/repositories/errand-template.repository.impl.ts[0m:[93m118[0m:[93m9[0m - [91merror[0m[90m TS2353: [0mObject literal may only specify known properties, and 'OR' does not exist in type 'ErrandTemplateFilters'.

[7m118[0m         OR: [
[7m   [0m [91m        ~~[0m

  [96msrc/modules/errands/infrastructure/repositories/errand-template.repository.impl.ts[0m:[93m50[0m:[93m5[0m
    [7m50[0m     filters?: ErrandTemplateFilters;
    [7m  [0m [96m    ~~~~~~~[0m
    The expected type comes from property 'filters' which is declared here on type '{ filters?: ErrandTemplateFilters | undefined; sort?: ErrandTemplateSortOptions | undefined; pagination?: PaginationOptions | undefined; }'

[96msrc/modules/errands/infrastructure/repositories/errand-template.repository.impl.ts[0m:[93m133[0m:[93m19[0m - [91merror[0m[90m TS2339: [0mProperty 'items' does not exist on type 'PaginatedResult<ErrandTemplateEntity>'.

[7m133[0m     return result.items;
[7m   [0m [91m                  ~~~~~[0m

[96msrc/modules/errands/infrastructure/repositories/errand-template.repository.impl.ts[0m:[93m142[0m:[93m19[0m - [91merror[0m[90m TS2339: [0mProperty 'items' does not exist on type 'PaginatedResult<ErrandTemplateEntity>'.

[7m142[0m     return result.items;
[7m   [0m [91m                  ~~~~~[0m

[96msrc/modules/errands/infrastructure/repositories/errand-template.repository.impl.ts[0m:[93m145[0m:[93m9[0m - [91merror[0m[90m TS2416: [0mProperty 'findByName' in type 'ErrandTemplateRepositoryImpl' is not assignable to the same property in base type 'ErrandTemplateRepository'.
  Type '(name: string) => Promise<ErrandTemplateEntity | null>' is not assignable to type '(name: string, exactMatch?: boolean | undefined) => Promise<ErrandTemplateEntity[]>'.
    Type 'Promise<ErrandTemplateEntity | null>' is not assignable to type 'Promise<ErrandTemplateEntity[]>'.
      Type 'ErrandTemplateEntity | null' is not assignable to type 'ErrandTemplateEntity[]'.
        Type 'null' is not assignable to type 'ErrandTemplateEntity[]'.

[7m145[0m   async findByName(name: string): Promise<ErrandTemplateEntity | null> {
[7m   [0m [91m        ~~~~~~~~~~[0m

[96msrc/modules/errands/infrastructure/repositories/errand-template.repository.impl.ts[0m:[93m158[0m:[93m9[0m - [91merror[0m[90m TS2416: [0mProperty 'search' in type 'ErrandTemplateRepositoryImpl' is not assignable to the same property in base type 'ErrandTemplateRepository'.
  Type '(query: string, pagination?: PaginationOptions | undefined) => Promise<PaginatedResult<ErrandTemplateEntity>>' is not assignable to type '(query: string, filters?: Omit<ErrandTemplateFilters, "search"> | undefined, sort?: ErrandTemplateSortOptions | undefined, pagination?: PaginationOptions | undefined) => Promise<...>'.
    Types of parameters 'pagination' and 'filters' are incompatible.
      Type 'Omit<ErrandTemplateFilters, "search"> | undefined' is not assignable to type 'PaginationOptions | undefined'.
        Type 'Omit<ErrandTemplateFilters, "search">' is missing the following properties from type 'PaginationOptions': page, limit

[7m158[0m   async search(query: string, pagination?: PaginationOptions): Promise<PaginatedResult<ErrandTemplateEntity>> {
[7m   [0m [91m        ~~~~~~[0m

[96msrc/modules/errands/infrastructure/repositories/errand-template.repository.impl.ts[0m:[93m167[0m:[93m23[0m - [91merror[0m[90m TS2353: [0mObject literal may only specify known properties, and 'hasSome' does not exist in type 'JsonNullableFilter<"ErrandTemplate">'.

[7m167[0m             { tags: { hasSome: [query] } },
[7m   [0m [91m                      ~~~~~~~[0m

  [96mnode_modules/.prisma/client/index.d.ts[0m:[93m72640[0m:[93m5[0m
    [7m72640[0m     tags?: JsonNullableFilter<"ErrandTemplate">
    [7m     [0m [96m    ~~~~[0m
    The expected type comes from property 'tags' which is declared here on type 'ErrandTemplateWhereInput'

[96msrc/modules/errands/infrastructure/repositories/errand-template.repository.impl.ts[0m:[93m189[0m:[93m7[0m - [91merror[0m[90m TS2353: [0mObject literal may only specify known properties, and 'items' does not exist in type 'PaginatedResult<ErrandTemplateEntity>'.

[7m189[0m       items: items.map(item => this.mapDataToEntity(item)),
[7m   [0m [91m      ~~~~~[0m

[96msrc/modules/errands/infrastructure/repositories/errand-template.repository.impl.ts[0m:[93m196[0m:[93m9[0m - [91merror[0m[90m TS2416: [0mProperty 'update' in type 'ErrandTemplateRepositoryImpl' is not assignable to the same property in base type 'ErrandTemplateRepository'.
  Type '(id: string, data: Partial<ErrandTemplateEntity>) => Promise<ErrandTemplateEntity>' is not assignable to type '(template: ErrandTemplateEntity) => Promise<ErrandTemplateEntity>'.
    Target signature provides too few arguments. Expected 2 or more, but got 1.

[7m196[0m   async update(id: string, data: Partial<ErrandTemplateEntity>): Promise<ErrandTemplateEntity> {
[7m   [0m [91m        ~~~~~~[0m

[96msrc/modules/errands/infrastructure/repositories/errand-template.repository.impl.ts[0m:[93m227[0m:[93m13[0m - [91merror[0m[90m TS2353: [0mObject literal may only specify known properties, and 'isPublic' does not exist in type 'ErrandTemplateWhereInput'.

[7m227[0m           { isPublic: true },
[7m   [0m [91m            ~~~~~~~~[0m

[96msrc/modules/errands/infrastructure/repositories/errand-template.repository.impl.ts[0m:[93m241[0m:[93m9[0m - [91merror[0m[90m TS2353: [0mObject literal may only specify known properties, and 'lastUsedAt' does not exist in type '(Without<ErrandTemplateUpdateInput, ErrandTemplateUncheckedUpdateInput> & ErrandTemplateUncheckedUpdateInput) | (Without<...> & ErrandTemplateUpdateInput)'.

[7m241[0m         lastUsedAt: new Date(),
[7m   [0m [91m        ~~~~~~~~~~[0m

  [96mnode_modules/.prisma/client/index.d.ts[0m:[93m63299[0m:[93m5[0m
    [7m63299[0m     data: XOR<ErrandTemplateUpdateInput, ErrandTemplateUncheckedUpdateInput>
    [7m     [0m [96m    ~~~~[0m
    The expected type comes from property 'data' which is declared here on type '{ select?: ErrandTemplateSelect<DefaultArgs> | null | undefined; omit?: ErrandTemplateOmit<DefaultArgs> | null | undefined; include?: ErrandTemplateInclude<...> | ... 1 more ... | undefined; data: (Without<...> & ErrandTemplateUncheckedUpdateInput) | (Without<...> & ErrandTemplateUpdateInput); where: ErrandTemplateW...'

[96msrc/modules/errands/infrastructure/repositories/errand-template.repository.impl.ts[0m:[93m246[0m:[93m9[0m - [91merror[0m[90m TS2416: [0mProperty 'getStatistics' in type 'ErrandTemplateRepositoryImpl' is not assignable to the same property in base type 'ErrandTemplateRepository'.
  Type '(userId?: string | undefined) => Promise<{ total: number; active: number; public: number; byCategory: Record<string, number>; totalUsage: number; }>' is not assignable to type '(userId?: string | undefined) => Promise<{ total: number; active: number; inactive: number; public: number; private: number; totalUsage: number; averageUsage: number; categoriesCount: number; tagsCount: number; }>'.
    Type 'Promise<{ total: number; active: number; public: number; byCategory: Record<string, number>; totalUsage: number; }>' is not assignable to type 'Promise<{ total: number; active: number; inactive: number; public: number; private: number; totalUsage: number; averageUsage: number; categoriesCount: number; tagsCount: number; }>'.
      Type '{ total: number; active: number; public: number; byCategory: Record<string, number>; totalUsage: number; }' is missing the following properties from type '{ total: number; active: number; inactive: number; public: number; private: number; totalUsage: number; averageUsage: number; categoriesCount: number; tagsCount: number; }': inactive, private, averageUsage, categoriesCount, tagsCount

[7m246[0m   async getStatistics(userId?: string): Promise<{
[7m   [0m [91m        ~~~~~~~~~~~~~[0m

[96msrc/modules/errands/infrastructure/repositories/errand-template.repository.impl.ts[0m:[93m258[0m:[93m61[0m - [91merror[0m[90m TS2322: [0mType '{ isPublic: true; createdBy: string; } | { isPublic: true; createdBy?: undefined; }' is not assignable to type 'ErrandTemplateWhereInput | undefined'.
  Object literal may only specify known properties, and 'isPublic' does not exist in type 'ErrandTemplateWhereInput'.

[7m258[0m       this.prisma.errandTemplate.count({ where: { ...where, isPublic: true } }),
[7m   [0m [91m                                                            ~~~~~~~~[0m

[96msrc/modules/errands/infrastructure/repositories/errand-template.repository.impl.ts[0m:[93m299[0m:[93m5[0m - [91merror[0m[90m TS2322: [0mType '(string | number | boolean | JsonObject | JsonArray | null | undefined)[]' is not assignable to type 'string[]'.
  Type 'string | number | boolean | JsonObject | JsonArray | null | undefined' is not assignable to type 'string'.
    Type 'undefined' is not assignable to type 'string'.

[7m299[0m     return [...new Set(allTags)];
[7m   [0m [91m    ~~~~~~[0m

[96msrc/modules/errands/infrastructure/repositories/errand-template.repository.impl.ts[0m:[93m302[0m:[93m9[0m - [91merror[0m[90m TS2416: [0mProperty 'getPopularCategories' in type 'ErrandTemplateRepositoryImpl' is not assignable to the same property in base type 'ErrandTemplateRepository'.
  Type '(limit?: number) => Promise<{ category: string; count: number; }[]>' is not assignable to type '(limit?: number | undefined) => Promise<{ category: string; count: number; percentage: number; }[]>'.
    Type 'Promise<{ category: string; count: number; }[]>' is not assignable to type 'Promise<{ category: string; count: number; percentage: number; }[]>'.
      Type '{ category: string; count: number; }[]' is not assignable to type '{ category: string; count: number; percentage: number; }[]'.
        Property 'percentage' is missing in type '{ category: string; count: number; }' but required in type '{ category: string; count: number; percentage: number; }'.

[7m302[0m   async getPopularCategories(limit: number = 10): Promise<Array<{ category: string; count: number }>> {
[7m   [0m [91m        ~~~~~~~~~~~~~~~~~~~~[0m

  [96msrc/modules/errands/domain/repositories/errand-template.repository.ts[0m:[93m201[0m:[93m5[0m
    [7m201[0m     percentage: number;
    [7m   [0m [96m    ~~~~~~~~~~[0m
    'percentage' is declared here.

[96msrc/modules/errands/infrastructure/repositories/errand-template.repository.impl.ts[0m:[93m317[0m:[93m9[0m - [91merror[0m[90m TS2416: [0mProperty 'getPopularTags' in type 'ErrandTemplateRepositoryImpl' is not assignable to the same property in base type 'ErrandTemplateRepository'.
  Type '(limit?: number) => Promise<{ tag: string; count: number; }[]>' is not assignable to type '(limit?: number | undefined) => Promise<{ tag: string; count: number; percentage: number; }[]>'.
    Type 'Promise<{ tag: string; count: number; }[]>' is not assignable to type 'Promise<{ tag: string; count: number; percentage: number; }[]>'.
      Type '{ tag: string; count: number; }[]' is not assignable to type '{ tag: string; count: number; percentage: number; }[]'.
        Property 'percentage' is missing in type '{ tag: string; count: number; }' but required in type '{ tag: string; count: number; percentage: number; }'.

[7m317[0m   async getPopularTags(limit: number = 20): Promise<Array<{ tag: string; count: number }>> {
[7m   [0m [91m        ~~~~~~~~~~~~~~[0m

  [96msrc/modules/errands/domain/repositories/errand-template.repository.ts[0m:[93m210[0m:[93m5[0m
    [7m210[0m     percentage: number;
    [7m   [0m [96m    ~~~~~~~~~~[0m
    'percentage' is declared here.

[96msrc/modules/errands/infrastructure/repositories/errand-template.repository.impl.ts[0m:[93m326[0m:[93m7[0m - [91merror[0m[90m TS18047: [0m'template.tags' is possibly 'null'.

[7m326[0m       template.tags.forEach(tag => {
[7m   [0m [91m      ~~~~~~~~~~~~~[0m

[96msrc/modules/errands/infrastructure/repositories/errand-template.repository.impl.ts[0m:[93m326[0m:[93m21[0m - [91merror[0m[90m TS2339: [0mProperty 'forEach' does not exist on type 'string | number | boolean | JsonObject | JsonArray'.
  Property 'forEach' does not exist on type 'string'.

[7m326[0m       template.tags.forEach(tag => {
[7m   [0m [91m                    ~~~~~~~[0m

[96msrc/modules/errands/infrastructure/repositories/errand-template.repository.impl.ts[0m:[93m353[0m:[93m25[0m - [91merror[0m[90m TS2353: [0mObject literal may only specify known properties, and 'hasSome' does not exist in type 'JsonNullableFilter<"ErrandTemplate">'.

[7m353[0m               { tags: { hasSome: template.tags } },
[7m   [0m [91m                        ~~~~~~~[0m

  [96mnode_modules/.prisma/client/index.d.ts[0m:[93m72640[0m:[93m5[0m
    [7m72640[0m     tags?: JsonNullableFilter<"ErrandTemplate">
    [7m     [0m [96m    ~~~~[0m
    The expected type comes from property 'tags' which is declared here on type 'ErrandTemplateWhereInput'

[96msrc/modules/errands/infrastructure/repositories/errand-template.repository.impl.ts[0m:[93m379[0m:[93m15[0m - [91merror[0m[90m TS2353: [0mObject literal may only specify known properties, and 'defaultPrice' does not exist in type 'ErrandTemplateMinAggregateInputType'.

[7m379[0m       _min: { defaultPrice: true },
[7m   [0m [91m              ~~~~~~~~~~~~[0m

  [96mnode_modules/.prisma/client/index.d.ts[0m:[93m62394[0m:[93m5[0m
    [7m62394[0m     _min?: ErrandTemplateMinAggregateInputType
    [7m     [0m [96m    ~~~~[0m
    The expected type comes from property '_min' which is declared here on type 'Subset<ErrandTemplateAggregateArgs<DefaultArgs>, ErrandTemplateAggregateArgs<DefaultArgs>>'

[96msrc/modules/errands/infrastructure/repositories/errand-template.repository.impl.ts[0m:[93m380[0m:[93m15[0m - [91merror[0m[90m TS2353: [0mObject literal may only specify known properties, and 'defaultPrice' does not exist in type 'ErrandTemplateMaxAggregateInputType'.

[7m380[0m       _max: { defaultPrice: true },
[7m   [0m [91m              ~~~~~~~~~~~~[0m

  [96mnode_modules/.prisma/client/index.d.ts[0m:[93m62400[0m:[93m5[0m
    [7m62400[0m     _max?: ErrandTemplateMaxAggregateInputType
    [7m     [0m [96m    ~~~~[0m
    The expected type comes from property '_max' which is declared here on type 'Subset<ErrandTemplateAggregateArgs<DefaultArgs>, ErrandTemplateAggregateArgs<DefaultArgs>>'

[96msrc/modules/errands/infrastructure/repositories/errand-template.repository.impl.ts[0m:[93m384[0m:[93m12[0m - [91merror[0m[90m TS18048: [0m'result._min' is possibly 'undefined'.

[7m384[0m       min: result._min.defaultPrice || 0,
[7m   [0m [91m           ~~~~~~~~~~~[0m

[96msrc/modules/errands/infrastructure/repositories/errand-template.repository.impl.ts[0m:[93m384[0m:[93m24[0m - [91merror[0m[90m TS2339: [0mProperty 'defaultPrice' does not exist on type '{ id?: string | null | undefined; name?: string | null | undefined; description?: string | null | undefined; category?: string | null | undefined; estimatedPrice?: number | null | undefined; ... 7 more ...; updatedAt?: Date | ... 1 more ... | undefined; }'.

[7m384[0m       min: result._min.defaultPrice || 0,
[7m   [0m [91m                       ~~~~~~~~~~~~[0m

[96msrc/modules/errands/infrastructure/repositories/errand-template.repository.impl.ts[0m:[93m385[0m:[93m12[0m - [91merror[0m[90m TS18048: [0m'result._max' is possibly 'undefined'.

[7m385[0m       max: result._max.defaultPrice || 0,
[7m   [0m [91m           ~~~~~~~~~~~[0m

[96msrc/modules/errands/infrastructure/repositories/errand-template.repository.impl.ts[0m:[93m385[0m:[93m24[0m - [91merror[0m[90m TS2339: [0mProperty 'defaultPrice' does not exist on type '{ id?: string | null | undefined; name?: string | null | undefined; description?: string | null | undefined; category?: string | null | undefined; estimatedPrice?: number | null | undefined; ... 7 more ...; updatedAt?: Date | ... 1 more ... | undefined; }'.

[7m385[0m       max: result._max.defaultPrice || 0,
[7m   [0m [91m                       ~~~~~~~~~~~~[0m

[96msrc/modules/errands/infrastructure/repositories/errand-template.repository.impl.ts[0m:[93m417[0m:[93m20[0m - [91merror[0m[90m TS2339: [0mProperty 'getId' does not exist on type 'ErrandTemplateEntity'.

[7m417[0m       id: template.getId(),
[7m   [0m [91m                   ~~~~~[0m

[96msrc/modules/errands/infrastructure/repositories/errand-template.repository.impl.ts[0m:[93m418[0m:[93m22[0m - [91merror[0m[90m TS2339: [0mProperty 'getName' does not exist on type 'ErrandTemplateEntity'.

[7m418[0m       name: template.getName(),
[7m   [0m [91m                     ~~~~~~~[0m

[96msrc/modules/errands/infrastructure/repositories/errand-template.repository.impl.ts[0m:[93m419[0m:[93m29[0m - [91merror[0m[90m TS2551: [0mProperty 'getDescription' does not exist on type 'ErrandTemplateEntity'. Did you mean 'description'?

[7m419[0m       description: template.getDescription(),
[7m   [0m [91m                            ~~~~~~~~~~~~~~[0m

  [96msrc/modules/errands/domain/entities/errand-template.entity.ts[0m:[93m52[0m:[93m7[0m
    [7m52[0m   get description(): string {
    [7m  [0m [96m      ~~~~~~~~~~~[0m
    'description' is declared here.

[96msrc/modules/errands/infrastructure/repositories/errand-template.repository.impl.ts[0m:[93m420[0m:[93m26[0m - [91merror[0m[90m TS2551: [0mProperty 'getCategory' does not exist on type 'ErrandTemplateEntity'. Did you mean 'category'?

[7m420[0m       category: template.getCategory(),
[7m   [0m [91m                         ~~~~~~~~~~~[0m

  [96msrc/modules/errands/domain/entities/errand-template.entity.ts[0m:[93m56[0m:[93m7[0m
    [7m56[0m   get category(): string {
    [7m  [0m [96m      ~~~~~~~~[0m
    'category' is declared here.

[96msrc/modules/errands/infrastructure/repositories/errand-template.repository.impl.ts[0m:[93m421[0m:[93m22[0m - [91merror[0m[90m TS2339: [0mProperty 'getTags' does not exist on type 'ErrandTemplateEntity'.

[7m421[0m       tags: template.getTags(),
[7m   [0m [91m                     ~~~~~~~[0m

[96msrc/modules/errands/infrastructure/repositories/errand-template.repository.impl.ts[0m:[93m422[0m:[93m30[0m - [91merror[0m[90m TS2551: [0mProperty 'getRequirements' does not exist on type 'ErrandTemplateEntity'. Did you mean 'defaultRequirements'?

[7m422[0m       requirements: template.getRequirements(),
[7m   [0m [91m                             ~~~~~~~~~~~~~~~[0m

  [96msrc/modules/errands/domain/entities/errand-template.entity.ts[0m:[93m80[0m:[93m7[0m
    [7m80[0m   get defaultRequirements(): string[] {
    [7m  [0m [96m      ~~~~~~~~~~~~~~~~~~~[0m
    'defaultRequirements' is declared here.

[96msrc/modules/errands/infrastructure/repositories/errand-template.repository.impl.ts[0m:[93m423[0m:[93m39[0m - [91merror[0m[90m TS2551: [0mProperty 'getDefaultPickupLocation' does not exist on type 'ErrandTemplateEntity'. Did you mean 'defaultPickupLocation'?

[7m423[0m       defaultPickupLocation: template.getDefaultPickupLocation()?.toJSON(),
[7m   [0m [91m                                      ~~~~~~~~~~~~~~~~~~~~~~~~[0m

  [96msrc/modules/errands/domain/entities/errand-template.entity.ts[0m:[93m60[0m:[93m7[0m
    [7m60[0m   get defaultPickupLocation(): LocationVO | undefined {
    [7m  [0m [96m      ~~~~~~~~~~~~~~~~~~~~~[0m
    'defaultPickupLocation' is declared here.

[96msrc/modules/errands/infrastructure/repositories/errand-template.repository.impl.ts[0m:[93m424[0m:[93m40[0m - [91merror[0m[90m TS2551: [0mProperty 'getDefaultDropoffLocation' does not exist on type 'ErrandTemplateEntity'. Did you mean 'defaultDropoffLocation'?

[7m424[0m       defaultDropoffLocation: template.getDefaultDropoffLocation()?.toJSON(),
[7m   [0m [91m                                       ~~~~~~~~~~~~~~~~~~~~~~~~~[0m

  [96msrc/modules/errands/domain/entities/errand-template.entity.ts[0m:[93m64[0m:[93m7[0m
    [7m64[0m   get defaultDropoffLocation(): LocationVO | undefined {
    [7m  [0m [96m      ~~~~~~~~~~~~~~~~~~~~~~[0m
    'defaultDropoffLocation' is declared here.

[96msrc/modules/errands/infrastructure/repositories/errand-template.repository.impl.ts[0m:[93m425[0m:[93m30[0m - [91merror[0m[90m TS2339: [0mProperty 'getDefaultPrice' does not exist on type 'ErrandTemplateEntity'.

[7m425[0m       defaultPrice: template.getDefaultPrice(),
[7m   [0m [91m                             ~~~~~~~~~~~~~~~[0m

[96msrc/modules/errands/infrastructure/repositories/errand-template.repository.impl.ts[0m:[93m426[0m:[93m33[0m - [91merror[0m[90m TS2551: [0mProperty 'getDefaultPriority' does not exist on type 'ErrandTemplateEntity'. Did you mean 'defaultPriority'?

[7m426[0m       defaultPriority: template.getDefaultPriority().getValue(),
[7m   [0m [91m                                ~~~~~~~~~~~~~~~~~~[0m

  [96msrc/modules/errands/domain/entities/errand-template.entity.ts[0m:[93m76[0m:[93m7[0m
    [7m76[0m   get defaultPriority(): PriorityVO {
    [7m  [0m [96m      ~~~~~~~~~~~~~~~[0m
    'defaultPriority' is declared here.

[96msrc/modules/errands/infrastructure/repositories/errand-template.repository.impl.ts[0m:[93m427[0m:[93m35[0m - [91merror[0m[90m TS2551: [0mProperty 'getEstimatedDuration' does not exist on type 'ErrandTemplateEntity'. Did you mean 'estimatedDuration'?

[7m427[0m       estimatedDuration: template.getEstimatedDuration(),
[7m   [0m [91m                                  ~~~~~~~~~~~~~~~~~~~~[0m

  [96msrc/modules/errands/domain/entities/errand-template.entity.ts[0m:[93m72[0m:[93m7[0m
    [7m72[0m   get estimatedDuration(): number | undefined {
    [7m  [0m [96m      ~~~~~~~~~~~~~~~~~[0m
    'estimatedDuration' is declared here.

[96msrc/modules/errands/infrastructure/repositories/errand-template.repository.impl.ts[0m:[93m428[0m:[93m26[0m - [91merror[0m[90m TS2339: [0mProperty 'getIsPublic' does not exist on type 'ErrandTemplateEntity'.

[7m428[0m       isPublic: template.getIsPublic(),
[7m   [0m [91m                         ~~~~~~~~~~~[0m

[96msrc/modules/errands/infrastructure/repositories/errand-template.repository.impl.ts[0m:[93m429[0m:[93m26[0m - [91merror[0m[90m TS2551: [0mProperty 'getIsActive' does not exist on type 'ErrandTemplateEntity'. Did you mean 'isActive'?

[7m429[0m       isActive: template.getIsActive(),
[7m   [0m [91m                         ~~~~~~~~~~~[0m

  [96msrc/modules/errands/domain/entities/errand-template.entity.ts[0m:[93m88[0m:[93m7[0m
    [7m88[0m   get isActive(): boolean {
    [7m  [0m [96m      ~~~~~~~~[0m
    'isActive' is declared here.

[96msrc/modules/errands/infrastructure/repositories/errand-template.repository.impl.ts[0m:[93m430[0m:[93m28[0m - [91merror[0m[90m TS2551: [0mProperty 'getUsageCount' does not exist on type 'ErrandTemplateEntity'. Did you mean 'usageCount'?

[7m430[0m       usageCount: template.getUsageCount(),
[7m   [0m [91m                           ~~~~~~~~~~~~~[0m

  [96msrc/modules/errands/domain/entities/errand-template.entity.ts[0m:[93m104[0m:[93m7[0m
    [7m104[0m   get usageCount(): number {
    [7m   [0m [96m      ~~~~~~~~~~[0m
    'usageCount' is declared here.

[96msrc/modules/errands/infrastructure/repositories/errand-template.repository.impl.ts[0m:[93m431[0m:[93m28[0m - [91merror[0m[90m TS2339: [0mProperty 'getLastUsedAt' does not exist on type 'ErrandTemplateEntity'.

[7m431[0m       lastUsedAt: template.getLastUsedAt(),
[7m   [0m [91m                           ~~~~~~~~~~~~~[0m

[96msrc/modules/errands/infrastructure/repositories/errand-template.repository.impl.ts[0m:[93m432[0m:[93m27[0m - [91merror[0m[90m TS2551: [0mProperty 'getCreatedBy' does not exist on type 'ErrandTemplateEntity'. Did you mean 'createdBy'?

[7m432[0m       createdBy: template.getCreatedBy(),
[7m   [0m [91m                          ~~~~~~~~~~~~[0m

  [96msrc/modules/errands/domain/entities/errand-template.entity.ts[0m:[93m92[0m:[93m7[0m
    [7m92[0m   get createdBy(): string {
    [7m  [0m [96m      ~~~~~~~~~[0m
    'createdBy' is declared here.

[96msrc/modules/errands/infrastructure/repositories/errand-template.repository.impl.ts[0m:[93m433[0m:[93m27[0m - [91merror[0m[90m TS2551: [0mProperty 'getCreatedAt' does not exist on type 'ErrandTemplateEntity'. Did you mean 'createdAt'?

[7m433[0m       createdAt: template.getCreatedAt(),
[7m   [0m [91m                          ~~~~~~~~~~~~[0m

  [96msrc/modules/errands/domain/entities/errand-template.entity.ts[0m:[93m96[0m:[93m7[0m
    [7m96[0m   get createdAt(): Date {
    [7m  [0m [96m      ~~~~~~~~~[0m
    'createdAt' is declared here.

[96msrc/modules/errands/infrastructure/repositories/errand-template.repository.impl.ts[0m:[93m434[0m:[93m27[0m - [91merror[0m[90m TS2551: [0mProperty 'getUpdatedAt' does not exist on type 'ErrandTemplateEntity'. Did you mean 'updatedAt'?

[7m434[0m       updatedAt: template.getUpdatedAt(),
[7m   [0m [91m                          ~~~~~~~~~~~~[0m

  [96msrc/modules/errands/domain/entities/errand-template.entity.ts[0m:[93m100[0m:[93m7[0m
    [7m100[0m   get updatedAt(): Date {
    [7m   [0m [96m      ~~~~~~~~~[0m
    'updatedAt' is declared here.

[96msrc/modules/errands/infrastructure/repositories/errand-template.repository.impl.ts[0m:[93m440[0m:[93m9[0m - [91merror[0m[90m TS2673: [0mConstructor of class 'LocationVO' is private and only accessible within the class declaration.

[7m440[0m       ? new LocationVO(
[7m   [0m [91m        ~~~~~~~~~~~~~~~[0m
[7m441[0m           data.defaultPickupLocation.address,
[7m   [0m [91m~~~~~~~~~~~~~~~~~~~~~~~~~~~~~~~~~~~~~~~~~~~~~[0m
[7m...[0m 
[7m444[0m           data.defaultPickupLocation.instructions,
[7m   [0m [91m~~~~~~~~~~~~~~~~~~~~~~~~~~~~~~~~~~~~~~~~~~~~~~~~~~[0m
[7m445[0m         )
[7m   [0m [91m~~~~~~~~~[0m

[96msrc/modules/errands/infrastructure/repositories/errand-template.repository.impl.ts[0m:[93m449[0m:[93m9[0m - [91merror[0m[90m TS2673: [0mConstructor of class 'LocationVO' is private and only accessible within the class declaration.

[7m449[0m       ? new LocationVO(
[7m   [0m [91m        ~~~~~~~~~~~~~~~[0m
[7m450[0m           data.defaultDropoffLocation.address,
[7m   [0m [91m~~~~~~~~~~~~~~~~~~~~~~~~~~~~~~~~~~~~~~~~~~~~~~[0m
[7m...[0m 
[7m453[0m           data.defaultDropoffLocation.instructions,
[7m   [0m [91m~~~~~~~~~~~~~~~~~~~~~~~~~~~~~~~~~~~~~~~~~~~~~~~~~~~[0m
[7m454[0m         )
[7m   [0m [91m~~~~~~~~~[0m

[96msrc/modules/errands/infrastructure/repositories/errand-template.repository.impl.ts[0m:[93m457[0m:[93m29[0m - [91merror[0m[90m TS2673: [0mConstructor of class 'PriorityVO' is private and only accessible within the class declaration.

[7m457[0m     const defaultPriority = new PriorityVO(data.defaultPriority);
[7m   [0m [91m                            ~~~~~~~~~~~~~~~~~~~~~~~~~~~~~~~~~~~~[0m

[96msrc/modules/errands/infrastructure/repositories/errand-template.repository.impl.ts[0m:[93m465[0m:[93m7[0m - [91merror[0m[90m TS2353: [0mObject literal may only specify known properties, and 'requirements' does not exist in type 'ErrandTemplateProps'.

[7m465[0m       requirements: data.requirements || [],
[7m   [0m [91m      ~~~~~~~~~~~~[0m

[96msrc/modules/errands/infrastructure/repositories/errand-template.repository.impl.ts[0m:[93m494[0m:[93m17[0m - [91merror[0m[90m TS2339: [0mProperty 'isPublic' does not exist on type 'ErrandTemplateFilters'.

[7m494[0m     if (filters.isPublic !== undefined) {
[7m   [0m [91m                ~~~~~~~~[0m

[96msrc/modules/errands/infrastructure/repositories/errand-template.repository.impl.ts[0m:[93m495[0m:[93m13[0m - [91merror[0m[90m TS2339: [0mProperty 'isPublic' does not exist on type 'ErrandTemplateWhereInput'.

[7m495[0m       where.isPublic = filters.isPublic;
[7m   [0m [91m            ~~~~~~~~[0m

[96msrc/modules/errands/infrastructure/repositories/errand-template.repository.impl.ts[0m:[93m495[0m:[93m32[0m - [91merror[0m[90m TS2339: [0mProperty 'isPublic' does not exist on type 'ErrandTemplateFilters'.

[7m495[0m       where.isPublic = filters.isPublic;
[7m   [0m [91m                               ~~~~~~~~[0m

[96msrc/modules/errands/infrastructure/repositories/errand-template.repository.impl.ts[0m:[93m503[0m:[93m22[0m - [91merror[0m[90m TS2353: [0mObject literal may only specify known properties, and 'hasSome' does not exist in type 'JsonNullableFilter<"ErrandTemplate">'.

[7m503[0m       where.tags = { hasSome: filters.tags };
[7m   [0m [91m                     ~~~~~~~[0m

[96msrc/modules/errands/infrastructure/repositories/errand-template.repository.impl.ts[0m:[93m506[0m:[93m17[0m - [91merror[0m[90m TS2339: [0mProperty 'minPrice' does not exist on type 'ErrandTemplateFilters'.

[7m506[0m     if (filters.minPrice !== undefined || filters.maxPrice !== undefined) {
[7m   [0m [91m                ~~~~~~~~[0m

[96msrc/modules/errands/infrastructure/repositories/errand-template.repository.impl.ts[0m:[93m506[0m:[93m51[0m - [91merror[0m[90m TS2339: [0mProperty 'maxPrice' does not exist on type 'ErrandTemplateFilters'.

[7m506[0m     if (filters.minPrice !== undefined || filters.maxPrice !== undefined) {
[7m   [0m [91m                                                  ~~~~~~~~[0m

[96msrc/modules/errands/infrastructure/repositories/errand-template.repository.impl.ts[0m:[93m507[0m:[93m13[0m - [91merror[0m[90m TS2339: [0mProperty 'defaultPrice' does not exist on type 'ErrandTemplateWhereInput'.

[7m507[0m       where.defaultPrice = {};
[7m   [0m [91m            ~~~~~~~~~~~~[0m

[96msrc/modules/errands/infrastructure/repositories/errand-template.repository.impl.ts[0m:[93m508[0m:[93m19[0m - [91merror[0m[90m TS2339: [0mProperty 'minPrice' does not exist on type 'ErrandTemplateFilters'.

[7m508[0m       if (filters.minPrice !== undefined) {
[7m   [0m [91m                  ~~~~~~~~[0m

[96msrc/modules/errands/infrastructure/repositories/errand-template.repository.impl.ts[0m:[93m509[0m:[93m15[0m - [91merror[0m[90m TS2339: [0mProperty 'defaultPrice' does not exist on type 'ErrandTemplateWhereInput'.

[7m509[0m         where.defaultPrice.gte = filters.minPrice;
[7m   [0m [91m              ~~~~~~~~~~~~[0m

[96msrc/modules/errands/infrastructure/repositories/errand-template.repository.impl.ts[0m:[93m509[0m:[93m42[0m - [91merror[0m[90m TS2339: [0mProperty 'minPrice' does not exist on type 'ErrandTemplateFilters'.

[7m509[0m         where.defaultPrice.gte = filters.minPrice;
[7m   [0m [91m                                         ~~~~~~~~[0m

[96msrc/modules/errands/infrastructure/repositories/errand-template.repository.impl.ts[0m:[93m511[0m:[93m19[0m - [91merror[0m[90m TS2339: [0mProperty 'maxPrice' does not exist on type 'ErrandTemplateFilters'.

[7m511[0m       if (filters.maxPrice !== undefined) {
[7m   [0m [91m                  ~~~~~~~~[0m

[96msrc/modules/errands/infrastructure/repositories/errand-template.repository.impl.ts[0m:[93m512[0m:[93m15[0m - [91merror[0m[90m TS2339: [0mProperty 'defaultPrice' does not exist on type 'ErrandTemplateWhereInput'.

[7m512[0m         where.defaultPrice.lte = filters.maxPrice;
[7m   [0m [91m              ~~~~~~~~~~~~[0m

[96msrc/modules/errands/infrastructure/repositories/errand-template.repository.impl.ts[0m:[93m512[0m:[93m42[0m - [91merror[0m[90m TS2339: [0mProperty 'maxPrice' does not exist on type 'ErrandTemplateFilters'.

[7m512[0m         where.defaultPrice.lte = filters.maxPrice;
[7m   [0m [91m                                         ~~~~~~~~[0m

[96msrc/modules/errands/infrastructure/repositories/errand-template.repository.impl.ts[0m:[93m516[0m:[93m17[0m - [91merror[0m[90m TS2339: [0mProperty 'minDuration' does not exist on type 'ErrandTemplateFilters'.

[7m516[0m     if (filters.minDuration !== undefined || filters.maxDuration !== undefined) {
[7m   [0m [91m                ~~~~~~~~~~~[0m

[96msrc/modules/errands/infrastructure/repositories/errand-template.repository.impl.ts[0m:[93m516[0m:[93m54[0m - [91merror[0m[90m TS2339: [0mProperty 'maxDuration' does not exist on type 'ErrandTemplateFilters'.

[7m516[0m     if (filters.minDuration !== undefined || filters.maxDuration !== undefined) {
[7m   [0m [91m                                                     ~~~~~~~~~~~[0m

[96msrc/modules/errands/infrastructure/repositories/errand-template.repository.impl.ts[0m:[93m518[0m:[93m19[0m - [91merror[0m[90m TS2339: [0mProperty 'minDuration' does not exist on type 'ErrandTemplateFilters'.

[7m518[0m       if (filters.minDuration !== undefined) {
[7m   [0m [91m                  ~~~~~~~~~~~[0m

[96msrc/modules/errands/infrastructure/repositories/errand-template.repository.impl.ts[0m:[93m519[0m:[93m47[0m - [91merror[0m[90m TS2339: [0mProperty 'minDuration' does not exist on type 'ErrandTemplateFilters'.

[7m519[0m         where.estimatedDuration.gte = filters.minDuration;
[7m   [0m [91m                                              ~~~~~~~~~~~[0m

[96msrc/modules/errands/infrastructure/repositories/errand-template.repository.impl.ts[0m:[93m521[0m:[93m19[0m - [91merror[0m[90m TS2339: [0mProperty 'maxDuration' does not exist on type 'ErrandTemplateFilters'.

[7m521[0m       if (filters.maxDuration !== undefined) {
[7m   [0m [91m                  ~~~~~~~~~~~[0m

[96msrc/modules/errands/infrastructure/repositories/errand-template.repository.impl.ts[0m:[93m522[0m:[93m47[0m - [91merror[0m[90m TS2339: [0mProperty 'maxDuration' does not exist on type 'ErrandTemplateFilters'.

[7m522[0m         where.estimatedDuration.lte = filters.maxDuration;
[7m   [0m [91m                                              ~~~~~~~~~~~[0m

[96msrc/modules/errands/infrastructure/repositories/errand-template.repository.impl.ts[0m:[93m526[0m:[93m17[0m - [91merror[0m[90m TS2339: [0mProperty 'OR' does not exist on type 'ErrandTemplateFilters'.

[7m526[0m     if (filters.OR) {
[7m   [0m [91m                ~~[0m

[96msrc/modules/errands/infrastructure/repositories/errand-template.repository.impl.ts[0m:[93m527[0m:[93m26[0m - [91merror[0m[90m TS2339: [0mProperty 'OR' does not exist on type 'ErrandTemplateFilters'.

[7m527[0m       where.OR = filters.OR.map(orFilter => this.buildWhereClause(orFilter));
[7m   [0m [91m                         ~~[0m

[96msrc/modules/errands/infrastructure/repositories/errand.repository.impl.ts[0m:[93m18[0m:[93m16[0m - [91merror[0m[90m TS2339: [0mProperty 'getId' does not exist on type 'ErrandEntity'.

[7m18[0m     if (errand.getId()) {
[7m  [0m [91m               ~~~~~[0m

[96msrc/modules/errands/infrastructure/repositories/errand.repository.impl.ts[0m:[93m21[0m:[93m29[0m - [91merror[0m[90m TS2339: [0mProperty 'getId' does not exist on type 'ErrandEntity'.

[7m21[0m         where: { id: errand.getId() },
[7m  [0m [91m                            ~~~~~[0m

[96msrc/modules/errands/infrastructure/repositories/errand.repository.impl.ts[0m:[93m57[0m:[93m9[0m - [91merror[0m[90m TS2416: [0mProperty 'findMany' in type 'ErrandRepositoryImpl' is not assignable to the same property in base type 'ErrandRepository'.
  Type '(options: { filters?: ErrandFilters | undefined; sort?: ErrandSortOptions | undefined; pagination?: PaginationOptions | undefined; }) => Promise<...>' is not assignable to type '(filters?: ErrandFilters | undefined, sort?: ErrandSortOptions | undefined, pagination?: PaginationOptions | undefined) => Promise<...>'.
    Types of parameters 'options' and 'filters' are incompatible.
      Type 'ErrandFilters | undefined' is not assignable to type '{ filters?: ErrandFilters | undefined; sort?: ErrandSortOptions | undefined; pagination?: PaginationOptions | undefined; }'.
        Type 'undefined' is not assignable to type '{ filters?: ErrandFilters | undefined; sort?: ErrandSortOptions | undefined; pagination?: PaginationOptions | undefined; }'.

[7m57[0m   async findMany(options: {
[7m  [0m [91m        ~~~~~~~~[0m

[96msrc/modules/errands/infrastructure/repositories/errand.repository.impl.ts[0m:[93m82[0m:[93m7[0m - [91merror[0m[90m TS2353: [0mObject literal may only specify known properties, and 'items' does not exist in type 'PaginatedResult<ErrandEntity>'.

[7m82[0m       items: items.map(item => this.mapDataToEntity(item)),
[7m  [0m [91m      ~~~~~[0m

[96msrc/modules/errands/infrastructure/repositories/errand.repository.impl.ts[0m:[93m89[0m:[93m9[0m - [91merror[0m[90m TS2416: [0mProperty 'findByUserId' in type 'ErrandRepositoryImpl' is not assignable to the same property in base type 'ErrandRepository'.
  Type '(userId: string, pagination?: PaginationOptions | undefined) => Promise<PaginatedResult<ErrandEntity>>' is not assignable to type '(userId: string, filters?: Omit<ErrandFilters, "assignedTo" | "createdBy"> | undefined, sort?: ErrandSortOptions | undefined, pagination?: PaginationOptions | undefined) => Promise<...>'.
    Types of parameters 'pagination' and 'filters' are incompatible.
      Type 'Omit<ErrandFilters, "assignedTo" | "createdBy"> | undefined' is not assignable to type 'PaginationOptions | undefined'.
        Type 'Omit<ErrandFilters, "assignedTo" | "createdBy">' is missing the following properties from type 'PaginationOptions': page, limit

[7m89[0m   async findByUserId(userId: string, pagination?: PaginationOptions): Promise<PaginatedResult<ErrandEntity>> {
[7m  [0m [91m        ~~~~~~~~~~~~[0m

[96msrc/modules/errands/infrastructure/repositories/errand.repository.impl.ts[0m:[93m91[0m:[93m18[0m - [91merror[0m[90m TS2353: [0mObject literal may only specify known properties, and 'userId' does not exist in type 'ErrandFilters'.

[7m91[0m       filters: { userId },
[7m  [0m [91m                 ~~~~~~[0m

  [96msrc/modules/errands/infrastructure/repositories/errand.repository.impl.ts[0m:[93m58[0m:[93m5[0m
    [7m58[0m     filters?: ErrandFilters;
    [7m  [0m [96m    ~~~~~~~[0m
    The expected type comes from property 'filters' which is declared here on type '{ filters?: ErrandFilters | undefined; sort?: ErrandSortOptions | undefined; pagination?: PaginationOptions | undefined; }'

[96msrc/modules/errands/infrastructure/repositories/errand.repository.impl.ts[0m:[93m96[0m:[93m9[0m - [91merror[0m[90m TS2416: [0mProperty 'findByCreatedBy' in type 'ErrandRepositoryImpl' is not assignable to the same property in base type 'ErrandRepository'.
  Type '(createdBy: string, pagination?: PaginationOptions | undefined) => Promise<PaginatedResult<ErrandEntity>>' is not assignable to type '(userId: string, filters?: Omit<ErrandFilters, "createdBy"> | undefined, sort?: ErrandSortOptions | undefined, pagination?: PaginationOptions | undefined) => Promise<...>'.
    Types of parameters 'pagination' and 'filters' are incompatible.
      Type 'Omit<ErrandFilters, "createdBy"> | undefined' is not assignable to type 'PaginationOptions | undefined'.
        Type 'Omit<ErrandFilters, "createdBy">' is missing the following properties from type 'PaginationOptions': page, limit

[7m96[0m   async findByCreatedBy(createdBy: string, pagination?: PaginationOptions): Promise<PaginatedResult<ErrandEntity>> {
[7m  [0m [91m        ~~~~~~~~~~~~~~~[0m

[96msrc/modules/errands/infrastructure/repositories/errand.repository.impl.ts[0m:[93m103[0m:[93m9[0m - [91merror[0m[90m TS2416: [0mProperty 'findByAssignedTo' in type 'ErrandRepositoryImpl' is not assignable to the same property in base type 'ErrandRepository'.
  Type '(assignedTo: string, pagination?: PaginationOptions | undefined) => Promise<PaginatedResult<ErrandEntity>>' is not assignable to type '(userId: string, filters?: Omit<ErrandFilters, "assignedTo"> | undefined, sort?: ErrandSortOptions | undefined, pagination?: PaginationOptions | undefined) => Promise<...>'.
    Types of parameters 'pagination' and 'filters' are incompatible.
      Type 'Omit<ErrandFilters, "assignedTo"> | undefined' is not assignable to type 'PaginationOptions | undefined'.
        Type 'Omit<ErrandFilters, "assignedTo">' is missing the following properties from type 'PaginationOptions': page, limit

[7m103[0m   async findByAssignedTo(assignedTo: string, pagination?: PaginationOptions): Promise<PaginatedResult<ErrandEntity>> {
[7m   [0m [91m        ~~~~~~~~~~~~~~~~[0m

[96msrc/modules/errands/infrastructure/repositories/errand.repository.impl.ts[0m:[93m110[0m:[93m9[0m - [91merror[0m[90m TS2416: [0mProperty 'findAvailable' in type 'ErrandRepositoryImpl' is not assignable to the same property in base type 'ErrandRepository'.
  Type '(location?: { latitude: number; longitude: number; radius: number; } | undefined, pagination?: PaginationOptions | undefined) => Promise<PaginatedResult<ErrandEntity>>' is not assignable to type '(filters?: Omit<ErrandFilters, "status" | "assignedTo"> | undefined, sort?: ErrandSortOptions | undefined, pagination?: PaginationOptions | undefined) => Promise<...>'.
    Types of parameters 'location' and 'filters' are incompatible.
      Type 'Omit<ErrandFilters, "status" | "assignedTo"> | undefined' is not assignable to type '{ latitude: number; longitude: number; radius: number; } | undefined'.
        Type 'Omit<ErrandFilters, "status" | "assignedTo">' is missing the following properties from type '{ latitude: number; longitude: number; radius: number; }': latitude, longitude, radius

[7m110[0m   async findAvailable(
[7m   [0m [91m        ~~~~~~~~~~~~~[0m

[96msrc/modules/errands/infrastructure/repositories/errand.repository.impl.ts[0m:[93m115[0m:[93m16[0m - [91merror[0m[90m TS2322: [0mType '"pending"' is not assignable to type 'ErrandStatus'.

[7m115[0m       status: ['pending'],
[7m   [0m [91m               ~~~~~~~~~[0m

[96msrc/modules/errands/infrastructure/repositories/errand.repository.impl.ts[0m:[93m116[0m:[93m7[0m - [91merror[0m[90m TS2322: [0mType '{ latitude: number; longitude: number; radius: number; } | undefined' is not assignable to type '{ latitude: number; longitude: number; radiusKm: number; } | undefined'.
  Property 'radiusKm' is missing in type '{ latitude: number; longitude: number; radius: number; }' but required in type '{ latitude: number; longitude: number; radiusKm: number; }'.

[7m116[0m       location,
[7m   [0m [91m      ~~~~~~~~[0m

  [96msrc/modules/errands/domain/repositories/errand.repository.ts[0m:[93m15[0m:[93m5[0m
    [7m15[0m     radiusKm: number;
    [7m  [0m [96m    ~~~~~~~~[0m
    'radiusKm' is declared here.
  [96msrc/modules/errands/domain/repositories/errand.repository.ts[0m:[93m12[0m:[93m3[0m
    [7m12[0m   location?: {
    [7m  [0m [96m  ~~~~~~~~[0m
    The expected type comes from property 'location' which is declared here on type 'ErrandFilters'

[96msrc/modules/errands/infrastructure/repositories/errand.repository.impl.ts[0m:[93m126[0m:[93m9[0m - [91merror[0m[90m TS2416: [0mProperty 'findByLocation' in type 'ErrandRepositoryImpl' is not assignable to the same property in base type 'ErrandRepository'.
  Type '(location: { latitude: number; longitude: number; radius: number; }, pagination?: PaginationOptions | undefined) => Promise<PaginatedResult<ErrandEntity>>' is not assignable to type '(latitude: number, longitude: number, radiusKm: number, filters?: Omit<ErrandFilters, "location"> | undefined, sort?: ErrandSortOptions | undefined, pagination?: PaginationOptions | undefined) => Promise<...>'.
    Types of parameters 'location' and 'latitude' are incompatible.
      Type 'number' is not assignable to type '{ latitude: number; longitude: number; radius: number; }'.

[7m126[0m   async findByLocation(
[7m   [0m [91m        ~~~~~~~~~~~~~~[0m

[96msrc/modules/errands/infrastructure/repositories/errand.repository.impl.ts[0m:[93m131[0m:[93m18[0m - [91merror[0m[90m TS2741: [0mProperty 'radiusKm' is missing in type '{ latitude: number; longitude: number; radius: number; }' but required in type '{ latitude: number; longitude: number; radiusKm: number; }'.

[7m131[0m       filters: { location },
[7m   [0m [91m                 ~~~~~~~~[0m

  [96msrc/modules/errands/domain/repositories/errand.repository.ts[0m:[93m15[0m:[93m5[0m
    [7m15[0m     radiusKm: number;
    [7m  [0m [96m    ~~~~~~~~[0m
    'radiusKm' is declared here.

[96msrc/modules/errands/infrastructure/repositories/errand.repository.impl.ts[0m:[93m136[0m:[93m9[0m - [91merror[0m[90m TS2416: [0mProperty 'findOverdue' in type 'ErrandRepositoryImpl' is not assignable to the same property in base type 'ErrandRepository'.
  Type '(pagination?: PaginationOptions | undefined) => Promise<PaginatedResult<ErrandEntity>>' is not assignable to type '(filters?: Omit<ErrandFilters, "isOverdue"> | undefined, sort?: ErrandSortOptions | undefined, pagination?: PaginationOptions | undefined) => Promise<...>'.
    Types of parameters 'pagination' and 'filters' are incompatible.
      Type 'Omit<ErrandFilters, "isOverdue"> | undefined' is not assignable to type 'PaginationOptions | undefined'.
        Type 'Omit<ErrandFilters, "isOverdue">' is missing the following properties from type 'PaginationOptions': page, limit

[7m136[0m   async findOverdue(pagination?: PaginationOptions): Promise<PaginatedResult<ErrandEntity>> {
[7m   [0m [91m        ~~~~~~~~~~~[0m

[96msrc/modules/errands/infrastructure/repositories/errand.repository.impl.ts[0m:[93m140[0m:[93m18[0m - [91merror[0m[90m TS2322: [0mType '"pending"' is not assignable to type 'ErrandStatus'.

[7m140[0m         status: ['pending', 'assigned', 'in_progress'],
[7m   [0m [91m                 ~~~~~~~~~[0m

[96msrc/modules/errands/infrastructure/repositories/errand.repository.impl.ts[0m:[93m140[0m:[93m29[0m - [91merror[0m[90m TS2322: [0mType '"assigned"' is not assignable to type 'ErrandStatus'.

[7m140[0m         status: ['pending', 'assigned', 'in_progress'],
[7m   [0m [91m                            ~~~~~~~~~~[0m

[96msrc/modules/errands/infrastructure/repositories/errand.repository.impl.ts[0m:[93m140[0m:[93m41[0m - [91merror[0m[90m TS2322: [0mType '"in_progress"' is not assignable to type 'ErrandStatus'.

[7m140[0m         status: ['pending', 'assigned', 'in_progress'],
[7m   [0m [91m                                        ~~~~~~~~~~~~~[0m

[96msrc/modules/errands/infrastructure/repositories/errand.repository.impl.ts[0m:[93m147[0m:[93m9[0m - [91merror[0m[90m TS2416: [0mProperty 'findRequiringAttention' in type 'ErrandRepositoryImpl' is not assignable to the same property in base type 'ErrandRepository'.
  Type '(pagination?: PaginationOptions | undefined) => Promise<PaginatedResult<ErrandEntity>>' is not assignable to type '(userId?: string | undefined, pagination?: PaginationOptions | undefined) => Promise<PaginatedResult<ErrandEntity>>'.
    Types of parameters 'pagination' and 'userId' are incompatible.
      Type 'string | undefined' is not assignable to type 'PaginationOptions | undefined'.
        Type 'string' is not assignable to type 'PaginationOptions'.

[7m147[0m   async findRequiringAttention(pagination?: PaginationOptions): Promise<PaginatedResult<ErrandEntity>> {
[7m   [0m [91m        ~~~~~~~~~~~~~~~~~~~~~~[0m

[96msrc/modules/errands/infrastructure/repositories/errand.repository.impl.ts[0m:[93m151[0m:[93m18[0m - [91merror[0m[90m TS2322: [0mType '"in_progress"' is not assignable to type 'ErrandStatus'.

[7m151[0m         status: ['in_progress'],
[7m   [0m [91m                 ~~~~~~~~~~~~~[0m

[96msrc/modules/errands/infrastructure/repositories/errand.repository.impl.ts[0m:[93m158[0m:[93m9[0m - [91merror[0m[90m TS2416: [0mProperty 'findRecent' in type 'ErrandRepositoryImpl' is not assignable to the same property in base type 'ErrandRepository'.
  Type '(limit?: number) => Promise<ErrandEntity[]>' is not assignable to type '(userId: string, limit?: number | undefined) => Promise<ErrandEntity[]>'.
    Types of parameters 'limit' and 'userId' are incompatible.
      Type 'string' is not assignable to type 'number'.

[7m158[0m   async findRecent(limit: number = 10): Promise<ErrandEntity[]> {
[7m   [0m [91m        ~~~~~~~~~~[0m

[96msrc/modules/errands/infrastructure/repositories/errand.repository.impl.ts[0m:[93m163[0m:[93m19[0m - [91merror[0m[90m TS2339: [0mProperty 'items' does not exist on type 'PaginatedResult<ErrandEntity>'.

[7m163[0m     return result.items;
[7m   [0m [91m                  ~~~~~[0m

[96msrc/modules/errands/infrastructure/repositories/errand.repository.impl.ts[0m:[93m166[0m:[93m9[0m - [91merror[0m[90m TS2416: [0mProperty 'findByCategory' in type 'ErrandRepositoryImpl' is not assignable to the same property in base type 'ErrandRepository'.
  Type '(category: string, pagination?: PaginationOptions | undefined) => Promise<PaginatedResult<ErrandEntity>>' is not assignable to type '(category: string, filters?: Omit<ErrandFilters, "category"> | undefined, sort?: ErrandSortOptions | undefined, pagination?: PaginationOptions | undefined) => Promise<...>'.
    Types of parameters 'pagination' and 'filters' are incompatible.
      Type 'Omit<ErrandFilters, "category"> | undefined' is not assignable to type 'PaginationOptions | undefined'.
        Type 'Omit<ErrandFilters, "category">' is missing the following properties from type 'PaginationOptions': page, limit

[7m166[0m   async findByCategory(category: string, pagination?: PaginationOptions): Promise<PaginatedResult<ErrandEntity>> {
[7m   [0m [91m        ~~~~~~~~~~~~~~[0m

[96msrc/modules/errands/infrastructure/repositories/errand.repository.impl.ts[0m:[93m173[0m:[93m9[0m - [91merror[0m[90m TS2416: [0mProperty 'countByStatus' in type 'ErrandRepositoryImpl' is not assignable to the same property in base type 'ErrandRepository'.
  Type '(status: string) => Promise<number>' is not assignable to type '(userId?: string | undefined) => Promise<Record<ErrandStatus, number>>'.
    Type 'Promise<number>' is not assignable to type 'Promise<Record<ErrandStatus, number>>'.
      Type 'number' is not assignable to type 'Record<ErrandStatus, number>'.

[7m173[0m   async countByStatus(status: string): Promise<number> {
[7m   [0m [91m        ~~~~~~~~~~~~~[0m

[96msrc/modules/errands/infrastructure/repositories/errand.repository.impl.ts[0m:[93m179[0m:[93m9[0m - [91merror[0m[90m TS2416: [0mProperty 'countByPriority' in type 'ErrandRepositoryImpl' is not assignable to the same property in base type 'ErrandRepository'.
  Type '(priority: string) => Promise<number>' is not assignable to type '(userId?: string | undefined) => Promise<Record<Priority, number>>'.
    Type 'Promise<number>' is not assignable to type 'Promise<Record<Priority, number>>'.
      Type 'number' is not assignable to type 'Record<Priority, number>'.

[7m179[0m   async countByPriority(priority: string): Promise<number> {
[7m   [0m [91m        ~~~~~~~~~~~~~~~[0m

[96msrc/modules/errands/infrastructure/repositories/errand.repository.impl.ts[0m:[93m185[0m:[93m9[0m - [91merror[0m[90m TS2416: [0mProperty 'getStatistics' in type 'ErrandRepositoryImpl' is not assignable to the same property in base type 'ErrandRepository'.
  Type '(userId?: string | undefined) => Promise<{ total: number; byStatus: Record<string, number>; byPriority: Record<string, number>; byCategory: Record<string, number>; }>' is not assignable to type '(userId: string) => Promise<{ total: number; completed: number; cancelled: number; inProgress: number; pending: number; assigned: number; overdue: number; averageCompletionTime: number; completionRate: number; }>'.
    Type 'Promise<{ total: number; byStatus: Record<string, number>; byPriority: Record<string, number>; byCategory: Record<string, number>; }>' is not assignable to type 'Promise<{ total: number; completed: number; cancelled: number; inProgress: number; pending: number; assigned: number; overdue: number; averageCompletionTime: number; completionRate: number; }>'.
      Type '{ total: number; byStatus: Record<string, number>; byPriority: Record<string, number>; byCategory: Record<string, number>; }' is missing the following properties from type '{ total: number; completed: number; cancelled: number; inProgress: number; pending: number; assigned: number; overdue: number; averageCompletionTime: number; completionRate: number; }': completed, cancelled, inProgress, pending, and 4 more.

[7m185[0m   async getStatistics(userId?: string): Promise<{
[7m   [0m [91m        ~~~~~~~~~~~~~[0m

[96msrc/modules/errands/infrastructure/repositories/errand.repository.impl.ts[0m:[93m229[0m:[93m9[0m - [91merror[0m[90m TS2416: [0mProperty 'search' in type 'ErrandRepositoryImpl' is not assignable to the same property in base type 'ErrandRepository'.
  Type '(query: string, pagination?: PaginationOptions | undefined) => Promise<PaginatedResult<ErrandEntity>>' is not assignable to type '(query: string, filters?: Omit<ErrandFilters, "search"> | undefined, sort?: ErrandSortOptions | undefined, pagination?: PaginationOptions | undefined) => Promise<...>'.
    Types of parameters 'pagination' and 'filters' are incompatible.
      Type 'Omit<ErrandFilters, "search"> | undefined' is not assignable to type 'PaginationOptions | undefined'.
        Type 'Omit<ErrandFilters, "search">' is missing the following properties from type 'PaginationOptions': page, limit

[7m229[0m   async search(query: string, pagination?: PaginationOptions): Promise<PaginatedResult<ErrandEntity>> {
[7m   [0m [91m        ~~~~~~[0m

[96msrc/modules/errands/infrastructure/repositories/errand.repository.impl.ts[0m:[93m256[0m:[93m7[0m - [91merror[0m[90m TS2353: [0mObject literal may only specify known properties, and 'items' does not exist in type 'PaginatedResult<ErrandEntity>'.

[7m256[0m       items: items.map(item => this.mapDataToEntity(item)),
[7m   [0m [91m      ~~~~~[0m

[96msrc/modules/errands/infrastructure/repositories/errand.repository.impl.ts[0m:[93m263[0m:[93m9[0m - [91merror[0m[90m TS2416: [0mProperty 'update' in type 'ErrandRepositoryImpl' is not assignable to the same property in base type 'ErrandRepository'.
  Type '(id: string, data: Partial<ErrandEntity>) => Promise<ErrandEntity>' is not assignable to type '(errand: ErrandEntity) => Promise<ErrandEntity>'.
    Target signature provides too few arguments. Expected 2 or more, but got 1.

[7m263[0m   async update(id: string, data: Partial<ErrandEntity>): Promise<ErrandEntity> {
[7m   [0m [91m        ~~~~~~[0m

[96msrc/modules/errands/infrastructure/repositories/errand.repository.impl.ts[0m:[93m311[0m:[93m9[0m - [91merror[0m[90m TS2416: [0mProperty 'getPopularCategories' in type 'ErrandRepositoryImpl' is not assignable to the same property in base type 'ErrandRepository'.
  Type '(limit?: number) => Promise<{ category: string; count: number; }[]>' is not assignable to type '(limit?: number | undefined) => Promise<{ category: string; count: number; percentage: number; }[]>'.
    Type 'Promise<{ category: string; count: number; }[]>' is not assignable to type 'Promise<{ category: string; count: number; percentage: number; }[]>'.
      Type '{ category: string; count: number; }[]' is not assignable to type '{ category: string; count: number; percentage: number; }[]'.
        Property 'percentage' is missing in type '{ category: string; count: number; }' but required in type '{ category: string; count: number; percentage: number; }'.

[7m311[0m   async getPopularCategories(limit: number = 10): Promise<Array<{ category: string; count: number }>> {
[7m   [0m [91m        ~~~~~~~~~~~~~~~~~~~~[0m

  [96msrc/modules/errands/domain/repositories/errand.repository.ts[0m:[93m217[0m:[93m5[0m
    [7m217[0m     percentage: number;
    [7m   [0m [96m    ~~~~~~~~~~[0m
    'percentage' is declared here.

[96msrc/modules/errands/infrastructure/repositories/errand.repository.impl.ts[0m:[93m327[0m:[93m18[0m - [91merror[0m[90m TS2339: [0mProperty 'getId' does not exist on type 'ErrandEntity'.

[7m327[0m       id: errand.getId(),
[7m   [0m [91m                 ~~~~~[0m

[96msrc/modules/errands/infrastructure/repositories/errand.repository.impl.ts[0m:[93m328[0m:[93m21[0m - [91merror[0m[90m TS2339: [0mProperty 'getTitle' does not exist on type 'ErrandEntity'.

[7m328[0m       title: errand.getTitle(),
[7m   [0m [91m                    ~~~~~~~~[0m

[96msrc/modules/errands/infrastructure/repositories/errand.repository.impl.ts[0m:[93m329[0m:[93m27[0m - [91merror[0m[90m TS2551: [0mProperty 'getDescription' does not exist on type 'ErrandEntity'. Did you mean 'description'?

[7m329[0m       description: errand.getDescription(),
[7m   [0m [91m                          ~~~~~~~~~~~~~~[0m

  [96msrc/modules/errands/domain/entities/errand.entity.ts[0m:[93m62[0m:[93m7[0m
    [7m62[0m   get description(): string {
    [7m  [0m [96m      ~~~~~~~~~~~[0m
    'description' is declared here.

[96msrc/modules/errands/infrastructure/repositories/errand.repository.impl.ts[0m:[93m330[0m:[93m24[0m - [91merror[0m[90m TS2551: [0mProperty 'getCategory' does not exist on type 'ErrandEntity'. Did you mean 'category'?

[7m330[0m       category: errand.getCategory(),
[7m   [0m [91m                       ~~~~~~~~~~~[0m

  [96msrc/modules/errands/domain/entities/errand.entity.ts[0m:[93m86[0m:[93m7[0m
    [7m86[0m   get category(): string | undefined {
    [7m  [0m [96m      ~~~~~~~~[0m
    'category' is declared here.

[96msrc/modules/errands/infrastructure/repositories/errand.repository.impl.ts[0m:[93m331[0m:[93m28[0m - [91merror[0m[90m TS2551: [0mProperty 'getRequirements' does not exist on type 'ErrandEntity'. Did you mean 'requirements'?

[7m331[0m       requirements: errand.getRequirements(),
[7m   [0m [91m                           ~~~~~~~~~~~~~~~[0m

  [96msrc/modules/errands/domain/entities/errand.entity.ts[0m:[93m90[0m:[93m7[0m
    [7m90[0m   get requirements(): string[] {
    [7m  [0m [96m      ~~~~~~~~~~~~[0m
    'requirements' is declared here.

[96msrc/modules/errands/infrastructure/repositories/errand.repository.impl.ts[0m:[93m332[0m:[93m30[0m - [91merror[0m[90m TS2551: [0mProperty 'getPickupLocation' does not exist on type 'ErrandEntity'. Did you mean 'pickupLocation'?

[7m332[0m       pickupLocation: errand.getPickupLocation().toJSON(),
[7m   [0m [91m                             ~~~~~~~~~~~~~~~~~[0m

  [96msrc/modules/errands/domain/entities/errand.entity.ts[0m:[93m66[0m:[93m7[0m
    [7m66[0m   get pickupLocation(): LocationVO {
    [7m  [0m [96m      ~~~~~~~~~~~~~~[0m
    'pickupLocation' is declared here.

[96msrc/modules/errands/infrastructure/repositories/errand.repository.impl.ts[0m:[93m333[0m:[93m31[0m - [91merror[0m[90m TS2551: [0mProperty 'getDropoffLocation' does not exist on type 'ErrandEntity'. Did you mean 'dropoffLocation'?

[7m333[0m       dropoffLocation: errand.getDropoffLocation().toJSON(),
[7m   [0m [91m                              ~~~~~~~~~~~~~~~~~~[0m

  [96msrc/modules/errands/domain/entities/errand.entity.ts[0m:[93m70[0m:[93m7[0m
    [7m70[0m   get dropoffLocation(): LocationVO {
    [7m  [0m [96m      ~~~~~~~~~~~~~~~[0m
    'dropoffLocation' is declared here.

[96msrc/modules/errands/infrastructure/repositories/errand.repository.impl.ts[0m:[93m334[0m:[93m29[0m - [91merror[0m[90m TS2551: [0mProperty 'getStartLocation' does not exist on type 'ErrandEntity'. Did you mean 'startLocation'?

[7m334[0m       startLocation: errand.getStartLocation()?.toJSON(),
[7m   [0m [91m                            ~~~~~~~~~~~~~~~~[0m

  [96msrc/modules/errands/domain/entities/errand.entity.ts[0m:[93m154[0m:[93m7[0m
    [7m154[0m   get startLocation(): LocationVO | undefined {
    [7m   [0m [96m      ~~~~~~~~~~~~~[0m
    'startLocation' is declared here.

[96msrc/modules/errands/infrastructure/repositories/errand.repository.impl.ts[0m:[93m335[0m:[93m34[0m - [91merror[0m[90m TS2551: [0mProperty 'getCompletionLocation' does not exist on type 'ErrandEntity'. Did you mean 'completionLocation'?

[7m335[0m       completionLocation: errand.getCompletionLocation()?.toJSON(),
[7m   [0m [91m                                 ~~~~~~~~~~~~~~~~~~~~~[0m

  [96msrc/modules/errands/domain/entities/errand.entity.ts[0m:[93m150[0m:[93m7[0m
    [7m150[0m   get completionLocation(): LocationVO | undefined {
    [7m   [0m [96m      ~~~~~~~~~~~~~~~~~~[0m
    'completionLocation' is declared here.

[96msrc/modules/errands/infrastructure/repositories/errand.repository.impl.ts[0m:[93m336[0m:[93m21[0m - [91merror[0m[90m TS2339: [0mProperty 'getPrice' does not exist on type 'ErrandEntity'.

[7m336[0m       price: errand.getPrice(),
[7m   [0m [91m                    ~~~~~~~~[0m

[96msrc/modules/errands/infrastructure/repositories/errand.repository.impl.ts[0m:[93m337[0m:[93m24[0m - [91merror[0m[90m TS2551: [0mProperty 'getPriority' does not exist on type 'ErrandEntity'. Did you mean 'priority'?

[7m337[0m       priority: errand.getPriority().getValue(),
[7m   [0m [91m                       ~~~~~~~~~~~[0m

  [96msrc/modules/errands/domain/entities/errand.entity.ts[0m:[93m78[0m:[93m7[0m
    [7m78[0m   get priority(): PriorityVO {
    [7m  [0m [96m      ~~~~~~~~[0m
    'priority' is declared here.

[96msrc/modules/errands/infrastructure/repositories/errand.repository.impl.ts[0m:[93m338[0m:[93m24[0m - [91merror[0m[90m TS2551: [0mProperty 'getDeadline' does not exist on type 'ErrandEntity'. Did you mean 'deadline'?

[7m338[0m       deadline: errand.getDeadline(),
[7m   [0m [91m                       ~~~~~~~~~~~[0m

  [96msrc/modules/errands/domain/entities/errand.entity.ts[0m:[93m82[0m:[93m7[0m
    [7m82[0m   get deadline(): Date | undefined {
    [7m  [0m [96m      ~~~~~~~~[0m
    'deadline' is declared here.

[96msrc/modules/errands/infrastructure/repositories/errand.repository.impl.ts[0m:[93m339[0m:[93m33[0m - [91merror[0m[90m TS2339: [0mProperty 'getEstimatedDuration' does not exist on type 'ErrandEntity'.

[7m339[0m       estimatedDuration: errand.getEstimatedDuration(),
[7m   [0m [91m                                ~~~~~~~~~~~~~~~~~~~~[0m

[96msrc/modules/errands/infrastructure/repositories/errand.repository.impl.ts[0m:[93m340[0m:[93m22[0m - [91merror[0m[90m TS2551: [0mProperty 'getStatus' does not exist on type 'ErrandEntity'. Did you mean 'status'?

[7m340[0m       status: errand.getStatus().getValue(),
[7m   [0m [91m                     ~~~~~~~~~[0m

  [96msrc/modules/errands/domain/entities/errand.entity.ts[0m:[93m94[0m:[93m7[0m
    [7m94[0m   get status(): ErrandStatusVO {
    [7m  [0m [96m      ~~~~~~[0m
    'status' is declared here.

[96msrc/modules/errands/infrastructure/repositories/errand.repository.impl.ts[0m:[93m341[0m:[93m26[0m - [91merror[0m[90m TS2551: [0mProperty 'getAssignedTo' does not exist on type 'ErrandEntity'. Did you mean 'assignedTo'?

[7m341[0m       assignedTo: errand.getAssignedTo(),
[7m   [0m [91m                         ~~~~~~~~~~~~~[0m

  [96msrc/modules/errands/domain/entities/errand.entity.ts[0m:[93m98[0m:[93m7[0m
    [7m98[0m   get assignedTo(): string | undefined {
    [7m  [0m [96m      ~~~~~~~~~~[0m
    'assignedTo' is declared here.

[96msrc/modules/errands/infrastructure/repositories/errand.repository.impl.ts[0m:[93m342[0m:[93m25[0m - [91merror[0m[90m TS2551: [0mProperty 'getStartedAt' does not exist on type 'ErrandEntity'. Did you mean 'startedAt'?

[7m342[0m       startedAt: errand.getStartedAt(),
[7m   [0m [91m                        ~~~~~~~~~~~~[0m

  [96msrc/modules/errands/domain/entities/errand.entity.ts[0m:[93m106[0m:[93m7[0m
    [7m106[0m   get startedAt(): Date | undefined {
    [7m   [0m [96m      ~~~~~~~~~[0m
    'startedAt' is declared here.

[96msrc/modules/errands/infrastructure/repositories/errand.repository.impl.ts[0m:[93m343[0m:[93m27[0m - [91merror[0m[90m TS2551: [0mProperty 'getCompletedAt' does not exist on type 'ErrandEntity'. Did you mean 'completedAt'?

[7m343[0m       completedAt: errand.getCompletedAt(),
[7m   [0m [91m                          ~~~~~~~~~~~~~~[0m

  [96msrc/modules/errands/domain/entities/errand.entity.ts[0m:[93m110[0m:[93m7[0m
    [7m110[0m   get completedAt(): Date | undefined {
    [7m   [0m [96m      ~~~~~~~~~~~[0m
    'completedAt' is declared here.

[96msrc/modules/errands/infrastructure/repositories/errand.repository.impl.ts[0m:[93m344[0m:[93m27[0m - [91merror[0m[90m TS2551: [0mProperty 'getCancelledAt' does not exist on type 'ErrandEntity'. Did you mean 'cancelledAt'?

[7m344[0m       cancelledAt: errand.getCancelledAt(),
[7m   [0m [91m                          ~~~~~~~~~~~~~~[0m

  [96msrc/modules/errands/domain/entities/errand.entity.ts[0m:[93m130[0m:[93m7[0m
    [7m130[0m   get cancelledAt(): Date | undefined {
    [7m   [0m [96m      ~~~~~~~~~~~[0m
    'cancelledAt' is declared here.

[96msrc/modules/errands/infrastructure/repositories/errand.repository.impl.ts[0m:[93m345[0m:[93m27[0m - [91merror[0m[90m TS2551: [0mProperty 'getCancelledBy' does not exist on type 'ErrandEntity'. Did you mean 'cancelledBy'?

[7m345[0m       cancelledBy: errand.getCancelledBy(),
[7m   [0m [91m                          ~~~~~~~~~~~~~~[0m

  [96msrc/modules/errands/domain/entities/errand.entity.ts[0m:[93m134[0m:[93m7[0m
    [7m134[0m   get cancelledBy(): string | undefined {
    [7m   [0m [96m      ~~~~~~~~~~~[0m
    'cancelledBy' is declared here.

[96msrc/modules/errands/infrastructure/repositories/errand.repository.impl.ts[0m:[93m346[0m:[93m34[0m - [91merror[0m[90m TS2551: [0mProperty 'getCancellationReason' does not exist on type 'ErrandEntity'. Did you mean 'cancellationReason'?

[7m346[0m       cancellationReason: errand.getCancellationReason(),
[7m   [0m [91m                                 ~~~~~~~~~~~~~~~~~~~~~[0m

  [96msrc/modules/errands/domain/entities/errand.entity.ts[0m:[93m138[0m:[93m7[0m
    [7m138[0m   get cancellationReason(): string | undefined {
    [7m   [0m [96m      ~~~~~~~~~~~~~~~~~~[0m
    'cancellationReason' is declared here.

[96msrc/modules/errands/infrastructure/repositories/errand.repository.impl.ts[0m:[93m347[0m:[93m31[0m - [91merror[0m[90m TS2551: [0mProperty 'getCompletionNotes' does not exist on type 'ErrandEntity'. Did you mean 'completionNotes'?

[7m347[0m       completionNotes: errand.getCompletionNotes(),
[7m   [0m [91m                              ~~~~~~~~~~~~~~~~~~[0m

  [96msrc/modules/errands/domain/entities/errand.entity.ts[0m:[93m146[0m:[93m7[0m
    [7m146[0m   get completionNotes(): string | undefined {
    [7m   [0m [96m      ~~~~~~~~~~~~~~~[0m
    'completionNotes' is declared here.

[96msrc/modules/errands/infrastructure/repositories/errand.repository.impl.ts[0m:[93m348[0m:[93m31[0m - [91merror[0m[90m TS2551: [0mProperty 'getRefundRequested' does not exist on type 'ErrandEntity'. Did you mean 'refundRequested'?

[7m348[0m       refundRequested: errand.getRefundRequested(),
[7m   [0m [91m                              ~~~~~~~~~~~~~~~~~~[0m

  [96msrc/modules/errands/domain/entities/errand.entity.ts[0m:[93m142[0m:[93m7[0m
    [7m142[0m   get refundRequested(): boolean | undefined {
    [7m   [0m [96m      ~~~~~~~~~~~~~~~[0m
    'refundRequested' is declared here.

[96msrc/modules/errands/infrastructure/repositories/errand.repository.impl.ts[0m:[93m349[0m:[93m25[0m - [91merror[0m[90m TS2551: [0mProperty 'getCreatedBy' does not exist on type 'ErrandEntity'. Did you mean 'createdBy'?

[7m349[0m       createdBy: errand.getCreatedBy(),
[7m   [0m [91m                        ~~~~~~~~~~~~[0m

  [96msrc/modules/errands/domain/entities/errand.entity.ts[0m:[93m118[0m:[93m7[0m
    [7m118[0m   get createdBy(): string {
    [7m   [0m [96m      ~~~~~~~~~[0m
    'createdBy' is declared here.

[96msrc/modules/errands/infrastructure/repositories/errand.repository.impl.ts[0m:[93m350[0m:[93m25[0m - [91merror[0m[90m TS2551: [0mProperty 'getCreatedAt' does not exist on type 'ErrandEntity'. Did you mean 'createdAt'?

[7m350[0m       createdAt: errand.getCreatedAt(),
[7m   [0m [91m                        ~~~~~~~~~~~~[0m

  [96msrc/modules/errands/domain/entities/errand.entity.ts[0m:[93m122[0m:[93m7[0m
    [7m122[0m   get createdAt(): Date {
    [7m   [0m [96m      ~~~~~~~~~[0m
    'createdAt' is declared here.

[96msrc/modules/errands/infrastructure/repositories/errand.repository.impl.ts[0m:[93m351[0m:[93m25[0m - [91merror[0m[90m TS2551: [0mProperty 'getUpdatedAt' does not exist on type 'ErrandEntity'. Did you mean 'updatedAt'?

[7m351[0m       updatedAt: errand.getUpdatedAt(),
[7m   [0m [91m                        ~~~~~~~~~~~~[0m

  [96msrc/modules/errands/domain/entities/errand.entity.ts[0m:[93m126[0m:[93m7[0m
    [7m126[0m   get updatedAt(): Date {
    [7m   [0m [96m      ~~~~~~~~~[0m
    'updatedAt' is declared here.

[96msrc/modules/errands/infrastructure/repositories/errand.repository.impl.ts[0m:[93m356[0m:[93m28[0m - [91merror[0m[90m TS2673: [0mConstructor of class 'LocationVO' is private and only accessible within the class declaration.

[7m356[0m     const pickupLocation = new LocationVO(
[7m   [0m [91m                           ~~~~~~~~~~~~~~~[0m
[7m357[0m       data.pickupLocation.address,
[7m   [0m [91m~~~~~~~~~~~~~~~~~~~~~~~~~~~~~~~~~~[0m
[7m...[0m 
[7m360[0m       data.pickupLocation.instructions,
[7m   [0m [91m~~~~~~~~~~~~~~~~~~~~~~~~~~~~~~~~~~~~~~~[0m
[7m361[0m     );
[7m   [0m [91m~~~~~[0m

[96msrc/modules/errands/infrastructure/repositories/errand.repository.impl.ts[0m:[93m363[0m:[93m29[0m - [91merror[0m[90m TS2673: [0mConstructor of class 'LocationVO' is private and only accessible within the class declaration.

[7m363[0m     const dropoffLocation = new LocationVO(
[7m   [0m [91m                            ~~~~~~~~~~~~~~~[0m
[7m364[0m       data.dropoffLocation.address,
[7m   [0m [91m~~~~~~~~~~~~~~~~~~~~~~~~~~~~~~~~~~~[0m
[7m...[0m 
[7m367[0m       data.dropoffLocation.instructions,
[7m   [0m [91m~~~~~~~~~~~~~~~~~~~~~~~~~~~~~~~~~~~~~~~~[0m
[7m368[0m     );
[7m   [0m [91m~~~~~[0m

[96msrc/modules/errands/infrastructure/repositories/errand.repository.impl.ts[0m:[93m371[0m:[93m9[0m - [91merror[0m[90m TS2673: [0mConstructor of class 'LocationVO' is private and only accessible within the class declaration.

[7m371[0m       ? new LocationVO(
[7m   [0m [91m        ~~~~~~~~~~~~~~~[0m
[7m372[0m           data.startLocation.address,
[7m   [0m [91m~~~~~~~~~~~~~~~~~~~~~~~~~~~~~~~~~~~~~[0m
[7m...[0m 
[7m375[0m           data.startLocation.instructions,
[7m   [0m [91m~~~~~~~~~~~~~~~~~~~~~~~~~~~~~~~~~~~~~~~~~~[0m
[7m376[0m         )
[7m   [0m [91m~~~~~~~~~[0m

[96msrc/modules/errands/infrastructure/repositories/errand.repository.impl.ts[0m:[93m380[0m:[93m9[0m - [91merror[0m[90m TS2673: [0mConstructor of class 'LocationVO' is private and only accessible within the class declaration.

[7m380[0m       ? new LocationVO(
[7m   [0m [91m        ~~~~~~~~~~~~~~~[0m
[7m381[0m           data.completionLocation.address,
[7m   [0m [91m~~~~~~~~~~~~~~~~~~~~~~~~~~~~~~~~~~~~~~~~~~[0m
[7m...[0m 
[7m384[0m           data.completionLocation.instructions,
[7m   [0m [91m~~~~~~~~~~~~~~~~~~~~~~~~~~~~~~~~~~~~~~~~~~~~~~~[0m
[7m385[0m         )
[7m   [0m [91m~~~~~~~~~[0m

[96msrc/modules/errands/infrastructure/repositories/errand.repository.impl.ts[0m:[93m388[0m:[93m22[0m - [91merror[0m[90m TS2673: [0mConstructor of class 'PriorityVO' is private and only accessible within the class declaration.

[7m388[0m     const priority = new PriorityVO(data.priority);
[7m   [0m [91m                     ~~~~~~~~~~~~~~~~~~~~~~~~~~~~~[0m

[96msrc/modules/errands/infrastructure/repositories/errand.repository.impl.ts[0m:[93m389[0m:[93m20[0m - [91merror[0m[90m TS2673: [0mConstructor of class 'ErrandStatusVO' is private and only accessible within the class declaration.

[7m389[0m     const status = new ErrandStatusVO(data.status);
[7m   [0m [91m                   ~~~~~~~~~~~~~~~~~~~~~~~~~~~~~~~[0m

[96msrc/modules/errands/infrastructure/repositories/errand.repository.impl.ts[0m:[93m392[0m:[93m7[0m - [91merror[0m[90m TS2673: [0mConstructor of class 'ProofVO' is private and only accessible within the class declaration.

[7m392[0m       new ProofVO(proof.type, proof.url, proof.description)
[7m   [0m [91m      ~~~~~~~~~~~~~~~~~~~~~~~~~~~~~~~~~~~~~~~~~~~~~~~~~~~~~[0m

[96msrc/modules/errands/infrastructure/repositories/errand.repository.impl.ts[0m:[93m408[0m:[93m7[0m - [91merror[0m[90m TS2353: [0mObject literal may only specify known properties, and 'estimatedDuration' does not exist in type 'ErrandProps'.

[7m408[0m       estimatedDuration: data.estimatedDuration,
[7m   [0m [91m      ~~~~~~~~~~~~~~~~~[0m

[96msrc/modules/errands/infrastructure/repositories/errand.repository.impl.ts[0m:[93m450[0m:[93m17[0m - [91merror[0m[90m TS2339: [0mProperty 'userId' does not exist on type 'ErrandFilters'.

[7m450[0m     if (filters.userId) {
[7m   [0m [91m                ~~~~~~[0m

[96msrc/modules/errands/infrastructure/repositories/errand.repository.impl.ts[0m:[93m452[0m:[93m30[0m - [91merror[0m[90m TS2339: [0mProperty 'userId' does not exist on type 'ErrandFilters'.

[7m452[0m         { createdBy: filters.userId },
[7m   [0m [91m                             ~~~~~~[0m

[96msrc/modules/errands/infrastructure/repositories/errand.repository.impl.ts[0m:[93m453[0m:[93m31[0m - [91merror[0m[90m TS2339: [0mProperty 'userId' does not exist on type 'ErrandFilters'.

[7m453[0m         { assignedTo: filters.userId },
[7m   [0m [91m                              ~~~~~~[0m

[96msrc/modules/errands/infrastructure/repositories/errand.repository.impl.ts[0m:[93m457[0m:[93m17[0m - [91merror[0m[90m TS2339: [0mProperty 'minPrice' does not exist on type 'ErrandFilters'.

[7m457[0m     if (filters.minPrice !== undefined || filters.maxPrice !== undefined) {
[7m   [0m [91m                ~~~~~~~~[0m

[96msrc/modules/errands/infrastructure/repositories/errand.repository.impl.ts[0m:[93m457[0m:[93m51[0m - [91merror[0m[90m TS2339: [0mProperty 'maxPrice' does not exist on type 'ErrandFilters'.

[7m457[0m     if (filters.minPrice !== undefined || filters.maxPrice !== undefined) {
[7m   [0m [91m                                                  ~~~~~~~~[0m

[96msrc/modules/errands/infrastructure/repositories/errand.repository.impl.ts[0m:[93m459[0m:[93m19[0m - [91merror[0m[90m TS2339: [0mProperty 'minPrice' does not exist on type 'ErrandFilters'.

[7m459[0m       if (filters.minPrice !== undefined) {
[7m   [0m [91m                  ~~~~~~~~[0m

[96msrc/modules/errands/infrastructure/repositories/errand.repository.impl.ts[0m:[93m460[0m:[93m35[0m - [91merror[0m[90m TS2339: [0mProperty 'minPrice' does not exist on type 'ErrandFilters'.

[7m460[0m         where.price.gte = filters.minPrice;
[7m   [0m [91m                                  ~~~~~~~~[0m

[96msrc/modules/errands/infrastructure/repositories/errand.repository.impl.ts[0m:[93m462[0m:[93m19[0m - [91merror[0m[90m TS2339: [0mProperty 'maxPrice' does not exist on type 'ErrandFilters'.

[7m462[0m       if (filters.maxPrice !== undefined) {
[7m   [0m [91m                  ~~~~~~~~[0m

[96msrc/modules/errands/infrastructure/repositories/errand.repository.impl.ts[0m:[93m463[0m:[93m35[0m - [91merror[0m[90m TS2339: [0mProperty 'maxPrice' does not exist on type 'ErrandFilters'.

[7m463[0m         where.price.lte = filters.maxPrice;
[7m   [0m [91m                                  ~~~~~~~~[0m

[96msrc/modules/errands/infrastructure/repositories/errand.repository.impl.ts[0m:[93m467[0m:[93m17[0m - [91merror[0m[90m TS2339: [0mProperty 'startDate' does not exist on type 'ErrandFilters'.

[7m467[0m     if (filters.startDate || filters.endDate) {
[7m   [0m [91m                ~~~~~~~~~[0m

[96msrc/modules/errands/infrastructure/repositories/errand.repository.impl.ts[0m:[93m467[0m:[93m38[0m - [91merror[0m[90m TS2339: [0mProperty 'endDate' does not exist on type 'ErrandFilters'.

[7m467[0m     if (filters.startDate || filters.endDate) {
[7m   [0m [91m                                     ~~~~~~~[0m

[96msrc/modules/errands/infrastructure/repositories/errand.repository.impl.ts[0m:[93m469[0m:[93m19[0m - [91merror[0m[90m TS2339: [0mProperty 'startDate' does not exist on type 'ErrandFilters'.

[7m469[0m       if (filters.startDate) {
[7m   [0m [91m                  ~~~~~~~~~[0m

[96msrc/modules/errands/infrastructure/repositories/errand.repository.impl.ts[0m:[93m470[0m:[93m39[0m - [91merror[0m[90m TS2339: [0mProperty 'startDate' does not exist on type 'ErrandFilters'.

[7m470[0m         where.createdAt.gte = filters.startDate;
[7m   [0m [91m                                      ~~~~~~~~~[0m

[96msrc/modules/errands/infrastructure/repositories/errand.repository.impl.ts[0m:[93m472[0m:[93m19[0m - [91merror[0m[90m TS2339: [0mProperty 'endDate' does not exist on type 'ErrandFilters'.

[7m472[0m       if (filters.endDate) {
[7m   [0m [91m                  ~~~~~~~[0m

[96msrc/modules/errands/infrastructure/repositories/errand.repository.impl.ts[0m:[93m473[0m:[93m39[0m - [91merror[0m[90m TS2339: [0mProperty 'endDate' does not exist on type 'ErrandFilters'.

[7m473[0m         where.createdAt.lte = filters.endDate;
[7m   [0m [91m                                      ~~~~~~~[0m

[96msrc/modules/errands/infrastructure/seeders/errand-templates.seeder.ts[0m:[93m2[0m:[93m26[0m - [91merror[0m[90m TS2307: [0mCannot find module '../../domain/value-objects/priority' or its corresponding type declarations.

[7m2[0m import { Priority } from '../../domain/value-objects/priority';
[7m [0m [91m                         ~~~~~~~~~~~~~~~~~~~~~~~~~~~~~~~~~~~~~[0m

[96msrc/modules/errands/infrastructure/seeders/errand-templates.seeder.ts[0m:[93m206[0m:[93m14[0m - [91merror[0m[90m TS2353: [0mObject literal may only specify known properties, and 'role' does not exist in type 'UserWhereInput'.

[7m206[0m     where: { role: 'ADMIN' },
[7m   [0m [91m             ~~~~[0m

[96msrc/modules/errands/infrastructure/seeders/errand-templates.seeder.ts[0m:[93m218[0m:[93m9[0m - [91merror[0m[90m TS2353: [0mObject literal may only specify known properties, and 'role' does not exist in type '(Without<UserCreateInput, UserUncheckedCreateInput> & UserUncheckedCreateInput) | (Without<...> & UserCreateInput)'.

[7m218[0m         role: 'ADMIN',
[7m   [0m [91m        ~~~~[0m

  [96mnode_modules/.prisma/client/index.d.ts[0m:[93m8034[0m:[93m5[0m
    [7m8034[0m     data: XOR<UserCreateInput, UserUncheckedCreateInput>
    [7m    [0m [96m    ~~~~[0m
    The expected type comes from property 'data' which is declared here on type '{ select?: UserSelect<DefaultArgs> | null | undefined; omit?: UserOmit<DefaultArgs> | null | undefined; include?: UserInclude<DefaultArgs> | null | undefined; data: (Without<...> & UserUncheckedCreateInput) | (Without<...> & UserCreateInput); }'

[96msrc/modules/errands/presentation/controllers/errand-templates.controller.ts[0m:[93m23[0m:[93m30[0m - [91merror[0m[90m TS2307: [0mCannot find module '../../../../shared/guards/jwt-auth.guard' or its corresponding type declarations.

[7m23[0m import { JwtAuthGuard } from '../../../../shared/guards/jwt-auth.guard';
[7m  [0m [91m                             ~~~~~~~~~~~~~~~~~~~~~~~~~~~~~~~~~~~~~~~~~~[0m

[96msrc/modules/errands/presentation/controllers/errand-templates.controller.ts[0m:[93m24[0m:[93m28[0m - [91merror[0m[90m TS2307: [0mCannot find module '../../../../shared/guards/roles.guard' or its corresponding type declarations.

[7m24[0m import { RolesGuard } from '../../../../shared/guards/roles.guard';
[7m  [0m [91m                           ~~~~~~~~~~~~~~~~~~~~~~~~~~~~~~~~~~~~~~~[0m

[96msrc/modules/errands/presentation/controllers/errand-templates.controller.ts[0m:[93m25[0m:[93m23[0m - [91merror[0m[90m TS2307: [0mCannot find module '../../../../shared/decorators/roles.decorator' or its corresponding type declarations.

[7m25[0m import { Roles } from '../../../../shared/decorators/roles.decorator';
[7m  [0m [91m                      ~~~~~~~~~~~~~~~~~~~~~~~~~~~~~~~~~~~~~~~~~~~~~~~[0m

[96msrc/modules/errands/presentation/controllers/errand-templates.controller.ts[0m:[93m65[0m:[93m5[0m - [91merror[0m[90m TS2739: [0mType 'ErrandTemplateEntity' is missing the following properties from type 'ErrandTemplateResponseDto': requirements, isPublic, creator

[7m65[0m     return await this.errandTemplateService.createTemplate({
[7m  [0m [91m    ~~~~~~[0m

[96msrc/modules/errands/presentation/controllers/errand-templates.controller.ts[0m:[93m87[0m:[93m5[0m - [91merror[0m[90m TS2739: [0mType '{ templates: ErrandTemplateEntity[]; total: number; page: number; limit: number; }' is missing the following properties from type 'PaginatedResponseDto<ErrandTemplateResponseDto>': items, totalPages, hasNext, hasPrev

[7m87[0m     return await this.errandTemplateService.getTemplates({
[7m  [0m [91m    ~~~~~~[0m

[96msrc/modules/errands/presentation/controllers/errand-templates.controller.ts[0m:[93m87[0m:[93m45[0m - [91merror[0m[90m TS2554: [0mExpected 4 arguments, but got 1.

[7m 87[0m     return await this.errandTemplateService.getTemplates({
[7m   [0m [91m                                            ~~~~~~~~~~~~~~[0m
[7m 88[0m       ...queryDto,
[7m   [0m [91m~~~~~~~~~~~~~~~~~~[0m
[7m...[0m 
[7m 90[0m       requestingUserRole: req.user.role,
[7m   [0m [91m~~~~~~~~~~~~~~~~~~~~~~~~~~~~~~~~~~~~~~~~[0m
[7m 91[0m     });
[7m   [0m [91m~~~~~~[0m

  [96msrc/modules/errands/application/services/errand-template.service.ts[0m:[93m153[0m:[93m5[0m
    [7m153[0m     sort: ErrandTemplateSortRequest,
    [7m   [0m [96m    ~~~~~~~~~~~~~~~~~~~~~~~~~~~~~~~[0m
    An argument for 'sort' was not provided.

[96msrc/modules/errands/presentation/controllers/errand-templates.controller.ts[0m:[93m109[0m:[93m5[0m - [91merror[0m[90m TS2740: [0mType '{ templates: ErrandTemplateEntity[]; total: number; }' is missing the following properties from type 'PaginatedResponseDto<ErrandTemplateResponseDto>': items, page, limit, totalPages, and 2 more.

[7m109[0m     return await this.errandTemplateService.getPublicTemplates(queryDto);
[7m   [0m [91m    ~~~~~~[0m

[96msrc/modules/errands/presentation/controllers/errand-templates.controller.ts[0m:[93m109[0m:[93m64[0m - [91merror[0m[90m TS2345: [0mArgument of type 'QueryErrandTemplatesDto' is not assignable to parameter of type 'PaginationRequest'.
  Types of property 'page' are incompatible.
    Type 'number | undefined' is not assignable to type 'number'.
      Type 'undefined' is not assignable to type 'number'.

[7m109[0m     return await this.errandTemplateService.getPublicTemplates(queryDto);
[7m   [0m [91m                                                               ~~~~~~~~[0m

[96msrc/modules/errands/presentation/controllers/errand-templates.controller.ts[0m:[93m128[0m:[93m45[0m - [91merror[0m[90m TS2339: [0mProperty 'getCategories' does not exist on type 'ErrandTemplateService'.

[7m128[0m     return await this.errandTemplateService.getCategories();
[7m   [0m [91m                                            ~~~~~~~~~~~~~[0m

[96msrc/modules/errands/presentation/controllers/errand-templates.controller.ts[0m:[93m147[0m:[93m45[0m - [91merror[0m[90m TS2339: [0mProperty 'getTags' does not exist on type 'ErrandTemplateService'.

[7m147[0m     return await this.errandTemplateService.getTags();
[7m   [0m [91m                                            ~~~~~~~[0m

[96msrc/modules/errands/presentation/controllers/errand-templates.controller.ts[0m:[93m166[0m:[93m5[0m - [91merror[0m[90m TS2322: [0mType 'ErrandTemplateEntity[]' is not assignable to type 'ErrandTemplateResponseDto[]'.
  Type 'ErrandTemplateEntity' is not assignable to type 'ErrandTemplateResponseDto'.

[7m166[0m     return await this.errandTemplateService.getMostUsedTemplates({
[7m   [0m [91m    ~~~~~~[0m

[96msrc/modules/errands/presentation/controllers/errand-templates.controller.ts[0m:[93m166[0m:[93m66[0m - [91merror[0m[90m TS2345: [0mArgument of type '{ limit: number; }' is not assignable to parameter of type 'number'.

[7m166[0m     return await this.errandTemplateService.getMostUsedTemplates({
[7m   [0m [91m                                                                 ~[0m
[7m167[0m       limit: limit || 10,
[7m   [0m [91m~~~~~~~~~~~~~~~~~~~~~~~~~[0m
[7m168[0m     });
[7m   [0m [91m~~~~~[0m

[96msrc/modules/errands/presentation/controllers/errand-templates.controller.ts[0m:[93m187[0m:[93m5[0m - [91merror[0m[90m TS2322: [0mType 'ErrandTemplateEntity[]' is not assignable to type 'ErrandTemplateResponseDto[]'.

[7m187[0m     return await this.errandTemplateService.getRecentTemplates({
[7m   [0m [91m    ~~~~~~[0m

[96msrc/modules/errands/presentation/controllers/errand-templates.controller.ts[0m:[93m187[0m:[93m64[0m - [91merror[0m[90m TS2345: [0mArgument of type '{ limit: number; }' is not assignable to parameter of type 'number'.

[7m187[0m     return await this.errandTemplateService.getRecentTemplates({
[7m   [0m [91m                                                               ~[0m
[7m188[0m       limit: limit || 10,
[7m   [0m [91m~~~~~~~~~~~~~~~~~~~~~~~~~[0m
[7m189[0m     });
[7m   [0m [91m~~~~~[0m

[96msrc/modules/errands/presentation/controllers/errand-templates.controller.ts[0m:[93m215[0m:[93m16[0m - [91merror[0m[90m TS1016: [0mA required parameter cannot follow an optional parameter.

[7m215[0m     @Request() req: any,
[7m   [0m [91m               ~~~[0m

[96msrc/modules/errands/presentation/controllers/errand-templates.controller.ts[0m:[93m217[0m:[93m5[0m - [91merror[0m[90m TS2740: [0mType '{ templates: ErrandTemplateEntity[]; total: number; }' is missing the following properties from type 'PaginatedResponseDto<ErrandTemplateResponseDto>': items, page, limit, totalPages, and 2 more.

[7m217[0m     return await this.errandTemplateService.searchTemplates({
[7m   [0m [91m    ~~~~~~[0m

[96msrc/modules/errands/presentation/controllers/errand-templates.controller.ts[0m:[93m217[0m:[93m61[0m - [91merror[0m[90m TS2345: [0mArgument of type '{ query: string; page: number; limit: number; requestingUserId: any; requestingUserRole: any; }' is not assignable to parameter of type 'string'.

[7m217[0m     return await this.errandTemplateService.searchTemplates({
[7m   [0m [91m                                                            ~[0m
[7m218[0m       query,
[7m   [0m [91m~~~~~~~~~~~~[0m
[7m...[0m 
[7m222[0m       requestingUserRole: req.user.role,
[7m   [0m [91m~~~~~~~~~~~~~~~~~~~~~~~~~~~~~~~~~~~~~~~~[0m
[7m223[0m     });
[7m   [0m [91m~~~~~[0m

[96msrc/modules/errands/presentation/controllers/errand-templates.controller.ts[0m:[93m239[0m:[93m45[0m - [91merror[0m[90m TS2339: [0mProperty 'getStatistics' does not exist on type 'ErrandTemplateService'.

[7m239[0m     return await this.errandTemplateService.getStatistics();
[7m   [0m [91m                                            ~~~~~~~~~~~~~[0m

[96msrc/modules/errands/presentation/controllers/errand-templates.controller.ts[0m:[93m263[0m:[93m5[0m - [91merror[0m[90m TS2322: [0mType 'ErrandTemplateEntity' is not assignable to type 'ErrandTemplateResponseDto'.

[7m263[0m     return await this.errandTemplateService.getTemplateById({
[7m   [0m [91m    ~~~~~~[0m

[96msrc/modules/errands/presentation/controllers/errand-templates.controller.ts[0m:[93m263[0m:[93m45[0m - [91merror[0m[90m TS2554: [0mExpected 2 arguments, but got 1.

[7m263[0m     return await this.errandTemplateService.getTemplateById({
[7m   [0m [91m                                            ~~~~~~~~~~~~~~~~~[0m
[7m264[0m       id,
[7m   [0m [91m~~~~~~~~~[0m
[7m...[0m 
[7m266[0m       requestingUserRole: req.user.role,
[7m   [0m [91m~~~~~~~~~~~~~~~~~~~~~~~~~~~~~~~~~~~~~~~~[0m
[7m267[0m     });
[7m   [0m [91m~~~~~~[0m

  [96msrc/modules/errands/application/services/errand-template.service.ts[0m:[93m137[0m:[93m37[0m
    [7m137[0m   async getTemplateById(id: string, userId: string): Promise<ErrandTemplateEntity> {
    [7m   [0m [96m                                    ~~~~~~~~~~~~~~[0m
    An argument for 'userId' was not provided.

[96msrc/modules/errands/presentation/controllers/errand-templates.controller.ts[0m:[93m296[0m:[93m5[0m - [91merror[0m[90m TS2322: [0mType 'ErrandTemplateEntity' is not assignable to type 'ErrandTemplateResponseDto'.

[7m296[0m     return await this.errandTemplateService.updateTemplate({
[7m   [0m [91m    ~~~~~~[0m

[96msrc/modules/errands/presentation/controllers/errand-templates.controller.ts[0m:[93m296[0m:[93m45[0m - [91merror[0m[90m TS2554: [0mExpected 3 arguments, but got 1.

[7m296[0m     return await this.errandTemplateService.updateTemplate({
[7m   [0m [91m                                            ~~~~~~~~~~~~~~~~[0m
[7m297[0m       id,
[7m   [0m [91m~~~~~~~~~[0m
[7m...[0m 
[7m300[0m       updaterRole: req.user.role,
[7m   [0m [91m~~~~~~~~~~~~~~~~~~~~~~~~~~~~~~~~~[0m
[7m301[0m     });
[7m   [0m [91m~~~~~~[0m

  [96msrc/modules/errands/application/services/errand-template.service.ts[0m:[93m189[0m:[93m5[0m
    [7m189[0m     request: UpdateErrandTemplateRequest,
    [7m   [0m [96m    ~~~~~~~~~~~~~~~~~~~~~~~~~~~~~~~~~~~~[0m
    An argument for 'request' was not provided.

[96msrc/modules/errands/presentation/controllers/errand-templates.controller.ts[0m:[93m324[0m:[93m38[0m - [91merror[0m[90m TS2554: [0mExpected 2 arguments, but got 1.

[7m324[0m     await this.errandTemplateService.deleteTemplate({
[7m   [0m [91m                                     ~~~~~~~~~~~~~~~~[0m
[7m325[0m       id,
[7m   [0m [91m~~~~~~~~~[0m
[7m...[0m 
[7m327[0m       deleterRole: req.user.role,
[7m   [0m [91m~~~~~~~~~~~~~~~~~~~~~~~~~~~~~~~~~[0m
[7m328[0m     });
[7m   [0m [91m~~~~~~[0m

  [96msrc/modules/errands/application/services/errand-template.service.ts[0m:[93m253[0m:[93m36[0m
    [7m253[0m   async deleteTemplate(id: string, userId: string): Promise<void> {
    [7m   [0m [96m                                   ~~~~~~~~~~~~~~[0m
    An argument for 'userId' was not provided.

[96msrc/modules/errands/presentation/controllers/errand-templates.controller.ts[0m:[93m352[0m:[93m5[0m - [91merror[0m[90m TS2322: [0mType 'ErrandTemplateEntity' is not assignable to type 'ErrandTemplateResponseDto'.

[7m352[0m     return await this.errandTemplateService.activateTemplate({
[7m   [0m [91m    ~~~~~~[0m

[96msrc/modules/errands/presentation/controllers/errand-templates.controller.ts[0m:[93m352[0m:[93m45[0m - [91merror[0m[90m TS2554: [0mExpected 2 arguments, but got 1.

[7m352[0m     return await this.errandTemplateService.activateTemplate({
[7m   [0m [91m                                            ~~~~~~~~~~~~~~~~~~[0m
[7m353[0m       id,
[7m   [0m [91m~~~~~~~~~[0m
[7m...[0m 
[7m355[0m       activatorRole: req.user.role,
[7m   [0m [91m~~~~~~~~~~~~~~~~~~~~~~~~~~~~~~~~~~~[0m
[7m356[0m     });
[7m   [0m [91m~~~~~~[0m

  [96msrc/modules/errands/application/services/errand-template.service.ts[0m:[93m264[0m:[93m38[0m
    [7m264[0m   async activateTemplate(id: string, userId: string): Promise<ErrandTemplateEntity> {
    [7m   [0m [96m                                     ~~~~~~~~~~~~~~[0m
    An argument for 'userId' was not provided.

[96msrc/modules/errands/presentation/controllers/errand-templates.controller.ts[0m:[93m380[0m:[93m5[0m - [91merror[0m[90m TS2322: [0mType 'ErrandTemplateEntity' is not assignable to type 'ErrandTemplateResponseDto'.

[7m380[0m     return await this.errandTemplateService.deactivateTemplate({
[7m   [0m [91m    ~~~~~~[0m

[96msrc/modules/errands/presentation/controllers/errand-templates.controller.ts[0m:[93m380[0m:[93m45[0m - [91merror[0m[90m TS2554: [0mExpected 2 arguments, but got 1.

[7m380[0m     return await this.errandTemplateService.deactivateTemplate({
[7m   [0m [91m                                            ~~~~~~~~~~~~~~~~~~~~[0m
[7m381[0m       id,
[7m   [0m [91m~~~~~~~~~[0m
[7m...[0m 
[7m383[0m       deactivatorRole: req.user.role,
[7m   [0m [91m~~~~~~~~~~~~~~~~~~~~~~~~~~~~~~~~~~~~~[0m
[7m384[0m     });
[7m   [0m [91m~~~~~~[0m

  [96msrc/modules/errands/application/services/errand-template.service.ts[0m:[93m276[0m:[93m40[0m
    [7m276[0m   async deactivateTemplate(id: string, userId: string): Promise<ErrandTemplateEntity> {
    [7m   [0m [96m                                       ~~~~~~~~~~~~~~[0m
    An argument for 'userId' was not provided.

[96msrc/modules/errands/presentation/controllers/errand-templates.controller.ts[0m:[93m408[0m:[93m5[0m - [91merror[0m[90m TS2322: [0mType 'ErrandTemplateEntity' is not assignable to type 'ErrandTemplateResponseDto'.

[7m408[0m     return await this.errandTemplateService.useTemplate({
[7m   [0m [91m    ~~~~~~[0m

[96msrc/modules/errands/presentation/controllers/errand-templates.controller.ts[0m:[93m408[0m:[93m45[0m - [91merror[0m[90m TS2554: [0mExpected 2 arguments, but got 1.

[7m408[0m     return await this.errandTemplateService.useTemplate({
[7m   [0m [91m                                            ~~~~~~~~~~~~~[0m
[7m409[0m       id,
[7m   [0m [91m~~~~~~~~~[0m
[7m410[0m       usedBy: req.user.id,
[7m   [0m [91m~~~~~~~~~~~~~~~~~~~~~~~~~~[0m
[7m411[0m     });
[7m   [0m [91m~~~~~~[0m

  [96msrc/modules/errands/application/services/errand-template.service.ts[0m:[93m288[0m:[93m33[0m
    [7m288[0m   async useTemplate(id: string, userId: string): Promise<ErrandTemplateEntity> {
    [7m   [0m [96m                                ~~~~~~~~~~~~~~[0m
    An argument for 'userId' was not provided.

[96msrc/modules/errands/presentation/controllers/errands.controller.ts[0m:[93m23[0m:[93m30[0m - [91merror[0m[90m TS2307: [0mCannot find module '../../../../shared/guards/jwt-auth.guard' or its corresponding type declarations.

[7m23[0m import { JwtAuthGuard } from '../../../../shared/guards/jwt-auth.guard';
[7m  [0m [91m                             ~~~~~~~~~~~~~~~~~~~~~~~~~~~~~~~~~~~~~~~~~~[0m

[96msrc/modules/errands/presentation/controllers/errands.controller.ts[0m:[93m24[0m:[93m28[0m - [91merror[0m[90m TS2307: [0mCannot find module '../../../../shared/guards/roles.guard' or its corresponding type declarations.

[7m24[0m import { RolesGuard } from '../../../../shared/guards/roles.guard';
[7m  [0m [91m                           ~~~~~~~~~~~~~~~~~~~~~~~~~~~~~~~~~~~~~~~[0m

[96msrc/modules/errands/presentation/controllers/errands.controller.ts[0m:[93m25[0m:[93m23[0m - [91merror[0m[90m TS2307: [0mCannot find module '../../../../shared/decorators/roles.decorator' or its corresponding type declarations.

[7m25[0m import { Roles } from '../../../../shared/decorators/roles.decorator';
[7m  [0m [91m                      ~~~~~~~~~~~~~~~~~~~~~~~~~~~~~~~~~~~~~~~~~~~~~~~[0m

[96msrc/modules/errands/presentation/controllers/errands.controller.ts[0m:[93m67[0m:[93m68[0m - [91merror[0m[90m TS2345: [0mArgument of type '{ createdBy: any; title: string; description: string; category: string; requirements?: string[] | undefined; pickupLocation: LocationDto; dropoffLocation: LocationDto; ... 4 more ...; templateId?: string | undefined; }' is not assignable to parameter of type 'CreateErrandRequest'.
  Types of property 'deadline' are incompatible.
    Type 'string | undefined' is not assignable to type 'Date | undefined'.
      Type 'string' is not assignable to type 'Date'.

[7m67[0m     const errand = await this.errandManagementService.createErrand({
[7m  [0m [91m                                                                   ~[0m
[7m68[0m       ...createErrandDto,
[7m  [0m [91m~~~~~~~~~~~~~~~~~~~~~~~~~[0m
[7m69[0m       createdBy: req.user.id,
[7m  [0m [91m~~~~~~~~~~~~~~~~~~~~~~~~~~~~~[0m
[7m70[0m     });
[7m  [0m [91m~~~~~[0m

[96msrc/modules/errands/presentation/controllers/errands.controller.ts[0m:[93m71[0m:[93m5[0m - [91merror[0m[90m TS2741: [0mProperty 'creator' is missing in type 'ErrandEntity' but required in type 'ErrandResponseDto'.

[7m71[0m     return errand;
[7m  [0m [91m    ~~~~~~[0m

  [96msrc/modules/errands/presentation/dtos/errand-response.dto.ts[0m:[93m120[0m:[93m3[0m
    [7m120[0m   creator: UserResponseDto;
    [7m   [0m [96m  ~~~~~~~[0m
    'creator' is declared here.

[96msrc/modules/errands/presentation/controllers/errands.controller.ts[0m:[93m90[0m:[93m5[0m - [91merror[0m[90m TS2739: [0mType '{ errands: ErrandEntity[]; total: number; page: number; limit: number; }' is missing the following properties from type 'PaginatedResponseDto<ErrandResponseDto>': items, totalPages, hasNext, hasPrev

[7m90[0m     return await this.errandManagementService.getErrands({
[7m  [0m [91m    ~~~~~~[0m

[96msrc/modules/errands/presentation/controllers/errands.controller.ts[0m:[93m90[0m:[93m47[0m - [91merror[0m[90m TS2554: [0mExpected 4 arguments, but got 1.

[7m 90[0m     return await this.errandManagementService.getErrands({
[7m   [0m [91m                                              ~~~~~~~~~~~~[0m
[7m 91[0m       ...queryDto,
[7m   [0m [91m~~~~~~~~~~~~~~~~~~[0m
[7m...[0m 
[7m 93[0m       requestingUserRole: req.user.role,
[7m   [0m [91m~~~~~~~~~~~~~~~~~~~~~~~~~~~~~~~~~~~~~~~~[0m
[7m 94[0m     });
[7m   [0m [91m~~~~~~[0m

  [96msrc/modules/errands/application/services/errand-management.service.ts[0m:[93m183[0m:[93m5[0m
    [7m183[0m     sort: ErrandSortRequest,
    [7m   [0m [96m    ~~~~~~~~~~~~~~~~~~~~~~~[0m
    An argument for 'sort' was not provided.

[96msrc/modules/errands/presentation/controllers/errands.controller.ts[0m:[93m113[0m:[93m5[0m - [91merror[0m[90m TS2740: [0mType '{ errands: ErrandEntity[]; total: number; }' is missing the following properties from type 'PaginatedResponseDto<ErrandResponseDto>': items, page, limit, totalPages, and 2 more.

[7m113[0m     return await this.errandManagementService.getAvailableErrands({
[7m   [0m [91m    ~~~~~~[0m

[96msrc/modules/errands/presentation/controllers/errands.controller.ts[0m:[93m115[0m:[93m7[0m - [91merror[0m[90m TS2353: [0mObject literal may only specify known properties, and 'driverId' does not exist in type '{ latitude: number; longitude: number; radius: number; }'.

[7m115[0m       driverId: req.user.id,
[7m   [0m [91m      ~~~~~~~~[0m

[96msrc/modules/errands/presentation/controllers/errands.controller.ts[0m:[93m135[0m:[93m5[0m - [91merror[0m[90m TS2740: [0mType '{ errands: ErrandEntity[]; total: number; }' is missing the following properties from type 'PaginatedResponseDto<ErrandResponseDto>': items, page, limit, totalPages, and 2 more.

[7m135[0m     return await this.errandManagementService.getErrandsByUser({
[7m   [0m [91m    ~~~~~~[0m

[96msrc/modules/errands/presentation/controllers/errands.controller.ts[0m:[93m135[0m:[93m47[0m - [91merror[0m[90m TS2554: [0mExpected 2-3 arguments, but got 1.

[7m135[0m     return await this.errandManagementService.getErrandsByUser({
[7m   [0m [91m                                              ~~~~~~~~~~~~~~~~~~[0m
[7m136[0m       ...queryDto,
[7m   [0m [91m~~~~~~~~~~~~~~~~~~[0m
[7m...[0m 
[7m138[0m       userRole: req.user.role,
[7m   [0m [91m~~~~~~~~~~~~~~~~~~~~~~~~~~~~~~[0m
[7m139[0m     });
[7m   [0m [91m~~~~~~[0m

  [96msrc/modules/errands/application/services/errand-management.service.ts[0m:[93m472[0m:[93m5[0m
    [7m472[0m     type: 'created' | 'assigned',
    [7m   [0m [96m    ~~~~~~~~~~~~~~~~~~~~~~~~~~~~[0m
    An argument for 'type' was not provided.

[96msrc/modules/errands/presentation/controllers/errands.controller.ts[0m:[93m157[0m:[93m47[0m - [91merror[0m[90m TS2339: [0mProperty 'getStatistics' does not exist on type 'ErrandManagementService'.

[7m157[0m     return await this.errandManagementService.getStatistics({
[7m   [0m [91m                                              ~~~~~~~~~~~~~[0m

[96msrc/modules/errands/presentation/controllers/errands.controller.ts[0m:[93m184[0m:[93m5[0m - [91merror[0m[90m TS2322: [0mType 'ErrandEntity' is not assignable to type 'ErrandResponseDto'.

[7m184[0m     return await this.errandManagementService.getErrandById({
[7m   [0m [91m    ~~~~~~[0m

[96msrc/modules/errands/presentation/controllers/errands.controller.ts[0m:[93m184[0m:[93m47[0m - [91merror[0m[90m TS2554: [0mExpected 2 arguments, but got 1.

[7m184[0m     return await this.errandManagementService.getErrandById({
[7m   [0m [91m                                              ~~~~~~~~~~~~~~~[0m
[7m185[0m       id,
[7m   [0m [91m~~~~~~~~~[0m
[7m...[0m 
[7m187[0m       requestingUserRole: req.user.role,
[7m   [0m [91m~~~~~~~~~~~~~~~~~~~~~~~~~~~~~~~~~~~~~~~~[0m
[7m188[0m     });
[7m   [0m [91m~~~~~~[0m

  [96msrc/modules/errands/application/services/errand-management.service.ts[0m:[93m167[0m:[93m35[0m
    [7m167[0m   async getErrandById(id: string, userId: string): Promise<ErrandEntity> {
    [7m   [0m [96m                                  ~~~~~~~~~~~~~~[0m
    An argument for 'userId' was not provided.

[96msrc/modules/errands/presentation/controllers/errands.controller.ts[0m:[93m217[0m:[93m5[0m - [91merror[0m[90m TS2322: [0mType 'ErrandEntity' is not assignable to type 'ErrandResponseDto'.

[7m217[0m     return await this.errandManagementService.updateErrand({
[7m   [0m [91m    ~~~~~~[0m

[96msrc/modules/errands/presentation/controllers/errands.controller.ts[0m:[93m217[0m:[93m47[0m - [91merror[0m[90m TS2554: [0mExpected 3 arguments, but got 1.

[7m217[0m     return await this.errandManagementService.updateErrand({
[7m   [0m [91m                                              ~~~~~~~~~~~~~~[0m
[7m218[0m       id,
[7m   [0m [91m~~~~~~~~~[0m
[7m...[0m 
[7m221[0m       updaterRole: req.user.role,
[7m   [0m [91m~~~~~~~~~~~~~~~~~~~~~~~~~~~~~~~~~[0m
[7m222[0m     });
[7m   [0m [91m~~~~~~[0m

  [96msrc/modules/errands/application/services/errand-management.service.ts[0m:[93m221[0m:[93m5[0m
    [7m221[0m     request: UpdateErrandRequest,
    [7m   [0m [96m    ~~~~~~~~~~~~~~~~~~~~~~~~~~~~[0m
    An argument for 'request' was not provided.

[96msrc/modules/errands/presentation/controllers/errands.controller.ts[0m:[93m251[0m:[93m5[0m - [91merror[0m[90m TS2322: [0mType 'ErrandEntity' is not assignable to type 'ErrandResponseDto'.

[7m251[0m     return await this.errandManagementService.assignErrand({
[7m   [0m [91m    ~~~~~~[0m

[96msrc/modules/errands/presentation/controllers/errands.controller.ts[0m:[93m251[0m:[93m47[0m - [91merror[0m[90m TS2554: [0mExpected 2 arguments, but got 1.

[7m251[0m     return await this.errandManagementService.assignErrand({
[7m   [0m [91m                                              ~~~~~~~~~~~~~~[0m
[7m252[0m       errandId: id,
[7m   [0m [91m~~~~~~~~~~~~~~~~~~~[0m
[7m...[0m 
[7m256[0m       notes: assignErrandDto.notes,
[7m   [0m [91m~~~~~~~~~~~~~~~~~~~~~~~~~~~~~~~~~~~[0m
[7m257[0m     });
[7m   [0m [91m~~~~~~[0m

  [96msrc/modules/errands/application/services/errand-management.service.ts[0m:[93m266[0m:[93m5[0m
    [7m266[0m     request: AssignErrandRequest,
    [7m   [0m [96m    ~~~~~~~~~~~~~~~~~~~~~~~~~~~~[0m
    An argument for 'request' was not provided.

[96msrc/modules/errands/presentation/controllers/errands.controller.ts[0m:[93m285[0m:[93m5[0m - [91merror[0m[90m TS2322: [0mType 'ErrandEntity' is not assignable to type 'ErrandResponseDto'.

[7m285[0m     return await this.errandManagementService.startErrand({
[7m   [0m [91m    ~~~~~~[0m

[96msrc/modules/errands/presentation/controllers/errands.controller.ts[0m:[93m285[0m:[93m47[0m - [91merror[0m[90m TS2554: [0mExpected 2 arguments, but got 1.

[7m285[0m     return await this.errandManagementService.startErrand({
[7m   [0m [91m                                              ~~~~~~~~~~~~~[0m
[7m286[0m       errandId: id,
[7m   [0m [91m~~~~~~~~~~~~~~~~~~~[0m
[7m287[0m       driverId: req.user.id,
[7m   [0m [91m~~~~~~~~~~~~~~~~~~~~~~~~~~~~[0m
[7m288[0m     });
[7m   [0m [91m~~~~~~[0m

  [96msrc/modules/errands/application/services/errand-management.service.ts[0m:[93m306[0m:[93m5[0m
    [7m306[0m     request: StartErrandRequest,
    [7m   [0m [96m    ~~~~~~~~~~~~~~~~~~~~~~~~~~~[0m
    An argument for 'request' was not provided.

[96msrc/modules/errands/presentation/controllers/errands.controller.ts[0m:[93m317[0m:[93m5[0m - [91merror[0m[90m TS2322: [0mType 'ErrandEntity' is not assignable to type 'ErrandResponseDto'.

[7m317[0m     return await this.errandManagementService.completeErrand({
[7m   [0m [91m    ~~~~~~[0m

[96msrc/modules/errands/presentation/controllers/errands.controller.ts[0m:[93m317[0m:[93m47[0m - [91merror[0m[90m TS2554: [0mExpected 2 arguments, but got 1.

[7m317[0m     return await this.errandManagementService.completeErrand({
[7m   [0m [91m                                              ~~~~~~~~~~~~~~~~[0m
[7m318[0m       errandId: id,
[7m   [0m [91m~~~~~~~~~~~~~~~~~~~[0m
[7m...[0m 
[7m320[0m       completionNotes: body.completionNotes,
[7m   [0m [91m~~~~~~~~~~~~~~~~~~~~~~~~~~~~~~~~~~~~~~~~~~~~[0m
[7m321[0m     });
[7m   [0m [91m~~~~~~[0m

  [96msrc/modules/errands/application/services/errand-management.service.ts[0m:[93m343[0m:[93m5[0m
    [7m343[0m     request: CompleteErrandRequest,
    [7m   [0m [96m    ~~~~~~~~~~~~~~~~~~~~~~~~~~~~~~[0m
    An argument for 'request' was not provided.

[96msrc/modules/errands/presentation/controllers/errands.controller.ts[0m:[93m350[0m:[93m5[0m - [91merror[0m[90m TS2322: [0mType 'ErrandEntity' is not assignable to type 'ErrandResponseDto'.

[7m350[0m     return await this.errandManagementService.cancelErrand({
[7m   [0m [91m    ~~~~~~[0m

[96msrc/modules/errands/presentation/controllers/errands.controller.ts[0m:[93m350[0m:[93m47[0m - [91merror[0m[90m TS2554: [0mExpected 2 arguments, but got 1.

[7m350[0m     return await this.errandManagementService.cancelErrand({
[7m   [0m [91m                                              ~~~~~~~~~~~~~~[0m
[7m351[0m       errandId: id,
[7m   [0m [91m~~~~~~~~~~~~~~~~~~~[0m
[7m...[0m 
[7m353[0m       cancellationReason: body.cancellationReason,
[7m   [0m [91m~~~~~~~~~~~~~~~~~~~~~~~~~~~~~~~~~~~~~~~~~~~~~~~~~~[0m
[7m354[0m     });
[7m   [0m [91m~~~~~~[0m

  [96msrc/modules/errands/application/services/errand-management.service.ts[0m:[93m391[0m:[93m5[0m
    [7m391[0m     request: CancelErrandRequest,
    [7m   [0m [96m    ~~~~~~~~~~~~~~~~~~~~~~~~~~~~[0m
    An argument for 'request' was not provided.

[96msrc/modules/errands/presentation/controllers/errands.controller.ts[0m:[93m383[0m:[93m47[0m - [91merror[0m[90m TS2339: [0mProperty 'addProof' does not exist on type 'ErrandManagementService'.

[7m383[0m     return await this.errandManagementService.addProof({
[7m   [0m [91m                                              ~~~~~~~~[0m

[96msrc/modules/errands/presentation/controllers/errands.controller.ts[0m:[93m413[0m:[93m16[0m - [91merror[0m[90m TS1016: [0mA required parameter cannot follow an optional parameter.

[7m413[0m     @Request() req: any,
[7m   [0m [91m               ~~~[0m

[96msrc/modules/errands/presentation/dtos/errand-template.dto.ts[0m:[93m12[0m:[93m3[0m - [91merror[0m[90m TS2305: [0mModule '"class-validator"' has no exported member 'Transform'.

[7m12[0m   Transform,
[7m  [0m [91m  ~~~~~~~~~[0m

[96msrc/modules/errands/presentation/dtos/errand-template.dto.ts[0m:[93m217[0m:[93m4[0m - [91merror[0m[90m TS2304: [0mCannot find name 'Max'.

[7m217[0m   @Max(100)
[7m   [0m [91m   ~~~[0m

[96msrc/modules/errands/presentation/dtos/query-errands.dto.ts[0m:[93m12[0m:[93m3[0m - [91merror[0m[90m TS2305: [0mModule '"class-validator"' has no exported member 'Transform'.

[7m12[0m   Transform,
[7m  [0m [91m  ~~~~~~~~~[0m

[96msrc/modules/marketplace/application/services/cart.application.service.ts[0m:[93m95[0m:[93m40[0m - [91merror[0m[90m TS2339: [0mProperty 'create' does not exist on type 'CartRepository'.

[7m95[0m       cart = await this.cartRepository.create(cart);
[7m  [0m [91m                                       ~~~~~~[0m

[96msrc/modules/marketplace/application/services/cart.application.service.ts[0m:[93m98[0m:[93m5[0m - [91merror[0m[90m TS2322: [0mType 'Cart | null' is not assignable to type 'Cart'.
  Type 'null' is not assignable to type 'Cart'.

[7m98[0m     return cart;
[7m  [0m [91m    ~~~~~~[0m

[96msrc/modules/marketplace/application/services/cart.application.service.ts[0m:[93m115[0m:[93m18[0m - [91merror[0m[90m TS6234: [0mThis expression is not callable because it is a 'get' accessor. Did you mean to use it without '()'?
  Type 'Boolean' has no call signatures.

[7m115[0m     if (!product.isActive()) {
[7m   [0m [91m                 ~~~~~~~~[0m

[96msrc/modules/marketplace/application/services/cart.application.service.ts[0m:[93m119[0m:[93m17[0m - [91merror[0m[90m TS2339: [0mProperty 'getStock' does not exist on type 'Product'.

[7m119[0m     if (product.getStock() < data.quantity) {
[7m   [0m [91m                ~~~~~~~~[0m

[96msrc/modules/marketplace/application/services/cart.application.service.ts[0m:[93m124[0m:[93m53[0m - [91merror[0m[90m TS2339: [0mProperty 'addItem' does not exist on type 'CartService'.

[7m124[0m     const validationResult = await this.cartService.addItem(
[7m   [0m [91m                                                    ~~~~~~~[0m

[96msrc/modules/marketplace/application/services/cart.application.service.ts[0m:[93m146[0m:[93m23[0m - [91merror[0m[90m TS2339: [0mProperty 'getItems' does not exist on type 'Cart'.

[7m146[0m     const item = cart.getItems().find(item => item.getId() === itemId);
[7m   [0m [91m                      ~~~~~~~~[0m

[96msrc/modules/marketplace/application/services/cart.application.service.ts[0m:[93m156[0m:[93m17[0m - [91merror[0m[90m TS2339: [0mProperty 'getStock' does not exist on type 'Product'.

[7m156[0m     if (product.getStock() < data.quantity) {
[7m   [0m [91m                ~~~~~~~~[0m

[96msrc/modules/marketplace/application/services/cart.application.service.ts[0m:[93m161[0m:[93m53[0m - [91merror[0m[90m TS2339: [0mProperty 'updateItem' does not exist on type 'CartService'.

[7m161[0m     const validationResult = await this.cartService.updateItem(
[7m   [0m [91m                                                    ~~~~~~~~~~[0m

[96msrc/modules/marketplace/application/services/cart.application.service.ts[0m:[93m182[0m:[93m28[0m - [91merror[0m[90m TS2339: [0mProperty 'removeItem' does not exist on type 'CartService'.

[7m182[0m     await this.cartService.removeItem(cart, itemId);
[7m   [0m [91m                           ~~~~~~~~~~[0m

[96msrc/modules/marketplace/application/services/cart.application.service.ts[0m:[93m210[0m:[93m5[0m - [91merror[0m[90m TS2322: [0mType 'import("C:/Users/user/Desktop/ntumai/backend/src/modules/marketplace/domain/services/cart.service").CartValidationResult' is not assignable to type 'import("C:/Users/user/Desktop/ntumai/backend/src/modules/marketplace/application/services/cart.application.service").CartValidationResult'.
  Types of property 'errors' are incompatible.
    Type 'string[]' is not assignable to type '{ itemId?: string | undefined; productId?: string | undefined; message: string; type: "availability" | "price" | "stock" | "variant"; }[]'.
      Type 'string' is not assignable to type '{ itemId?: string | undefined; productId?: string | undefined; message: string; type: "availability" | "price" | "stock" | "variant"; }'.

[7m210[0m     return await this.cartService.validateCart(cart);
[7m   [0m [91m    ~~~~~~[0m

[96msrc/modules/marketplace/application/services/cart.application.service.ts[0m:[93m223[0m:[93m23[0m - [91merror[0m[90m TS2339: [0mProperty 'getItems' does not exist on type 'Cart'.

[7m223[0m       cartItems: cart.getItems().map(item => ({
[7m   [0m [91m                      ~~~~~~~~[0m

[96msrc/modules/marketplace/application/services/cart.application.service.ts[0m:[93m232[0m:[93m47[0m - [91merror[0m[90m TS2554: [0mExpected 2 arguments, but got 1.

[7m232[0m     const pricing = await this.pricingService.calculateCartPricing(pricingContext);
[7m   [0m [91m                                              ~~~~~~~~~~~~~~~~~~~~~~~~~~~~~~~~~~~~[0m

  [96msrc/modules/marketplace/domain/services/pricing.service.ts[0m:[93m139[0m:[93m36[0m
    [7m139[0m   calculateCartPricing(cart: Cart, context: PricingContext): PriceBreakdown {
    [7m   [0m [96m                                   ~~~~~~~~~~~~~~~~~~~~~~~[0m
    An argument for 'context' was not provided.

[96msrc/modules/marketplace/application/services/cart.application.service.ts[0m:[93m235[0m:[93m23[0m - [91merror[0m[90m TS2551: [0mProperty 'getItemCount' does not exist on type 'Cart'. Did you mean 'itemCount'?

[7m235[0m       itemCount: cart.getItemCount(),
[7m   [0m [91m                      ~~~~~~~~~~~~[0m

  [96msrc/modules/marketplace/domain/entities/cart.entity.ts[0m:[93m104[0m:[93m7[0m
    [7m104[0m   get itemCount(): number {
    [7m   [0m [96m      ~~~~~~~~~[0m
    'itemCount' is declared here.

[96msrc/modules/marketplace/application/services/cart.application.service.ts[0m:[93m237[0m:[93m26[0m - [91merror[0m[90m TS2339: [0mProperty 'totalDiscount' does not exist on type 'PriceBreakdown'.

[7m237[0m       discounts: pricing.totalDiscount,
[7m   [0m [91m                         ~~~~~~~~~~~~~[0m

[96msrc/modules/marketplace/application/services/cart.application.service.ts[0m:[93m241[0m:[93m25[0m - [91merror[0m[90m TS2339: [0mProperty 'currency' does not exist on type 'PriceBreakdown'.

[7m241[0m       currency: pricing.currency,
[7m   [0m [91m                        ~~~~~~~~[0m

[96msrc/modules/marketplace/application/services/cart.application.service.ts[0m:[93m243[0m:[93m19[0m - [91merror[0m[90m TS2339: [0mProperty 'promotionId' does not exist on type '{ code: string; type: string; discount: Price; description: string; }'.

[7m243[0m         id: promo.promotionId,
[7m   [0m [91m                  ~~~~~~~~~~~[0m

[96msrc/modules/marketplace/application/services/cart.application.service.ts[0m:[93m248[0m:[93m34[0m - [91merror[0m[90m TS2339: [0mProperty 'estimatedDelivery' does not exist on type 'PriceBreakdown'.

[7m248[0m       estimatedDelivery: pricing.estimatedDelivery,
[7m   [0m [91m                                 ~~~~~~~~~~~~~~~~~[0m

[96msrc/modules/marketplace/application/services/cart.application.service.ts[0m:[93m267[0m:[93m75[0m - [91merror[0m[90m TS2345: [0mArgument of type '{ strategy: "replace" | "merge" | "keep_existing"; preserveQuantities: boolean; validateStock: boolean; }' is not assignable to parameter of type 'CartMergeOptions'.
  Type '{ strategy: "replace" | "merge" | "keep_existing"; preserveQuantities: boolean; validateStock: boolean; }' is missing the following properties from type 'CartMergeOptions': handleDuplicates, preserveGuestCart

[7m267[0m     const result = await this.cartService.mergeCarts(userCart, guestCart, mergeOptions);
[7m   [0m [91m                                                                          ~~~~~~~~~~~~[0m

[96msrc/modules/marketplace/application/services/cart.application.service.ts[0m:[93m270[0m:[93m64[0m - [91merror[0m[90m TS2339: [0mProperty 'mergedCart' does not exist on type 'Cart'.

[7m270[0m     const mergedCart = await this.cartRepository.update(result.mergedCart);
[7m   [0m [91m                                                               ~~~~~~~~~~[0m

[96msrc/modules/marketplace/application/services/cart.application.service.ts[0m:[93m277[0m:[93m29[0m - [91merror[0m[90m TS2339: [0mProperty 'conflictItems' does not exist on type 'Cart'.

[7m277[0m       conflictItems: result.conflictItems,
[7m   [0m [91m                            ~~~~~~~~~~~~~[0m

[96msrc/modules/marketplace/application/services/cart.application.service.ts[0m:[93m297[0m:[93m88[0m - [91merror[0m[90m TS2339: [0mProperty 'productIds' does not exist on type '{ items: string[]; bundleDiscount: number; savings: Price; }'.

[7m297[0m     const bundleProductIds = optimization.bundleOpportunities.flatMap(bundle => bundle.productIds);
[7m   [0m [91m                                                                                       ~~~~~~~~~~[0m

[96msrc/modules/marketplace/application/services/cart.application.service.ts[0m:[93m302[0m:[93m55[0m - [91merror[0m[90m TS2339: [0mProperty 'getId' does not exist on type 'Product'.

[7m302[0m         const product = suggestedProducts.find(p => p.getId() === item.productId);
[7m   [0m [91m                                                      ~~~~~[0m

[96msrc/modules/marketplace/application/services/cart.application.service.ts[0m:[93m306[0m:[93m26[0m - [91merror[0m[90m TS2339: [0mProperty 'priority' does not exist on type '{ productId: string; reason: "recommended" | "frequently_bought_together" | "discount_eligible"; discount?: number | undefined; }'.

[7m306[0m           priority: item.priority,
[7m   [0m [91m                         ~~~~~~~~[0m

[96msrc/modules/marketplace/application/services/cart.application.service.ts[0m:[93m309[0m:[93m7[0m - [91merror[0m[90m TS2322: [0mType '{ products: any; discount: any; savings: Price; }[]' is not assignable to type '{ products: any[]; discount: number; savings: number; }[]'.
  Type '{ products: any; discount: any; savings: Price; }' is not assignable to type '{ products: any[]; discount: number; savings: number; }'.
    Types of property 'savings' are incompatible.
      Type 'Price' is not assignable to type 'number'.

[7m309[0m       bundleOpportunities: optimization.bundleOpportunities.map(bundle => {
[7m   [0m [91m      ~~~~~~~~~~~~~~~~~~~[0m

  [96msrc/modules/marketplace/application/services/cart.application.service.ts[0m:[93m68[0m:[93m3[0m
    [7m68[0m   bundleOpportunities: Array<{
    [7m  [0m [96m  ~~~~~~~~~~~~~~~~~~~[0m
    The expected type comes from property 'bundleOpportunities' which is declared here on type 'CartRecommendations'

[96msrc/modules/marketplace/application/services/cart.application.service.ts[0m:[93m310[0m:[93m33[0m - [91merror[0m[90m TS2339: [0mProperty 'productIds' does not exist on type '{ items: string[]; bundleDiscount: number; savings: Price; }'.

[7m310[0m         const products = bundle.productIds.map(id =>
[7m   [0m [91m                                ~~~~~~~~~~[0m

[96msrc/modules/marketplace/application/services/cart.application.service.ts[0m:[93m311[0m:[93m38[0m - [91merror[0m[90m TS2339: [0mProperty 'getId' does not exist on type 'Product'.

[7m311[0m           bundleProducts.find(p => p.getId() === id)
[7m   [0m [91m                                     ~~~~~[0m

[96msrc/modules/marketplace/application/services/cart.application.service.ts[0m:[93m315[0m:[93m28[0m - [91merror[0m[90m TS2339: [0mProperty 'discount' does not exist on type '{ items: string[]; bundleDiscount: number; savings: Price; }'.

[7m315[0m           discount: bundle.discount,
[7m   [0m [91m                           ~~~~~~~~[0m

[96msrc/modules/marketplace/application/services/cart.application.service.ts[0m:[93m319[0m:[93m43[0m - [91merror[0m[90m TS2339: [0mProperty 'freeShippingThreshold' does not exist on type 'CartOptimization'.

[7m319[0m       freeShippingThreshold: optimization.freeShippingThreshold,
[7m   [0m [91m                                          ~~~~~~~~~~~~~~~~~~~~~[0m

[96msrc/modules/marketplace/application/services/cart.application.service.ts[0m:[93m410[0m:[93m35[0m - [91merror[0m[90m TS2339: [0mProperty 'getCartAnalytics' does not exist on type 'CartService'.

[7m410[0m     return await this.cartService.getCartAnalytics(cart);
[7m   [0m [91m                                  ~~~~~~~~~~~~~~~~[0m

[96msrc/modules/marketplace/application/services/cart.application.service.ts[0m:[93m420[0m:[93m32[0m - [91merror[0m[90m TS6234: [0mThis expression is not callable because it is a 'get' accessor. Did you mean to use it without '()'?
  Type 'Boolean' has no call signatures.

[7m420[0m       if (!product || !product.isActive() || product.getStock() < item.quantity) {
[7m   [0m [91m                               ~~~~~~~~[0m

[96msrc/modules/marketplace/application/services/cart.application.service.ts[0m:[93m420[0m:[93m54[0m - [91merror[0m[90m TS2339: [0mProperty 'getStock' does not exist on type 'Product'.

[7m420[0m       if (!product || !product.isActive() || product.getStock() < item.quantity) {
[7m   [0m [91m                                                     ~~~~~~~~[0m

[96msrc/modules/marketplace/application/services/cart.application.service.ts[0m:[93m424[0m:[93m30[0m - [91merror[0m[90m TS2339: [0mProperty 'addItem' does not exist on type 'CartService'.

[7m424[0m       await this.cartService.addItem(
[7m   [0m [91m                             ~~~~~~~[0m

[96msrc/modules/marketplace/application/services/cart.application.service.ts[0m:[93m442[0m:[93m30[0m - [91merror[0m[90m TS2339: [0mProperty 'removeItem' does not exist on type 'CartService'.

[7m442[0m       await this.cartService.removeItem(cart, itemId);
[7m   [0m [91m                             ~~~~~~~~~~[0m

[96msrc/modules/marketplace/application/services/cart.application.service.ts[0m:[93m451[0m:[93m24[0m - [91merror[0m[90m TS2551: [0mProperty 'getItemCount' does not exist on type 'Cart'. Did you mean 'itemCount'?

[7m451[0m     return cart ? cart.getItemCount() : 0;
[7m   [0m [91m                       ~~~~~~~~~~~~[0m

  [96msrc/modules/marketplace/domain/entities/cart.entity.ts[0m:[93m104[0m:[93m7[0m
    [7m104[0m   get itemCount(): number {
    [7m   [0m [96m      ~~~~~~~~~[0m
    'itemCount' is declared here.

[96msrc/modules/marketplace/application/services/cart.application.service.ts[0m:[93m458[0m:[93m17[0m - [91merror[0m[90m TS2339: [0mProperty 'getItems' does not exist on type 'Cart'.

[7m458[0m     return cart.getItems().some(item => item.getProductId() === productId);
[7m   [0m [91m                ~~~~~~~~[0m

[96msrc/modules/marketplace/application/services/category.application.service.ts[0m:[93m5[0m:[93m33[0m - [91merror[0m[90m TS2307: [0mCannot find module '../../domain/services/category.service' or its corresponding type declarations.

[7m5[0m import { CategoryService } from '../../domain/services/category.service';
[7m [0m [91m                                ~~~~~~~~~~~~~~~~~~~~~~~~~~~~~~~~~~~~~~~~[0m

[96msrc/modules/marketplace/application/services/category.application.service.ts[0m:[93m115[0m:[93m60[0m - [91merror[0m[90m TS2339: [0mProperty 'findByNameAndParent' does not exist on type 'CategoryRepository'.

[7m115[0m     const existingCategory = await this.categoryRepository.findByNameAndParent(
[7m   [0m [91m                                                           ~~~~~~~~~~~~~~~~~~~[0m

[96msrc/modules/marketplace/application/services/category.application.service.ts[0m:[93m141[0m:[93m7[0m - [91merror[0m[90m TS2554: [0mExpected 1 arguments, but got 11.

[7m141[0m       data.description,
[7m   [0m [91m      ~~~~~~~~~~~~~~~~~[0m
[7m142[0m       data.parentId,
[7m   [0m [91m~~~~~~~~~~~~~~~~~~~~[0m
[7m...[0m 
[7m149[0m       data.seoKeywords || [],
[7m   [0m [91m~~~~~~~~~~~~~~~~~~~~~~~~~~~~~[0m
[7m150[0m       data.metadata || {},
[7m   [0m [91m~~~~~~~~~~~~~~~~~~~~~~~~~[0m

[96msrc/modules/marketplace/application/services/category.application.service.ts[0m:[93m153[0m:[93m42[0m - [91merror[0m[90m TS2339: [0mProperty 'create' does not exist on type 'CategoryRepository'.

[7m153[0m     return await this.categoryRepository.create(category);
[7m   [0m [91m                                         ~~~~~~[0m

[96msrc/modules/marketplace/application/services/category.application.service.ts[0m:[93m163[0m:[93m45[0m - [91merror[0m[90m TS2339: [0mProperty 'getName' does not exist on type 'Category'.

[7m163[0m     if (data.name && data.name !== category.getName()) {
[7m   [0m [91m                                            ~~~~~~~[0m

[96msrc/modules/marketplace/application/services/category.application.service.ts[0m:[93m164[0m:[93m62[0m - [91merror[0m[90m TS2339: [0mProperty 'findByNameAndParent' does not exist on type 'CategoryRepository'.

[7m164[0m       const existingCategory = await this.categoryRepository.findByNameAndParent(
[7m   [0m [91m                                                             ~~~~~~~~~~~~~~~~~~~[0m

[96msrc/modules/marketplace/application/services/category.application.service.ts[0m:[93m166[0m:[93m35[0m - [91merror[0m[90m TS2551: [0mProperty 'getParentId' does not exist on type 'Category'. Did you mean 'parentId'?

[7m166[0m         data.parentId || category.getParentId(),
[7m   [0m [91m                                  ~~~~~~~~~~~[0m

  [96msrc/modules/marketplace/domain/entities/category.entity.ts[0m:[93m62[0m:[93m7[0m
    [7m62[0m   get parentId(): CategoryId | undefined {
    [7m  [0m [96m      ~~~~~~~~[0m
    'parentId' is declared here.

[96msrc/modules/marketplace/application/services/category.application.service.ts[0m:[93m175[0m:[93m67[0m - [91merror[0m[90m TS2551: [0mProperty 'getParentId' does not exist on type 'Category'. Did you mean 'parentId'?

[7m175[0m     if (data.parentId !== undefined && data.parentId !== category.getParentId()) {
[7m   [0m [91m                                                                  ~~~~~~~~~~~[0m

  [96msrc/modules/marketplace/domain/entities/category.entity.ts[0m:[93m62[0m:[93m7[0m
    [7m62[0m   get parentId(): CategoryId | undefined {
    [7m  [0m [96m      ~~~~~~~~[0m
    'parentId' is declared here.

[96msrc/modules/marketplace/application/services/category.application.service.ts[0m:[93m201[0m:[93m29[0m - [91merror[0m[90m TS2339: [0mProperty 'updateName' does not exist on type 'Category'.

[7m201[0m     if (data.name) category.updateName(data.name);
[7m   [0m [91m                            ~~~~~~~~~~[0m

[96msrc/modules/marketplace/application/services/category.application.service.ts[0m:[93m202[0m:[93m50[0m - [91merror[0m[90m TS2339: [0mProperty 'updateDescription' does not exist on type 'Category'.

[7m202[0m     if (data.description !== undefined) category.updateDescription(data.description);
[7m   [0m [91m                                                 ~~~~~~~~~~~~~~~~~[0m

[96msrc/modules/marketplace/application/services/category.application.service.ts[0m:[93m203[0m:[93m47[0m - [91merror[0m[90m TS2339: [0mProperty 'updateParentId' does not exist on type 'Category'.

[7m203[0m     if (data.parentId !== undefined) category.updateParentId(data.parentId);
[7m   [0m [91m                                              ~~~~~~~~~~~~~~[0m

[96msrc/modules/marketplace/application/services/category.application.service.ts[0m:[93m204[0m:[93m47[0m - [91merror[0m[90m TS2339: [0mProperty 'updateImageUrl' does not exist on type 'Category'.

[7m204[0m     if (data.imageUrl !== undefined) category.updateImageUrl(data.imageUrl);
[7m   [0m [91m                                              ~~~~~~~~~~~~~~[0m

[96msrc/modules/marketplace/application/services/category.application.service.ts[0m:[93m205[0m:[93m46[0m - [91merror[0m[90m TS2339: [0mProperty 'updateIconUrl' does not exist on type 'Category'.

[7m205[0m     if (data.iconUrl !== undefined) category.updateIconUrl(data.iconUrl);
[7m   [0m [91m                                             ~~~~~~~~~~~~~[0m

[96msrc/modules/marketplace/application/services/category.application.service.ts[0m:[93m214[0m:[93m47[0m - [91merror[0m[90m TS2339: [0mProperty 'updateSeoTitle' does not exist on type 'Category'.

[7m214[0m     if (data.seoTitle !== undefined) category.updateSeoTitle(data.seoTitle);
[7m   [0m [91m                                              ~~~~~~~~~~~~~~[0m

[96msrc/modules/marketplace/application/services/category.application.service.ts[0m:[93m215[0m:[93m53[0m - [91merror[0m[90m TS2339: [0mProperty 'updateSeoDescription' does not exist on type 'Category'.

[7m215[0m     if (data.seoDescription !== undefined) category.updateSeoDescription(data.seoDescription);
[7m   [0m [91m                                                    ~~~~~~~~~~~~~~~~~~~~[0m

[96msrc/modules/marketplace/application/services/category.application.service.ts[0m:[93m216[0m:[93m36[0m - [91merror[0m[90m TS2339: [0mProperty 'updateSeoKeywords' does not exist on type 'Category'.

[7m216[0m     if (data.seoKeywords) category.updateSeoKeywords(data.seoKeywords);
[7m   [0m [91m                                   ~~~~~~~~~~~~~~~~~[0m

[96msrc/modules/marketplace/application/services/category.application.service.ts[0m:[93m217[0m:[93m33[0m - [91merror[0m[90m TS2339: [0mProperty 'updateMetadata' does not exist on type 'Category'.

[7m217[0m     if (data.metadata) category.updateMetadata(data.metadata);
[7m   [0m [91m                                ~~~~~~~~~~~~~~[0m

[96msrc/modules/marketplace/application/services/category.application.service.ts[0m:[93m229[0m:[93m57[0m - [91merror[0m[90m TS2551: [0mProperty 'findByParentId' does not exist on type 'CategoryRepository'. Did you mean 'findByParent'?

[7m229[0m     const subcategories = await this.categoryRepository.findByParentId(id);
[7m   [0m [91m                                                        ~~~~~~~~~~~~~~[0m

  [96msrc/modules/marketplace/domain/repositories/category.repository.ts[0m:[93m75[0m:[93m3[0m
    [7m75[0m   findByParent(parentId: string, pagination?: CategoryPaginationOptions): Promise<CategorySearchResult>;
    [7m  [0m [96m  ~~~~~~~~~~~~~~~~~~~~~~~~~~~~~~~~~~~~~~~~~~~~~~~~~~~~~~~~~~~~~~~~~~~~~~~~~~~~~~~~~~~~~~~~~~~~~~~~~~~~~~[0m
    'findByParent' is declared here.

[96msrc/modules/marketplace/application/services/category.application.service.ts[0m:[93m235[0m:[93m55[0m - [91merror[0m[90m TS2339: [0mProperty 'countByCategory' does not exist on type 'ProductRepository'.

[7m235[0m     const productCount = await this.productRepository.countByCategory(id);
[7m   [0m [91m                                                      ~~~~~~~~~~~~~~~[0m

[96msrc/modules/marketplace/application/services/category.application.service.ts[0m:[93m243[0m:[93m45[0m - [91merror[0m[90m TS2551: [0mProperty 'getParentId' does not exist on type 'Category'. Did you mean 'parentId'?

[7m243[0m         subcategory.updateParentId(category.getParentId());
[7m   [0m [91m                                            ~~~~~~~~~~~[0m

  [96msrc/modules/marketplace/domain/entities/category.entity.ts[0m:[93m62[0m:[93m7[0m
    [7m62[0m   get parentId(): CategoryId | undefined {
    [7m  [0m [96m      ~~~~~~~~[0m
    'parentId' is declared here.

[96msrc/modules/marketplace/application/services/category.application.service.ts[0m:[93m249[0m:[93m38[0m - [91merror[0m[90m TS2339: [0mProperty 'updateCategoryForProducts' does not exist on type 'ProductRepository'.

[7m249[0m         await this.productRepository.updateCategoryForProducts(
[7m   [0m [91m                                     ~~~~~~~~~~~~~~~~~~~~~~~~~[0m

[96msrc/modules/marketplace/application/services/category.application.service.ts[0m:[93m251[0m:[93m20[0m - [91merror[0m[90m TS2551: [0mProperty 'getParentId' does not exist on type 'Category'. Did you mean 'parentId'?

[7m251[0m           category.getParentId() || null,
[7m   [0m [91m                   ~~~~~~~~~~~[0m

  [96msrc/modules/marketplace/domain/entities/category.entity.ts[0m:[93m62[0m:[93m7[0m
    [7m62[0m   get parentId(): CategoryId | undefined {
    [7m  [0m [96m      ~~~~~~~~[0m
    'parentId' is declared here.

[96msrc/modules/marketplace/application/services/category.application.service.ts[0m:[93m281[0m:[93m65[0m - [91merror[0m[90m TS2339: [0mProperty 'findWithFilters' does not exist on type 'CategoryRepository'.

[7m281[0m     const { categories, total } = await this.categoryRepository.findWithFilters({
[7m   [0m [91m                                                                ~~~~~~~~~~~~~~~[0m

[96msrc/modules/marketplace/application/services/category.application.service.ts[0m:[93m301[0m:[93m5[0m - [91merror[0m[90m TS2740: [0mType 'CategorySearchResult' is missing the following properties from type 'Category[]': length, pop, push, concat, and 29 more.

[7m301[0m     return await this.categoryRepository.findAll(includeInactive);
[7m   [0m [91m    ~~~~~~[0m

[96msrc/modules/marketplace/application/services/category.application.service.ts[0m:[93m301[0m:[93m50[0m - [91merror[0m[90m TS2345: [0mArgument of type 'boolean' is not assignable to parameter of type 'CategoryPaginationOptions'.

[7m301[0m     return await this.categoryRepository.findAll(includeInactive);
[7m   [0m [91m                                                 ~~~~~~~~~~~~~~~[0m

[96msrc/modules/marketplace/application/services/category.application.service.ts[0m:[93m305[0m:[93m5[0m - [91merror[0m[90m TS2322: [0mType 'CategorySearchResult' is not assignable to type 'Category[]'.

[7m305[0m     return await this.categoryRepository.findRootCategories(includeInactive);
[7m   [0m [91m    ~~~~~~[0m

[96msrc/modules/marketplace/application/services/category.application.service.ts[0m:[93m305[0m:[93m61[0m - [91merror[0m[90m TS2345: [0mArgument of type 'boolean' is not assignable to parameter of type 'CategoryPaginationOptions'.

[7m305[0m     return await this.categoryRepository.findRootCategories(includeInactive);
[7m   [0m [91m                                                            ~~~~~~~~~~~~~~~[0m

[96msrc/modules/marketplace/application/services/category.application.service.ts[0m:[93m309[0m:[93m42[0m - [91merror[0m[90m TS2551: [0mProperty 'findByParentId' does not exist on type 'CategoryRepository'. Did you mean 'findByParent'?

[7m309[0m     return await this.categoryRepository.findByParentId(parentId, includeInactive);
[7m   [0m [91m                                         ~~~~~~~~~~~~~~[0m

  [96msrc/modules/marketplace/domain/repositories/category.repository.ts[0m:[93m75[0m:[93m3[0m
    [7m75[0m   findByParent(parentId: string, pagination?: CategoryPaginationOptions): Promise<CategorySearchResult>;
    [7m  [0m [96m  ~~~~~~~~~~~~~~~~~~~~~~~~~~~~~~~~~~~~~~~~~~~~~~~~~~~~~~~~~~~~~~~~~~~~~~~~~~~~~~~~~~~~~~~~~~~~~~~~~~~~~~[0m
    'findByParent' is declared here.

[96msrc/modules/marketplace/application/services/category.application.service.ts[0m:[93m333[0m:[93m55[0m - [91merror[0m[90m TS2339: [0mProperty 'countByCategory' does not exist on type 'ProductRepository'.

[7m333[0m     const productCount = await this.productRepository.countByCategory(category.getId());
[7m   [0m [91m                                                      ~~~~~~~~~~~~~~~[0m

[96msrc/modules/marketplace/application/services/category.application.service.ts[0m:[93m333[0m:[93m80[0m - [91merror[0m[90m TS2339: [0mProperty 'getId' does not exist on type 'Category'.

[7m333[0m     const productCount = await this.productRepository.countByCategory(category.getId());
[7m   [0m [91m                                                                               ~~~~~[0m

[96msrc/modules/marketplace/application/services/category.application.service.ts[0m:[93m337[0m:[93m66[0m - [91merror[0m[90m TS2339: [0mProperty 'getId' does not exist on type 'Category'.

[7m337[0m       const subcategories = await this.getSubcategories(category.getId());
[7m   [0m [91m                                                                 ~~~~~[0m

[96msrc/modules/marketplace/application/services/category.application.service.ts[0m:[93m370[0m:[93m55[0m - [91merror[0m[90m TS2339: [0mProperty 'countByCategory' does not exist on type 'ProductRepository'.

[7m370[0m     const productCount = await this.productRepository.countByCategory(category.getId());
[7m   [0m [91m                                                      ~~~~~~~~~~~~~~~[0m

[96msrc/modules/marketplace/application/services/category.application.service.ts[0m:[93m370[0m:[93m80[0m - [91merror[0m[90m TS2339: [0mProperty 'getId' does not exist on type 'Category'.

[7m370[0m     const productCount = await this.productRepository.countByCategory(category.getId());
[7m   [0m [91m                                                                               ~~~~~[0m

[96msrc/modules/marketplace/application/services/category.application.service.ts[0m:[93m371[0m:[93m64[0m - [91merror[0m[90m TS2339: [0mProperty 'getId' does not exist on type 'Category'.

[7m371[0m     const subcategories = await this.getSubcategories(category.getId());
[7m   [0m [91m                                                               ~~~~~[0m

[96msrc/modules/marketplace/application/services/category.application.service.ts[0m:[93m373[0m:[93m44[0m - [91merror[0m[90m TS2339: [0mProperty 'getName' does not exist on type 'Category'.

[7m373[0m     const currentPath = [...path, category.getName()];
[7m   [0m [91m                                           ~~~~~~~[0m

[96msrc/modules/marketplace/application/services/category.application.service.ts[0m:[93m385[0m:[93m20[0m - [91merror[0m[90m TS2339: [0mProperty 'getId' does not exist on type 'Category'.

[7m385[0m       id: category.getId(),
[7m   [0m [91m                   ~~~~~[0m

[96msrc/modules/marketplace/application/services/category.application.service.ts[0m:[93m386[0m:[93m22[0m - [91merror[0m[90m TS2339: [0mProperty 'getName' does not exist on type 'Category'.

[7m386[0m       name: category.getName(),
[7m   [0m [91m                     ~~~~~~~[0m

[96msrc/modules/marketplace/application/services/category.application.service.ts[0m:[93m387[0m:[93m22[0m - [91merror[0m[90m TS2339: [0mProperty 'getSlug' does not exist on type 'Category'.

[7m387[0m       slug: category.getSlug(),
[7m   [0m [91m                     ~~~~~~~[0m

[96msrc/modules/marketplace/application/services/category.application.service.ts[0m:[93m392[0m:[93m26[0m - [91merror[0m[90m TS6234: [0mThis expression is not callable because it is a 'get' accessor. Did you mean to use it without '()'?
  Type 'Boolean' has no call signatures.

[7m392[0m       isActive: category.isActive(),
[7m   [0m [91m                         ~~~~~~~~[0m

[96msrc/modules/marketplace/application/services/category.application.service.ts[0m:[93m408[0m:[93m20[0m - [91merror[0m[90m TS2339: [0mProperty 'getId' does not exist on type 'Category'.

[7m408[0m       id: category.getId(),
[7m   [0m [91m                   ~~~~~[0m

[96msrc/modules/marketplace/application/services/category.application.service.ts[0m:[93m409[0m:[93m22[0m - [91merror[0m[90m TS2339: [0mProperty 'getName' does not exist on type 'Category'.

[7m409[0m       name: category.getName(),
[7m   [0m [91m                     ~~~~~~~[0m

[96msrc/modules/marketplace/application/services/category.application.service.ts[0m:[93m410[0m:[93m22[0m - [91merror[0m[90m TS2339: [0mProperty 'getSlug' does not exist on type 'Category'.

[7m410[0m       slug: category.getSlug(),
[7m   [0m [91m                     ~~~~~~~[0m

[96msrc/modules/marketplace/application/services/category.application.service.ts[0m:[93m417[0m:[93m55[0m - [91merror[0m[90m TS2339: [0mProperty 'countByCategory' does not exist on type 'ProductRepository'.

[7m417[0m     const productCount = await this.productRepository.countByCategory(id);
[7m   [0m [91m                                                      ~~~~~~~~~~~~~~~[0m

[96msrc/modules/marketplace/application/services/category.application.service.ts[0m:[93m418[0m:[93m61[0m - [91merror[0m[90m TS2339: [0mProperty 'countByCategoryAndStatus' does not exist on type 'ProductRepository'.

[7m418[0m     const activeProductCount = await this.productRepository.countByCategoryAndStatus(id, 'active');
[7m   [0m [91m                                                            ~~~~~~~~~~~~~~~~~~~~~~~~[0m

[96msrc/modules/marketplace/application/services/category.application.service.ts[0m:[93m419[0m:[93m60[0m - [91merror[0m[90m TS2339: [0mProperty 'countByParentId' does not exist on type 'CategoryRepository'.

[7m419[0m     const subcategoryCount = await this.categoryRepository.countByParentId(id);
[7m   [0m [91m                                                           ~~~~~~~~~~~~~~~[0m

[96msrc/modules/marketplace/application/services/category.application.service.ts[0m:[93m422[0m:[93m49[0m - [91merror[0m[90m TS2551: [0mProperty 'getCategoryStats' does not exist on type 'CategoryRepository'. Did you mean 'getCategoryPath'?

[7m422[0m     const stats = await this.categoryRepository.getCategoryStats(id);
[7m   [0m [91m                                                ~~~~~~~~~~~~~~~~[0m

  [96msrc/modules/marketplace/domain/repositories/category.repository.ts[0m:[93m82[0m:[93m3[0m
    [7m82[0m   getCategoryPath(categoryId: string): Promise<Category[]>;
    [7m  [0m [96m  ~~~~~~~~~~~~~~~~~~~~~~~~~~~~~~~~~~~~~~~~~~~~~~~~~~~~~~~~~[0m
    'getCategoryPath' is declared here.

[96msrc/modules/marketplace/application/services/category.application.service.ts[0m:[93m438[0m:[93m42[0m - [91merror[0m[90m TS2339: [0mProperty 'getAnalytics' does not exist on type 'CategoryRepository'.

[7m438[0m     return await this.categoryRepository.getAnalytics(filters);
[7m   [0m [91m                                         ~~~~~~~~~~~~[0m

[96msrc/modules/marketplace/application/services/category.application.service.ts[0m:[93m449[0m:[93m59[0m - [91merror[0m[90m TS2551: [0mProperty 'findByParentId' does not exist on type 'CategoryRepository'. Did you mean 'findByParent'?

[7m449[0m       const subcategories = await this.categoryRepository.findByParentId(id, true);
[7m   [0m [91m                                                          ~~~~~~~~~~~~~~[0m

  [96msrc/modules/marketplace/domain/repositories/category.repository.ts[0m:[93m75[0m:[93m3[0m
    [7m75[0m   findByParent(parentId: string, pagination?: CategoryPaginationOptions): Promise<CategorySearchResult>;
    [7m  [0m [96m  ~~~~~~~~~~~~~~~~~~~~~~~~~~~~~~~~~~~~~~~~~~~~~~~~~~~~~~~~~~~~~~~~~~~~~~~~~~~~~~~~~~~~~~~~~~~~~~~~~~~~~~[0m
    'findByParent' is declared here.

[96msrc/modules/marketplace/application/services/category.application.service.ts[0m:[93m466[0m:[93m59[0m - [91merror[0m[90m TS2551: [0mProperty 'findByParentId' does not exist on type 'CategoryRepository'. Did you mean 'findByParent'?

[7m466[0m       const subcategories = await this.categoryRepository.findByParentId(id, true);
[7m   [0m [91m                                                          ~~~~~~~~~~~~~~[0m

  [96msrc/modules/marketplace/domain/repositories/category.repository.ts[0m:[93m75[0m:[93m3[0m
    [7m75[0m   findByParent(parentId: string, pagination?: CategoryPaginationOptions): Promise<CategorySearchResult>;
    [7m  [0m [96m  ~~~~~~~~~~~~~~~~~~~~~~~~~~~~~~~~~~~~~~~~~~~~~~~~~~~~~~~~~~~~~~~~~~~~~~~~~~~~~~~~~~~~~~~~~~~~~~~~~~~~~~[0m
    'findByParent' is declared here.

[96msrc/modules/marketplace/application/services/category.application.service.ts[0m:[93m528[0m:[93m63[0m - [91merror[0m[90m TS2339: [0mProperty 'getId' does not exist on type 'Category'.

[7m528[0m         console.error(`Failed to activate category ${category.getId()}:`, error);
[7m   [0m [91m                                                              ~~~~~[0m

[96msrc/modules/marketplace/application/services/category.application.service.ts[0m:[93m545[0m:[93m65[0m - [91merror[0m[90m TS2339: [0mProperty 'getId' does not exist on type 'Category'.

[7m545[0m         console.error(`Failed to deactivate category ${category.getId()}:`, error);
[7m   [0m [91m                                                                ~~~~~[0m

[96msrc/modules/marketplace/application/services/category.application.service.ts[0m:[93m573[0m:[93m14[0m - [91merror[0m[90m TS2339: [0mProperty 'updateParentId' does not exist on type 'Category'.

[7m573[0m     category.updateParentId(newParentId);
[7m   [0m [91m             ~~~~~~~~~~~~~~[0m

[96msrc/modules/marketplace/application/services/category.application.service.ts[0m:[93m590[0m:[93m57[0m - [91merror[0m[90m TS2339: [0mProperty 'countByCategory' does not exist on type 'ProductRepository'.

[7m590[0m       const productCount = await this.productRepository.countByCategory(sourceCategory.getId());
[7m   [0m [91m                                                        ~~~~~~~~~~~~~~~[0m

[96msrc/modules/marketplace/application/services/category.application.service.ts[0m:[93m590[0m:[93m88[0m - [91merror[0m[90m TS2339: [0mProperty 'getId' does not exist on type 'Category'.

[7m590[0m       const productCount = await this.productRepository.countByCategory(sourceCategory.getId());
[7m   [0m [91m                                                                                       ~~~~~[0m

[96msrc/modules/marketplace/application/services/category.application.service.ts[0m:[93m592[0m:[93m38[0m - [91merror[0m[90m TS2339: [0mProperty 'updateCategoryForProducts' does not exist on type 'ProductRepository'.

[7m592[0m         await this.productRepository.updateCategoryForProducts(
[7m   [0m [91m                                     ~~~~~~~~~~~~~~~~~~~~~~~~~[0m

[96msrc/modules/marketplace/application/services/category.application.service.ts[0m:[93m593[0m:[93m26[0m - [91merror[0m[90m TS2339: [0mProperty 'getId' does not exist on type 'Category'.

[7m593[0m           sourceCategory.getId(),
[7m   [0m [91m                         ~~~~~[0m

[96msrc/modules/marketplace/application/services/category.application.service.ts[0m:[93m600[0m:[93m72[0m - [91merror[0m[90m TS2339: [0mProperty 'getId' does not exist on type 'Category'.

[7m600[0m       const subcategories = await this.getSubcategories(sourceCategory.getId());
[7m   [0m [91m                                                                       ~~~~~[0m

[96msrc/modules/marketplace/application/services/category.application.service.ts[0m:[93m602[0m:[93m21[0m - [91merror[0m[90m TS2339: [0mProperty 'updateParentId' does not exist on type 'Category'.

[7m602[0m         subcategory.updateParentId(targetId);
[7m   [0m [91m                    ~~~~~~~~~~~~~~[0m

[96msrc/modules/marketplace/application/services/category.application.service.ts[0m:[93m607[0m:[93m59[0m - [91merror[0m[90m TS2339: [0mProperty 'getId' does not exist on type 'Category'.

[7m607[0m       await this.categoryRepository.delete(sourceCategory.getId());
[7m   [0m [91m                                                          ~~~~~[0m

[96msrc/modules/marketplace/application/services/category.application.service.ts[0m:[93m608[0m:[93m45[0m - [91merror[0m[90m TS2339: [0mProperty 'getId' does not exist on type 'Category'.

[7m608[0m       deletedCategories.push(sourceCategory.getId());
[7m   [0m [91m                                            ~~~~~[0m

[96msrc/modules/marketplace/application/services/category.application.service.ts[0m:[93m620[0m:[93m42[0m - [91merror[0m[90m TS2339: [0mProperty 'searchByName' does not exist on type 'CategoryRepository'.

[7m620[0m     return await this.categoryRepository.searchByName(query, limit);
[7m   [0m [91m                                         ~~~~~~~~~~~~[0m

[96msrc/modules/marketplace/application/services/category.application.service.ts[0m:[93m634[0m:[93m56[0m - [91merror[0m[90m TS2339: [0mProperty 'getId' does not exist on type 'Category'.

[7m634[0m       const path = await this.getCategoryPath(category.getId());
[7m   [0m [91m                                                       ~~~~~[0m

[96msrc/modules/marketplace/application/services/category.application.service.ts[0m:[93m635[0m:[93m57[0m - [91merror[0m[90m TS2339: [0mProperty 'countByCategory' does not exist on type 'ProductRepository'.

[7m635[0m       const productCount = await this.productRepository.countByCategory(category.getId());
[7m   [0m [91m                                                        ~~~~~~~~~~~~~~~[0m

[96msrc/modules/marketplace/application/services/category.application.service.ts[0m:[93m635[0m:[93m82[0m - [91merror[0m[90m TS2339: [0mProperty 'getId' does not exist on type 'Category'.

[7m635[0m       const productCount = await this.productRepository.countByCategory(category.getId());
[7m   [0m [91m                                                                                 ~~~~~[0m

[96msrc/modules/marketplace/application/services/category.application.service.ts[0m:[93m637[0m:[93m24[0m - [91merror[0m[90m TS2345: [0mArgument of type '{ id: any; name: any; slug: any; path: string; productCount: any; }' is not assignable to parameter of type 'never'.

[7m637[0m       suggestions.push({
[7m   [0m [91m                       ~[0m
[7m638[0m         id: category.getId(),
[7m   [0m [91m~~~~~~~~~~~~~~~~~~~~~~~~~~~~~[0m
[7m...[0m 
[7m642[0m         productCount,
[7m   [0m [91m~~~~~~~~~~~~~~~~~~~~~[0m
[7m643[0m       });
[7m   [0m [91m~~~~~~~[0m

[96msrc/modules/marketplace/application/services/category.application.service.ts[0m:[93m638[0m:[93m22[0m - [91merror[0m[90m TS2339: [0mProperty 'getId' does not exist on type 'Category'.

[7m638[0m         id: category.getId(),
[7m   [0m [91m                     ~~~~~[0m

[96msrc/modules/marketplace/application/services/category.application.service.ts[0m:[93m639[0m:[93m24[0m - [91merror[0m[90m TS2339: [0mProperty 'getName' does not exist on type 'Category'.

[7m639[0m         name: category.getName(),
[7m   [0m [91m                       ~~~~~~~[0m

[96msrc/modules/marketplace/application/services/category.application.service.ts[0m:[93m640[0m:[93m24[0m - [91merror[0m[90m TS2339: [0mProperty 'getSlug' does not exist on type 'Category'.

[7m640[0m         slug: category.getSlug(),
[7m   [0m [91m                       ~~~~~~~[0m

[96msrc/modules/marketplace/application/services/category.application.service.ts[0m:[93m641[0m:[93m31[0m - [91merror[0m[90m TS2339: [0mProperty 'getName' does not exist on type 'Category'.

[7m641[0m         path: path.map(c => c.getName()).join(' > '),
[7m   [0m [91m                              ~~~~~~~[0m

[96msrc/modules/marketplace/application/services/order.application.service.ts[0m:[93m8[0m:[93m29[0m - [91merror[0m[90m TS2307: [0mCannot find module '../../domain/value-objects/order-status.value-object' or its corresponding type declarations.

[7m8[0m import { OrderStatus } from '../../domain/value-objects/order-status.value-object';
[7m [0m [91m                            ~~~~~~~~~~~~~~~~~~~~~~~~~~~~~~~~~~~~~~~~~~~~~~~~~~~~~~[0m

[96msrc/modules/marketplace/application/services/order.application.service.ts[0m:[93m9[0m:[93m32[0m - [91merror[0m[90m TS2307: [0mCannot find module '../../domain/value-objects/payment-details.value-object' or its corresponding type declarations.

[7m9[0m import { PaymentDetails } from '../../domain/value-objects/payment-details.value-object';
[7m [0m [91m                               ~~~~~~~~~~~~~~~~~~~~~~~~~~~~~~~~~~~~~~~~~~~~~~~~~~~~~~~~~[0m

[96msrc/modules/marketplace/application/services/order.application.service.ts[0m:[93m10[0m:[93m30[0m - [91merror[0m[90m TS2307: [0mCannot find module '../../domain/value-objects/delivery-info.value-object' or its corresponding type declarations.

[7m10[0m import { DeliveryInfo } from '../../domain/value-objects/delivery-info.value-object';
[7m  [0m [91m                             ~~~~~~~~~~~~~~~~~~~~~~~~~~~~~~~~~~~~~~~~~~~~~~~~~~~~~~~[0m

[96msrc/modules/marketplace/application/services/order.application.service.ts[0m:[93m159[0m:[93m23[0m - [91merror[0m[90m TS2339: [0mProperty 'getItems' does not exist on type 'Cart'.

[7m159[0m     if (!cart || cart.getItems().length === 0) {
[7m   [0m [91m                      ~~~~~~~~[0m

[96msrc/modules/marketplace/application/services/order.application.service.ts[0m:[93m180[0m:[93m43[0m - [91merror[0m[90m TS2554: [0mExpected 2 arguments, but got 1.

[7m180[0m     const order = await this.orderService.createOrderFromCart(orderCreationData);
[7m   [0m [91m                                          ~~~~~~~~~~~~~~~~~~~~~~~~~~~~~~~~~~~~~~[0m

  [96msrc/modules/marketplace/domain/services/order.service.ts[0m:[93m83[0m:[93m5[0m
    [7m83[0m     orderData: OrderCreationData
    [7m  [0m [96m    ~~~~~~~~~~~~~~~~~~~~~~~~~~~~[0m
    An argument for 'orderData' was not provided.

[96msrc/modules/marketplace/application/services/order.application.service.ts[0m:[93m183[0m:[93m51[0m - [91merror[0m[90m TS2339: [0mProperty 'create' does not exist on type 'OrderRepository'.

[7m183[0m     const savedOrder = await this.orderRepository.create(order);
[7m   [0m [91m                                                  ~~~~~~[0m

[96msrc/modules/marketplace/application/services/order.application.service.ts[0m:[93m186[0m:[93m31[0m - [91merror[0m[90m TS2339: [0mProperty 'clearCart' does not exist on type 'CartRepository'.

[7m186[0m     await this.cartRepository.clearCart(cart.getId());
[7m   [0m [91m                              ~~~~~~~~~[0m

[96msrc/modules/marketplace/application/services/order.application.service.ts[0m:[93m186[0m:[93m46[0m - [91merror[0m[90m TS2339: [0mProperty 'getId' does not exist on type 'Cart'.

[7m186[0m     await this.cartRepository.clearCart(cart.getId());
[7m   [0m [91m                                             ~~~~~[0m

[96msrc/modules/marketplace/application/services/order.application.service.ts[0m:[93m213[0m:[93m20[0m - [91merror[0m[90m TS6234: [0mThis expression is not callable because it is a 'get' accessor. Did you mean to use it without '()'?
  Type 'Boolean' has no call signatures.

[7m213[0m       if (!product.isActive()) {
[7m   [0m [91m                   ~~~~~~~~[0m

[96msrc/modules/marketplace/application/services/order.application.service.ts[0m:[93m214[0m:[93m58[0m - [91merror[0m[90m TS2339: [0mProperty 'getDetails' does not exist on type 'Product'.

[7m214[0m         throw new BadRequestException(`Product ${product.getDetails().name} is not available`);
[7m   [0m [91m                                                         ~~~~~~~~~~[0m

[96msrc/modules/marketplace/application/services/order.application.service.ts[0m:[93m216[0m:[93m19[0m - [91merror[0m[90m TS2339: [0mProperty 'getStock' does not exist on type 'Product'.

[7m216[0m       if (product.getStock() < item.quantity) {
[7m   [0m [91m                  ~~~~~~~~[0m

[96msrc/modules/marketplace/application/services/order.application.service.ts[0m:[93m217[0m:[93m81[0m - [91merror[0m[90m TS2339: [0mProperty 'getDetails' does not exist on type 'Product'.

[7m217[0m         throw new BadRequestException(`Insufficient stock for product ${product.getDetails().name}`);
[7m   [0m [91m                                                                                ~~~~~~~~~~[0m

[96msrc/modules/marketplace/application/services/order.application.service.ts[0m:[93m219[0m:[93m22[0m - [91merror[0m[90m TS2345: [0mArgument of type '{ productId: string; quantity: number; variantOptions?: Record<string, string> | undefined; }' is not assignable to parameter of type 'never'.

[7m219[0m       cartItems.push(item);
[7m   [0m [91m                     ~~~~[0m

[96msrc/modules/marketplace/application/services/order.application.service.ts[0m:[93m234[0m:[93m43[0m - [91merror[0m[90m TS2551: [0mProperty 'createOrderFromItems' does not exist on type 'OrderService'. Did you mean 'createOrderFromCart'?

[7m234[0m     const order = await this.orderService.createOrderFromItems(orderCreationData);
[7m   [0m [91m                                          ~~~~~~~~~~~~~~~~~~~~[0m

  [96msrc/modules/marketplace/domain/services/order.service.ts[0m:[93m81[0m:[93m9[0m
    [7m81[0m   async createOrderFromCart(
    [7m  [0m [96m        ~~~~~~~~~~~~~~~~~~~[0m
    'createOrderFromCart' is declared here.

[96msrc/modules/marketplace/application/services/order.application.service.ts[0m:[93m235[0m:[93m39[0m - [91merror[0m[90m TS2339: [0mProperty 'create' does not exist on type 'OrderRepository'.

[7m235[0m     return await this.orderRepository.create(order);
[7m   [0m [91m                                      ~~~~~~[0m

[96msrc/modules/marketplace/application/services/order.application.service.ts[0m:[93m246[0m:[93m25[0m - [91merror[0m[90m TS2551: [0mProperty 'getUserId' does not exist on type 'Order'. Did you mean 'userId'?

[7m246[0m     if (userId && order.getUserId() !== userId) {
[7m   [0m [91m                        ~~~~~~~~~[0m

  [96msrc/modules/marketplace/domain/entities/order.entity.ts[0m:[93m121[0m:[93m7[0m
    [7m121[0m   get userId(): UserId {
    [7m   [0m [96m      ~~~~~~[0m
    'userId' is declared here.

[96msrc/modules/marketplace/application/services/order.application.service.ts[0m:[93m259[0m:[93m25[0m - [91merror[0m[90m TS2551: [0mProperty 'getUserId' does not exist on type 'Order'. Did you mean 'userId'?

[7m259[0m     if (userId && order.getUserId() !== userId) {
[7m   [0m [91m                        ~~~~~~~~~[0m

  [96msrc/modules/marketplace/domain/entities/order.entity.ts[0m:[93m121[0m:[93m7[0m
    [7m121[0m   get userId(): UserId {
    [7m   [0m [96m      ~~~~~~[0m
    'userId' is declared here.

[96msrc/modules/marketplace/application/services/order.application.service.ts[0m:[93m270[0m:[93m30[0m - [91merror[0m[90m TS2339: [0mProperty 'getItems' does not exist on type 'Order'.

[7m270[0m     const productIds = order.getItems().map(item => item.getProductId());
[7m   [0m [91m                             ~~~~~~~~[0m

[96msrc/modules/marketplace/application/services/order.application.service.ts[0m:[93m273[0m:[93m25[0m - [91merror[0m[90m TS2339: [0mProperty 'getItems' does not exist on type 'Order'.

[7m273[0m     const items = order.getItems().map(item => {
[7m   [0m [91m                        ~~~~~~~~[0m

[96msrc/modules/marketplace/application/services/order.application.service.ts[0m:[93m274[0m:[93m44[0m - [91merror[0m[90m TS2339: [0mProperty 'getId' does not exist on type 'Product'.

[7m274[0m       const product = products.find(p => p.getId() === item.getProductId());
[7m   [0m [91m                                           ~~~~~[0m

[96msrc/modules/marketplace/application/services/order.application.service.ts[0m:[93m278[0m:[93m31[0m - [91merror[0m[90m TS2339: [0mProperty 'getDetails' does not exist on type 'Product'.

[7m278[0m         productName: product?.getDetails().name || 'Unknown Product',
[7m   [0m [91m                              ~~~~~~~~~~[0m

[96msrc/modules/marketplace/application/services/order.application.service.ts[0m:[93m279[0m:[93m32[0m - [91merror[0m[90m TS2339: [0mProperty 'getDetails' does not exist on type 'Product'.

[7m279[0m         productImage: product?.getDetails().imageUrls[0],
[7m   [0m [91m                               ~~~~~~~~~~[0m

[96msrc/modules/marketplace/application/services/order.application.service.ts[0m:[93m291[0m:[93m25[0m - [91merror[0m[90m TS2551: [0mProperty 'getSubtotal' does not exist on type 'Order'. Did you mean 'subtotal'?

[7m291[0m         subtotal: order.getSubtotal(),
[7m   [0m [91m                        ~~~~~~~~~~~[0m

  [96msrc/modules/marketplace/domain/entities/order.entity.ts[0m:[93m149[0m:[93m7[0m
    [7m149[0m   get subtotal(): Price {
    [7m   [0m [96m      ~~~~~~~~[0m
    'subtotal' is declared here.

[96msrc/modules/marketplace/application/services/order.application.service.ts[0m:[93m292[0m:[93m26[0m - [91merror[0m[90m TS2551: [0mProperty 'getDiscountAmount' does not exist on type 'Order'. Did you mean 'discountAmount'?

[7m292[0m         discounts: order.getDiscountAmount(),
[7m   [0m [91m                         ~~~~~~~~~~~~~~~~~[0m

  [96msrc/modules/marketplace/domain/entities/order.entity.ts[0m:[93m153[0m:[93m7[0m
    [7m153[0m   get discountAmount(): Price {
    [7m   [0m [96m      ~~~~~~~~~~~~~~[0m
    'discountAmount' is declared here.

[96msrc/modules/marketplace/application/services/order.application.service.ts[0m:[93m293[0m:[93m20[0m - [91merror[0m[90m TS2339: [0mProperty 'getTaxAmount' does not exist on type 'Order'.

[7m293[0m         tax: order.getTaxAmount(),
[7m   [0m [91m                   ~~~~~~~~~~~~[0m

[96msrc/modules/marketplace/application/services/order.application.service.ts[0m:[93m294[0m:[93m25[0m - [91merror[0m[90m TS2339: [0mProperty 'getShippingAmount' does not exist on type 'Order'.

[7m294[0m         shipping: order.getShippingAmount(),
[7m   [0m [91m                        ~~~~~~~~~~~~~~~~~[0m

[96msrc/modules/marketplace/application/services/order.application.service.ts[0m:[93m295[0m:[93m22[0m - [91merror[0m[90m TS2339: [0mProperty 'getTotal' does not exist on type 'Order'.

[7m295[0m         total: order.getTotal(),
[7m   [0m [91m                     ~~~~~~~~[0m

[96msrc/modules/marketplace/application/services/order.application.service.ts[0m:[93m296[0m:[93m25[0m - [91merror[0m[90m TS2339: [0mProperty 'getCurrency' does not exist on type 'Order'.

[7m296[0m         currency: order.getCurrency(),
[7m   [0m [91m                        ~~~~~~~~~~~[0m

[96msrc/modules/marketplace/application/services/order.application.service.ts[0m:[93m299[0m:[93m24[0m - [91merror[0m[90m TS2551: [0mProperty 'getDeliveryInfo' does not exist on type 'Order'. Did you mean 'deliveryInfo'?

[7m299[0m         address: order.getDeliveryInfo().address,
[7m   [0m [91m                       ~~~~~~~~~~~~~~~[0m

  [96msrc/modules/marketplace/domain/entities/order.entity.ts[0m:[93m141[0m:[93m7[0m
    [7m141[0m   get deliveryInfo(): DeliveryInfo {
    [7m   [0m [96m      ~~~~~~~~~~~~[0m
    'deliveryInfo' is declared here.

[96msrc/modules/marketplace/application/services/order.application.service.ts[0m:[93m300[0m:[93m23[0m - [91merror[0m[90m TS2551: [0mProperty 'getDeliveryInfo' does not exist on type 'Order'. Did you mean 'deliveryInfo'?

[7m300[0m         method: order.getDeliveryInfo().method,
[7m   [0m [91m                      ~~~~~~~~~~~~~~~[0m

  [96msrc/modules/marketplace/domain/entities/order.entity.ts[0m:[93m141[0m:[93m7[0m
    [7m141[0m   get deliveryInfo(): DeliveryInfo {
    [7m   [0m [96m      ~~~~~~~~~~~~[0m
    'deliveryInfo' is declared here.

[96msrc/modules/marketplace/application/services/order.application.service.ts[0m:[93m301[0m:[93m30[0m - [91merror[0m[90m TS2551: [0mProperty 'getDeliveryInfo' does not exist on type 'Order'. Did you mean 'deliveryInfo'?

[7m301[0m         estimatedDate: order.getDeliveryInfo().estimatedDate,
[7m   [0m [91m                             ~~~~~~~~~~~~~~~[0m

  [96msrc/modules/marketplace/domain/entities/order.entity.ts[0m:[93m141[0m:[93m7[0m
    [7m141[0m   get deliveryInfo(): DeliveryInfo {
    [7m   [0m [96m      ~~~~~~~~~~~~[0m
    'deliveryInfo' is declared here.

[96msrc/modules/marketplace/application/services/order.application.service.ts[0m:[93m302[0m:[93m31[0m - [91merror[0m[90m TS2551: [0mProperty 'getDeliveryInfo' does not exist on type 'Order'. Did you mean 'deliveryInfo'?

[7m302[0m         trackingNumber: order.getDeliveryInfo().trackingNumber,
[7m   [0m [91m                              ~~~~~~~~~~~~~~~[0m

  [96msrc/modules/marketplace/domain/entities/order.entity.ts[0m:[93m141[0m:[93m7[0m
    [7m141[0m   get deliveryInfo(): DeliveryInfo {
    [7m   [0m [96m      ~~~~~~~~~~~~[0m
    'deliveryInfo' is declared here.

[96msrc/modules/marketplace/application/services/order.application.service.ts[0m:[93m303[0m:[93m29[0m - [91merror[0m[90m TS2339: [0mProperty 'getSpecialInstructions' does not exist on type 'Order'.

[7m303[0m         instructions: order.getSpecialInstructions(),
[7m   [0m [91m                            ~~~~~~~~~~~~~~~~~~~~~~[0m

[96msrc/modules/marketplace/application/services/order.application.service.ts[0m:[93m306[0m:[93m23[0m - [91merror[0m[90m TS2551: [0mProperty 'getPaymentDetails' does not exist on type 'Order'. Did you mean 'paymentDetails'?

[7m306[0m         method: order.getPaymentDetails().method,
[7m   [0m [91m                      ~~~~~~~~~~~~~~~~~[0m

  [96msrc/modules/marketplace/domain/entities/order.entity.ts[0m:[93m137[0m:[93m7[0m
    [7m137[0m   get paymentDetails(): PaymentDetails {
    [7m   [0m [96m      ~~~~~~~~~~~~~~[0m
    'paymentDetails' is declared here.

[96msrc/modules/marketplace/application/services/order.application.service.ts[0m:[93m307[0m:[93m23[0m - [91merror[0m[90m TS2551: [0mProperty 'getPaymentDetails' does not exist on type 'Order'. Did you mean 'paymentDetails'?

[7m307[0m         status: order.getPaymentDetails().status,
[7m   [0m [91m                      ~~~~~~~~~~~~~~~~~[0m

  [96msrc/modules/marketplace/domain/entities/order.entity.ts[0m:[93m137[0m:[93m7[0m
    [7m137[0m   get paymentDetails(): PaymentDetails {
    [7m   [0m [96m      ~~~~~~~~~~~~~~[0m
    'paymentDetails' is declared here.

[96msrc/modules/marketplace/application/services/order.application.service.ts[0m:[93m308[0m:[93m30[0m - [91merror[0m[90m TS2551: [0mProperty 'getPaymentDetails' does not exist on type 'Order'. Did you mean 'paymentDetails'?

[7m308[0m         transactionId: order.getPaymentDetails().transactionId,
[7m   [0m [91m                             ~~~~~~~~~~~~~~~~~[0m

  [96msrc/modules/marketplace/domain/entities/order.entity.ts[0m:[93m137[0m:[93m7[0m
    [7m137[0m   get paymentDetails(): PaymentDetails {
    [7m   [0m [96m      ~~~~~~~~~~~~~~[0m
    'paymentDetails' is declared here.

[96msrc/modules/marketplace/application/services/order.application.service.ts[0m:[93m309[0m:[93m23[0m - [91merror[0m[90m TS2551: [0mProperty 'getPaymentDetails' does not exist on type 'Order'. Did you mean 'paymentDetails'?

[7m309[0m         paidAt: order.getPaymentDetails().paidAt,
[7m   [0m [91m                      ~~~~~~~~~~~~~~~~~[0m

  [96msrc/modules/marketplace/domain/entities/order.entity.ts[0m:[93m137[0m:[93m7[0m
    [7m137[0m   get paymentDetails(): PaymentDetails {
    [7m   [0m [96m      ~~~~~~~~~~~~~~[0m
    'paymentDetails' is declared here.

[96msrc/modules/marketplace/application/services/order.application.service.ts[0m:[93m320[0m:[93m58[0m - [91merror[0m[90m TS2339: [0mProperty 'findWithFilters' does not exist on type 'OrderRepository'.

[7m320[0m     const { orders, total } = await this.orderRepository.findWithFilters({
[7m   [0m [91m                                                         ~~~~~~~~~~~~~~~[0m

[96msrc/modules/marketplace/application/services/order.application.service.ts[0m:[93m358[0m:[93m7[0m - [91merror[0m[90m TS2554: [0mExpected 2 arguments, but got 3.

[7m358[0m       update.reason,
[7m   [0m [91m      ~~~~~~~~~~~~~[0m

[96msrc/modules/marketplace/application/services/order.application.service.ts[0m:[93m362[0m:[93m84[0m - [91merror[0m[90m TS2339: [0mProperty 'errors' does not exist on type 'OrderStatusTransition'.

[7m362[0m       throw new BadRequestException(`Invalid status transition: ${validationResult.errors.join(', ')}`);
[7m   [0m [91m                                                                                   ~~~~~~[0m

[96msrc/modules/marketplace/application/services/order.application.service.ts[0m:[93m370[0m:[93m7[0m - [91merror[0m[90m TS2554: [0mExpected 2-3 arguments, but got 6.

[7m370[0m       update.estimatedDelivery,
[7m   [0m [91m      ~~~~~~~~~~~~~~~~~~~~~~~~~[0m
[7m371[0m       update.trackingNumber,
[7m   [0m [91m~~~~~~~~~~~~~~~~~~~~~~~~~~~~[0m
[7m372[0m       update.notes,
[7m   [0m [91m~~~~~~~~~~~~~~~~~~[0m

[96msrc/modules/marketplace/application/services/order.application.service.ts[0m:[93m392[0m:[93m25[0m - [91merror[0m[90m TS2551: [0mProperty 'getUserId' does not exist on type 'Order'. Did you mean 'userId'?

[7m392[0m     if (userId && order.getUserId() !== userId) {
[7m   [0m [91m                        ~~~~~~~~~[0m

  [96msrc/modules/marketplace/domain/entities/order.entity.ts[0m:[93m121[0m:[93m7[0m
    [7m121[0m   get userId(): UserId {
    [7m   [0m [96m      ~~~~~~[0m
    'userId' is declared here.

[96msrc/modules/marketplace/application/services/order.application.service.ts[0m:[93m420[0m:[93m33[0m - [91merror[0m[90m TS2554: [0mExpected 3-4 arguments, but got 2.

[7m420[0m         await this.orderService.addItemToOrder(order, modification.data);
[7m   [0m [91m                                ~~~~~~~~~~~~~~~~~~~~~~~~~~~~~~~~~~~~~~~~[0m

  [96msrc/modules/marketplace/domain/services/order.service.ts[0m:[93m350[0m:[93m5[0m
    [7m350[0m     quantity: number,
    [7m   [0m [96m    ~~~~~~~~~~~~~~~~[0m
    An argument for 'quantity' was not provided.

[96msrc/modules/marketplace/application/services/order.application.service.ts[0m:[93m426[0m:[93m33[0m - [91merror[0m[90m TS2551: [0mProperty 'updateOrderItemQuantity' does not exist on type 'OrderService'. Did you mean 'updateItemQuantity'?

[7m426[0m         await this.orderService.updateOrderItemQuantity(
[7m   [0m [91m                                ~~~~~~~~~~~~~~~~~~~~~~~[0m

  [96msrc/modules/marketplace/domain/services/order.service.ts[0m:[93m389[0m:[93m9[0m
    [7m389[0m   async updateItemQuantity(
    [7m   [0m [96m        ~~~~~~~~~~~~~~~~~~[0m
    'updateItemQuantity' is declared here.

[96msrc/modules/marketplace/application/services/order.application.service.ts[0m:[93m433[0m:[93m33[0m - [91merror[0m[90m TS2339: [0mProperty 'updateDeliveryAddress' does not exist on type 'OrderService'.

[7m433[0m         await this.orderService.updateDeliveryAddress(order, modification.data.addressId);
[7m   [0m [91m                                ~~~~~~~~~~~~~~~~~~~~~[0m

[96msrc/modules/marketplace/application/services/order.application.service.ts[0m:[93m436[0m:[93m33[0m - [91merror[0m[90m TS2339: [0mProperty 'updateDeliveryTime' does not exist on type 'OrderService'.

[7m436[0m         await this.orderService.updateDeliveryTime(order, modification.data.deliveryTime);
[7m   [0m [91m                                ~~~~~~~~~~~~~~~~~~[0m

[96msrc/modules/marketplace/application/services/order.application.service.ts[0m:[93m443[0m:[93m29[0m - [91merror[0m[90m TS2341: [0mProperty 'recalculateOrderTotals' is private and only accessible within class 'OrderService'.

[7m443[0m     await this.orderService.recalculateOrderTotals(order);
[7m   [0m [91m                            ~~~~~~~~~~~~~~~~~~~~~~[0m

[96msrc/modules/marketplace/application/services/order.application.service.ts[0m:[93m462[0m:[93m7[0m - [91merror[0m[90m TS2345: [0mArgument of type '{ itemId: string; quantity?: number | undefined; reason: string; }[] | undefined' is not assignable to parameter of type 'string[] | undefined'.
  Type '{ itemId: string; quantity?: number | undefined; reason: string; }[]' is not assignable to type 'string[]'.
    Type '{ itemId: string; quantity?: number | undefined; reason: string; }' is not assignable to type 'string'.

[7m462[0m       refundData.items,
[7m   [0m [91m      ~~~~~~~~~~~~~~~~[0m

[96msrc/modules/marketplace/application/services/order.application.service.ts[0m:[93m466[0m:[93m27[0m - [91merror[0m[90m TS2339: [0mProperty 'amount' does not exist on type 'OrderRefundCalculation'.

[7m466[0m     if (refundCalculation.amount <= 0) {
[7m   [0m [91m                          ~~~~~~[0m

[96msrc/modules/marketplace/application/services/order.application.service.ts[0m:[93m471[0m:[93m50[0m - [91merror[0m[90m TS2341: [0mProperty 'processRefund' is private and only accessible within class 'OrderService'.

[7m471[0m     const refundResult = await this.orderService.processRefund(
[7m   [0m [91m                                                 ~~~~~~~~~~~~~[0m

[96msrc/modules/marketplace/application/services/order.application.service.ts[0m:[93m475[0m:[93m7[0m - [91merror[0m[90m TS2554: [0mExpected 3 arguments, but got 4.

[7m475[0m       refundData.refundMethod,
[7m   [0m [91m      ~~~~~~~~~~~~~~~~~~~~~~~[0m

[96msrc/modules/marketplace/application/services/order.application.service.ts[0m:[93m482[0m:[93m34[0m - [91merror[0m[90m TS2339: [0mProperty 'amount' does not exist on type 'void'.

[7m482[0m       refundAmount: refundResult.amount,
[7m   [0m [91m                                 ~~~~~~[0m

[96msrc/modules/marketplace/application/services/order.application.service.ts[0m:[93m483[0m:[93m30[0m - [91merror[0m[90m TS2339: [0mProperty 'refundId' does not exist on type 'void'.

[7m483[0m       refundId: refundResult.refundId,
[7m   [0m [91m                             ~~~~~~~~[0m

[96msrc/modules/marketplace/application/services/order.application.service.ts[0m:[93m493[0m:[93m39[0m - [91merror[0m[90m TS2339: [0mProperty 'getAnalytics' does not exist on type 'OrderRepository'.

[7m493[0m     return await this.orderRepository.getAnalytics(filters);
[7m   [0m [91m                                      ~~~~~~~~~~~~[0m

[96msrc/modules/marketplace/application/services/order.application.service.ts[0m:[93m500[0m:[93m17[0m - [91merror[0m[90m TS2339: [0mProperty 'getId' does not exist on type 'Order'.

[7m500[0m       id: order.getId(),
[7m   [0m [91m                ~~~~~[0m

[96msrc/modules/marketplace/application/services/order.application.service.ts[0m:[93m501[0m:[93m26[0m - [91merror[0m[90m TS2339: [0mProperty 'getOrderNumber' does not exist on type 'Order'.

[7m501[0m       orderNumber: order.getOrderNumber(),
[7m   [0m [91m                         ~~~~~~~~~~~~~~[0m

[96msrc/modules/marketplace/application/services/order.application.service.ts[0m:[93m502[0m:[93m21[0m - [91merror[0m[90m TS2551: [0mProperty 'getStatus' does not exist on type 'Order'. Did you mean 'status'?

[7m502[0m       status: order.getStatus().value,
[7m   [0m [91m                    ~~~~~~~~~[0m

  [96msrc/modules/marketplace/domain/entities/order.entity.ts[0m:[93m133[0m:[93m7[0m
    [7m133[0m   get status(): OrderStatus {
    [7m   [0m [96m      ~~~~~~[0m
    'status' is declared here.

[96msrc/modules/marketplace/application/services/order.application.service.ts[0m:[93m503[0m:[93m28[0m - [91merror[0m[90m TS2551: [0mProperty 'getPaymentDetails' does not exist on type 'Order'. Did you mean 'paymentDetails'?

[7m503[0m       paymentStatus: order.getPaymentDetails().status,
[7m   [0m [91m                           ~~~~~~~~~~~~~~~~~[0m

  [96msrc/modules/marketplace/domain/entities/order.entity.ts[0m:[93m137[0m:[93m7[0m
    [7m137[0m   get paymentDetails(): PaymentDetails {
    [7m   [0m [96m      ~~~~~~~~~~~~~~[0m
    'paymentDetails' is declared here.

[96msrc/modules/marketplace/application/services/order.application.service.ts[0m:[93m504[0m:[93m29[0m - [91merror[0m[90m TS2551: [0mProperty 'getDeliveryInfo' does not exist on type 'Order'. Did you mean 'deliveryInfo'?

[7m504[0m       deliveryStatus: order.getDeliveryInfo().status,
[7m   [0m [91m                            ~~~~~~~~~~~~~~~[0m

  [96msrc/modules/marketplace/domain/entities/order.entity.ts[0m:[93m141[0m:[93m7[0m
    [7m141[0m   get deliveryInfo(): DeliveryInfo {
    [7m   [0m [96m      ~~~~~~~~~~~~[0m
    'deliveryInfo' is declared here.

[96msrc/modules/marketplace/application/services/order.application.service.ts[0m:[93m505[0m:[93m20[0m - [91merror[0m[90m TS2339: [0mProperty 'getTotal' does not exist on type 'Order'.

[7m505[0m       total: order.getTotal(),
[7m   [0m [91m                   ~~~~~~~~[0m

[96msrc/modules/marketplace/application/services/order.application.service.ts[0m:[93m506[0m:[93m23[0m - [91merror[0m[90m TS2339: [0mProperty 'getCurrency' does not exist on type 'Order'.

[7m506[0m       currency: order.getCurrency(),
[7m   [0m [91m                      ~~~~~~~~~~~[0m

[96msrc/modules/marketplace/application/services/order.application.service.ts[0m:[93m507[0m:[93m24[0m - [91merror[0m[90m TS2339: [0mProperty 'getItems' does not exist on type 'Order'.

[7m507[0m       itemCount: order.getItems().length,
[7m   [0m [91m                       ~~~~~~~~[0m

[96msrc/modules/marketplace/application/services/order.application.service.ts[0m:[93m508[0m:[93m24[0m - [91merror[0m[90m TS2551: [0mProperty 'getCreatedAt' does not exist on type 'Order'. Did you mean 'createdAt'?

[7m508[0m       createdAt: order.getCreatedAt(),
[7m   [0m [91m                       ~~~~~~~~~~~~[0m

  [96msrc/modules/marketplace/domain/entities/order.entity.ts[0m:[93m193[0m:[93m7[0m
    [7m193[0m   get createdAt(): Date {
    [7m   [0m [96m      ~~~~~~~~~[0m
    'createdAt' is declared here.

[96msrc/modules/marketplace/application/services/order.application.service.ts[0m:[93m509[0m:[93m32[0m - [91merror[0m[90m TS2551: [0mProperty 'getDeliveryInfo' does not exist on type 'Order'. Did you mean 'deliveryInfo'?

[7m509[0m       estimatedDelivery: order.getDeliveryInfo().estimatedDate,
[7m   [0m [91m                               ~~~~~~~~~~~~~~~[0m

  [96msrc/modules/marketplace/domain/entities/order.entity.ts[0m:[93m141[0m:[93m7[0m
    [7m141[0m   get deliveryInfo(): DeliveryInfo {
    [7m   [0m [96m      ~~~~~~~~~~~~[0m
    'deliveryInfo' is declared here.

[96msrc/modules/marketplace/application/services/order.application.service.ts[0m:[93m510[0m:[93m29[0m - [91merror[0m[90m TS2551: [0mProperty 'getDeliveryInfo' does not exist on type 'Order'. Did you mean 'deliveryInfo'?

[7m510[0m       trackingNumber: order.getDeliveryInfo().trackingNumber,
[7m   [0m [91m                            ~~~~~~~~~~~~~~~[0m

  [96msrc/modules/marketplace/domain/entities/order.entity.ts[0m:[93m141[0m:[93m7[0m
    [7m141[0m   get deliveryInfo(): DeliveryInfo {
    [7m   [0m [96m      ~~~~~~~~~~~~[0m
    'deliveryInfo' is declared here.

[96msrc/modules/marketplace/application/services/order.application.service.ts[0m:[93m522[0m:[93m72[0m - [91merror[0m[90m TS2339: [0mProperty 'getOrderNumber' does not exist on type 'Order'.

[7m522[0m     console.log(`Order confirmation events triggered for order ${order.getOrderNumber()}`);
[7m   [0m [91m                                                                       ~~~~~~~~~~~~~~[0m

[96msrc/modules/marketplace/application/services/order.application.service.ts[0m:[93m530[0m:[93m73[0m - [91merror[0m[90m TS2339: [0mProperty 'getOrderNumber' does not exist on type 'Order'.

[7m530[0m     console.log(`Order status update events triggered for order ${order.getOrderNumber()}`);
[7m   [0m [91m                                                                        ~~~~~~~~~~~~~~[0m

[96msrc/modules/marketplace/application/services/order.application.service.ts[0m:[93m540[0m:[93m98[0m - [91merror[0m[90m TS2554: [0mExpected 2 arguments, but got 3.

[7m540[0m         const validationResult = await this.orderService.validateStatusTransition(order, status, reason);
[7m   [0m [91m                                                                                                 ~~~~~~[0m

[96msrc/modules/marketplace/application/services/order.application.service.ts[0m:[93m547[0m:[93m55[0m - [91merror[0m[90m TS2339: [0mProperty 'getId' does not exist on type 'Order'.

[7m547[0m         console.error(`Failed to update order ${order.getId()}:`, error);
[7m   [0m [91m                                                      ~~~~~[0m

[96msrc/modules/marketplace/application/services/order.application.service.ts[0m:[93m555[0m:[93m5[0m - [91merror[0m[90m TS2740: [0mType 'OrderSearchResult' is missing the following properties from type 'Order[]': length, pop, push, concat, and 29 more.

[7m555[0m     return await this.orderRepository.findByStatus(status, limit);
[7m   [0m [91m    ~~~~~~[0m

[96msrc/modules/marketplace/application/services/order.application.service.ts[0m:[93m555[0m:[93m60[0m - [91merror[0m[90m TS2345: [0mArgument of type 'number' is not assignable to parameter of type 'OrderPaginationOptions'.

[7m555[0m     return await this.orderRepository.findByStatus(status, limit);
[7m   [0m [91m                                                           ~~~~~[0m

[96msrc/modules/marketplace/application/services/order.application.service.ts[0m:[93m559[0m:[93m39[0m - [91merror[0m[90m TS2339: [0mProperty 'findByDateRange' does not exist on type 'OrderRepository'.

[7m559[0m     return await this.orderRepository.findByDateRange(dateFrom, dateTo, limit);
[7m   [0m [91m                                      ~~~~~~~~~~~~~~~[0m

[96msrc/modules/marketplace/application/services/product.application.service.ts[0m:[93m6[0m:[93m32[0m - [91merror[0m[90m TS2307: [0mCannot find module '../../domain/value-objects/product-details.value-object' or its corresponding type declarations.

[7m6[0m import { ProductDetails } from '../../domain/value-objects/product-details.value-object';
[7m [0m [91m                               ~~~~~~~~~~~~~~~~~~~~~~~~~~~~~~~~~~~~~~~~~~~~~~~~~~~~~~~~~[0m

[96msrc/modules/marketplace/application/services/product.application.service.ts[0m:[93m7[0m:[93m23[0m - [91merror[0m[90m TS2307: [0mCannot find module '../../domain/value-objects/price.value-object' or its corresponding type declarations.

[7m7[0m import { Price } from '../../domain/value-objects/price.value-object';
[7m [0m [91m                      ~~~~~~~~~~~~~~~~~~~~~~~~~~~~~~~~~~~~~~~~~~~~~~~[0m

[96msrc/modules/marketplace/application/services/product.application.service.ts[0m:[93m8[0m:[93m24[0m - [91merror[0m[90m TS2307: [0mCannot find module '../../domain/value-objects/rating.value-object' or its corresponding type declarations.

[7m8[0m import { Rating } from '../../domain/value-objects/rating.value-object';
[7m [0m [91m                       ~~~~~~~~~~~~~~~~~~~~~~~~~~~~~~~~~~~~~~~~~~~~~~~~[0m

[96msrc/modules/marketplace/application/services/product.application.service.ts[0m:[93m141[0m:[93m21[0m - [91merror[0m[90m TS2673: [0mConstructor of class 'Product' is private and only accessible within the class declaration.

[7m141[0m     const product = new Product(
[7m   [0m [91m                    ~~~~~~~~~~~~[0m
[7m142[0m       '', // ID will be generated
[7m   [0m [91m~~~~~~~~~~~~~~~~~~~~~~~~~~~~~~~~~[0m
[7m...[0m 
[7m155[0m       new Date(),
[7m   [0m [91m~~~~~~~~~~~~~~~~~[0m
[7m156[0m     );
[7m   [0m [91m~~~~~[0m

[96msrc/modules/marketplace/application/services/product.application.service.ts[0m:[93m158[0m:[93m41[0m - [91merror[0m[90m TS2339: [0mProperty 'create' does not exist on type 'ProductRepository'.

[7m158[0m     return await this.productRepository.create(product);
[7m   [0m [91m                                        ~~~~~~[0m

[96msrc/modules/marketplace/application/services/product.application.service.ts[0m:[93m185[0m:[93m15[0m - [91merror[0m[90m TS2554: [0mExpected 3 arguments, but got 1.

[7m185[0m       product.updateDetails({
[7m   [0m [91m              ~~~~~~~~~~~~~~~[0m
[7m186[0m         ...product.getDetails(),
[7m   [0m [91m~~~~~~~~~~~~~~~~~~~~~~~~~~~~~~~~[0m
[7m187[0m         name: data.name,
[7m   [0m [91m~~~~~~~~~~~~~~~~~~~~~~~~[0m
[7m188[0m       });
[7m   [0m [91m~~~~~~~~[0m

  [96msrc/modules/marketplace/domain/entities/product.entity.ts[0m:[93m130[0m:[93m38[0m
    [7m130[0m   public updateDetails(name: string, description: string, price: Price): void {
    [7m   [0m [96m                                     ~~~~~~~~~~~~~~~~~~~[0m
    An argument for 'description' was not provided.

[96msrc/modules/marketplace/application/services/product.application.service.ts[0m:[93m186[0m:[93m20[0m - [91merror[0m[90m TS2339: [0mProperty 'getDetails' does not exist on type 'Product'.

[7m186[0m         ...product.getDetails(),
[7m   [0m [91m                   ~~~~~~~~~~[0m

[96msrc/modules/marketplace/application/services/product.application.service.ts[0m:[93m192[0m:[93m15[0m - [91merror[0m[90m TS2554: [0mExpected 3 arguments, but got 1.

[7m192[0m       product.updateDetails({
[7m   [0m [91m              ~~~~~~~~~~~~~~~[0m
[7m193[0m         ...product.getDetails(),
[7m   [0m [91m~~~~~~~~~~~~~~~~~~~~~~~~~~~~~~~~[0m
[7m194[0m         description: data.description,
[7m   [0m [91m~~~~~~~~~~~~~~~~~~~~~~~~~~~~~~~~~~~~~~[0m
[7m195[0m       });
[7m   [0m [91m~~~~~~~~[0m

  [96msrc/modules/marketplace/domain/entities/product.entity.ts[0m:[93m130[0m:[93m38[0m
    [7m130[0m   public updateDetails(name: string, description: string, price: Price): void {
    [7m   [0m [96m                                     ~~~~~~~~~~~~~~~~~~~[0m
    An argument for 'description' was not provided.

[96msrc/modules/marketplace/application/services/product.application.service.ts[0m:[93m193[0m:[93m20[0m - [91merror[0m[90m TS2339: [0mProperty 'getDetails' does not exist on type 'Product'.

[7m193[0m         ...product.getDetails(),
[7m   [0m [91m                   ~~~~~~~~~~[0m

[96msrc/modules/marketplace/application/services/product.application.service.ts[0m:[93m199[0m:[93m15[0m - [91merror[0m[90m TS2339: [0mProperty 'updatePrice' does not exist on type 'Product'.

[7m199[0m       product.updatePrice(new Price(
[7m   [0m [91m              ~~~~~~~~~~~[0m

[96msrc/modules/marketplace/application/services/product.application.service.ts[0m:[93m201[0m:[93m17[0m - [91merror[0m[90m TS2339: [0mProperty 'getPrice' does not exist on type 'Product'.

[7m201[0m         product.getPrice().currency,
[7m   [0m [91m                ~~~~~~~~[0m

[96msrc/modules/marketplace/application/services/product.application.service.ts[0m:[93m211[0m:[93m15[0m - [91merror[0m[90m TS2339: [0mProperty 'setFeatured' does not exist on type 'Product'.

[7m211[0m       product.setFeatured(data.isFeatured);
[7m   [0m [91m              ~~~~~~~~~~~[0m

[96msrc/modules/marketplace/application/services/product.application.service.ts[0m:[93m262[0m:[93m62[0m - [91merror[0m[90m TS2339: [0mProperty 'findWithFilters' does not exist on type 'ProductRepository'.

[7m262[0m     const { products, total } = await this.productRepository.findWithFilters({
[7m   [0m [91m                                                             ~~~~~~~~~~~~~~~[0m

[96msrc/modules/marketplace/application/services/product.application.service.ts[0m:[93m282[0m:[93m5[0m - [91merror[0m[90m TS2740: [0mType 'ProductSearchResult' is missing the following properties from type 'Product[]': length, pop, push, concat, and 29 more.

[7m282[0m     return await this.productRepository.findFeatured(limit);
[7m   [0m [91m    ~~~~~~[0m

[96msrc/modules/marketplace/application/services/product.application.service.ts[0m:[93m282[0m:[93m54[0m - [91merror[0m[90m TS2345: [0mArgument of type 'number' is not assignable to parameter of type 'ProductPaginationOptions'.

[7m282[0m     return await this.productRepository.findFeatured(limit);
[7m   [0m [91m                                                     ~~~~~[0m

[96msrc/modules/marketplace/application/services/product.application.service.ts[0m:[93m286[0m:[93m5[0m - [91merror[0m[90m TS2322: [0mType 'ProductSearchResult' is not assignable to type 'Product[]'.

[7m286[0m     return await this.productRepository.findByCategory(categoryId, limit);
[7m   [0m [91m    ~~~~~~[0m

[96msrc/modules/marketplace/application/services/product.application.service.ts[0m:[93m286[0m:[93m68[0m - [91merror[0m[90m TS2345: [0mArgument of type 'number' is not assignable to parameter of type 'ProductPaginationOptions'.

[7m286[0m     return await this.productRepository.findByCategory(categoryId, limit);
[7m   [0m [91m                                                                   ~~~~~[0m

[96msrc/modules/marketplace/application/services/product.application.service.ts[0m:[93m290[0m:[93m5[0m - [91merror[0m[90m TS2322: [0mType 'ProductSearchResult' is not assignable to type 'Product[]'.

[7m290[0m     return await this.productRepository.findByBrand(brandId, limit);
[7m   [0m [91m    ~~~~~~[0m

[96msrc/modules/marketplace/application/services/product.application.service.ts[0m:[93m290[0m:[93m62[0m - [91merror[0m[90m TS2345: [0mArgument of type 'number' is not assignable to parameter of type 'ProductPaginationOptions'.

[7m290[0m     return await this.productRepository.findByBrand(brandId, limit);
[7m   [0m [91m                                                             ~~~~~[0m

[96msrc/modules/marketplace/application/services/product.application.service.ts[0m:[93m294[0m:[93m5[0m - [91merror[0m[90m TS2322: [0mType 'ProductSearchResult' is not assignable to type 'Product[]'.

[7m294[0m     return await this.productRepository.findByStore(storeId, limit);
[7m   [0m [91m    ~~~~~~[0m

[96msrc/modules/marketplace/application/services/product.application.service.ts[0m:[93m294[0m:[93m62[0m - [91merror[0m[90m TS2345: [0mArgument of type 'number' is not assignable to parameter of type 'ProductPaginationOptions'.

[7m294[0m     return await this.productRepository.findByStore(storeId, limit);
[7m   [0m [91m                                                             ~~~~~[0m

[96msrc/modules/marketplace/application/services/product.application.service.ts[0m:[93m304[0m:[93m60[0m - [91merror[0m[90m TS2339: [0mProperty 'findSimilar' does not exist on type 'ProductRepository'.

[7m304[0m       const similarProducts = await this.productRepository.findSimilar(productId, 5);
[7m   [0m [91m                                                           ~~~~~~~~~~~[0m

[96msrc/modules/marketplace/application/services/product.application.service.ts[0m:[93m314[0m:[93m61[0m - [91merror[0m[90m TS2339: [0mProperty 'findFrequentlyBoughtTogether' does not exist on type 'ProductRepository'.

[7m314[0m       const frequentlyBought = await this.productRepository.findFrequentlyBoughtTogether(productId, 5);
[7m   [0m [91m                                                            ~~~~~~~~~~~~~~~~~~~~~~~~~~~~[0m

[96msrc/modules/marketplace/application/services/product.application.service.ts[0m:[93m325[0m:[93m59[0m - [91merror[0m[90m TS2339: [0mProperty 'findTrending' does not exist on type 'ProductRepository'.

[7m325[0m     const trendingProducts = await this.productRepository.findTrending(5);
[7m   [0m [91m                                                          ~~~~~~~~~~~~[0m

[96msrc/modules/marketplace/application/services/product.application.service.ts[0m:[93m336[0m:[93m65[0m - [91merror[0m[90m TS2339: [0mProperty 'findPersonalizedRecommendations' does not exist on type 'ProductRepository'.

[7m336[0m       const personalizedProducts = await this.productRepository.findPersonalizedRecommendations(userId, 5);
[7m   [0m [91m                                                                ~~~~~~~~~~~~~~~~~~~~~~~~~~~~~~~[0m

[96msrc/modules/marketplace/application/services/product.application.service.ts[0m:[93m366[0m:[93m30[0m - [91merror[0m[90m TS2339: [0mProperty 'getStock' does not exist on type 'Product'.

[7m366[0m     const newStock = product.getStock() + adjustment;
[7m   [0m [91m                             ~~~~~~~~[0m

[96msrc/modules/marketplace/application/services/product.application.service.ts[0m:[93m376[0m:[93m5[0m - [91merror[0m[90m TS2322: [0mType 'ProductSearchResult' is not assignable to type 'Product[]'.

[7m376[0m     return await this.productRepository.findLowStock(threshold);
[7m   [0m [91m    ~~~~~~[0m

[96msrc/modules/marketplace/application/services/product.application.service.ts[0m:[93m376[0m:[93m54[0m - [91merror[0m[90m TS2345: [0mArgument of type 'number | undefined' is not assignable to parameter of type 'number'.
  Type 'undefined' is not assignable to type 'number'.

[7m376[0m     return await this.productRepository.findLowStock(threshold);
[7m   [0m [91m                                                     ~~~~~~~~~[0m

[96msrc/modules/marketplace/application/services/product.application.service.ts[0m:[93m387[0m:[93m52[0m - [91merror[0m[90m TS2339: [0mProperty 'getAnalytics' does not exist on type 'ProductRepository'.

[7m387[0m     const analytics = await this.productRepository.getAnalytics(id);
[7m   [0m [91m                                                   ~~~~~~~~~~~~[0m

[96msrc/modules/marketplace/application/services/product.application.service.ts[0m:[93m393[0m:[93m30[0m - [91merror[0m[90m TS2551: [0mProperty 'getRating' does not exist on type 'Product'. Did you mean 'rating'?

[7m393[0m       averageRating: product.getRating().average,
[7m   [0m [91m                             ~~~~~~~~~[0m

  [96msrc/modules/marketplace/domain/entities/product.entity.ts[0m:[93m113[0m:[93m7[0m
    [7m113[0m   get rating(): Rating {
    [7m   [0m [96m      ~~~~~~[0m
    'rating' is declared here.

[96msrc/modules/marketplace/application/services/product.application.service.ts[0m:[93m394[0m:[93m28[0m - [91merror[0m[90m TS2551: [0mProperty 'getRating' does not exist on type 'Product'. Did you mean 'rating'?

[7m394[0m       reviewCount: product.getRating().count,
[7m   [0m [91m                           ~~~~~~~~~[0m

  [96msrc/modules/marketplace/domain/entities/product.entity.ts[0m:[93m113[0m:[93m7[0m
    [7m113[0m   get rating(): Rating {
    [7m   [0m [96m      ~~~~~~[0m
    'rating' is declared here.

[96msrc/modules/marketplace/application/services/product.application.service.ts[0m:[93m395[0m:[93m27[0m - [91merror[0m[90m TS2339: [0mProperty 'getStock' does not exist on type 'Product'.

[7m395[0m       stockLevel: product.getStock(),
[7m   [0m [91m                          ~~~~~~~~[0m

[96msrc/modules/marketplace/application/services/product.application.service.ts[0m:[93m396[0m:[93m29[0m - [91merror[0m[90m TS2339: [0mProperty 'getMinStock' does not exist on type 'Product'.

[7m396[0m       reorderPoint: product.getMinStock(),
[7m   [0m [91m                            ~~~~~~~~~~~[0m

[96msrc/modules/marketplace/application/services/product.application.service.ts[0m:[93m404[0m:[93m36[0m - [91merror[0m[90m TS2339: [0mProperty 'incrementViews' does not exist on type 'ProductRepository'.

[7m404[0m       await this.productRepository.incrementViews(productId);
[7m   [0m [91m                                   ~~~~~~~~~~~~~~[0m

[96msrc/modules/marketplace/application/services/product.application.service.ts[0m:[93m412[0m:[93m34[0m - [91merror[0m[90m TS2339: [0mProperty 'bulkUpdatePrices' does not exist on type 'ProductRepository'.

[7m412[0m     await this.productRepository.bulkUpdatePrices(updates);
[7m   [0m [91m                                 ~~~~~~~~~~~~~~~~[0m

[96msrc/modules/marketplace/application/services/product.application.service.ts[0m:[93m416[0m:[93m34[0m - [91merror[0m[90m TS2551: [0mProperty 'bulkUpdateStock' does not exist on type 'ProductRepository'. Did you mean 'updateStock'?

[7m416[0m     await this.productRepository.bulkUpdateStock(updates);
[7m   [0m [91m                                 ~~~~~~~~~~~~~~~[0m

  [96msrc/modules/marketplace/domain/repositories/product.repository.ts[0m:[93m88[0m:[93m3[0m
    [7m88[0m   updateStock(productId: string, quantity: number): Promise<void>;
    [7m  [0m [96m  ~~~~~~~~~~~~~~~~~~~~~~~~~~~~~~~~~~~~~~~~~~~~~~~~~~~~~~~~~~~~~~~~[0m
    'updateStock' is declared here.

[96msrc/modules/marketplace/application/services/product.application.service.ts[0m:[93m424[0m:[93m41[0m - [91merror[0m[90m TS2339: [0mProperty 'searchByName' does not exist on type 'ProductRepository'.

[7m424[0m     return await this.productRepository.searchByName(name, limit);
[7m   [0m [91m                                        ~~~~~~~~~~~~[0m

[96msrc/modules/marketplace/application/services/promotion.application.service.ts[0m:[93m4[0m:[93m32[0m - [91merror[0m[90m TS2307: [0mCannot find module '../../../user/domain/repositories/user.repository' or its corresponding type declarations.

[7m4[0m import { UserRepository } from '../../../user/domain/repositories/user.repository';
[7m [0m [91m                               ~~~~~~~~~~~~~~~~~~~~~~~~~~~~~~~~~~~~~~~~~~~~~~~~~~~[0m

[96msrc/modules/marketplace/application/services/promotion.application.service.ts[0m:[93m8[0m:[93m34[0m - [91merror[0m[90m TS2307: [0mCannot find module '../../domain/value-objects/promotion-details.value-object' or its corresponding type declarations.

[7m8[0m import { PromotionDetails } from '../../domain/value-objects/promotion-details.value-object';
[7m [0m [91m                                 ~~~~~~~~~~~~~~~~~~~~~~~~~~~~~~~~~~~~~~~~~~~~~~~~~~~~~~~~~~~[0m

[96msrc/modules/marketplace/application/services/promotion.application.service.ts[0m:[93m224[0m:[93m7[0m - [91merror[0m[90m TS2554: [0mExpected 7-8 arguments, but got 9.

[7m224[0m       data.isActive !== false,
[7m   [0m [91m      ~~~~~~~~~~~~~~~~~~~~~~~[0m

[96msrc/modules/marketplace/application/services/promotion.application.service.ts[0m:[93m227[0m:[93m43[0m - [91merror[0m[90m TS2339: [0mProperty 'create' does not exist on type 'PromotionRepository'.

[7m227[0m     return await this.promotionRepository.create(promotion);
[7m   [0m [91m                                          ~~~~~~[0m

[96msrc/modules/marketplace/application/services/promotion.application.service.ts[0m:[93m246[0m:[93m31[0m - [91merror[0m[90m TS2339: [0mProperty 'updateTitle' does not exist on type 'Promotion'.

[7m246[0m     if (data.title) promotion.updateTitle(data.title);
[7m   [0m [91m                              ~~~~~~~~~~~[0m

[96msrc/modules/marketplace/application/services/promotion.application.service.ts[0m:[93m247[0m:[93m37[0m - [91merror[0m[90m TS2339: [0mProperty 'updateDescription' does not exist on type 'Promotion'.

[7m247[0m     if (data.description) promotion.updateDescription(data.description);
[7m   [0m [91m                                    ~~~~~~~~~~~~~~~~~[0m

[96msrc/modules/marketplace/application/services/promotion.application.service.ts[0m:[93m249[0m:[93m58[0m - [91merror[0m[90m TS2339: [0mProperty 'updateMinimumOrderAmount' does not exist on type 'Promotion'.

[7m249[0m     if (data.minimumOrderAmount !== undefined) promotion.updateMinimumOrderAmount(data.minimumOrderAmount);
[7m   [0m [91m                                                         ~~~~~~~~~~~~~~~~~~~~~~~~[0m

[96msrc/modules/marketplace/application/services/promotion.application.service.ts[0m:[93m250[0m:[93m61[0m - [91merror[0m[90m TS2339: [0mProperty 'updateMaximumDiscountAmount' does not exist on type 'Promotion'.

[7m250[0m     if (data.maximumDiscountAmount !== undefined) promotion.updateMaximumDiscountAmount(data.maximumDiscountAmount);
[7m   [0m [91m                                                            ~~~~~~~~~~~~~~~~~~~~~~~~~~~[0m

[96msrc/modules/marketplace/application/services/promotion.application.service.ts[0m:[93m251[0m:[93m35[0m - [91merror[0m[90m TS2339: [0mProperty 'updateStartDate' does not exist on type 'Promotion'.

[7m251[0m     if (data.startDate) promotion.updateStartDate(data.startDate);
[7m   [0m [91m                                  ~~~~~~~~~~~~~~~[0m

[96msrc/modules/marketplace/application/services/promotion.application.service.ts[0m:[93m252[0m:[93m33[0m - [91merror[0m[90m TS2551: [0mProperty 'updateEndDate' does not exist on type 'Promotion'. Did you mean 'updatedAt'?

[7m252[0m     if (data.endDate) promotion.updateEndDate(data.endDate);
[7m   [0m [91m                                ~~~~~~~~~~~~~[0m

  [96msrc/modules/marketplace/domain/entities/promotion.entity.ts[0m:[93m150[0m:[93m7[0m
    [7m150[0m   get updatedAt(): Date { return this._updatedAt; }
    [7m   [0m [96m      ~~~~~~~~~[0m
    'updatedAt' is declared here.

[96msrc/modules/marketplace/application/services/promotion.application.service.ts[0m:[93m253[0m:[93m50[0m - [91merror[0m[90m TS2551: [0mProperty 'updateUsageLimit' does not exist on type 'Promotion'. Did you mean 'updateUsageLimits'?

[7m253[0m     if (data.usageLimit !== undefined) promotion.updateUsageLimit(data.usageLimit);
[7m   [0m [91m                                                 ~~~~~~~~~~~~~~~~[0m

  [96msrc/modules/marketplace/domain/entities/promotion.entity.ts[0m:[93m171[0m:[93m3[0m
    [7m171[0m   updateUsageLimits(usageLimit?: number, userUsageLimit?: number): void {
    [7m   [0m [96m  ~~~~~~~~~~~~~~~~~[0m
    'updateUsageLimits' is declared here.

[96msrc/modules/marketplace/application/services/promotion.application.service.ts[0m:[93m254[0m:[93m57[0m - [91merror[0m[90m TS2551: [0mProperty 'updateUsageLimitPerUser' does not exist on type 'Promotion'. Did you mean 'updateUsageLimits'?

[7m254[0m     if (data.usageLimitPerUser !== undefined) promotion.updateUsageLimitPerUser(data.usageLimitPerUser);
[7m   [0m [91m                                                        ~~~~~~~~~~~~~~~~~~~~~~~[0m

  [96msrc/modules/marketplace/domain/entities/promotion.entity.ts[0m:[93m171[0m:[93m3[0m
    [7m171[0m   updateUsageLimits(usageLimit?: number, userUsageLimit?: number): void {
    [7m   [0m [96m  ~~~~~~~~~~~~~~~~~[0m
    'updateUsageLimits' is declared here.

[96msrc/modules/marketplace/application/services/promotion.application.service.ts[0m:[93m262[0m:[93m49[0m - [91merror[0m[90m TS2339: [0mProperty 'updateStackable' does not exist on type 'Promotion'.

[7m262[0m     if (data.stackable !== undefined) promotion.updateStackable(data.stackable);
[7m   [0m [91m                                                ~~~~~~~~~~~~~~~[0m

[96msrc/modules/marketplace/application/services/promotion.application.service.ts[0m:[93m304[0m:[93m66[0m - [91merror[0m[90m TS2339: [0mProperty 'findWithFilters' does not exist on type 'PromotionRepository'.

[7m304[0m     const { promotions, total } = await this.promotionRepository.findWithFilters({
[7m   [0m [91m                                                                 ~~~~~~~~~~~~~~~[0m

[96msrc/modules/marketplace/application/services/promotion.application.service.ts[0m:[93m324[0m:[93m5[0m - [91merror[0m[90m TS2740: [0mType 'PromotionSearchResult' is missing the following properties from type 'Promotion[]': length, pop, push, concat, and 29 more.

[7m324[0m     return await this.promotionRepository.findActive();
[7m   [0m [91m    ~~~~~~[0m

[96msrc/modules/marketplace/application/services/promotion.application.service.ts[0m:[93m338[0m:[93m56[0m - [91merror[0m[90m TS2339: [0mProperty 'isPromotionApplicable' does not exist on type 'PromotionService'.

[7m338[0m       const isApplicable = await this.promotionService.isPromotionApplicable(
[7m   [0m [91m                                                       ~~~~~~~~~~~~~~~~~~~~~[0m

[96msrc/modules/marketplace/application/services/promotion.application.service.ts[0m:[93m369[0m:[93m9[0m - [91merror[0m[90m TS2554: [0mExpected 2 arguments, but got 6.

[7m369[0m         data.productIds || [],
[7m   [0m [91m        ~~~~~~~~~~~~~~~~~~~~~~[0m
[7m370[0m         data.categoryIds || [],
[7m   [0m [91m~~~~~~~~~~~~~~~~~~~~~~~~~~~~~~~[0m
[7m371[0m         data.brandIds || [],
[7m   [0m [91m~~~~~~~~~~~~~~~~~~~~~~~~~~~~[0m
[7m372[0m         data.orderAmount,
[7m   [0m [91m~~~~~~~~~~~~~~~~~~~~~~~~[0m

[96msrc/modules/marketplace/application/services/promotion.application.service.ts[0m:[93m386[0m:[93m9[0m - [91merror[0m[90m TS2554: [0mExpected 2 arguments, but got 3.

[7m386[0m         data.productIds || [],
[7m   [0m [91m        ~~~~~~~~~~~~~~~~~~~~~[0m

[96msrc/modules/marketplace/application/services/promotion.application.service.ts[0m:[93m392[0m:[93m9[0m - [91merror[0m[90m TS2322: [0mType 'Price' is not assignable to type 'number'.

[7m392[0m         discountAmount,
[7m   [0m [91m        ~~~~~~~~~~~~~~[0m

  [96msrc/modules/marketplace/application/services/promotion.application.service.ts[0m:[93m72[0m:[93m3[0m
    [7m72[0m   discountAmount?: number;
    [7m  [0m [96m  ~~~~~~~~~~~~~~[0m
    The expected type comes from property 'discountAmount' which is declared here on type 'PromotionValidationResult'

[96msrc/modules/marketplace/application/services/promotion.application.service.ts[0m:[93m414[0m:[93m7[0m - [91merror[0m[90m TS2345: [0mArgument of type 'string' is not assignable to parameter of type 'Cart'.

[7m414[0m       orderId,
[7m   [0m [91m      ~~~~~~~[0m

[96msrc/modules/marketplace/application/services/promotion.application.service.ts[0m:[93m420[0m:[93m38[0m - [91merror[0m[90m TS2554: [0mExpected 4 arguments, but got 1.

[7m420[0m       await this.promotionRepository.incrementUsage(promotionId);
[7m   [0m [91m                                     ~~~~~~~~~~~~~~~~~~~~~~~~~~~[0m

  [96msrc/modules/marketplace/domain/repositories/promotion.repository.ts[0m:[93m121[0m:[93m39[0m
    [7m121[0m   incrementUsage(promotionId: string, userId: string, orderId: string, discountAmount: number): Promise<void>;
    [7m   [0m [96m                                      ~~~~~~~~~~~~~~[0m
    An argument for 'userId' was not provided.

[96msrc/modules/marketplace/application/services/promotion.application.service.ts[0m:[93m423[0m:[93m38[0m - [91merror[0m[90m TS2339: [0mProperty 'recordUsage' does not exist on type 'PromotionRepository'.

[7m423[0m       await this.promotionRepository.recordUsage({
[7m   [0m [91m                                     ~~~~~~~~~~~[0m

[96msrc/modules/marketplace/application/services/promotion.application.service.ts[0m:[93m432[0m:[93m5[0m - [91merror[0m[90m TS2741: [0mProperty 'usageId' is missing in type 'PromotionApplicationResult' but required in type '{ success: boolean; discountAmount: number; usageId: string; }'.

[7m432[0m     return result;
[7m   [0m [91m    ~~~~~~[0m

  [96msrc/modules/marketplace/application/services/promotion.application.service.ts[0m:[93m408[0m:[93m5[0m
    [7m408[0m     usageId: string;
    [7m   [0m [96m    ~~~~~~~[0m
    'usageId' is declared here.

[96msrc/modules/marketplace/application/services/promotion.application.service.ts[0m:[93m437[0m:[93m43[0m - [91merror[0m[90m TS2339: [0mProperty 'getUsageStats' does not exist on type 'PromotionRepository'.

[7m437[0m     return await this.promotionRepository.getUsageStats(promotionId);
[7m   [0m [91m                                          ~~~~~~~~~~~~~[0m

[96msrc/modules/marketplace/application/services/promotion.application.service.ts[0m:[93m444[0m:[93m43[0m - [91merror[0m[90m TS2339: [0mProperty 'getAnalytics' does not exist on type 'PromotionRepository'.

[7m444[0m     return await this.promotionRepository.getAnalytics(filters);
[7m   [0m [91m                                          ~~~~~~~~~~~~[0m

[96msrc/modules/marketplace/application/services/promotion.application.service.ts[0m:[93m479[0m:[93m7[0m - [91merror[0m[90m TS2554: [0mExpected 6-7 arguments, but got 10.

[7m479[0m       data.expiryDate,
[7m   [0m [91m      ~~~~~~~~~~~~~~~~[0m
[7m480[0m       data.code,
[7m   [0m [91m~~~~~~~~~~~~~~~~[0m
[7m481[0m       data.isActive !== false,
[7m   [0m [91m~~~~~~~~~~~~~~~~~~~~~~~~~~~~~[0m

[96msrc/modules/marketplace/application/services/promotion.application.service.ts[0m:[93m484[0m:[93m57[0m - [91merror[0m[90m TS2339: [0mProperty 'create' does not exist on type 'GiftCardRepository'.

[7m484[0m     const savedGiftCard = await this.giftCardRepository.create(giftCard);
[7m   [0m [91m                                                        ~~~~~~[0m

[96msrc/modules/marketplace/application/services/promotion.application.service.ts[0m:[93m518[0m:[93m64[0m - [91merror[0m[90m TS2339: [0mProperty 'findWithFilters' does not exist on type 'GiftCardRepository'.

[7m518[0m     const { giftCards, total } = await this.giftCardRepository.findWithFilters({
[7m   [0m [91m                                                               ~~~~~~~~~~~~~~~[0m

[96msrc/modules/marketplace/application/services/promotion.application.service.ts[0m:[93m538[0m:[93m42[0m - [91merror[0m[90m TS2551: [0mProperty 'findByUserId' does not exist on type 'GiftCardRepository'. Did you mean 'findById'?

[7m538[0m     return await this.giftCardRepository.findByUserId(userId, includeUsed);
[7m   [0m [91m                                         ~~~~~~~~~~~~[0m

  [96msrc/modules/marketplace/domain/repositories/gift-card.repository.ts[0m:[93m87[0m:[93m3[0m
    [7m87[0m   findById(id: string): Promise<GiftCard | null>;
    [7m  [0m [96m  ~~~~~~~~~~~~~~~~~~~~~~~~~~~~~~~~~~~~~~~~~~~~~~~[0m
    'findById' is declared here.

[96msrc/modules/marketplace/application/services/promotion.application.service.ts[0m:[93m546[0m:[93m21[0m - [91merror[0m[90m TS2339: [0mProperty 'isActive' does not exist on type 'GiftCard'.

[7m546[0m       if (!giftCard.isActive()) {
[7m   [0m [91m                    ~~~~~~~~[0m

[96msrc/modules/marketplace/application/services/promotion.application.service.ts[0m:[93m567[0m:[93m40[0m - [91merror[0m[90m TS2339: [0mProperty 'getRemainingBalance' does not exist on type 'GiftCard'.

[7m567[0m       const availableAmount = giftCard.getRemainingBalance();
[7m   [0m [91m                                       ~~~~~~~~~~~~~~~~~~~[0m

[96msrc/modules/marketplace/application/services/promotion.application.service.ts[0m:[93m600[0m:[93m14[0m - [91merror[0m[90m TS2339: [0mProperty 'use' does not exist on type 'GiftCard'.

[7m600[0m     giftCard.use(amount, orderId);
[7m   [0m [91m             ~~~[0m

[96msrc/modules/marketplace/application/services/promotion.application.service.ts[0m:[93m607[0m:[93m28[0m - [91merror[0m[90m TS2339: [0mProperty 'getId' does not exist on type 'GiftCard'.

[7m607[0m       giftCardId: giftCard.getId(),
[7m   [0m [91m                           ~~~~~[0m

[96msrc/modules/marketplace/application/services/promotion.application.service.ts[0m:[93m611[0m:[93m34[0m - [91merror[0m[90m TS2339: [0mProperty 'getRemainingBalance' does not exist on type 'GiftCard'.

[7m611[0m       remainingBalance: giftCard.getRemainingBalance(),
[7m   [0m [91m                                 ~~~~~~~~~~~~~~~~~~~[0m

[96msrc/modules/marketplace/application/services/promotion.application.service.ts[0m:[93m614[0m:[93m35[0m - [91merror[0m[90m TS2339: [0mProperty 'recordUsage' does not exist on type 'GiftCardRepository'.

[7m614[0m     await this.giftCardRepository.recordUsage(usage);
[7m   [0m [91m                                  ~~~~~~~~~~~[0m

[96msrc/modules/marketplace/application/services/promotion.application.service.ts[0m:[93m626[0m:[93m21[0m - [91merror[0m[90m TS2554: [0mExpected 0 arguments, but got 1.

[7m626[0m     giftCard.cancel(reason);
[7m   [0m [91m                    ~~~~~~[0m

[96msrc/modules/marketplace/application/services/promotion.application.service.ts[0m:[93m635[0m:[93m42[0m - [91merror[0m[90m TS2339: [0mProperty 'getAnalytics' does not exist on type 'GiftCardRepository'.

[7m635[0m     return await this.giftCardRepository.getAnalytics(filters);
[7m   [0m [91m                                         ~~~~~~~~~~~~[0m

[96msrc/modules/marketplace/application/services/promotion.application.service.ts[0m:[93m639[0m:[93m5[0m - [91merror[0m[90m TS2322: [0mType 'import("C:/Users/user/Desktop/ntumai/backend/src/modules/marketplace/domain/repositories/gift-card.repository").GiftCardUsage[]' is not assignable to type 'import("C:/Users/user/Desktop/ntumai/backend/src/modules/marketplace/application/services/promotion.application.service").GiftCardUsage[]'.
  Type 'GiftCardUsage' is missing the following properties from type 'GiftCardUsage': amount, remainingBalance

[7m639[0m     return await this.giftCardRepository.getUsageHistory(giftCardId);
[7m   [0m [91m    ~~~~~~[0m

[96msrc/modules/marketplace/application/services/promotion.application.service.ts[0m:[93m668[0m:[93m65[0m - [91merror[0m[90m TS2339: [0mProperty 'getId' does not exist on type 'Promotion'.

[7m668[0m         console.error(`Failed to activate promotion ${promotion.getId()}:`, error);
[7m   [0m [91m                                                                ~~~~~[0m

[96msrc/modules/marketplace/application/services/promotion.application.service.ts[0m:[93m685[0m:[93m67[0m - [91merror[0m[90m TS2339: [0mProperty 'getId' does not exist on type 'Promotion'.

[7m685[0m         console.error(`Failed to deactivate promotion ${promotion.getId()}:`, error);
[7m   [0m [91m                                                                  ~~~~~[0m

[96msrc/modules/marketplace/application/services/promotion.application.service.ts[0m:[93m698[0m:[93m71[0m - [91merror[0m[90m TS2339: [0mProperty 'getCode' does not exist on type 'GiftCard'.

[7m698[0m     console.log(`Gift card notification sent for gift card ${giftCard.getCode()}`);
[7m   [0m [91m                                                                      ~~~~~~~[0m

[96msrc/modules/marketplace/application/services/promotion.application.service.ts[0m:[93m715[0m:[93m5[0m - [91merror[0m[90m TS2322: [0mType 'PromotionSearchResult' is not assignable to type 'Promotion[]'.

[7m715[0m     return await this.promotionRepository.findExpired();
[7m   [0m [91m    ~~~~~~[0m

[96msrc/modules/marketplace/application/services/promotion.application.service.ts[0m:[93m721[0m:[93m43[0m - [91merror[0m[90m TS2339: [0mProperty 'findExpiringBefore' does not exist on type 'PromotionRepository'.

[7m721[0m     return await this.promotionRepository.findExpiringBefore(expiryDate);
[7m   [0m [91m                                          ~~~~~~~~~~~~~~~~~~[0m

[96msrc/modules/marketplace/domain/entities/brand.entity.ts[0m:[93m1[0m:[93m31[0m - [91merror[0m[90m TS2307: [0mCannot find module '@nestjs/cqrs' or its corresponding type declarations.

[7m1[0m import { AggregateRoot } from '@nestjs/cqrs';
[7m [0m [91m                              ~~~~~~~~~~~~~~[0m

[96msrc/modules/marketplace/domain/entities/brand.entity.ts[0m:[93m2[0m:[93m25[0m - [91merror[0m[90m TS2307: [0mCannot find module '../value-objects/brand-id.vo' or its corresponding type declarations.

[7m2[0m import { BrandId } from '../value-objects/brand-id.vo';
[7m [0m [91m                        ~~~~~~~~~~~~~~~~~~~~~~~~~~~~~~[0m

[96msrc/modules/marketplace/domain/entities/brand.entity.ts[0m:[93m3[0m:[93m35[0m - [91merror[0m[90m TS2307: [0mCannot find module '../events/brand-created.event' or its corresponding type declarations.

[7m3[0m import { BrandCreatedEvent } from '../events/brand-created.event';
[7m [0m [91m                                  ~~~~~~~~~~~~~~~~~~~~~~~~~~~~~~~[0m

[96msrc/modules/marketplace/domain/entities/brand.entity.ts[0m:[93m4[0m:[93m35[0m - [91merror[0m[90m TS2307: [0mCannot find module '../events/brand-updated.event' or its corresponding type declarations.

[7m4[0m import { BrandUpdatedEvent } from '../events/brand-updated.event';
[7m [0m [91m                                  ~~~~~~~~~~~~~~~~~~~~~~~~~~~~~~~[0m

[96msrc/modules/marketplace/domain/entities/brand.entity.ts[0m:[93m5[0m:[93m35[0m - [91merror[0m[90m TS2307: [0mCannot find module '../events/brand-deleted.event' or its corresponding type declarations.

[7m5[0m import { BrandDeletedEvent } from '../events/brand-deleted.event';
[7m [0m [91m                                  ~~~~~~~~~~~~~~~~~~~~~~~~~~~~~~~[0m

[96msrc/modules/marketplace/domain/entities/brand.entity.ts[0m:[93m36[0m:[93m11[0m - [91merror[0m[90m TS2339: [0mProperty 'apply' does not exist on type 'Brand'.

[7m36[0m     brand.apply(new BrandCreatedEvent(brandId.value, props.name));
[7m  [0m [91m          ~~~~~[0m

[96msrc/modules/marketplace/domain/entities/brand.entity.ts[0m:[93m89[0m:[93m10[0m - [91merror[0m[90m TS2339: [0mProperty 'apply' does not exist on type 'Brand'.

[7m89[0m     this.apply(new BrandUpdatedEvent(this.props.id.value, name));
[7m  [0m [91m         ~~~~~[0m

[96msrc/modules/marketplace/domain/entities/brand.entity.ts[0m:[93m126[0m:[93m10[0m - [91merror[0m[90m TS2339: [0mProperty 'apply' does not exist on type 'Brand'.

[7m126[0m     this.apply(new BrandDeletedEvent(this.props.id.value, this.props.name));
[7m   [0m [91m         ~~~~~[0m

[96msrc/modules/marketplace/domain/entities/cart-item.entity.ts[0m:[93m1[0m:[93m27[0m - [91merror[0m[90m TS2307: [0mCannot find module '../value-objects/product-id.vo' or its corresponding type declarations.

[7m1[0m import { ProductId } from '../value-objects/product-id.vo';
[7m [0m [91m                          ~~~~~~~~~~~~~~~~~~~~~~~~~~~~~~~~[0m

[96msrc/modules/marketplace/domain/entities/cart-item.entity.ts[0m:[93m2[0m:[93m25[0m - [91merror[0m[90m TS2307: [0mCannot find module '../value-objects/store-id.vo' or its corresponding type declarations.

[7m2[0m import { StoreId } from '../value-objects/store-id.vo';
[7m [0m [91m                        ~~~~~~~~~~~~~~~~~~~~~~~~~~~~~~[0m

[96msrc/modules/marketplace/domain/entities/cart.entity.ts[0m:[93m1[0m:[93m31[0m - [91merror[0m[90m TS2307: [0mCannot find module '@nestjs/cqrs' or its corresponding type declarations.

[7m1[0m import { AggregateRoot } from '@nestjs/cqrs';
[7m [0m [91m                              ~~~~~~~~~~~~~~[0m

[96msrc/modules/marketplace/domain/entities/cart.entity.ts[0m:[93m2[0m:[93m24[0m - [91merror[0m[90m TS2307: [0mCannot find module '../value-objects/cart-id.vo' or its corresponding type declarations.

[7m2[0m import { CartId } from '../value-objects/cart-id.vo';
[7m [0m [91m                       ~~~~~~~~~~~~~~~~~~~~~~~~~~~~~[0m

[96msrc/modules/marketplace/domain/entities/cart.entity.ts[0m:[93m3[0m:[93m24[0m - [91merror[0m[90m TS2307: [0mCannot find module '../value-objects/user-id.vo' or its corresponding type declarations.

[7m3[0m import { UserId } from '../value-objects/user-id.vo';
[7m [0m [91m                       ~~~~~~~~~~~~~~~~~~~~~~~~~~~~~[0m

[96msrc/modules/marketplace/domain/entities/cart.entity.ts[0m:[93m4[0m:[93m25[0m - [91merror[0m[90m TS2307: [0mCannot find module '../value-objects/store-id.vo' or its corresponding type declarations.

[7m4[0m import { StoreId } from '../value-objects/store-id.vo';
[7m [0m [91m                        ~~~~~~~~~~~~~~~~~~~~~~~~~~~~~~[0m

[96msrc/modules/marketplace/domain/entities/cart.entity.ts[0m:[93m7[0m:[93m30[0m - [91merror[0m[90m TS2307: [0mCannot find module '../value-objects/discount-code.vo' or its corresponding type declarations.

[7m7[0m import { DiscountCode } from '../value-objects/discount-code.vo';
[7m [0m [91m                             ~~~~~~~~~~~~~~~~~~~~~~~~~~~~~~~~~~~[0m

[96msrc/modules/marketplace/domain/entities/cart.entity.ts[0m:[93m8[0m:[93m34[0m - [91merror[0m[90m TS2307: [0mCannot find module '../events/cart-created.event' or its corresponding type declarations.

[7m8[0m import { CartCreatedEvent } from '../events/cart-created.event';
[7m [0m [91m                                 ~~~~~~~~~~~~~~~~~~~~~~~~~~~~~~[0m

[96msrc/modules/marketplace/domain/entities/cart.entity.ts[0m:[93m9[0m:[93m36[0m - [91merror[0m[90m TS2307: [0mCannot find module '../events/cart-item-added.event' or its corresponding type declarations.

[7m9[0m import { CartItemAddedEvent } from '../events/cart-item-added.event';
[7m [0m [91m                                   ~~~~~~~~~~~~~~~~~~~~~~~~~~~~~~~~~[0m

[96msrc/modules/marketplace/domain/entities/cart.entity.ts[0m:[93m10[0m:[93m38[0m - [91merror[0m[90m TS2307: [0mCannot find module '../events/cart-item-updated.event' or its corresponding type declarations.

[7m10[0m import { CartItemUpdatedEvent } from '../events/cart-item-updated.event';
[7m  [0m [91m                                     ~~~~~~~~~~~~~~~~~~~~~~~~~~~~~~~~~~~[0m

[96msrc/modules/marketplace/domain/entities/cart.entity.ts[0m:[93m11[0m:[93m38[0m - [91merror[0m[90m TS2307: [0mCannot find module '../events/cart-item-removed.event' or its corresponding type declarations.

[7m11[0m import { CartItemRemovedEvent } from '../events/cart-item-removed.event';
[7m  [0m [91m                                     ~~~~~~~~~~~~~~~~~~~~~~~~~~~~~~~~~~~[0m

[96msrc/modules/marketplace/domain/entities/cart.entity.ts[0m:[93m12[0m:[93m34[0m - [91merror[0m[90m TS2307: [0mCannot find module '../events/cart-cleared.event' or its corresponding type declarations.

[7m12[0m import { CartClearedEvent } from '../events/cart-cleared.event';
[7m  [0m [91m                                 ~~~~~~~~~~~~~~~~~~~~~~~~~~~~~~[0m

[96msrc/modules/marketplace/domain/entities/cart.entity.ts[0m:[93m13[0m:[93m38[0m - [91merror[0m[90m TS2307: [0mCannot find module '../events/discount-applied.event' or its corresponding type declarations.

[7m13[0m import { DiscountAppliedEvent } from '../events/discount-applied.event';
[7m  [0m [91m                                     ~~~~~~~~~~~~~~~~~~~~~~~~~~~~~~~~~~[0m

[96msrc/modules/marketplace/domain/entities/cart.entity.ts[0m:[93m55[0m:[93m10[0m - [91merror[0m[90m TS2339: [0mProperty 'apply' does not exist on type 'Cart'.

[7m55[0m     cart.apply(new CartCreatedEvent(cartId.value, userId.value));
[7m  [0m [91m         ~~~~~[0m

[96msrc/modules/marketplace/domain/entities/cart.entity.ts[0m:[93m143[0m:[93m10[0m - [91merror[0m[90m TS2339: [0mProperty 'apply' does not exist on type 'Cart'.

[7m143[0m     this.apply(new CartItemAddedEvent(this.props.id.value, item.productId.value, item.quantity));
[7m   [0m [91m         ~~~~~[0m

[96msrc/modules/marketplace/domain/entities/cart.entity.ts[0m:[93m158[0m:[93m10[0m - [91merror[0m[90m TS2339: [0mProperty 'apply' does not exist on type 'Cart'.

[7m158[0m     this.apply(new CartItemUpdatedEvent(this.props.id.value, itemId, quantity));
[7m   [0m [91m         ~~~~~[0m

[96msrc/modules/marketplace/domain/entities/cart.entity.ts[0m:[93m176[0m:[93m10[0m - [91merror[0m[90m TS2339: [0mProperty 'apply' does not exist on type 'Cart'.

[7m176[0m     this.apply(new CartItemRemovedEvent(this.props.id.value, itemId, removedItem.productId.value));
[7m   [0m [91m         ~~~~~[0m

[96msrc/modules/marketplace/domain/entities/cart.entity.ts[0m:[93m184[0m:[93m10[0m - [91merror[0m[90m TS2339: [0mProperty 'apply' does not exist on type 'Cart'.

[7m184[0m     this.apply(new CartClearedEvent(this.props.id.value));
[7m   [0m [91m         ~~~~~[0m

[96msrc/modules/marketplace/domain/entities/cart.entity.ts[0m:[93m190[0m:[93m10[0m - [91merror[0m[90m TS2339: [0mProperty 'apply' does not exist on type 'Cart'.

[7m190[0m     this.apply(new DiscountAppliedEvent(this.props.id.value, discountCode.code, discountCode.amount));
[7m   [0m [91m         ~~~~~[0m

[96msrc/modules/marketplace/domain/entities/category.entity.ts[0m:[93m1[0m:[93m31[0m - [91merror[0m[90m TS2307: [0mCannot find module '@nestjs/cqrs' or its corresponding type declarations.

[7m1[0m import { AggregateRoot } from '@nestjs/cqrs';
[7m [0m [91m                              ~~~~~~~~~~~~~~[0m

[96msrc/modules/marketplace/domain/entities/category.entity.ts[0m:[93m2[0m:[93m28[0m - [91merror[0m[90m TS2307: [0mCannot find module '../value-objects/category-id.vo' or its corresponding type declarations.

[7m2[0m import { CategoryId } from '../value-objects/category-id.vo';
[7m [0m [91m                           ~~~~~~~~~~~~~~~~~~~~~~~~~~~~~~~~~[0m

[96msrc/modules/marketplace/domain/entities/category.entity.ts[0m:[93m3[0m:[93m38[0m - [91merror[0m[90m TS2307: [0mCannot find module '../events/category-created.event' or its corresponding type declarations.

[7m3[0m import { CategoryCreatedEvent } from '../events/category-created.event';
[7m [0m [91m                                     ~~~~~~~~~~~~~~~~~~~~~~~~~~~~~~~~~~[0m

[96msrc/modules/marketplace/domain/entities/category.entity.ts[0m:[93m4[0m:[93m38[0m - [91merror[0m[90m TS2307: [0mCannot find module '../events/category-updated.event' or its corresponding type declarations.

[7m4[0m import { CategoryUpdatedEvent } from '../events/category-updated.event';
[7m [0m [91m                                     ~~~~~~~~~~~~~~~~~~~~~~~~~~~~~~~~~~[0m

[96msrc/modules/marketplace/domain/entities/category.entity.ts[0m:[93m5[0m:[93m38[0m - [91merror[0m[90m TS2307: [0mCannot find module '../events/category-deleted.event' or its corresponding type declarations.

[7m5[0m import { CategoryDeletedEvent } from '../events/category-deleted.event';
[7m [0m [91m                                     ~~~~~~~~~~~~~~~~~~~~~~~~~~~~~~~~~~[0m

[96msrc/modules/marketplace/domain/entities/category.entity.ts[0m:[93m37[0m:[93m14[0m - [91merror[0m[90m TS2339: [0mProperty 'apply' does not exist on type 'Category'.

[7m37[0m     category.apply(new CategoryCreatedEvent(categoryId.value, props.name, props.parentId?.value));
[7m  [0m [91m             ~~~~~[0m

[96msrc/modules/marketplace/domain/entities/category.entity.ts[0m:[93m93[0m:[93m10[0m - [91merror[0m[90m TS2339: [0mProperty 'apply' does not exist on type 'Category'.

[7m93[0m     this.apply(new CategoryUpdatedEvent(this.props.id.value, name));
[7m  [0m [91m         ~~~~~[0m

[96msrc/modules/marketplace/domain/entities/category.entity.ts[0m:[93m151[0m:[93m10[0m - [91merror[0m[90m TS2339: [0mProperty 'apply' does not exist on type 'Category'.

[7m151[0m     this.apply(new CategoryDeletedEvent(this.props.id.value, this.props.name));
[7m   [0m [91m         ~~~~~[0m

[96msrc/modules/marketplace/domain/entities/order-item.entity.ts[0m:[93m1[0m:[93m27[0m - [91merror[0m[90m TS2307: [0mCannot find module '../value-objects/product-id.vo' or its corresponding type declarations.

[7m1[0m import { ProductId } from '../value-objects/product-id.vo';
[7m [0m [91m                          ~~~~~~~~~~~~~~~~~~~~~~~~~~~~~~~~[0m

[96msrc/modules/marketplace/domain/entities/order.entity.ts[0m:[93m1[0m:[93m31[0m - [91merror[0m[90m TS2307: [0mCannot find module '@nestjs/cqrs' or its corresponding type declarations.

[7m1[0m import { AggregateRoot } from '@nestjs/cqrs';
[7m [0m [91m                              ~~~~~~~~~~~~~~[0m

[96msrc/modules/marketplace/domain/entities/order.entity.ts[0m:[93m2[0m:[93m25[0m - [91merror[0m[90m TS2307: [0mCannot find module '../value-objects/order-id.vo' or its corresponding type declarations.

[7m2[0m import { OrderId } from '../value-objects/order-id.vo';
[7m [0m [91m                        ~~~~~~~~~~~~~~~~~~~~~~~~~~~~~~[0m

[96msrc/modules/marketplace/domain/entities/order.entity.ts[0m:[93m3[0m:[93m24[0m - [91merror[0m[90m TS2307: [0mCannot find module '../value-objects/user-id.vo' or its corresponding type declarations.

[7m3[0m import { UserId } from '../value-objects/user-id.vo';
[7m [0m [91m                       ~~~~~~~~~~~~~~~~~~~~~~~~~~~~~[0m

[96msrc/modules/marketplace/domain/entities/order.entity.ts[0m:[93m4[0m:[93m25[0m - [91merror[0m[90m TS2307: [0mCannot find module '../value-objects/store-id.vo' or its corresponding type declarations.

[7m4[0m import { StoreId } from '../value-objects/store-id.vo';
[7m [0m [91m                        ~~~~~~~~~~~~~~~~~~~~~~~~~~~~~~[0m

[96msrc/modules/marketplace/domain/entities/order.entity.ts[0m:[93m10[0m:[93m25[0m - [91merror[0m[90m TS2307: [0mCannot find module '../value-objects/address.vo' or its corresponding type declarations.

[7m10[0m import { Address } from '../value-objects/address.vo';
[7m  [0m [91m                        ~~~~~~~~~~~~~~~~~~~~~~~~~~~~~[0m

[96msrc/modules/marketplace/domain/entities/order.entity.ts[0m:[93m11[0m:[93m35[0m - [91merror[0m[90m TS2307: [0mCannot find module '../events/order-created.event' or its corresponding type declarations.

[7m11[0m import { OrderCreatedEvent } from '../events/order-created.event';
[7m  [0m [91m                                  ~~~~~~~~~~~~~~~~~~~~~~~~~~~~~~~[0m

[96msrc/modules/marketplace/domain/entities/order.entity.ts[0m:[93m12[0m:[93m41[0m - [91merror[0m[90m TS2307: [0mCannot find module '../events/order-status-updated.event' or its corresponding type declarations.

[7m12[0m import { OrderStatusUpdatedEvent } from '../events/order-status-updated.event';
[7m  [0m [91m                                        ~~~~~~~~~~~~~~~~~~~~~~~~~~~~~~~~~~~~~~[0m

[96msrc/modules/marketplace/domain/entities/order.entity.ts[0m:[93m13[0m:[93m37[0m - [91merror[0m[90m TS2307: [0mCannot find module '../events/order-cancelled.event' or its corresponding type declarations.

[7m13[0m import { OrderCancelledEvent } from '../events/order-cancelled.event';
[7m  [0m [91m                                    ~~~~~~~~~~~~~~~~~~~~~~~~~~~~~~~~~[0m

[96msrc/modules/marketplace/domain/entities/order.entity.ts[0m:[93m14[0m:[93m37[0m - [91merror[0m[90m TS2307: [0mCannot find module '../events/order-completed.event' or its corresponding type declarations.

[7m14[0m import { OrderCompletedEvent } from '../events/order-completed.event';
[7m  [0m [91m                                    ~~~~~~~~~~~~~~~~~~~~~~~~~~~~~~~~~[0m

[96msrc/modules/marketplace/domain/entities/order.entity.ts[0m:[93m15[0m:[93m39[0m - [91merror[0m[90m TS2307: [0mCannot find module '../events/payment-processed.event' or its corresponding type declarations.

[7m15[0m import { PaymentProcessedEvent } from '../events/payment-processed.event';
[7m  [0m [91m                                      ~~~~~~~~~~~~~~~~~~~~~~~~~~~~~~~~~~~[0m

[96msrc/modules/marketplace/domain/entities/order.entity.ts[0m:[93m77[0m:[93m27[0m - [91merror[0m[90m TS2551: [0mProperty 'PENDING' does not exist on type 'typeof OrderStatus'. Did you mean 'pending'?

[7m77[0m       status: OrderStatus.PENDING,
[7m  [0m [91m                          ~~~~~~~[0m

  [96msrc/modules/marketplace/domain/value-objects/order-status.vo.ts[0m:[93m67[0m:[93m10[0m
    [7m67[0m   static pending(reason?: string, updatedBy?: string): OrderStatus {
    [7m  [0m [96m         ~~~~~~~[0m
    'pending' is declared here.

[96msrc/modules/marketplace/domain/entities/order.entity.ts[0m:[93m79[0m:[93m34[0m - [91merror[0m[90m TS2554: [0mExpected 4-5 arguments, but got 0.

[7m79[0m       deliveryInfo: DeliveryInfo.create(),
[7m  [0m [91m                                 ~~~~~~~~[0m

  [96msrc/modules/marketplace/domain/value-objects/delivery-info.vo.ts[0m:[93m62[0m:[93m5[0m
    [7m62[0m     method: DeliveryMethod,
    [7m  [0m [96m    ~~~~~~~~~~~~~~~~~~~~~~[0m
    An argument for 'method' was not provided.

[96msrc/modules/marketplace/domain/entities/order.entity.ts[0m:[93m91[0m:[93m11[0m - [91merror[0m[90m TS2339: [0mProperty 'apply' does not exist on type 'Order'.

[7m91[0m     order.apply(new OrderCreatedEvent(
[7m  [0m [91m          ~~~~~[0m

[96msrc/modules/marketplace/domain/entities/order.entity.ts[0m:[93m204[0m:[93m67[0m - [91merror[0m[90m TS2339: [0mProperty 'value' does not exist on type 'OrderStatus'.

[7m204[0m       throw new Error(`Cannot transition from ${this.props.status.value} to ${newStatus.value}`);
[7m   [0m [91m                                                                  ~~~~~[0m

[96msrc/modules/marketplace/domain/entities/order.entity.ts[0m:[93m204[0m:[93m89[0m - [91merror[0m[90m TS2339: [0mProperty 'value' does not exist on type 'OrderStatus'.

[7m204[0m       throw new Error(`Cannot transition from ${this.props.status.value} to ${newStatus.value}`);
[7m   [0m [91m                                                                                        ~~~~~[0m

[96msrc/modules/marketplace/domain/entities/order.entity.ts[0m:[93m212[0m:[93m19[0m - [91merror[0m[90m TS2339: [0mProperty 'isCompleted' does not exist on type 'OrderStatus'.

[7m212[0m     if (newStatus.isCompleted() && !this.props.actualDeliveryTime) {
[7m   [0m [91m                  ~~~~~~~~~~~[0m

[96msrc/modules/marketplace/domain/entities/order.entity.ts[0m:[93m216[0m:[93m10[0m - [91merror[0m[90m TS2339: [0mProperty 'apply' does not exist on type 'Order'.

[7m216[0m     this.apply(new OrderStatusUpdatedEvent(
[7m   [0m [91m         ~~~~~[0m

[96msrc/modules/marketplace/domain/entities/order.entity.ts[0m:[93m218[0m:[93m22[0m - [91merror[0m[90m TS2339: [0mProperty 'value' does not exist on type 'OrderStatus'.

[7m218[0m       previousStatus.value,
[7m   [0m [91m                     ~~~~~[0m

[96msrc/modules/marketplace/domain/entities/order.entity.ts[0m:[93m219[0m:[93m17[0m - [91merror[0m[90m TS2339: [0mProperty 'value' does not exist on type 'OrderStatus'.

[7m219[0m       newStatus.value
[7m   [0m [91m                ~~~~~[0m

[96msrc/modules/marketplace/domain/entities/order.entity.ts[0m:[93m222[0m:[93m19[0m - [91merror[0m[90m TS2339: [0mProperty 'isCompleted' does not exist on type 'OrderStatus'.

[7m222[0m     if (newStatus.isCompleted()) {
[7m   [0m [91m                  ~~~~~~~~~~~[0m

[96msrc/modules/marketplace/domain/entities/order.entity.ts[0m:[93m223[0m:[93m12[0m - [91merror[0m[90m TS2339: [0mProperty 'apply' does not exist on type 'Order'.

[7m223[0m       this.apply(new OrderCompletedEvent(
[7m   [0m [91m           ~~~~~[0m

[96msrc/modules/marketplace/domain/entities/order.entity.ts[0m:[93m236[0m:[93m59[0m - [91merror[0m[90m TS2551: [0mProperty 'markAsPaid' does not exist on type 'PaymentDetails'. Did you mean 'markAsFailed'?

[7m236[0m     this.props.paymentDetails = this.props.paymentDetails.markAsPaid(transactionId);
[7m   [0m [91m                                                          ~~~~~~~~~~[0m

  [96msrc/modules/marketplace/domain/value-objects/payment-details.vo.ts[0m:[93m300[0m:[93m3[0m
    [7m300[0m   markAsFailed(reason?: string): PaymentDetails {
    [7m   [0m [96m  ~~~~~~~~~~~~[0m
    'markAsFailed' is declared here.

[96msrc/modules/marketplace/domain/entities/order.entity.ts[0m:[93m237[0m:[93m35[0m - [91merror[0m[90m TS2551: [0mProperty 'CONFIRMED' does not exist on type 'typeof OrderStatus'. Did you mean 'confirmed'?

[7m237[0m     this.updateStatus(OrderStatus.CONFIRMED);
[7m   [0m [91m                                  ~~~~~~~~~[0m

  [96msrc/modules/marketplace/domain/value-objects/order-status.vo.ts[0m:[93m71[0m:[93m10[0m
    [7m71[0m   static confirmed(reason?: string, updatedBy?: string): OrderStatus {
    [7m  [0m [96m         ~~~~~~~~~[0m
    'confirmed' is declared here.

[96msrc/modules/marketplace/domain/entities/order.entity.ts[0m:[93m240[0m:[93m10[0m - [91merror[0m[90m TS2339: [0mProperty 'apply' does not exist on type 'Order'.

[7m240[0m     this.apply(new PaymentProcessedEvent(
[7m   [0m [91m         ~~~~~[0m

[96msrc/modules/marketplace/domain/entities/order.entity.ts[0m:[93m249[0m:[93m67[0m - [91merror[0m[90m TS2339: [0mProperty 'value' does not exist on type 'OrderStatus'.

[7m249[0m       throw new Error(`Cannot cancel order in ${this.props.status.value} status`);
[7m   [0m [91m                                                                  ~~~~~[0m

[96msrc/modules/marketplace/domain/entities/order.entity.ts[0m:[93m252[0m:[93m37[0m - [91merror[0m[90m TS2551: [0mProperty 'CANCELLED' does not exist on type 'typeof OrderStatus'. Did you mean 'cancelled'?

[7m252[0m     this.props.status = OrderStatus.CANCELLED;
[7m   [0m [91m                                    ~~~~~~~~~[0m

  [96msrc/modules/marketplace/domain/value-objects/order-status.vo.ts[0m:[93m91[0m:[93m10[0m
    [7m91[0m   static cancelled(reason?: string, updatedBy?: string): OrderStatus {
    [7m  [0m [96m         ~~~~~~~~~[0m
    'cancelled' is declared here.

[96msrc/modules/marketplace/domain/entities/order.entity.ts[0m:[93m256[0m:[93m10[0m - [91merror[0m[90m TS2339: [0mProperty 'apply' does not exist on type 'Order'.

[7m256[0m     this.apply(new OrderCancelledEvent(
[7m   [0m [91m         ~~~~~[0m

[96msrc/modules/marketplace/domain/entities/order.entity.ts[0m:[93m274[0m:[93m28[0m - [91merror[0m[90m TS2339: [0mProperty 'isCompleted' does not exist on type 'OrderStatus'.

[7m274[0m     if (!this.props.status.isCompleted()) {
[7m   [0m [91m                           ~~~~~~~~~~~[0m

[96msrc/modules/marketplace/domain/entities/order.entity.ts[0m:[93m301[0m:[93m20[0m - [91merror[0m[90m TS2551: [0mProperty 'PENDING' does not exist on type 'typeof OrderStatus'. Did you mean 'pending'?

[7m301[0m       [OrderStatus.PENDING.value]: [OrderStatus.CONFIRMED.value, OrderStatus.CANCELLED.value],
[7m   [0m [91m                   ~~~~~~~[0m

  [96msrc/modules/marketplace/domain/value-objects/order-status.vo.ts[0m:[93m67[0m:[93m10[0m
    [7m67[0m   static pending(reason?: string, updatedBy?: string): OrderStatus {
    [7m  [0m [96m         ~~~~~~~[0m
    'pending' is declared here.

[96msrc/modules/marketplace/domain/entities/order.entity.ts[0m:[93m301[0m:[93m49[0m - [91merror[0m[90m TS2551: [0mProperty 'CONFIRMED' does not exist on type 'typeof OrderStatus'. Did you mean 'confirmed'?

[7m301[0m       [OrderStatus.PENDING.value]: [OrderStatus.CONFIRMED.value, OrderStatus.CANCELLED.value],
[7m   [0m [91m                                                ~~~~~~~~~[0m

  [96msrc/modules/marketplace/domain/value-objects/order-status.vo.ts[0m:[93m71[0m:[93m10[0m
    [7m71[0m   static confirmed(reason?: string, updatedBy?: string): OrderStatus {
    [7m  [0m [96m         ~~~~~~~~~[0m
    'confirmed' is declared here.

[96msrc/modules/marketplace/domain/entities/order.entity.ts[0m:[93m301[0m:[93m78[0m - [91merror[0m[90m TS2551: [0mProperty 'CANCELLED' does not exist on type 'typeof OrderStatus'. Did you mean 'cancelled'?

[7m301[0m       [OrderStatus.PENDING.value]: [OrderStatus.CONFIRMED.value, OrderStatus.CANCELLED.value],
[7m   [0m [91m                                                                             ~~~~~~~~~[0m

  [96msrc/modules/marketplace/domain/value-objects/order-status.vo.ts[0m:[93m91[0m:[93m10[0m
    [7m91[0m   static cancelled(reason?: string, updatedBy?: string): OrderStatus {
    [7m  [0m [96m         ~~~~~~~~~[0m
    'cancelled' is declared here.

[96msrc/modules/marketplace/domain/entities/order.entity.ts[0m:[93m302[0m:[93m20[0m - [91merror[0m[90m TS2551: [0mProperty 'CONFIRMED' does not exist on type 'typeof OrderStatus'. Did you mean 'confirmed'?

[7m302[0m       [OrderStatus.CONFIRMED.value]: [OrderStatus.PREPARING.value, OrderStatus.CANCELLED.value],
[7m   [0m [91m                   ~~~~~~~~~[0m

  [96msrc/modules/marketplace/domain/value-objects/order-status.vo.ts[0m:[93m71[0m:[93m10[0m
    [7m71[0m   static confirmed(reason?: string, updatedBy?: string): OrderStatus {
    [7m  [0m [96m         ~~~~~~~~~[0m
    'confirmed' is declared here.

[96msrc/modules/marketplace/domain/entities/order.entity.ts[0m:[93m302[0m:[93m51[0m - [91merror[0m[90m TS2339: [0mProperty 'PREPARING' does not exist on type 'typeof OrderStatus'.

[7m302[0m       [OrderStatus.CONFIRMED.value]: [OrderStatus.PREPARING.value, OrderStatus.CANCELLED.value],
[7m   [0m [91m                                                  ~~~~~~~~~[0m

[96msrc/modules/marketplace/domain/entities/order.entity.ts[0m:[93m302[0m:[93m80[0m - [91merror[0m[90m TS2551: [0mProperty 'CANCELLED' does not exist on type 'typeof OrderStatus'. Did you mean 'cancelled'?

[7m302[0m       [OrderStatus.CONFIRMED.value]: [OrderStatus.PREPARING.value, OrderStatus.CANCELLED.value],
[7m   [0m [91m                                                                               ~~~~~~~~~[0m

  [96msrc/modules/marketplace/domain/value-objects/order-status.vo.ts[0m:[93m91[0m:[93m10[0m
    [7m91[0m   static cancelled(reason?: string, updatedBy?: string): OrderStatus {
    [7m  [0m [96m         ~~~~~~~~~[0m
    'cancelled' is declared here.

[96msrc/modules/marketplace/domain/entities/order.entity.ts[0m:[93m303[0m:[93m20[0m - [91merror[0m[90m TS2339: [0mProperty 'PREPARING' does not exist on type 'typeof OrderStatus'.

[7m303[0m       [OrderStatus.PREPARING.value]: [OrderStatus.READY.value, OrderStatus.CANCELLED.value],
[7m   [0m [91m                   ~~~~~~~~~[0m

[96msrc/modules/marketplace/domain/entities/order.entity.ts[0m:[93m303[0m:[93m51[0m - [91merror[0m[90m TS2339: [0mProperty 'READY' does not exist on type 'typeof OrderStatus'.

[7m303[0m       [OrderStatus.PREPARING.value]: [OrderStatus.READY.value, OrderStatus.CANCELLED.value],
[7m   [0m [91m                                                  ~~~~~[0m

[96msrc/modules/marketplace/domain/entities/order.entity.ts[0m:[93m303[0m:[93m76[0m - [91merror[0m[90m TS2551: [0mProperty 'CANCELLED' does not exist on type 'typeof OrderStatus'. Did you mean 'cancelled'?

[7m303[0m       [OrderStatus.PREPARING.value]: [OrderStatus.READY.value, OrderStatus.CANCELLED.value],
[7m   [0m [91m                                                                           ~~~~~~~~~[0m

  [96msrc/modules/marketplace/domain/value-objects/order-status.vo.ts[0m:[93m91[0m:[93m10[0m
    [7m91[0m   static cancelled(reason?: string, updatedBy?: string): OrderStatus {
    [7m  [0m [96m         ~~~~~~~~~[0m
    'cancelled' is declared here.

[96msrc/modules/marketplace/domain/entities/order.entity.ts[0m:[93m304[0m:[93m20[0m - [91merror[0m[90m TS2339: [0mProperty 'READY' does not exist on type 'typeof OrderStatus'.

[7m304[0m       [OrderStatus.READY.value]: [OrderStatus.PICKED_UP.value],
[7m   [0m [91m                   ~~~~~[0m

[96msrc/modules/marketplace/domain/entities/order.entity.ts[0m:[93m304[0m:[93m47[0m - [91merror[0m[90m TS2339: [0mProperty 'PICKED_UP' does not exist on type 'typeof OrderStatus'.

[7m304[0m       [OrderStatus.READY.value]: [OrderStatus.PICKED_UP.value],
[7m   [0m [91m                                              ~~~~~~~~~[0m

[96msrc/modules/marketplace/domain/entities/order.entity.ts[0m:[93m305[0m:[93m20[0m - [91merror[0m[90m TS2339: [0mProperty 'PICKED_UP' does not exist on type 'typeof OrderStatus'.

[7m305[0m       [OrderStatus.PICKED_UP.value]: [OrderStatus.IN_TRANSIT.value],
[7m   [0m [91m                   ~~~~~~~~~[0m

[96msrc/modules/marketplace/domain/entities/order.entity.ts[0m:[93m305[0m:[93m51[0m - [91merror[0m[90m TS2339: [0mProperty 'IN_TRANSIT' does not exist on type 'typeof OrderStatus'.

[7m305[0m       [OrderStatus.PICKED_UP.value]: [OrderStatus.IN_TRANSIT.value],
[7m   [0m [91m                                                  ~~~~~~~~~~[0m

[96msrc/modules/marketplace/domain/entities/order.entity.ts[0m:[93m306[0m:[93m20[0m - [91merror[0m[90m TS2339: [0mProperty 'IN_TRANSIT' does not exist on type 'typeof OrderStatus'.

[7m306[0m       [OrderStatus.IN_TRANSIT.value]: [OrderStatus.DELIVERED.value],
[7m   [0m [91m                   ~~~~~~~~~~[0m

[96msrc/modules/marketplace/domain/entities/order.entity.ts[0m:[93m306[0m:[93m52[0m - [91merror[0m[90m TS2551: [0mProperty 'DELIVERED' does not exist on type 'typeof OrderStatus'. Did you mean 'delivered'?

[7m306[0m       [OrderStatus.IN_TRANSIT.value]: [OrderStatus.DELIVERED.value],
[7m   [0m [91m                                                   ~~~~~~~~~[0m

  [96msrc/modules/marketplace/domain/value-objects/order-status.vo.ts[0m:[93m87[0m:[93m10[0m
    [7m87[0m   static delivered(reason?: string, updatedBy?: string): OrderStatus {
    [7m  [0m [96m         ~~~~~~~~~[0m
    'delivered' is declared here.

[96msrc/modules/marketplace/domain/entities/order.entity.ts[0m:[93m307[0m:[93m20[0m - [91merror[0m[90m TS2551: [0mProperty 'DELIVERED' does not exist on type 'typeof OrderStatus'. Did you mean 'delivered'?

[7m307[0m       [OrderStatus.DELIVERED.value]: [],
[7m   [0m [91m                   ~~~~~~~~~[0m

  [96msrc/modules/marketplace/domain/value-objects/order-status.vo.ts[0m:[93m87[0m:[93m10[0m
    [7m87[0m   static delivered(reason?: string, updatedBy?: string): OrderStatus {
    [7m  [0m [96m         ~~~~~~~~~[0m
    'delivered' is declared here.

[96msrc/modules/marketplace/domain/entities/order.entity.ts[0m:[93m308[0m:[93m20[0m - [91merror[0m[90m TS2551: [0mProperty 'CANCELLED' does not exist on type 'typeof OrderStatus'. Did you mean 'cancelled'?

[7m308[0m       [OrderStatus.CANCELLED.value]: [],
[7m   [0m [91m                   ~~~~~~~~~[0m

  [96msrc/modules/marketplace/domain/value-objects/order-status.vo.ts[0m:[93m91[0m:[93m10[0m
    [7m91[0m   static cancelled(reason?: string, updatedBy?: string): OrderStatus {
    [7m  [0m [96m         ~~~~~~~~~[0m
    'cancelled' is declared here.

[96msrc/modules/marketplace/domain/entities/order.entity.ts[0m:[93m311[0m:[93m43[0m - [91merror[0m[90m TS2339: [0mProperty 'value' does not exist on type 'OrderStatus'.

[7m311[0m     return validTransitions[currentStatus.value]?.includes(newStatus.value) || false;
[7m   [0m [91m                                          ~~~~~[0m

[96msrc/modules/marketplace/domain/entities/order.entity.ts[0m:[93m311[0m:[93m70[0m - [91merror[0m[90m TS2339: [0mProperty 'value' does not exist on type 'OrderStatus'.

[7m311[0m     return validTransitions[currentStatus.value]?.includes(newStatus.value) || false;
[7m   [0m [91m                                                                     ~~~~~[0m

[96msrc/modules/marketplace/domain/entities/order.entity.ts[0m:[93m317[0m:[93m30[0m - [91merror[0m[90m TS2339: [0mProperty 'isPreparing' does not exist on type 'OrderStatus'.

[7m317[0m            this.props.status.isPreparing();
[7m   [0m [91m                             ~~~~~~~~~~~[0m

[96msrc/modules/marketplace/domain/entities/order.entity.ts[0m:[93m325[0m:[93m31[0m - [91merror[0m[90m TS2339: [0mProperty 'isCompleted' does not exist on type 'OrderStatus'.

[7m325[0m     return !this.props.status.isCompleted() && !this.props.status.isCancelled();
[7m   [0m [91m                              ~~~~~~~~~~~[0m

[96msrc/modules/marketplace/domain/entities/order.entity.ts[0m:[93m364[0m:[93m64[0m - [91merror[0m[90m TS2339: [0mProperty 'isCompleted' does not exist on type 'OrderStatus'.

[7m364[0m     if (!this.props.estimatedDeliveryTime || this.props.status.isCompleted()) {
[7m   [0m [91m                                                               ~~~~~~~~~~~[0m

[96msrc/modules/marketplace/domain/entities/product.entity.ts[0m:[93m1[0m:[93m31[0m - [91merror[0m[90m TS2307: [0mCannot find module '@nestjs/cqrs' or its corresponding type declarations.

[7m1[0m import { AggregateRoot } from '@nestjs/cqrs';
[7m [0m [91m                              ~~~~~~~~~~~~~~[0m

[96msrc/modules/marketplace/domain/entities/product.entity.ts[0m:[93m2[0m:[93m27[0m - [91merror[0m[90m TS2307: [0mCannot find module '../value-objects/product-id.vo' or its corresponding type declarations.

[7m2[0m import { ProductId } from '../value-objects/product-id.vo';
[7m [0m [91m                          ~~~~~~~~~~~~~~~~~~~~~~~~~~~~~~~~[0m

[96msrc/modules/marketplace/domain/entities/product.entity.ts[0m:[93m6[0m:[93m25[0m - [91merror[0m[90m TS2307: [0mCannot find module '../value-objects/store-id.vo' or its corresponding type declarations.

[7m6[0m import { StoreId } from '../value-objects/store-id.vo';
[7m [0m [91m                        ~~~~~~~~~~~~~~~~~~~~~~~~~~~~~~[0m

[96msrc/modules/marketplace/domain/entities/product.entity.ts[0m:[93m7[0m:[93m28[0m - [91merror[0m[90m TS2307: [0mCannot find module '../value-objects/category-id.vo' or its corresponding type declarations.

[7m7[0m import { CategoryId } from '../value-objects/category-id.vo';
[7m [0m [91m                           ~~~~~~~~~~~~~~~~~~~~~~~~~~~~~~~~~[0m

[96msrc/modules/marketplace/domain/entities/product.entity.ts[0m:[93m8[0m:[93m25[0m - [91merror[0m[90m TS2307: [0mCannot find module '../value-objects/brand-id.vo' or its corresponding type declarations.

[7m8[0m import { BrandId } from '../value-objects/brand-id.vo';
[7m [0m [91m                        ~~~~~~~~~~~~~~~~~~~~~~~~~~~~~~[0m

[96msrc/modules/marketplace/domain/entities/product.entity.ts[0m:[93m9[0m:[93m32[0m - [91merror[0m[90m TS2307: [0mCannot find module '../value-objects/product-variant.vo' or its corresponding type declarations.

[7m9[0m import { ProductVariant } from '../value-objects/product-variant.vo';
[7m [0m [91m                               ~~~~~~~~~~~~~~~~~~~~~~~~~~~~~~~~~~~~~[0m

[96msrc/modules/marketplace/domain/entities/product.entity.ts[0m:[93m10[0m:[93m37[0m - [91merror[0m[90m TS2307: [0mCannot find module '../events/product-created.event' or its corresponding type declarations.

[7m10[0m import { ProductCreatedEvent } from '../events/product-created.event';
[7m  [0m [91m                                    ~~~~~~~~~~~~~~~~~~~~~~~~~~~~~~~~~[0m

[96msrc/modules/marketplace/domain/entities/product.entity.ts[0m:[93m11[0m:[93m37[0m - [91merror[0m[90m TS2307: [0mCannot find module '../events/product-updated.event' or its corresponding type declarations.

[7m11[0m import { ProductUpdatedEvent } from '../events/product-updated.event';
[7m  [0m [91m                                    ~~~~~~~~~~~~~~~~~~~~~~~~~~~~~~~~~[0m

[96msrc/modules/marketplace/domain/entities/product.entity.ts[0m:[93m12[0m:[93m37[0m - [91merror[0m[90m TS2307: [0mCannot find module '../events/product-deleted.event' or its corresponding type declarations.

[7m12[0m import { ProductDeletedEvent } from '../events/product-deleted.event';
[7m  [0m [91m                                    ~~~~~~~~~~~~~~~~~~~~~~~~~~~~~~~~~[0m

[96msrc/modules/marketplace/domain/entities/product.entity.ts[0m:[93m52[0m:[93m13[0m - [91merror[0m[90m TS2339: [0mProperty 'apply' does not exist on type 'Product'.

[7m52[0m     product.apply(new ProductCreatedEvent(productId.value, props.name, props.storeId.value));
[7m  [0m [91m            ~~~~~[0m

[96msrc/modules/marketplace/domain/entities/product.entity.ts[0m:[93m136[0m:[93m10[0m - [91merror[0m[90m TS2339: [0mProperty 'apply' does not exist on type 'Product'.

[7m136[0m     this.apply(new ProductUpdatedEvent(this.props.id.value, name, price.amount));
[7m   [0m [91m         ~~~~~[0m

[96msrc/modules/marketplace/domain/entities/product.entity.ts[0m:[93m200[0m:[93m10[0m - [91merror[0m[90m TS2339: [0mProperty 'apply' does not exist on type 'Product'.

[7m200[0m     this.apply(new ProductDeletedEvent(this.props.id.value, this.props.storeId.value));
[7m   [0m [91m         ~~~~~[0m

[96msrc/modules/marketplace/domain/entities/promotion.entity.ts[0m:[93m200[0m:[93m63[0m - [91merror[0m[90m TS2345: [0mArgument of type 'Date | null' is not assignable to parameter of type 'Date | undefined'.
  Type 'null' is not assignable to type 'Date | undefined'.

[7m200[0m     this._status = Promotion.determineStatus(this._startDate, this._endDate);
[7m   [0m [91m                                                              ~~~~~~~~~~~~~[0m

[96msrc/modules/marketplace/domain/entities/promotion.entity.ts[0m:[93m308[0m:[93m63[0m - [91merror[0m[90m TS2345: [0mArgument of type 'Date | null' is not assignable to parameter of type 'Date | undefined'.

[7m308[0m     this._status = Promotion.determineStatus(this._startDate, this._endDate);
[7m   [0m [91m                                                              ~~~~~~~~~~~~~[0m

[96msrc/modules/marketplace/domain/services/cart.service.ts[0m:[93m76[0m:[93m31[0m - [91merror[0m[90m TS2339: [0mProperty 'findItem' does not exist on type 'Cart'.

[7m76[0m     const existingItem = cart.findItem(product.id, variantId);
[7m  [0m [91m                              ~~~~~~~~[0m

[96msrc/modules/marketplace/domain/services/cart.service.ts[0m:[93m87[0m:[93m7[0m - [91merror[0m[90m TS2322: [0mType 'void' is not assignable to type 'Cart'.

[7m87[0m       return cart.updateItemQuantity(existingItem.id, newQuantity);
[7m  [0m [91m      ~~~~~~[0m

[96msrc/modules/marketplace/domain/services/cart.service.ts[0m:[93m90[0m:[93m33[0m - [91merror[0m[90m TS2554: [0mExpected 6-8 arguments, but got 1.

[7m 90[0m       const cartItem = CartItem.create({
[7m   [0m [91m                                ~~~~~~~~[0m
[7m 91[0m         productId: product.id,
[7m   [0m [91m~~~~~~~~~~~~~~~~~~~~~~~~~~~~~~[0m
[7m...[0m 
[7m 96[0m         addedAt: new Date()
[7m   [0m [91m~~~~~~~~~~~~~~~~~~~~~~~~~~~[0m
[7m 97[0m       });
[7m   [0m [91m~~~~~~~~[0m

  [96msrc/modules/marketplace/domain/entities/cart-item.entity.ts[0m:[93m26[0m:[93m5[0m
    [7m26[0m     productName: string,
    [7m  [0m [96m    ~~~~~~~~~~~~~~~~~~~[0m
    An argument for 'productName' was not provided.

[96msrc/modules/marketplace/domain/services/cart.service.ts[0m:[93m99[0m:[93m7[0m - [91merror[0m[90m TS2322: [0mType 'void' is not assignable to type 'Cart'.

[7m99[0m       return cart.addItem(cartItem);
[7m  [0m [91m      ~~~~~~[0m

[96msrc/modules/marketplace/domain/services/cart.service.ts[0m:[93m108[0m:[93m23[0m - [91merror[0m[90m TS2339: [0mProperty 'getItem' does not exist on type 'Cart'.

[7m108[0m     const item = cart.getItem(itemId);
[7m   [0m [91m                      ~~~~~~~[0m

[96msrc/modules/marketplace/domain/services/cart.service.ts[0m:[93m114[0m:[93m7[0m - [91merror[0m[90m TS2322: [0mType 'void' is not assignable to type 'Cart'.

[7m114[0m       return cart.removeItem(itemId);
[7m   [0m [91m      ~~~~~~[0m

[96msrc/modules/marketplace/domain/services/cart.service.ts[0m:[93m125[0m:[93m5[0m - [91merror[0m[90m TS2322: [0mType 'void' is not assignable to type 'Cart'.

[7m125[0m     return cart.updateItemQuantity(itemId, quantity);
[7m   [0m [91m    ~~~~~~[0m

[96msrc/modules/marketplace/domain/services/cart.service.ts[0m:[93m129[0m:[93m5[0m - [91merror[0m[90m TS2322: [0mType 'void' is not assignable to type 'Cart'.

[7m129[0m     return cart.removeItem(itemId);
[7m   [0m [91m    ~~~~~~[0m

[96msrc/modules/marketplace/domain/services/cart.service.ts[0m:[93m133[0m:[93m17[0m - [91merror[0m[90m TS2339: [0mProperty 'clear' does not exist on type 'Cart'.

[7m133[0m     return cart.clear();
[7m   [0m [91m                ~~~~~[0m

[96msrc/modules/marketplace/domain/services/cart.service.ts[0m:[93m152[0m:[93m14[0m - [91merror[0m[90m TS2339: [0mProperty 'variantId' does not exist on type 'CartItem'.

[7m152[0m         item.variantId
[7m   [0m [91m             ~~~~~~~~~[0m

[96msrc/modules/marketplace/domain/services/cart.service.ts[0m:[93m166[0m:[93m47[0m - [91merror[0m[90m TS2554: [0mExpected 2 arguments, but got 1.

[7m166[0m     const pricing = await this.pricingService.calculateCartPricing(cart);
[7m   [0m [91m                                              ~~~~~~~~~~~~~~~~~~~~~~~~~~[0m

  [96msrc/modules/marketplace/domain/services/pricing.service.ts[0m:[93m139[0m:[93m36[0m
    [7m139[0m   calculateCartPricing(cart: Cart, context: PricingContext): PriceBreakdown {
    [7m   [0m [96m                                   ~~~~~~~~~~~~~~~~~~~~~~~[0m
    An argument for 'context' was not provided.

[96msrc/modules/marketplace/domain/services/cart.service.ts[0m:[93m186[0m:[93m18[0m - [91merror[0m[90m TS2339: [0mProperty 'isAvailableForPurchase' does not exist on type 'Product'.

[7m186[0m     if (!product.isAvailableForPurchase()) {
[7m   [0m [91m                 ~~~~~~~~~~~~~~~~~~~~~~[0m

[96msrc/modules/marketplace/domain/services/cart.service.ts[0m:[93m191[0m:[93m39[0m - [91merror[0m[90m TS2339: [0mProperty 'getAvailableQuantity' does not exist on type 'Product'.

[7m191[0m     const availableQuantity = product.getAvailableQuantity(variantId);
[7m   [0m [91m                                      ~~~~~~~~~~~~~~~~~~~~[0m

[96msrc/modules/marketplace/domain/services/cart.service.ts[0m:[93m197[0m:[93m33[0m - [91merror[0m[90m TS2339: [0mProperty 'getMinOrderQuantity' does not exist on type 'Product'.

[7m197[0m     const minQuantity = product.getMinOrderQuantity();
[7m   [0m [91m                                ~~~~~~~~~~~~~~~~~~~[0m

[96msrc/modules/marketplace/domain/services/cart.service.ts[0m:[93m198[0m:[93m33[0m - [91merror[0m[90m TS2339: [0mProperty 'getMaxOrderQuantity' does not exist on type 'Product'.

[7m198[0m     const maxQuantity = product.getMaxOrderQuantity();
[7m   [0m [91m                                ~~~~~~~~~~~~~~~~~~~[0m

[96msrc/modules/marketplace/domain/services/cart.service.ts[0m:[93m209[0m:[93m31[0m - [91merror[0m[90m TS2551: [0mProperty 'hasVariant' does not exist on type 'Product'. Did you mean 'variants'?

[7m209[0m     if (variantId && !product.hasVariant(variantId)) {
[7m   [0m [91m                              ~~~~~~~~~~[0m

  [96msrc/modules/marketplace/domain/entities/product.entity.ts[0m:[93m101[0m:[93m7[0m
    [7m101[0m   get variants(): ProductVariant[] {
    [7m   [0m [96m      ~~~~~~~~[0m
    'variants' is declared here.

[96msrc/modules/marketplace/domain/services/cart.service.ts[0m:[93m241[0m:[93m33[0m - [91merror[0m[90m TS2339: [0mProperty 'clone' does not exist on type 'Cart'.

[7m241[0m     const mergedCart = userCart.clone();
[7m   [0m [91m                                ~~~~~[0m

[96msrc/modules/marketplace/domain/services/cart.service.ts[0m:[93m246[0m:[93m19[0m - [91merror[0m[90m TS2339: [0mProperty 'variantId' does not exist on type 'CartItem'.

[7m246[0m         guestItem.variantId
[7m   [0m [91m                  ~~~~~~~~~[0m

[96msrc/modules/marketplace/domain/services/cart.service.ts[0m:[93m270[0m:[93m21[0m - [91merror[0m[90m TS2339: [0mProperty 'variantId' does not exist on type 'CartItem'.

[7m270[0m           guestItem.variantId
[7m   [0m [91m                    ~~~~~~~~~[0m

[96msrc/modules/marketplace/domain/services/cart.service.ts[0m:[93m282[0m:[93m21[0m - [91merror[0m[90m TS2339: [0mProperty 'variantId' does not exist on type 'CartItem'.

[7m282[0m           guestItem.variantId
[7m   [0m [91m                    ~~~~~~~~~[0m

[96msrc/modules/marketplace/domain/services/cart.service.ts[0m:[93m304[0m:[93m20[0m - [91merror[0m[90m TS2339: [0mProperty 'isAvailableForPurchase' does not exist on type 'Product'.

[7m304[0m       if (!product.isAvailableForPurchase()) {
[7m   [0m [91m                   ~~~~~~~~~~~~~~~~~~~~~~[0m

[96msrc/modules/marketplace/domain/services/cart.service.ts[0m:[93m307[0m:[93m27[0m - [91merror[0m[90m TS2339: [0mProperty 'status' does not exist on type 'Product'.

[7m307[0m           reason: product.status === 'out_of_stock' ? 'out_of_stock' : 'discontinued'
[7m   [0m [91m                          ~~~~~~[0m

[96msrc/modules/marketplace/domain/services/cart.service.ts[0m:[93m317[0m:[93m17[0m - [91merror[0m[90m TS2339: [0mProperty 'hasProduct' does not exist on type 'Cart'.

[7m317[0m       if (!cart.hasProduct(rec.productId)) {
[7m   [0m [91m                ~~~~~~~~~~[0m

[96msrc/modules/marketplace/domain/services/cart.service.ts[0m:[93m344[0m:[93m47[0m - [91merror[0m[90m TS2554: [0mExpected 2 arguments, but got 1.

[7m344[0m     const pricing = await this.pricingService.calculateCartPricing(cart);
[7m   [0m [91m                                              ~~~~~~~~~~~~~~~~~~~~~~~~~~[0m

  [96msrc/modules/marketplace/domain/services/pricing.service.ts[0m:[93m139[0m:[93m36[0m
    [7m139[0m   calculateCartPricing(cart: Cart, context: PricingContext): PriceBreakdown {
    [7m   [0m [96m                                   ~~~~~~~~~~~~~~~~~~~~~~~[0m
    An argument for 'context' was not provided.

[96msrc/modules/marketplace/domain/services/cart.service.ts[0m:[93m350[0m:[93m25[0m - [91merror[0m[90m TS2551: [0mProperty 'discount' does not exist on type 'PriceBreakdown'. Did you mean 'discounts'?

[7m350[0m       discount: pricing.discount,
[7m   [0m [91m                        ~~~~~~~~[0m

  [96msrc/modules/marketplace/domain/services/pricing.service.ts[0m:[93m24[0m:[93m3[0m
    [7m24[0m   discounts: Price;
    [7m  [0m [96m  ~~~~~~~~~[0m
    'discounts' is declared here.

[96msrc/modules/marketplace/domain/services/cart.service.ts[0m:[93m357[0m:[93m17[0m - [91merror[0m[90m TS2339: [0mProperty 'activate' does not exist on type 'Cart'.

[7m357[0m     return cart.activate();
[7m   [0m [91m                ~~~~~~~~[0m

[96msrc/modules/marketplace/domain/services/cart.service.ts[0m:[93m361[0m:[93m17[0m - [91merror[0m[90m TS2339: [0mProperty 'deactivate' does not exist on type 'Cart'.

[7m361[0m     return cart.deactivate();
[7m   [0m [91m                ~~~~~~~~~~[0m

[96msrc/modules/marketplace/domain/services/cart.service.ts[0m:[93m365[0m:[93m17[0m - [91merror[0m[90m TS2339: [0mProperty 'abandon' does not exist on type 'Cart'.

[7m365[0m     return cart.abandon();
[7m   [0m [91m                ~~~~~~~[0m

[96msrc/modules/marketplace/domain/services/cart.service.ts[0m:[93m373[0m:[93m19[0m - [91merror[0m[90m TS2339: [0mProperty 'activate' does not exist on type 'Cart'.

[7m373[0m       return cart.activate();
[7m   [0m [91m                  ~~~~~~~~[0m

[96msrc/modules/marketplace/domain/services/cart.service.ts[0m:[93m377[0m:[93m26[0m - [91merror[0m[90m TS2339: [0mProperty 'activate' does not exist on type 'Cart'.

[7m377[0m       return cleanedCart.activate();
[7m   [0m [91m                         ~~~~~~~~[0m

[96msrc/modules/marketplace/domain/services/cart.service.ts[0m:[93m383[0m:[93m30[0m - [91merror[0m[90m TS2339: [0mProperty 'clone' does not exist on type 'Cart'.

[7m383[0m     const cleanedCart = cart.clone();
[7m   [0m [91m                             ~~~~~[0m

[96msrc/modules/marketplace/domain/services/cart.service.ts[0m:[93m438[0m:[93m47[0m - [91merror[0m[90m TS2554: [0mExpected 2 arguments, but got 1.

[7m438[0m     const pricing = await this.pricingService.calculateCartPricing(cart);
[7m   [0m [91m                                              ~~~~~~~~~~~~~~~~~~~~~~~~~~[0m

  [96msrc/modules/marketplace/domain/services/pricing.service.ts[0m:[93m139[0m:[93m36[0m
    [7m139[0m   calculateCartPricing(cart: Cart, context: PricingContext): PriceBreakdown {
    [7m   [0m [96m                                   ~~~~~~~~~~~~~~~~~~~~~~~[0m
    An argument for 'context' was not provided.

[96msrc/modules/marketplace/domain/services/cart.service.ts[0m:[93m441[0m:[93m31[0m - [91merror[0m[90m TS2339: [0mProperty 'prepareForCheckout' does not exist on type 'Cart'.

[7m441[0m     const checkoutCart = cart.prepareForCheckout();
[7m   [0m [91m                              ~~~~~~~~~~~~~~~~~~[0m

[96msrc/modules/marketplace/domain/services/cart.service.ts[0m:[93m457[0m:[93m28[0m - [91merror[0m[90m TS2339: [0mProperty 'getTotalItems' does not exist on type 'Cart'.

[7m457[0m     const itemCount = cart.getTotalItems();
[7m   [0m [91m                           ~~~~~~~~~~~~~[0m

[96msrc/modules/marketplace/domain/services/cart.service.ts[0m:[93m458[0m:[93m33[0m - [91merror[0m[90m TS2339: [0mProperty 'getUniqueProductCount' does not exist on type 'Cart'.

[7m458[0m     const uniqueProducts = cart.getUniqueProductCount();
[7m   [0m [91m                                ~~~~~~~~~~~~~~~~~~~~~[0m

[96msrc/modules/marketplace/domain/services/cart.service.ts[0m:[93m459[0m:[93m29[0m - [91merror[0m[90m TS2551: [0mProperty 'getSubtotal' does not exist on type 'Cart'. Did you mean 'subtotal'?

[7m459[0m     const totalValue = cart.getSubtotal();
[7m   [0m [91m                            ~~~~~~~~~~~[0m

  [96msrc/modules/marketplace/domain/entities/cart.entity.ts[0m:[93m84[0m:[93m7[0m
    [7m84[0m   get subtotal(): Price {
    [7m  [0m [96m      ~~~~~~~~[0m
    'subtotal' is declared here.

[96msrc/modules/marketplace/domain/services/cart.service.ts[0m:[93m460[0m:[93m30[0m - [91merror[0m[90m TS2673: [0mConstructor of class 'Price' is private and only accessible within the class declaration.

[7m460[0m     const averageItemPrice = new Price(
[7m   [0m [91m                             ~~~~~~~~~~[0m
[7m461[0m       totalValue.amount / itemCount,
[7m   [0m [91m~~~~~~~~~~~~~~~~~~~~~~~~~~~~~~~~~~~~[0m
[7m462[0m       totalValue.currency
[7m   [0m [91m~~~~~~~~~~~~~~~~~~~~~~~~~[0m
[7m463[0m     );
[7m   [0m [91m~~~~~[0m

[96msrc/modules/marketplace/domain/services/order.service.ts[0m:[93m93[0m:[93m7[0m - [91merror[0m[90m TS2353: [0mObject literal may only specify known properties, and 'promotionCodes' does not exist in type 'PricingContext'.

[7m93[0m       promotionCodes: orderData.promotionCodes,
[7m  [0m [91m      ~~~~~~~~~~~~~~[0m

[96msrc/modules/marketplace/domain/services/order.service.ts[0m:[93m105[0m:[93m43[0m - [91merror[0m[90m TS2554: [0mExpected 4-5 arguments, but got 1.

[7m105[0m     const paymentDetails = PaymentDetails.create({
[7m   [0m [91m                                          ~~~~~~~~[0m
[7m106[0m       method: orderData.paymentMethod,
[7m   [0m [91m~~~~~~~~~~~~~~~~~~~~~~~~~~~~~~~~~~~~~~[0m
[7m...[0m 
[7m109[0m       status: 'pending'
[7m   [0m [91m~~~~~~~~~~~~~~~~~~~~~~~[0m
[7m110[0m     });
[7m   [0m [91m~~~~~~[0m

  [96msrc/modules/marketplace/domain/value-objects/payment-details.vo.ts[0m:[93m51[0m:[93m5[0m
    [7m51[0m     amount: number,
    [7m  [0m [96m    ~~~~~~~~~~~~~~[0m
    An argument for 'amount' was not provided.

[96msrc/modules/marketplace/domain/services/order.service.ts[0m:[93m113[0m:[93m39[0m - [91merror[0m[90m TS2554: [0mExpected 4-5 arguments, but got 1.

[7m113[0m     const deliveryInfo = DeliveryInfo.create({
[7m   [0m [91m                                      ~~~~~~~~[0m
[7m114[0m       method: orderData.deliveryMethod,
[7m   [0m [91m~~~~~~~~~~~~~~~~~~~~~~~~~~~~~~~~~~~~~~~[0m
[7m...[0m 
[7m120[0m       cost: pricing.shipping
[7m   [0m [91m~~~~~~~~~~~~~~~~~~~~~~~~~~~~[0m
[7m121[0m     });
[7m   [0m [91m~~~~~~[0m

  [96msrc/modules/marketplace/domain/value-objects/delivery-info.vo.ts[0m:[93m63[0m:[93m5[0m
    [7m63[0m     address: DeliveryAddress,
    [7m  [0m [96m    ~~~~~~~~~~~~~~~~~~~~~~~~[0m
    An argument for 'address' was not provided.

[96msrc/modules/marketplace/domain/services/order.service.ts[0m:[93m124[0m:[93m25[0m - [91merror[0m[90m TS2554: [0mExpected 9-10 arguments, but got 1.

[7m124[0m     const order = Order.create({
[7m   [0m [91m                        ~~~~~~~~[0m
[7m125[0m       orderNumber,
[7m   [0m [91m~~~~~~~~~~~~~~~~~~[0m
[7m...[0m 
[7m143[0m       updatedAt: new Date()
[7m   [0m [91m~~~~~~~~~~~~~~~~~~~~~~~~~~~[0m
[7m144[0m     });
[7m   [0m [91m~~~~~~[0m

  [96msrc/modules/marketplace/domain/entities/order.entity.ts[0m:[93m49[0m:[93m5[0m
    [7m49[0m     storeId: StoreId,
    [7m  [0m [96m    ~~~~~~~~~~~~~~~~[0m
    An argument for 'storeId' was not provided.

[96msrc/modules/marketplace/domain/services/order.service.ts[0m:[93m129[0m:[93m34[0m - [91merror[0m[90m TS2345: [0mArgument of type '"pending"' is not assignable to parameter of type 'OrderStatusType'.

[7m129[0m       status: OrderStatus.create('pending'),
[7m   [0m [91m                                 ~~~~~~~~~[0m

[96msrc/modules/marketplace/domain/services/order.service.ts[0m:[93m133[0m:[93m25[0m - [91merror[0m[90m TS2551: [0mProperty 'discount' does not exist on type 'PriceBreakdown'. Did you mean 'discounts'?

[7m133[0m       discount: pricing.discount,
[7m   [0m [91m                        ~~~~~~~~[0m

  [96msrc/modules/marketplace/domain/services/pricing.service.ts[0m:[93m24[0m:[93m3[0m
    [7m24[0m   discounts: Price;
    [7m  [0m [96m  ~~~~~~~~~[0m
    'discounts' is declared here.

[96msrc/modules/marketplace/domain/services/order.service.ts[0m:[93m164[0m:[93m20[0m - [91merror[0m[90m TS2339: [0mProperty 'isAvailableForPurchase' does not exist on type 'Product'.

[7m164[0m       if (!product.isAvailableForPurchase()) {
[7m   [0m [91m                   ~~~~~~~~~~~~~~~~~~~~~~[0m

[96msrc/modules/marketplace/domain/services/order.service.ts[0m:[93m169[0m:[93m41[0m - [91merror[0m[90m TS2339: [0mProperty 'getAvailableQuantity' does not exist on type 'Product'.

[7m169[0m       const availableQuantity = product.getAvailableQuantity(item.variantId);
[7m   [0m [91m                                        ~~~~~~~~~~~~~~~~~~~~[0m

[96msrc/modules/marketplace/domain/services/order.service.ts[0m:[93m169[0m:[93m67[0m - [91merror[0m[90m TS2339: [0mProperty 'variantId' does not exist on type 'CartItem'.

[7m169[0m       const availableQuantity = product.getAvailableQuantity(item.variantId);
[7m   [0m [91m                                                                  ~~~~~~~~~[0m

[96msrc/modules/marketplace/domain/services/order.service.ts[0m:[93m179[0m:[93m35[0m - [91merror[0m[90m TS2339: [0mProperty 'getMinOrderQuantity' does not exist on type 'Product'.

[7m179[0m       if (item.quantity < product.getMinOrderQuantity()) {
[7m   [0m [91m                                  ~~~~~~~~~~~~~~~~~~~[0m

[96msrc/modules/marketplace/domain/services/order.service.ts[0m:[93m180[0m:[93m78[0m - [91merror[0m[90m TS2339: [0mProperty 'getMinOrderQuantity' does not exist on type 'Product'.

[7m180[0m         errors.push(`Minimum order quantity for ${product.name} is ${product.getMinOrderQuantity()}`);
[7m   [0m [91m                                                                             ~~~~~~~~~~~~~~~~~~~[0m

[96msrc/modules/marketplace/domain/services/order.service.ts[0m:[93m183[0m:[93m35[0m - [91merror[0m[90m TS2339: [0mProperty 'getMaxOrderQuantity' does not exist on type 'Product'.

[7m183[0m       if (item.quantity > product.getMaxOrderQuantity()) {
[7m   [0m [91m                                  ~~~~~~~~~~~~~~~~~~~[0m

[96msrc/modules/marketplace/domain/services/order.service.ts[0m:[93m184[0m:[93m78[0m - [91merror[0m[90m TS2339: [0mProperty 'getMaxOrderQuantity' does not exist on type 'Product'.

[7m184[0m         errors.push(`Maximum order quantity for ${product.name} is ${product.getMaxOrderQuantity()}`);
[7m   [0m [91m                                                                             ~~~~~~~~~~~~~~~~~~~[0m

[96msrc/modules/marketplace/domain/services/order.service.ts[0m:[93m188[0m:[93m17[0m - [91merror[0m[90m TS2339: [0mProperty 'unitPrice' does not exist on type 'CartItem'.

[7m188[0m       if (!item.unitPrice.equals(product.price)) {
[7m   [0m [91m                ~~~~~~~~~[0m

[96msrc/modules/marketplace/domain/services/order.service.ts[0m:[93m208[0m:[93m20[0m - [91merror[0m[90m TS2339: [0mProperty 'value' does not exist on type 'OrderStatus'.

[7m208[0m       order.status.value,
[7m   [0m [91m                   ~~~~~[0m

[96msrc/modules/marketplace/domain/services/order.service.ts[0m:[93m221[0m:[93m5[0m - [91merror[0m[90m TS2322: [0mType 'void' is not assignable to type 'Order'.

[7m221[0m     return order.updateStatus(OrderStatus.create(newStatus), reason);
[7m   [0m [91m    ~~~~~~[0m

[96msrc/modules/marketplace/domain/services/order.service.ts[0m:[93m221[0m:[93m50[0m - [91merror[0m[90m TS2345: [0mArgument of type 'string' is not assignable to parameter of type 'OrderStatusType'.

[7m221[0m     return order.updateStatus(OrderStatus.create(newStatus), reason);
[7m   [0m [91m                                                 ~~~~~~~~~[0m

[96msrc/modules/marketplace/domain/services/order.service.ts[0m:[93m221[0m:[93m62[0m - [91merror[0m[90m TS2554: [0mExpected 1 arguments, but got 2.

[7m221[0m     return order.updateStatus(OrderStatus.create(newStatus), reason);
[7m   [0m [91m                                                             ~~~~~~[0m

[96msrc/modules/marketplace/domain/services/order.service.ts[0m:[93m354[0m:[93m57[0m - [91merror[0m[90m TS2339: [0mProperty 'value' does not exist on type 'OrderStatus'.

[7m354[0m     if (!['pending', 'confirmed'].includes(order.status.value)) {
[7m   [0m [91m                                                        ~~~~~[0m

[96msrc/modules/marketplace/domain/services/order.service.ts[0m:[93m365[0m:[93m33[0m - [91merror[0m[90m TS2554: [0mExpected 5-8 arguments, but got 1.

[7m365[0m     const orderItem = OrderItem.create({
[7m   [0m [91m                                ~~~~~~~~[0m
[7m366[0m       productId: product.id,
[7m   [0m [91m~~~~~~~~~~~~~~~~~~~~~~~~~~~~[0m
[7m...[0m 
[7m371[0m       productSnapshot: product.toSnapshot()
[7m   [0m [91m~~~~~~~~~~~~~~~~~~~~~~~~~~~~~~~~~~~~~~~~~~~[0m
[7m372[0m     });
[7m   [0m [91m~~~~~~[0m

  [96msrc/modules/marketplace/domain/entities/order-item.entity.ts[0m:[93m23[0m:[93m5[0m
    [7m23[0m     productName: string,
    [7m  [0m [96m    ~~~~~~~~~~~~~~~~~~~[0m
    An argument for 'productName' was not provided.

[96msrc/modules/marketplace/domain/services/order.service.ts[0m:[93m370[0m:[93m19[0m - [91merror[0m[90m TS2673: [0mConstructor of class 'Price' is private and only accessible within the class declaration.

[7m370[0m       totalPrice: new Price(product.price.amount * quantity, product.price.currency),
[7m   [0m [91m                  ~~~~~~~~~~~~~~~~~~~~~~~~~~~~~~~~~~~~~~~~~~~~~~~~~~~~~~~~~~~~~~~~~~[0m

[96msrc/modules/marketplace/domain/services/order.service.ts[0m:[93m375[0m:[93m32[0m - [91merror[0m[90m TS2339: [0mProperty 'addItem' does not exist on type 'Order'.

[7m375[0m     const updatedOrder = order.addItem(orderItem);
[7m   [0m [91m                               ~~~~~~~[0m

[96msrc/modules/marketplace/domain/services/order.service.ts[0m:[93m381[0m:[93m57[0m - [91merror[0m[90m TS2339: [0mProperty 'value' does not exist on type 'OrderStatus'.

[7m381[0m     if (!['pending', 'confirmed'].includes(order.status.value)) {
[7m   [0m [91m                                                        ~~~~~[0m

[96msrc/modules/marketplace/domain/services/order.service.ts[0m:[93m385[0m:[93m32[0m - [91merror[0m[90m TS2339: [0mProperty 'removeItem' does not exist on type 'Order'.

[7m385[0m     const updatedOrder = order.removeItem(itemId);
[7m   [0m [91m                               ~~~~~~~~~~[0m

[96msrc/modules/marketplace/domain/services/order.service.ts[0m:[93m395[0m:[93m57[0m - [91merror[0m[90m TS2339: [0mProperty 'value' does not exist on type 'OrderStatus'.

[7m395[0m     if (!['pending', 'confirmed'].includes(order.status.value)) {
[7m   [0m [91m                                                        ~~~~~[0m

[96msrc/modules/marketplace/domain/services/order.service.ts[0m:[93m403[0m:[93m24[0m - [91merror[0m[90m TS2339: [0mProperty 'getItem' does not exist on type 'Order'.

[7m403[0m     const item = order.getItem(itemId);
[7m   [0m [91m                       ~~~~~~~[0m

[96msrc/modules/marketplace/domain/services/order.service.ts[0m:[93m416[0m:[93m32[0m - [91merror[0m[90m TS2339: [0mProperty 'updateItemQuantity' does not exist on type 'Order'.

[7m416[0m     const updatedOrder = order.updateItemQuantity(itemId, quantity);
[7m   [0m [91m                               ~~~~~~~~~~~~~~~~~~[0m

[96msrc/modules/marketplace/domain/services/order.service.ts[0m:[93m422[0m:[93m67[0m - [91merror[0m[90m TS2339: [0mProperty 'value' does not exist on type 'OrderStatus'.

[7m422[0m     const transition = this.validateStatusTransition(order.status.value, 'cancelled');
[7m   [0m [91m                                                                  ~~~~~[0m

[96msrc/modules/marketplace/domain/services/order.service.ts[0m:[93m431[0m:[93m9[0m - [91merror[0m[90m TS2367: [0mThis comparison appears to be unintentional because the types 'PaymentStatus' and '"captured"' have no overlap.

[7m431[0m     if (order.paymentDetails.status === 'captured') {
[7m   [0m [91m        ~~~~~~~~~~~~~~~~~~~~~~~~~~~~~~~~~~~~~~~~~~[0m

[96msrc/modules/marketplace/domain/services/order.service.ts[0m:[93m435[0m:[93m5[0m - [91merror[0m[90m TS2322: [0mType 'void' is not assignable to type 'Order'.

[7m435[0m     return order.cancel(reason);
[7m   [0m [91m    ~~~~~~[0m

[96msrc/modules/marketplace/domain/services/order.service.ts[0m:[93m443[0m:[93m23[0m - [91merror[0m[90m TS2673: [0mConstructor of class 'Price' is private and only accessible within the class declaration.

[7m443[0m     let itemsAmount = new Price(0, order.currency);
[7m   [0m [91m                      ~~~~~~~~~~~~~~~~~~~~~~~~~~~~[0m

[96msrc/modules/marketplace/domain/services/order.service.ts[0m:[93m443[0m:[93m42[0m - [91merror[0m[90m TS2339: [0mProperty 'currency' does not exist on type 'Order'.

[7m443[0m     let itemsAmount = new Price(0, order.currency);
[7m   [0m [91m                                         ~~~~~~~~[0m

[96msrc/modules/marketplace/domain/services/order.service.ts[0m:[93m444[0m:[93m26[0m - [91merror[0m[90m TS2673: [0mConstructor of class 'Price' is private and only accessible within the class declaration.

[7m444[0m     let shippingAmount = new Price(0, order.currency);
[7m   [0m [91m                         ~~~~~~~~~~~~~~~~~~~~~~~~~~~~[0m

[96msrc/modules/marketplace/domain/services/order.service.ts[0m:[93m444[0m:[93m45[0m - [91merror[0m[90m TS2339: [0mProperty 'currency' does not exist on type 'Order'.

[7m444[0m     let shippingAmount = new Price(0, order.currency);
[7m   [0m [91m                                            ~~~~~~~~[0m

[96msrc/modules/marketplace/domain/services/order.service.ts[0m:[93m445[0m:[93m21[0m - [91merror[0m[90m TS2673: [0mConstructor of class 'Price' is private and only accessible within the class declaration.

[7m445[0m     let taxAmount = new Price(0, order.currency);
[7m   [0m [91m                    ~~~~~~~~~~~~~~~~~~~~~~~~~~~~[0m

[96msrc/modules/marketplace/domain/services/order.service.ts[0m:[93m445[0m:[93m40[0m - [91merror[0m[90m TS2339: [0mProperty 'currency' does not exist on type 'Order'.

[7m445[0m     let taxAmount = new Price(0, order.currency);
[7m   [0m [91m                                       ~~~~~~~~[0m

[96msrc/modules/marketplace/domain/services/order.service.ts[0m:[93m446[0m:[93m22[0m - [91merror[0m[90m TS2673: [0mConstructor of class 'Price' is private and only accessible within the class declaration.

[7m446[0m     let feesAmount = new Price(0, order.currency);
[7m   [0m [91m                     ~~~~~~~~~~~~~~~~~~~~~~~~~~~~[0m

[96msrc/modules/marketplace/domain/services/order.service.ts[0m:[93m446[0m:[93m41[0m - [91merror[0m[90m TS2339: [0mProperty 'currency' does not exist on type 'Order'.

[7m446[0m     let feesAmount = new Price(0, order.currency);
[7m   [0m [91m                                        ~~~~~~~~[0m

[96msrc/modules/marketplace/domain/services/order.service.ts[0m:[93m451[0m:[93m28[0m - [91merror[0m[90m TS2339: [0mProperty 'getItem' does not exist on type 'Order'.

[7m451[0m         const item = order.getItem(itemId);
[7m   [0m [91m                           ~~~~~~~[0m

[96msrc/modules/marketplace/domain/services/order.service.ts[0m:[93m463[0m:[93m30[0m - [91merror[0m[90m TS2339: [0mProperty 'shipping' does not exist on type 'Order'.

[7m463[0m       shippingAmount = order.shipping;
[7m   [0m [91m                             ~~~~~~~~[0m

[96msrc/modules/marketplace/domain/services/order.service.ts[0m:[93m468[0m:[93m17[0m - [91merror[0m[90m TS2673: [0mConstructor of class 'Price' is private and only accessible within the class declaration.

[7m468[0m     taxAmount = new Price(itemsAmount.amount * taxRate, order.currency);
[7m   [0m [91m                ~~~~~~~~~~~~~~~~~~~~~~~~~~~~~~~~~~~~~~~~~~~~~~~~~~~~~~~[0m

[96msrc/modules/marketplace/domain/services/order.service.ts[0m:[93m468[0m:[93m63[0m - [91merror[0m[90m TS2339: [0mProperty 'currency' does not exist on type 'Order'.

[7m468[0m     taxAmount = new Price(itemsAmount.amount * taxRate, order.currency);
[7m   [0m [91m                                                              ~~~~~~~~[0m

[96msrc/modules/marketplace/domain/services/order.service.ts[0m:[93m493[0m:[93m35[0m - [91merror[0m[90m TS2554: [0mExpected 5-8 arguments, but got 1.

[7m493[0m       const orderItem = OrderItem.create({
[7m   [0m [91m                                  ~~~~~~~~[0m
[7m494[0m         productId: cartItem.productId,
[7m   [0m [91m~~~~~~~~~~~~~~~~~~~~~~~~~~~~~~~~~~~~~~[0m
[7m...[0m 
[7m503[0m         customizations: cartItem.customizations
[7m   [0m [91m~~~~~~~~~~~~~~~~~~~~~~~~~~~~~~~~~~~~~~~~~~~~~~~[0m
[7m504[0m       });
[7m   [0m [91m~~~~~~~~[0m

  [96msrc/modules/marketplace/domain/entities/order-item.entity.ts[0m:[93m23[0m:[93m5[0m
    [7m23[0m     productName: string,
    [7m  [0m [96m    ~~~~~~~~~~~~~~~~~~~[0m
    An argument for 'productName' was not provided.

[96msrc/modules/marketplace/domain/services/order.service.ts[0m:[93m495[0m:[93m29[0m - [91merror[0m[90m TS2339: [0mProperty 'variantId' does not exist on type 'CartItem'.

[7m495[0m         variantId: cartItem.variantId,
[7m   [0m [91m                            ~~~~~~~~~[0m

[96msrc/modules/marketplace/domain/services/order.service.ts[0m:[93m497[0m:[93m29[0m - [91merror[0m[90m TS2339: [0mProperty 'unitPrice' does not exist on type 'CartItem'.

[7m497[0m         unitPrice: cartItem.unitPrice,
[7m   [0m [91m                            ~~~~~~~~~[0m

[96msrc/modules/marketplace/domain/services/order.service.ts[0m:[93m498[0m:[93m21[0m - [91merror[0m[90m TS2673: [0mConstructor of class 'Price' is private and only accessible within the class declaration.

[7m498[0m         totalPrice: new Price(
[7m   [0m [91m                    ~~~~~~~~~~[0m
[7m499[0m           cartItem.unitPrice.amount * cartItem.quantity,
[7m   [0m [91m~~~~~~~~~~~~~~~~~~~~~~~~~~~~~~~~~~~~~~~~~~~~~~~~~~~~~~~~[0m
[7m500[0m           cartItem.unitPrice.currency
[7m   [0m [91m~~~~~~~~~~~~~~~~~~~~~~~~~~~~~~~~~~~~~[0m
[7m501[0m         ),
[7m   [0m [91m~~~~~~~~~[0m

[96msrc/modules/marketplace/domain/services/order.service.ts[0m:[93m499[0m:[93m20[0m - [91merror[0m[90m TS2339: [0mProperty 'unitPrice' does not exist on type 'CartItem'.

[7m499[0m           cartItem.unitPrice.amount * cartItem.quantity,
[7m   [0m [91m                   ~~~~~~~~~[0m

[96msrc/modules/marketplace/domain/services/order.service.ts[0m:[93m500[0m:[93m20[0m - [91merror[0m[90m TS2339: [0mProperty 'unitPrice' does not exist on type 'CartItem'.

[7m500[0m           cartItem.unitPrice.currency
[7m   [0m [91m                   ~~~~~~~~~[0m

[96msrc/modules/marketplace/domain/services/order.service.ts[0m:[93m503[0m:[93m34[0m - [91merror[0m[90m TS2339: [0mProperty 'customizations' does not exist on type 'CartItem'.

[7m503[0m         customizations: cartItem.customizations
[7m   [0m [91m                                 ~~~~~~~~~~~~~~[0m

[96msrc/modules/marketplace/domain/services/pricing.service.ts[0m:[93m1[0m:[93m23[0m - [91merror[0m[90m TS2307: [0mCannot find module '../value-objects/price.value-object' or its corresponding type declarations.

[7m1[0m import { Price } from '../value-objects/price.value-object';
[7m [0m [91m                      ~~~~~~~~~~~~~~~~~~~~~~~~~~~~~~~~~~~~~[0m

[96msrc/modules/marketplace/domain/services/pricing.service.ts[0m:[93m87[0m:[93m31[0m - [91merror[0m[90m TS2339: [0mProperty 'getPrice' does not exist on type 'Product'.

[7m87[0m     const basePrice = product.getPrice();
[7m  [0m [91m                              ~~~~~~~~[0m

[96msrc/modules/marketplace/domain/services/pricing.service.ts[0m:[93m92[0m:[93m57[0m - [91merror[0m[90m TS2339: [0mProperty 'getWholesalePrice' does not exist on type 'Product'.

[7m92[0m     if (context.customerType === 'wholesale' && product.getWholesalePrice()) {
[7m  [0m [91m                                                        ~~~~~~~~~~~~~~~~~[0m

[96msrc/modules/marketplace/domain/services/pricing.service.ts[0m:[93m93[0m:[93m28[0m - [91merror[0m[90m TS2339: [0mProperty 'getWholesalePrice' does not exist on type 'Product'.

[7m93[0m       finalPrice = product.getWholesalePrice()!;
[7m  [0m [91m                           ~~~~~~~~~~~~~~~~~[0m

[96msrc/modules/marketplace/domain/services/pricing.service.ts[0m:[93m103[0m:[93m17[0m - [91merror[0m[90m TS2339: [0mProperty 'getSalePrice' does not exist on type 'Product'.

[7m103[0m     if (product.getSalePrice() && product.getSalePrice()!.isLessThan(finalPrice)) {
[7m   [0m [91m                ~~~~~~~~~~~~[0m

[96msrc/modules/marketplace/domain/services/pricing.service.ts[0m:[93m103[0m:[93m43[0m - [91merror[0m[90m TS2339: [0mProperty 'getSalePrice' does not exist on type 'Product'.

[7m103[0m     if (product.getSalePrice() && product.getSalePrice()!.isLessThan(finalPrice)) {
[7m   [0m [91m                                          ~~~~~~~~~~~~[0m

[96msrc/modules/marketplace/domain/services/pricing.service.ts[0m:[93m104[0m:[93m33[0m - [91merror[0m[90m TS2339: [0mProperty 'getSalePrice' does not exist on type 'Product'.

[7m104[0m       const salePrice = product.getSalePrice()!;
[7m   [0m [91m                                ~~~~~~~~~~~~[0m

[96msrc/modules/marketplace/domain/services/pricing.service.ts[0m:[93m131[0m:[93m26[0m - [91merror[0m[90m TS2339: [0mProperty 'getSalePrice' does not exist on type 'Product'.

[7m131[0m       salePrice: product.getSalePrice(),
[7m   [0m [91m                         ~~~~~~~~~~~~[0m

[96msrc/modules/marketplace/domain/services/pricing.service.ts[0m:[93m144[0m:[93m29[0m - [91merror[0m[90m TS2339: [0mProperty 'getItems' does not exist on type 'Cart'.

[7m144[0m     for (const item of cart.getItems()) {
[7m   [0m [91m                            ~~~~~~~~[0m

[96msrc/modules/marketplace/domain/services/pricing.service.ts[0m:[93m156[0m:[93m16[0m - [91merror[0m[90m TS2339: [0mProperty 'getItems' does not exist on type 'Cart'.

[7m156[0m           cart.getItems(),
[7m   [0m [91m               ~~~~~~~~[0m

[96msrc/modules/marketplace/domain/services/pricing.service.ts[0m:[93m202[0m:[93m30[0m - [91merror[0m[90m TS2339: [0mProperty 'getItems' does not exist on type 'Order'.

[7m202[0m     for (const item of order.getItems()) {
[7m   [0m [91m                             ~~~~~~~~[0m

[96msrc/modules/marketplace/domain/services/pricing.service.ts[0m:[93m207[0m:[93m29[0m - [91merror[0m[90m TS2551: [0mProperty 'getDiscountAmount' does not exist on type 'Order'. Did you mean 'discountAmount'?

[7m207[0m     const discounts = order.getDiscountAmount();
[7m   [0m [91m                            ~~~~~~~~~~~~~~~~~[0m

  [96msrc/modules/marketplace/domain/entities/order.entity.ts[0m:[93m153[0m:[93m7[0m
    [7m153[0m   get discountAmount(): Price {
    [7m   [0m [96m      ~~~~~~~~~~~~~~[0m
    'discountAmount' is declared here.

[96msrc/modules/marketplace/domain/services/pricing.service.ts[0m:[93m210[0m:[93m30[0m - [91merror[0m[90m TS2339: [0mProperty 'getAppliedPromotions' does not exist on type 'Order'.

[7m210[0m     const promotions = order.getAppliedPromotions();
[7m   [0m [91m                             ~~~~~~~~~~~~~~~~~~~~[0m

[96msrc/modules/marketplace/domain/services/pricing.service.ts[0m:[93m220[0m:[93m23[0m - [91merror[0m[90m TS2339: [0mProperty 'getTaxAmount' does not exist on type 'Order'.

[7m220[0m     const tax = order.getTaxAmount();
[7m   [0m [91m                      ~~~~~~~~~~~~[0m

[96msrc/modules/marketplace/domain/services/pricing.service.ts[0m:[93m221[0m:[93m28[0m - [91merror[0m[90m TS2339: [0mProperty 'getShippingAmount' does not exist on type 'Order'.

[7m221[0m     const shipping = order.getShippingAmount();
[7m   [0m [91m                           ~~~~~~~~~~~~~~~~~[0m

[96msrc/modules/marketplace/domain/services/pricing.service.ts[0m:[93m222[0m:[93m25[0m - [91merror[0m[90m TS2339: [0mProperty 'getTotalAmount' does not exist on type 'Order'.

[7m222[0m     const total = order.getTotalAmount();
[7m   [0m [91m                        ~~~~~~~~~~~~~~[0m

[96msrc/modules/marketplace/domain/services/pricing.service.ts[0m:[93m238[0m:[93m28[0m - [91merror[0m[90m TS2339: [0mProperty 'getPrice' does not exist on type 'CartItem'.

[7m238[0m     const unitPrice = item.getPrice();
[7m   [0m [91m                           ~~~~~~~~[0m

[96msrc/modules/marketplace/domain/services/pricing.service.ts[0m:[93m239[0m:[93m43[0m - [91merror[0m[90m TS2551: [0mProperty 'getQuantity' does not exist on type 'CartItem'. Did you mean 'quantity'?

[7m239[0m     const total = unitPrice.multiply(item.getQuantity());
[7m   [0m [91m                                          ~~~~~~~~~~~[0m

  [96msrc/modules/marketplace/domain/entities/cart-item.entity.ts[0m:[93m88[0m:[93m7[0m
    [7m88[0m   get quantity(): number {
    [7m  [0m [96m      ~~~~~~~~[0m
    'quantity' is declared here.

[96msrc/modules/marketplace/domain/services/pricing.service.ts[0m:[93m296[0m:[93m29[0m - [91merror[0m[90m TS2339: [0mProperty 'getPrice' does not exist on type 'Product'.

[7m296[0m     let basePrice = product.getPrice();
[7m   [0m [91m                            ~~~~~~~~[0m

[96msrc/modules/marketplace/domain/services/pricing.service.ts[0m:[93m299[0m:[93m63[0m - [91merror[0m[90m TS2339: [0mProperty 'getId' does not exist on type 'Product'.

[7m299[0m     const demandMultiplier = this.getDemandMultiplier(product.getId());
[7m   [0m [91m                                                              ~~~~~[0m

[96msrc/modules/marketplace/domain/services/pricing.service.ts[0m:[93m303[0m:[93m69[0m - [91merror[0m[90m TS2339: [0mProperty 'getId' does not exist on type 'Product'.

[7m303[0m     const inventoryMultiplier = this.getInventoryMultiplier(product.getId());
[7m   [0m [91m                                                                    ~~~~~[0m

[96msrc/modules/marketplace/domain/services/pricing.service.ts[0m:[93m315[0m:[93m31[0m - [91merror[0m[90m TS2339: [0mProperty 'getPrice' does not exist on type 'Product'.

[7m315[0m     const basePrice = product.getPrice();
[7m   [0m [91m                              ~~~~~~~~[0m

[96msrc/modules/marketplace/domain/services/pricing.service.ts[0m:[93m316[0m:[93m56[0m - [91merror[0m[90m TS2339: [0mProperty 'getId' does not exist on type 'Product'.

[7m316[0m     const bulkTiers = this.getBulkPricingTiers(product.getId());
[7m   [0m [91m                                                       ~~~~~[0m

[96msrc/modules/marketplace/domain/services/promotion.service.ts[0m:[93m81[0m:[93m20[0m - [91merror[0m[90m TS6234: [0mThis expression is not callable because it is a 'get' accessor. Did you mean to use it without '()'?
  Type 'Boolean' has no call signatures.

[7m81[0m     if (!promotion.isActive()) {
[7m  [0m [91m                   ~~~~~~~~[0m

[96msrc/modules/marketplace/domain/services/promotion.service.ts[0m:[93m92[0m:[93m20[0m - [91merror[0m[90m TS2339: [0mProperty 'hasStarted' does not exist on type 'Promotion'.

[7m92[0m     if (!promotion.hasStarted()) {
[7m  [0m [91m                   ~~~~~~~~~~[0m

[96msrc/modules/marketplace/domain/services/promotion.service.ts[0m:[93m99[0m:[93m19[0m - [91merror[0m[90m TS2339: [0mProperty 'hasGlobalUsageLimit' does not exist on type 'Promotion'.

[7m99[0m     if (promotion.hasGlobalUsageLimit() && usageInfo.timesUsed >= promotion.getGlobalUsageLimit()) {
[7m  [0m [91m                  ~~~~~~~~~~~~~~~~~~~[0m

[96msrc/modules/marketplace/domain/services/promotion.service.ts[0m:[93m99[0m:[93m77[0m - [91merror[0m[90m TS2339: [0mProperty 'getGlobalUsageLimit' does not exist on type 'Promotion'.

[7m99[0m     if (promotion.hasGlobalUsageLimit() && usageInfo.timesUsed >= promotion.getGlobalUsageLimit()) {
[7m  [0m [91m                                                                            ~~~~~~~~~~~~~~~~~~~[0m

[96msrc/modules/marketplace/domain/services/promotion.service.ts[0m:[93m103[0m:[93m19[0m - [91merror[0m[90m TS2551: [0mProperty 'hasUserUsageLimit' does not exist on type 'Promotion'. Did you mean 'userUsageLimit'?

[7m103[0m     if (promotion.hasUserUsageLimit() && usageInfo.timesUsed >= promotion.getUserUsageLimit()) {
[7m   [0m [91m                  ~~~~~~~~~~~~~~~~~[0m

  [96msrc/modules/marketplace/domain/entities/promotion.entity.ts[0m:[93m141[0m:[93m7[0m
    [7m141[0m   get userUsageLimit(): number | null { return this._userUsageLimit; }
    [7m   [0m [96m      ~~~~~~~~~~~~~~[0m
    'userUsageLimit' is declared here.

[96msrc/modules/marketplace/domain/services/promotion.service.ts[0m:[93m103[0m:[93m75[0m - [91merror[0m[90m TS2551: [0mProperty 'getUserUsageLimit' does not exist on type 'Promotion'. Did you mean 'userUsageLimit'?

[7m103[0m     if (promotion.hasUserUsageLimit() && usageInfo.timesUsed >= promotion.getUserUsageLimit()) {
[7m   [0m [91m                                                                          ~~~~~~~~~~~~~~~~~[0m

  [96msrc/modules/marketplace/domain/entities/promotion.entity.ts[0m:[93m141[0m:[93m7[0m
    [7m141[0m   get userUsageLimit(): number | null { return this._userUsageLimit; }
    [7m   [0m [96m      ~~~~~~~~~~~~~~[0m
    'userUsageLimit' is declared here.

[96msrc/modules/marketplace/domain/services/promotion.service.ts[0m:[93m116[0m:[93m33[0m - [91merror[0m[90m TS2339: [0mProperty 'expiresWithin' does not exist on type 'Promotion'.

[7m116[0m     if (!isExpired && promotion.expiresWithin(24 * 60 * 60 * 1000)) { // 24 hours
[7m   [0m [91m                                ~~~~~~~~~~~~~[0m

[96msrc/modules/marketplace/domain/services/promotion.service.ts[0m:[93m127[0m:[93m46[0m - [91merror[0m[90m TS2551: [0mProperty 'getUserUsageLimit' does not exist on type 'Promotion'. Did you mean 'userUsageLimit'?

[7m127[0m         remainingUses: Math.max(0, promotion.getUserUsageLimit() - usageInfo.timesUsed),
[7m   [0m [91m                                             ~~~~~~~~~~~~~~~~~[0m

  [96msrc/modules/marketplace/domain/entities/promotion.entity.ts[0m:[93m141[0m:[93m7[0m
    [7m141[0m   get userUsageLimit(): number | null { return this._userUsageLimit; }
    [7m   [0m [96m      ~~~~~~~~~~~~~~[0m
    'userUsageLimit' is declared here.

[96msrc/modules/marketplace/domain/services/promotion.service.ts[0m:[93m129[0m:[93m29[0m - [91merror[0m[90m TS6234: [0mThis expression is not callable because it is a 'get' accessor. Did you mean to use it without '()'?
  Type 'Boolean' has no call signatures.

[7m129[0m         isActive: promotion.isActive()
[7m   [0m [91m                            ~~~~~~~~[0m

[96msrc/modules/marketplace/domain/services/promotion.service.ts[0m:[93m153[0m:[93m31[0m - [91merror[0m[90m TS2339: [0mProperty 'details' does not exist on type 'Promotion'.

[7m153[0m     const details = promotion.details;
[7m   [0m [91m                              ~~~~~~~[0m

[96msrc/modules/marketplace/domain/services/promotion.service.ts[0m:[93m157[0m:[93m30[0m - [91merror[0m[90m TS2551: [0mProperty 'getSubtotal' does not exist on type 'Cart'. Did you mean 'subtotal'?

[7m157[0m       const cartTotal = cart.getSubtotal();
[7m   [0m [91m                             ~~~~~~~~~~~[0m

  [96msrc/modules/marketplace/domain/entities/cart.entity.ts[0m:[93m84[0m:[93m7[0m
    [7m84[0m   get subtotal(): Price {
    [7m  [0m [96m      ~~~~~~~~[0m
    'subtotal' is declared here.

[96msrc/modules/marketplace/domain/services/promotion.service.ts[0m:[93m168[0m:[93m34[0m - [91merror[0m[90m TS2339: [0mProperty 'getTotalItems' does not exist on type 'Cart'.

[7m168[0m       const totalQuantity = cart.getTotalItems();
[7m   [0m [91m                                 ~~~~~~~~~~~~~[0m

[96msrc/modules/marketplace/domain/services/promotion.service.ts[0m:[93m264[0m:[93m25[0m - [91merror[0m[90m TS2673: [0mConstructor of class 'Price' is private and only accessible within the class declaration.

[7m264[0m         discountAmount: new Price(0, cart.currency),
[7m   [0m [91m                        ~~~~~~~~~~~~~~~~~~~~~~~~~~~[0m

[96msrc/modules/marketplace/domain/services/promotion.service.ts[0m:[93m264[0m:[93m43[0m - [91merror[0m[90m TS2339: [0mProperty 'currency' does not exist on type 'Cart'.

[7m264[0m         discountAmount: new Price(0, cart.currency),
[7m   [0m [91m                                          ~~~~~~~~[0m

[96msrc/modules/marketplace/domain/services/promotion.service.ts[0m:[93m277[0m:[93m25[0m - [91merror[0m[90m TS2673: [0mConstructor of class 'Price' is private and only accessible within the class declaration.

[7m277[0m         discountAmount: new Price(0, cart.currency),
[7m   [0m [91m                        ~~~~~~~~~~~~~~~~~~~~~~~~~~~[0m

[96msrc/modules/marketplace/domain/services/promotion.service.ts[0m:[93m277[0m:[93m43[0m - [91merror[0m[90m TS2339: [0mProperty 'currency' does not exist on type 'Cart'.

[7m277[0m         discountAmount: new Price(0, cart.currency),
[7m   [0m [91m                                          ~~~~~~~~[0m

[96msrc/modules/marketplace/domain/services/promotion.service.ts[0m:[93m297[0m:[93m76[0m - [91merror[0m[90m TS2339: [0mProperty 'format' does not exist on type 'Price'.

[7m297[0m       message: `Promotion applied successfully! You saved ${discountAmount.format()}`
[7m   [0m [91m                                                                           ~~~~~~[0m

[96msrc/modules/marketplace/domain/services/promotion.service.ts[0m:[93m303[0m:[93m31[0m - [91merror[0m[90m TS2339: [0mProperty 'details' does not exist on type 'Promotion'.

[7m303[0m     const details = promotion.details;
[7m   [0m [91m                              ~~~~~~~[0m

[96msrc/modules/marketplace/domain/services/promotion.service.ts[0m:[93m304[0m:[93m26[0m - [91merror[0m[90m TS2673: [0mConstructor of class 'Price' is private and only accessible within the class declaration.

[7m304[0m     let discountAmount = new Price(0, cart.currency);
[7m   [0m [91m                         ~~~~~~~~~~~~~~~~~~~~~~~~~~~[0m

[96msrc/modules/marketplace/domain/services/promotion.service.ts[0m:[93m304[0m:[93m44[0m - [91merror[0m[90m TS2339: [0mProperty 'currency' does not exist on type 'Cart'.

[7m304[0m     let discountAmount = new Price(0, cart.currency);
[7m   [0m [91m                                           ~~~~~~~~[0m

[96msrc/modules/marketplace/domain/services/promotion.service.ts[0m:[93m335[0m:[93m31[0m - [91merror[0m[90m TS2339: [0mProperty 'details' does not exist on type 'Promotion'.

[7m335[0m     const details = promotion.details;
[7m   [0m [91m                              ~~~~~~~[0m

[96msrc/modules/marketplace/domain/services/promotion.service.ts[0m:[93m338[0m:[93m28[0m - [91merror[0m[90m TS2673: [0mConstructor of class 'Price' is private and only accessible within the class declaration.

[7m338[0m     let applicableAmount = new Price(0, cart.currency);
[7m   [0m [91m                           ~~~~~~~~~~~~~~~~~~~~~~~~~~~[0m

[96msrc/modules/marketplace/domain/services/promotion.service.ts[0m:[93m338[0m:[93m46[0m - [91merror[0m[90m TS2339: [0mProperty 'currency' does not exist on type 'Cart'.

[7m338[0m     let applicableAmount = new Price(0, cart.currency);
[7m   [0m [91m                                             ~~~~~~~~[0m

[96msrc/modules/marketplace/domain/services/promotion.service.ts[0m:[93m345[0m:[93m13[0m - [91merror[0m[90m TS2673: [0mConstructor of class 'Price' is private and only accessible within the class declaration.

[7m345[0m             new Price(item.unitPrice.amount * item.quantity, item.unitPrice.currency)
[7m   [0m [91m            ~~~~~~~~~~~~~~~~~~~~~~~~~~~~~~~~~~~~~~~~~~~~~~~~~~~~~~~~~~~~~~~~~~~~~~~~~[0m

[96msrc/modules/marketplace/domain/services/promotion.service.ts[0m:[93m345[0m:[93m28[0m - [91merror[0m[90m TS2339: [0mProperty 'unitPrice' does not exist on type 'CartItem'.

[7m345[0m             new Price(item.unitPrice.amount * item.quantity, item.unitPrice.currency)
[7m   [0m [91m                           ~~~~~~~~~[0m

[96msrc/modules/marketplace/domain/services/promotion.service.ts[0m:[93m345[0m:[93m67[0m - [91merror[0m[90m TS2339: [0mProperty 'unitPrice' does not exist on type 'CartItem'.

[7m345[0m             new Price(item.unitPrice.amount * item.quantity, item.unitPrice.currency)
[7m   [0m [91m                                                                  ~~~~~~~~~[0m

[96msrc/modules/marketplace/domain/services/promotion.service.ts[0m:[93m351[0m:[93m31[0m - [91merror[0m[90m TS2551: [0mProperty 'getSubtotal' does not exist on type 'Cart'. Did you mean 'subtotal'?

[7m351[0m       applicableAmount = cart.getSubtotal();
[7m   [0m [91m                              ~~~~~~~~~~~[0m

  [96msrc/modules/marketplace/domain/entities/cart.entity.ts[0m:[93m84[0m:[93m7[0m
    [7m84[0m   get subtotal(): Price {
    [7m  [0m [96m      ~~~~~~~~[0m
    'subtotal' is declared here.

[96msrc/modules/marketplace/domain/services/promotion.service.ts[0m:[93m354[0m:[93m12[0m - [91merror[0m[90m TS2673: [0mConstructor of class 'Price' is private and only accessible within the class declaration.

[7m354[0m     return new Price(
[7m   [0m [91m           ~~~~~~~~~~[0m
[7m355[0m       applicableAmount.amount * (discountPercentage / 100),
[7m   [0m [91m~~~~~~~~~~~~~~~~~~~~~~~~~~~~~~~~~~~~~~~~~~~~~~~~~~~~~~~~~~~[0m
[7m356[0m       cart.currency
[7m   [0m [91m~~~~~~~~~~~~~~~~~~~[0m
[7m357[0m     );
[7m   [0m [91m~~~~~[0m

[96msrc/modules/marketplace/domain/services/promotion.service.ts[0m:[93m356[0m:[93m12[0m - [91merror[0m[90m TS2339: [0mProperty 'currency' does not exist on type 'Cart'.

[7m356[0m       cart.currency
[7m   [0m [91m           ~~~~~~~~[0m

[96msrc/modules/marketplace/domain/services/promotion.service.ts[0m:[93m361[0m:[93m31[0m - [91merror[0m[90m TS2339: [0mProperty 'details' does not exist on type 'Promotion'.

[7m361[0m     const details = promotion.details;
[7m   [0m [91m                              ~~~~~~~[0m

[96msrc/modules/marketplace/domain/services/promotion.service.ts[0m:[93m362[0m:[93m38[0m - [91merror[0m[90m TS2673: [0mConstructor of class 'Price' is private and only accessible within the class declaration.

[7m362[0m     return details.discountAmount || new Price(0, cart.currency);
[7m   [0m [91m                                     ~~~~~~~~~~~~~~~~~~~~~~~~~~~[0m

[96msrc/modules/marketplace/domain/services/promotion.service.ts[0m:[93m362[0m:[93m56[0m - [91merror[0m[90m TS2339: [0mProperty 'currency' does not exist on type 'Cart'.

[7m362[0m     return details.discountAmount || new Price(0, cart.currency);
[7m   [0m [91m                                                       ~~~~~~~~[0m

[96msrc/modules/marketplace/domain/services/promotion.service.ts[0m:[93m366[0m:[93m31[0m - [91merror[0m[90m TS2339: [0mProperty 'details' does not exist on type 'Promotion'.

[7m366[0m     const details = promotion.details;
[7m   [0m [91m                              ~~~~~~~[0m

[96msrc/modules/marketplace/domain/services/promotion.service.ts[0m:[93m371[0m:[93m26[0m - [91merror[0m[90m TS2673: [0mConstructor of class 'Price' is private and only accessible within the class declaration.

[7m371[0m     let discountAmount = new Price(0, cart.currency);
[7m   [0m [91m                         ~~~~~~~~~~~~~~~~~~~~~~~~~~~[0m

[96msrc/modules/marketplace/domain/services/promotion.service.ts[0m:[93m371[0m:[93m44[0m - [91merror[0m[90m TS2339: [0mProperty 'currency' does not exist on type 'Cart'.

[7m371[0m     let discountAmount = new Price(0, cart.currency);
[7m   [0m [91m                                           ~~~~~~~~[0m

[96msrc/modules/marketplace/domain/services/promotion.service.ts[0m:[93m378[0m:[93m40[0m - [91merror[0m[90m TS2339: [0mProperty 'unitPrice' does not exist on type 'CartItem'.

[7m378[0m           const discountPerItem = item.unitPrice.amount * (getDiscountPercentage / 100);
[7m   [0m [91m                                       ~~~~~~~~~[0m

[96msrc/modules/marketplace/domain/services/promotion.service.ts[0m:[93m380[0m:[93m13[0m - [91merror[0m[90m TS2673: [0mConstructor of class 'Price' is private and only accessible within the class declaration.

[7m380[0m             new Price(freeItems * discountPerItem, item.unitPrice.currency)
[7m   [0m [91m            ~~~~~~~~~~~~~~~~~~~~~~~~~~~~~~~~~~~~~~~~~~~~~~~~~~~~~~~~~~~~~~~[0m

[96msrc/modules/marketplace/domain/services/promotion.service.ts[0m:[93m380[0m:[93m57[0m - [91merror[0m[90m TS2339: [0mProperty 'unitPrice' does not exist on type 'CartItem'.

[7m380[0m             new Price(freeItems * discountPerItem, item.unitPrice.currency)
[7m   [0m [91m                                                        ~~~~~~~~~[0m

[96msrc/modules/marketplace/domain/services/promotion.service.ts[0m:[93m392[0m:[93m12[0m - [91merror[0m[90m TS2673: [0mConstructor of class 'Price' is private and only accessible within the class declaration.

[7m392[0m     return new Price(9.99, cart.currency);
[7m   [0m [91m           ~~~~~~~~~~~~~~~~~~~~~~~~~~~~~~[0m

[96msrc/modules/marketplace/domain/services/promotion.service.ts[0m:[93m392[0m:[93m33[0m - [91merror[0m[90m TS2339: [0mProperty 'currency' does not exist on type 'Cart'.

[7m392[0m     return new Price(9.99, cart.currency);
[7m   [0m [91m                                ~~~~~~~~[0m

[96msrc/modules/marketplace/domain/services/promotion.service.ts[0m:[93m396[0m:[93m31[0m - [91merror[0m[90m TS2339: [0mProperty 'details' does not exist on type 'Promotion'.

[7m396[0m     const details = promotion.details;
[7m   [0m [91m                              ~~~~~~~[0m

[96msrc/modules/marketplace/domain/services/promotion.service.ts[0m:[93m399[0m:[93m14[0m - [91merror[0m[90m TS2673: [0mConstructor of class 'Price' is private and only accessible within the class declaration.

[7m399[0m       return new Price(0, cart.currency);
[7m   [0m [91m             ~~~~~~~~~~~~~~~~~~~~~~~~~~~[0m

[96msrc/modules/marketplace/domain/services/promotion.service.ts[0m:[93m399[0m:[93m32[0m - [91merror[0m[90m TS2339: [0mProperty 'currency' does not exist on type 'Cart'.

[7m399[0m       return new Price(0, cart.currency);
[7m   [0m [91m                               ~~~~~~~~[0m

[96msrc/modules/marketplace/domain/services/promotion.service.ts[0m:[93m408[0m:[93m14[0m - [91merror[0m[90m TS2673: [0mConstructor of class 'Price' is private and only accessible within the class declaration.

[7m408[0m       return new Price(0, cart.currency);
[7m   [0m [91m             ~~~~~~~~~~~~~~~~~~~~~~~~~~~[0m

[96msrc/modules/marketplace/domain/services/promotion.service.ts[0m:[93m408[0m:[93m32[0m - [91merror[0m[90m TS2339: [0mProperty 'currency' does not exist on type 'Cart'.

[7m408[0m       return new Price(0, cart.currency);
[7m   [0m [91m                               ~~~~~~~~[0m

[96msrc/modules/marketplace/domain/services/promotion.service.ts[0m:[93m412[0m:[93m23[0m - [91merror[0m[90m TS2673: [0mConstructor of class 'Price' is private and only accessible within the class declaration.

[7m412[0m     let bundleTotal = new Price(0, cart.currency);
[7m   [0m [91m                      ~~~~~~~~~~~~~~~~~~~~~~~~~~~[0m

[96msrc/modules/marketplace/domain/services/promotion.service.ts[0m:[93m412[0m:[93m41[0m - [91merror[0m[90m TS2339: [0mProperty 'currency' does not exist on type 'Cart'.

[7m412[0m     let bundleTotal = new Price(0, cart.currency);
[7m   [0m [91m                                        ~~~~~~~~[0m

[96msrc/modules/marketplace/domain/services/promotion.service.ts[0m:[93m417[0m:[93m11[0m - [91merror[0m[90m TS2673: [0mConstructor of class 'Price' is private and only accessible within the class declaration.

[7m417[0m           new Price(item.unitPrice.amount * item.quantity, item.unitPrice.currency)
[7m   [0m [91m          ~~~~~~~~~~~~~~~~~~~~~~~~~~~~~~~~~~~~~~~~~~~~~~~~~~~~~~~~~~~~~~~~~~~~~~~~~[0m

[96msrc/modules/marketplace/domain/services/promotion.service.ts[0m:[93m417[0m:[93m26[0m - [91merror[0m[90m TS2339: [0mProperty 'unitPrice' does not exist on type 'CartItem'.

[7m417[0m           new Price(item.unitPrice.amount * item.quantity, item.unitPrice.currency)
[7m   [0m [91m                         ~~~~~~~~~[0m

[96msrc/modules/marketplace/domain/services/promotion.service.ts[0m:[93m417[0m:[93m65[0m - [91merror[0m[90m TS2339: [0mProperty 'unitPrice' does not exist on type 'CartItem'.

[7m417[0m           new Price(item.unitPrice.amount * item.quantity, item.unitPrice.currency)
[7m   [0m [91m                                                                ~~~~~~~~~[0m

[96msrc/modules/marketplace/domain/services/promotion.service.ts[0m:[93m423[0m:[93m14[0m - [91merror[0m[90m TS2673: [0mConstructor of class 'Price' is private and only accessible within the class declaration.

[7m423[0m       return new Price(
[7m   [0m [91m             ~~~~~~~~~~[0m
[7m424[0m         bundleTotal.amount * (details.bundleDiscountPercentage / 100),
[7m   [0m [91m~~~~~~~~~~~~~~~~~~~~~~~~~~~~~~~~~~~~~~~~~~~~~~~~~~~~~~~~~~~~~~~~~~~~~~[0m
[7m425[0m         cart.currency
[7m   [0m [91m~~~~~~~~~~~~~~~~~~~~~[0m
[7m426[0m       );
[7m   [0m [91m~~~~~~~[0m

[96msrc/modules/marketplace/domain/services/promotion.service.ts[0m:[93m425[0m:[93m14[0m - [91merror[0m[90m TS2339: [0mProperty 'currency' does not exist on type 'Cart'.

[7m425[0m         cart.currency
[7m   [0m [91m             ~~~~~~~~[0m

[96msrc/modules/marketplace/domain/services/promotion.service.ts[0m:[93m431[0m:[93m12[0m - [91merror[0m[90m TS2673: [0mConstructor of class 'Price' is private and only accessible within the class declaration.

[7m431[0m     return new Price(0, cart.currency);
[7m   [0m [91m           ~~~~~~~~~~~~~~~~~~~~~~~~~~~[0m

[96msrc/modules/marketplace/domain/services/promotion.service.ts[0m:[93m431[0m:[93m30[0m - [91merror[0m[90m TS2339: [0mProperty 'currency' does not exist on type 'Cart'.

[7m431[0m     return new Price(0, cart.currency);
[7m   [0m [91m                             ~~~~~~~~[0m

[96msrc/modules/marketplace/domain/services/promotion.service.ts[0m:[93m442[0m:[93m58[0m - [91merror[0m[90m TS2339: [0mProperty 'details' does not exist on type 'Promotion'.

[7m442[0m     const exclusivePromotions = promotions.filter(p => p.details.isExclusive);
[7m   [0m [91m                                                         ~~~~~~~[0m

[96msrc/modules/marketplace/domain/services/promotion.service.ts[0m:[93m516[0m:[93m31[0m - [91merror[0m[90m TS2339: [0mProperty 'details' does not exist on type 'Promotion'.

[7m516[0m     const details = promotion.details;
[7m   [0m [91m                              ~~~~~~~[0m

[96msrc/modules/marketplace/domain/services/promotion.service.ts[0m:[93m529[0m:[93m30[0m - [91merror[0m[90m TS2339: [0mProperty 'details' does not exist on type 'Promotion'.

[7m529[0m     const products1 = promo1.details.applicableProducts || [];
[7m   [0m [91m                             ~~~~~~~[0m

[96msrc/modules/marketplace/domain/services/promotion.service.ts[0m:[93m530[0m:[93m30[0m - [91merror[0m[90m TS2339: [0mProperty 'details' does not exist on type 'Promotion'.

[7m530[0m     const products2 = promo2.details.applicableProducts || [];
[7m   [0m [91m                             ~~~~~~~[0m

[96msrc/modules/marketplace/domain/services/promotion.service.ts[0m:[93m566[0m:[93m22[0m - [91merror[0m[90m TS2673: [0mConstructor of class 'Price' is private and only accessible within the class declaration.

[7m566[0m       totalDiscount: new Price(0, 'USD'),
[7m   [0m [91m                     ~~~~~~~~~~~~~~~~~~~[0m

[96msrc/modules/marketplace/domain/services/promotion.service.ts[0m:[93m568[0m:[93m26[0m - [91merror[0m[90m TS2673: [0mConstructor of class 'Price' is private and only accessible within the class declaration.

[7m568[0m       averageOrderValue: new Price(0, 'USD')
[7m   [0m [91m                         ~~~~~~~~~~~~~~~~~~~[0m

[96msrc/modules/marketplace/infrastructure/repositories/brand.repository.impl.ts[0m:[93m27[0m:[93m7[0m - [91merror[0m[90m TS2322: [0mType '{ _count: { select: { products: { where: { status: string; }; }; }; }; }' is not assignable to type 'BrandInclude<DefaultArgs>'.
  Types of property '_count' are incompatible.
    Type '{ select: { products: { where: { status: string; }; }; }; }' is not assignable to type 'boolean | BrandCountOutputTypeDefaultArgs<DefaultArgs> | undefined'.
      Type '{ select: { products: { where: { status: string; }; }; }; }' is not assignable to type 'BrandCountOutputTypeDefaultArgs<DefaultArgs>'.
        The types of 'select.products' are incompatible between these types.
          Type '{ where: { status: string; }; }' is not assignable to type 'boolean | BrandCountOutputTypeCountProductsArgs<DefaultArgs> | undefined'.
            Type '{ where: { status: string; }; }' is not assignable to type 'BrandCountOutputTypeCountProductsArgs<DefaultArgs>'.
              Types of property 'where' are incompatible.
                Type '{ status: string; }' has no properties in common with type 'ProductWhereInput'.

[7m27[0m       include: this.getBrandInclude(),
[7m  [0m [91m      ~~~~~~~[0m

  [96mnode_modules/.prisma/client/index.d.ts[0m:[93m19328[0m:[93m5[0m
    [7m19328[0m     include?: BrandInclude<ExtArgs> | null
    [7m     [0m [96m    ~~~~~~~[0m
    The expected type comes from property 'include' which is declared here on type '{ select?: BrandSelect<DefaultArgs> | null | undefined; omit?: BrandOmit<DefaultArgs> | null | undefined; include?: BrandInclude<DefaultArgs> | null | undefined; where: BrandWhereUniqueInput; }'

[96msrc/modules/marketplace/infrastructure/repositories/brand.repository.impl.ts[0m:[93m35[0m:[93m16[0m - [91merror[0m[90m TS2353: [0mObject literal may only specify known properties, and 'slug' does not exist in type 'BrandWhereUniqueInput'.

[7m35[0m       where: { slug },
[7m  [0m [91m               ~~~~[0m

  [96mnode_modules/.prisma/client/index.d.ts[0m:[93m19332[0m:[93m5[0m
    [7m19332[0m     where: BrandWhereUniqueInput
    [7m     [0m [96m    ~~~~~[0m
    The expected type comes from property 'where' which is declared here on type '{ select?: BrandSelect<DefaultArgs> | null | undefined; omit?: BrandOmit<DefaultArgs> | null | undefined; include?: BrandInclude<DefaultArgs> | null | undefined; where: BrandWhereUniqueInput; }'

[96msrc/modules/marketplace/infrastructure/repositories/brand.repository.impl.ts[0m:[93m36[0m:[93m7[0m - [91merror[0m[90m TS2322: [0mType '{ _count: { select: { products: { where: { status: string; }; }; }; }; }' is not assignable to type 'BrandInclude<DefaultArgs>'.

[7m36[0m       include: this.getBrandInclude(),
[7m  [0m [91m      ~~~~~~~[0m

  [96mnode_modules/.prisma/client/index.d.ts[0m:[93m19328[0m:[93m5[0m
    [7m19328[0m     include?: BrandInclude<ExtArgs> | null
    [7m     [0m [96m    ~~~~~~~[0m
    The expected type comes from property 'include' which is declared here on type '{ select?: BrandSelect<DefaultArgs> | null | undefined; omit?: BrandOmit<DefaultArgs> | null | undefined; include?: BrandInclude<DefaultArgs> | null | undefined; where: BrandWhereUniqueInput; }'

[96msrc/modules/marketplace/infrastructure/repositories/brand.repository.impl.ts[0m:[93m45[0m:[93m7[0m - [91merror[0m[90m TS2322: [0mType '{ _count: { select: { products: { where: { status: string; }; }; }; }; }' is not assignable to type 'BrandInclude<DefaultArgs>'.

[7m45[0m       include: this.getBrandInclude(),
[7m  [0m [91m      ~~~~~~~[0m

[96msrc/modules/marketplace/infrastructure/repositories/brand.repository.impl.ts[0m:[93m51[0m:[93m9[0m - [91merror[0m[90m TS2416: [0mProperty 'findAll' in type 'BrandRepositoryImpl' is not assignable to the same property in base type 'BrandRepository'.
  Type '(limit?: number | undefined, offset?: number | undefined) => Promise<Brand[]>' is not assignable to type '(pagination?: BrandPaginationOptions | undefined) => Promise<BrandSearchResult>'.
    Types of parameters 'limit' and 'pagination' are incompatible.
      Type 'BrandPaginationOptions | undefined' is not assignable to type 'number | undefined'.
        Type 'BrandPaginationOptions' is not assignable to type 'number'.

[7m51[0m   async findAll(limit?: number, offset?: number): Promise<Brand[]> {
[7m  [0m [91m        ~~~~~~~[0m

[96msrc/modules/marketplace/infrastructure/repositories/brand.repository.impl.ts[0m:[93m53[0m:[93m7[0m - [91merror[0m[90m TS2322: [0mType '{ _count: { select: { products: { where: { status: string; }; }; }; }; }' is not assignable to type 'BrandInclude<DefaultArgs>'.

[7m53[0m       include: this.getBrandInclude(),
[7m  [0m [91m      ~~~~~~~[0m

[96msrc/modules/marketplace/infrastructure/repositories/brand.repository.impl.ts[0m:[93m62[0m:[93m9[0m - [91merror[0m[90m TS2416: [0mProperty 'findActive' in type 'BrandRepositoryImpl' is not assignable to the same property in base type 'BrandRepository'.
  Type '(limit?: number | undefined, offset?: number | undefined) => Promise<Brand[]>' is not assignable to type '(pagination?: BrandPaginationOptions | undefined) => Promise<BrandSearchResult>'.
    Types of parameters 'limit' and 'pagination' are incompatible.
      Type 'BrandPaginationOptions | undefined' is not assignable to type 'number | undefined'.

[7m62[0m   async findActive(limit?: number, offset?: number): Promise<Brand[]> {
[7m  [0m [91m        ~~~~~~~~~~[0m

[96msrc/modules/marketplace/infrastructure/repositories/brand.repository.impl.ts[0m:[93m64[0m:[93m16[0m - [91merror[0m[90m TS2353: [0mObject literal may only specify known properties, and 'status' does not exist in type 'BrandWhereInput'.

[7m64[0m       where: { status: 'ACTIVE' },
[7m  [0m [91m               ~~~~~~[0m

[96msrc/modules/marketplace/infrastructure/repositories/brand.repository.impl.ts[0m:[93m65[0m:[93m7[0m - [91merror[0m[90m TS2322: [0mType '{ _count: { select: { products: { where: { status: string; }; }; }; }; }' is not assignable to type 'BrandInclude<DefaultArgs>'.

[7m65[0m       include: this.getBrandInclude(),
[7m  [0m [91m      ~~~~~~~[0m

[96msrc/modules/marketplace/infrastructure/repositories/brand.repository.impl.ts[0m:[93m74[0m:[93m9[0m - [91merror[0m[90m TS2416: [0mProperty 'findFeatured' in type 'BrandRepositoryImpl' is not assignable to the same property in base type 'BrandRepository'.
  Type '(limit?: number | undefined) => Promise<Brand[]>' is not assignable to type '(pagination?: BrandPaginationOptions | undefined) => Promise<BrandSearchResult>'.
    Types of parameters 'limit' and 'pagination' are incompatible.
      Type 'BrandPaginationOptions | undefined' is not assignable to type 'number | undefined'.

[7m74[0m   async findFeatured(limit?: number): Promise<Brand[]> {
[7m  [0m [91m        ~~~~~~~~~~~~[0m

[96msrc/modules/marketplace/infrastructure/repositories/brand.repository.impl.ts[0m:[93m77[0m:[93m9[0m - [91merror[0m[90m TS2353: [0mObject literal may only specify known properties, and 'status' does not exist in type 'BrandWhereInput'.

[7m77[0m         status: 'ACTIVE',
[7m  [0m [91m        ~~~~~~[0m

[96msrc/modules/marketplace/infrastructure/repositories/brand.repository.impl.ts[0m:[93m80[0m:[93m7[0m - [91merror[0m[90m TS2322: [0mType '{ _count: { select: { products: { where: { status: string; }; }; }; }; }' is not assignable to type 'BrandInclude<DefaultArgs>'.

[7m80[0m       include: this.getBrandInclude(),
[7m  [0m [91m      ~~~~~~~[0m

[96msrc/modules/marketplace/infrastructure/repositories/brand.repository.impl.ts[0m:[93m88[0m:[93m9[0m - [91merror[0m[90m TS2416: [0mProperty 'search' in type 'BrandRepositoryImpl' is not assignable to the same property in base type 'BrandRepository'.
  Type '(filters: BrandSearchFilters, limit?: number | undefined, offset?: number | undefined) => Promise<Brand[]>' is not assignable to type '(criteria: BrandSearchCriteria, pagination?: BrandPaginationOptions | undefined) => Promise<BrandSearchResult>'.
    Types of parameters 'limit' and 'pagination' are incompatible.
      Type 'BrandPaginationOptions | undefined' is not assignable to type 'number | undefined'.

[7m88[0m   async search(filters: BrandSearchFilters, limit?: number, offset?: number): Promise<Brand[]> {
[7m  [0m [91m        ~~~~~~[0m

[96msrc/modules/marketplace/infrastructure/repositories/brand.repository.impl.ts[0m:[93m99[0m:[93m13[0m - [91merror[0m[90m TS2339: [0mProperty 'status' does not exist on type 'BrandWhereInput'.

[7m99[0m       where.status = filters.status as any;
[7m  [0m [91m            ~~~~~~[0m

[96msrc/modules/marketplace/infrastructure/repositories/brand.repository.impl.ts[0m:[93m103[0m:[93m13[0m - [91merror[0m[90m TS2339: [0mProperty 'featured' does not exist on type 'BrandWhereInput'.

[7m103[0m       where.featured = filters.featured;
[7m   [0m [91m            ~~~~~~~~[0m

[96msrc/modules/marketplace/infrastructure/repositories/brand.repository.impl.ts[0m:[93m108[0m:[93m7[0m - [91merror[0m[90m TS2322: [0mType '{ _count: { select: { products: { where: { status: string; }; }; }; }; }' is not assignable to type 'BrandInclude<DefaultArgs>'.

[7m108[0m       include: this.getBrandInclude(),
[7m   [0m [91m      ~~~~~~~[0m

[96msrc/modules/marketplace/infrastructure/repositories/brand.repository.impl.ts[0m:[93m120[0m:[93m15[0m - [91merror[0m[90m TS2339: [0mProperty 'getId' does not exist on type 'Brand'.

[7m120[0m     if (brand.getId()) {
[7m   [0m [91m              ~~~~~[0m

[96msrc/modules/marketplace/infrastructure/repositories/brand.repository.impl.ts[0m:[93m123[0m:[93m28[0m - [91merror[0m[90m TS2339: [0mProperty 'getId' does not exist on type 'Brand'.

[7m123[0m         where: { id: brand.getId() },
[7m   [0m [91m                           ~~~~~[0m

[96msrc/modules/marketplace/infrastructure/repositories/brand.repository.impl.ts[0m:[93m126[0m:[93m11[0m - [91merror[0m[90m TS2353: [0mObject literal may only specify known properties, and 'slug' does not exist in type '(Without<BrandUpdateInput, BrandUncheckedUpdateInput> & BrandUncheckedUpdateInput) | (Without<...> & BrandUpdateInput)'.

[7m126[0m           slug: brandData.slug,
[7m   [0m [91m          ~~~~[0m

  [96mnode_modules/.prisma/client/index.d.ts[0m:[93m19579[0m:[93m5[0m
    [7m19579[0m     data: XOR<BrandUpdateInput, BrandUncheckedUpdateInput>
    [7m     [0m [96m    ~~~~[0m
    The expected type comes from property 'data' which is declared here on type '{ select?: BrandSelect<DefaultArgs> | null | undefined; omit?: BrandOmit<DefaultArgs> | null | undefined; include?: BrandInclude<DefaultArgs> | null | undefined; data: (Without<...> & BrandUncheckedUpdateInput) | (Without<...> & BrandUpdateInput); where: BrandWhereUniqueInput; }'

[96msrc/modules/marketplace/infrastructure/repositories/brand.repository.impl.ts[0m:[93m126[0m:[93m27[0m - [91merror[0m[90m TS2339: [0mProperty 'slug' does not exist on type 'BrandCreateInput'.

[7m126[0m           slug: brandData.slug,
[7m   [0m [91m                          ~~~~[0m

[96msrc/modules/marketplace/infrastructure/repositories/brand.repository.impl.ts[0m:[93m130[0m:[93m29[0m - [91merror[0m[90m TS2339: [0mProperty 'status' does not exist on type 'BrandCreateInput'.

[7m130[0m           status: brandData.status,
[7m   [0m [91m                            ~~~~~~[0m

[96msrc/modules/marketplace/infrastructure/repositories/brand.repository.impl.ts[0m:[93m131[0m:[93m31[0m - [91merror[0m[90m TS2339: [0mProperty 'featured' does not exist on type 'BrandCreateInput'.

[7m131[0m           featured: brandData.featured,
[7m   [0m [91m                              ~~~~~~~~[0m

[96msrc/modules/marketplace/infrastructure/repositories/brand.repository.impl.ts[0m:[93m132[0m:[93m32[0m - [91merror[0m[90m TS2339: [0mProperty 'metaTitle' does not exist on type 'BrandCreateInput'.

[7m132[0m           metaTitle: brandData.metaTitle,
[7m   [0m [91m                               ~~~~~~~~~[0m

[96msrc/modules/marketplace/infrastructure/repositories/brand.repository.impl.ts[0m:[93m133[0m:[93m38[0m - [91merror[0m[90m TS2551: [0mProperty 'metaDescription' does not exist on type 'BrandCreateInput'. Did you mean 'description'?

[7m133[0m           metaDescription: brandData.metaDescription,
[7m   [0m [91m                                     ~~~~~~~~~~~~~~~[0m

  [96mnode_modules/.prisma/client/index.d.ts[0m:[93m74754[0m:[93m5[0m
    [7m74754[0m     description?: string | null
    [7m     [0m [96m    ~~~~~~~~~~~[0m
    'description' is declared here.

[96msrc/modules/marketplace/infrastructure/repositories/brand.repository.impl.ts[0m:[93m136[0m:[93m9[0m - [91merror[0m[90m TS2322: [0mType '{ _count: { select: { products: { where: { status: string; }; }; }; }; }' is not assignable to type 'BrandInclude<DefaultArgs>'.

[7m136[0m         include: this.getBrandInclude(),
[7m   [0m [91m        ~~~~~~~[0m

  [96mnode_modules/.prisma/client/index.d.ts[0m:[93m19575[0m:[93m5[0m
    [7m19575[0m     include?: BrandInclude<ExtArgs> | null
    [7m     [0m [96m    ~~~~~~~[0m
    The expected type comes from property 'include' which is declared here on type '{ select?: BrandSelect<DefaultArgs> | null | undefined; omit?: BrandOmit<DefaultArgs> | null | undefined; include?: BrandInclude<DefaultArgs> | null | undefined; data: (Without<...> & BrandUncheckedUpdateInput) | (Without<...> & BrandUpdateInput); where: BrandWhereUniqueInput; }'

[96msrc/modules/marketplace/infrastructure/repositories/brand.repository.impl.ts[0m:[93m143[0m:[93m9[0m - [91merror[0m[90m TS2322: [0mType '{ _count: { select: { products: { where: { status: string; }; }; }; }; }' is not assignable to type 'BrandInclude<DefaultArgs>'.

[7m143[0m         include: this.getBrandInclude(),
[7m   [0m [91m        ~~~~~~~[0m

  [96mnode_modules/.prisma/client/index.d.ts[0m:[93m19523[0m:[93m5[0m
    [7m19523[0m     include?: BrandInclude<ExtArgs> | null
    [7m     [0m [96m    ~~~~~~~[0m
    The expected type comes from property 'include' which is declared here on type '{ select?: BrandSelect<DefaultArgs> | null | undefined; omit?: BrandOmit<DefaultArgs> | null | undefined; include?: BrandInclude<DefaultArgs> | null | undefined; data: (Without<...> & BrandUncheckedCreateInput) | (Without<...> & BrandCreateInput); }'

[96msrc/modules/marketplace/infrastructure/repositories/brand.repository.impl.ts[0m:[93m168[0m:[93m9[0m - [91merror[0m[90m TS2353: [0mObject literal may only specify known properties, and 'status' does not exist in type '(Without<BrandUpdateInput, BrandUncheckedUpdateInput> & BrandUncheckedUpdateInput) | (Without<...> & BrandUpdateInput)'.

[7m168[0m         status: status as any,
[7m   [0m [91m        ~~~~~~[0m

  [96mnode_modules/.prisma/client/index.d.ts[0m:[93m19579[0m:[93m5[0m
    [7m19579[0m     data: XOR<BrandUpdateInput, BrandUncheckedUpdateInput>
    [7m     [0m [96m    ~~~~[0m
    The expected type comes from property 'data' which is declared here on type '{ select?: BrandSelect<DefaultArgs> | null | undefined; omit?: BrandOmit<DefaultArgs> | null | undefined; include?: BrandInclude<DefaultArgs> | null | undefined; data: (Without<...> & BrandUncheckedUpdateInput) | (Without<...> & BrandUpdateInput); where: BrandWhereUniqueInput; }'

[96msrc/modules/marketplace/infrastructure/repositories/brand.repository.impl.ts[0m:[93m178[0m:[93m9[0m - [91merror[0m[90m TS2353: [0mObject literal may only specify known properties, and 'featured' does not exist in type '(Without<BrandUpdateInput, BrandUncheckedUpdateInput> & BrandUncheckedUpdateInput) | (Without<...> & BrandUpdateInput)'.

[7m178[0m         featured,
[7m   [0m [91m        ~~~~~~~~[0m

  [96mnode_modules/.prisma/client/index.d.ts[0m:[93m19579[0m:[93m5[0m
    [7m19579[0m     data: XOR<BrandUpdateInput, BrandUncheckedUpdateInput>
    [7m     [0m [96m    ~~~~[0m
    The expected type comes from property 'data' which is declared here on type '{ select?: BrandSelect<DefaultArgs> | null | undefined; omit?: BrandOmit<DefaultArgs> | null | undefined; include?: BrandInclude<DefaultArgs> | null | undefined; data: (Without<...> & BrandUncheckedUpdateInput) | (Without<...> & BrandUpdateInput); where: BrandWhereUniqueInput; }'

[96msrc/modules/marketplace/infrastructure/repositories/brand.repository.impl.ts[0m:[93m192[0m:[93m11[0m - [91merror[0m[90m TS2353: [0mObject literal may only specify known properties, and 'status' does not exist in type 'ProductWhereInput'.

[7m192[0m           status: 'ACTIVE',
[7m   [0m [91m          ~~~~~~[0m

[96msrc/modules/marketplace/infrastructure/repositories/brand.repository.impl.ts[0m:[93m207[0m:[93m11[0m - [91merror[0m[90m TS2353: [0mObject literal may only specify known properties, and 'subtotal' does not exist in type 'OrderItemSumAggregateInputType'.

[7m207[0m           subtotal: true,
[7m   [0m [91m          ~~~~~~~~[0m

  [96mnode_modules/.prisma/client/index.d.ts[0m:[93m31095[0m:[93m5[0m
    [7m31095[0m     _sum?: OrderItemSumAggregateInputType
    [7m     [0m [96m    ~~~~[0m
    The expected type comes from property '_sum' which is declared here on type 'Subset<OrderItemAggregateArgs<DefaultArgs>, OrderItemAggregateArgs<DefaultArgs>>'

[96msrc/modules/marketplace/infrastructure/repositories/brand.repository.impl.ts[0m:[93m216[0m:[93m19[0m - [91merror[0m[90m TS18048: [0m'salesData._sum' is possibly 'undefined'.

[7m216[0m       totalSales: salesData._sum.subtotal || 0,
[7m   [0m [91m                  ~~~~~~~~~~~~~~[0m

[96msrc/modules/marketplace/infrastructure/repositories/brand.repository.impl.ts[0m:[93m216[0m:[93m34[0m - [91merror[0m[90m TS2339: [0mProperty 'subtotal' does not exist on type '{ quantity?: number | null | undefined; price?: number | null | undefined; }'.

[7m216[0m       totalSales: salesData._sum.subtotal || 0,
[7m   [0m [91m                                 ~~~~~~~~[0m

[96msrc/modules/marketplace/infrastructure/repositories/brand.repository.impl.ts[0m:[93m222[0m:[93m16[0m - [91merror[0m[90m TS2353: [0mObject literal may only specify known properties, and 'status' does not exist in type 'BrandWhereInput'.

[7m222[0m       where: { status: 'ACTIVE' },
[7m   [0m [91m               ~~~~~~[0m

[96msrc/modules/marketplace/infrastructure/repositories/brand.repository.impl.ts[0m:[93m230[0m:[93m17[0m - [91merror[0m[90m TS2353: [0mObject literal may only specify known properties, and 'subtotal' does not exist in type 'OrderItemSelect<DefaultArgs>'.

[7m230[0m                 subtotal: true,
[7m   [0m [91m                ~~~~~~~~[0m

[96msrc/modules/marketplace/infrastructure/repositories/brand.repository.impl.ts[0m:[93m239[0m:[93m5[0m - [91merror[0m[90m TS2322: [0mType '{ productCount: any; totalSales: any; }[]' is not assignable to type '(Brand & { productCount: number; totalSales: number; })[]'.
  Type '{ productCount: any; totalSales: any; }' is not assignable to type 'Brand & { productCount: number; totalSales: number; }'.
    Type '{ productCount: any; totalSales: any; }' is missing the following properties from type 'Brand': props, id, name, description, and 14 more.

[7m239[0m     return topBrands
[7m   [0m [91m    ~~~~~~[0m

[96msrc/modules/marketplace/infrastructure/repositories/brand.repository.impl.ts[0m:[93m241[0m:[93m36[0m - [91merror[0m[90m TS2339: [0mProperty 'products' does not exist on type '{ id: string; name: string; createdAt: Date; updatedAt: Date; isActive: boolean; description: string | null; logoUrl: string | null; websiteUrl: string | null; }'.

[7m241[0m         const productCount = brand.products.length;
[7m   [0m [91m                                   ~~~~~~~~[0m

[96msrc/modules/marketplace/infrastructure/repositories/brand.repository.impl.ts[0m:[93m242[0m:[93m34[0m - [91merror[0m[90m TS2339: [0mProperty 'products' does not exist on type '{ id: string; name: string; createdAt: Date; updatedAt: Date; isActive: boolean; description: string | null; logoUrl: string | null; websiteUrl: string | null; }'.

[7m242[0m         const totalSales = brand.products.reduce((sum, product) => {
[7m   [0m [91m                                 ~~~~~~~~[0m

[96msrc/modules/marketplace/infrastructure/repositories/brand.repository.impl.ts[0m:[93m262[0m:[93m9[0m - [91merror[0m[90m TS2353: [0mObject literal may only specify known properties, and 'status' does not exist in type '(Without<BrandUpdateManyMutationInput, BrandUncheckedUpdateManyInput> & BrandUncheckedUpdateManyInput) | (Without<...> & BrandUpdateManyMutationInput)'.

[7m262[0m         status: status as any,
[7m   [0m [91m        ~~~~~~[0m

  [96mnode_modules/.prisma/client/index.d.ts[0m:[93m19593[0m:[93m5[0m
    [7m19593[0m     data: XOR<BrandUpdateManyMutationInput, BrandUncheckedUpdateManyInput>
    [7m     [0m [96m    ~~~~[0m
    The expected type comes from property 'data' which is declared here on type '{ data: (Without<BrandUpdateManyMutationInput, BrandUncheckedUpdateManyInput> & BrandUncheckedUpdateManyInput) | (Without<...> & BrandUpdateManyMutationInput); where?: BrandWhereInput | undefined; limit?: number | undefined; }'

[96msrc/modules/marketplace/infrastructure/repositories/brand.repository.impl.ts[0m:[93m274[0m:[93m9[0m - [91merror[0m[90m TS2353: [0mObject literal may only specify known properties, and 'featured' does not exist in type '(Without<BrandUpdateManyMutationInput, BrandUncheckedUpdateManyInput> & BrandUncheckedUpdateManyInput) | (Without<...> & BrandUpdateManyMutationInput)'.

[7m274[0m         featured,
[7m   [0m [91m        ~~~~~~~~[0m

  [96mnode_modules/.prisma/client/index.d.ts[0m:[93m19593[0m:[93m5[0m
    [7m19593[0m     data: XOR<BrandUpdateManyMutationInput, BrandUncheckedUpdateManyInput>
    [7m     [0m [96m    ~~~~[0m
    The expected type comes from property 'data' which is declared here on type '{ data: (Without<BrandUpdateManyMutationInput, BrandUncheckedUpdateManyInput> & BrandUncheckedUpdateManyInput) | (Without<...> & BrandUpdateManyMutationInput); where?: BrandWhereInput | undefined; limit?: number | undefined; }'

[96msrc/modules/marketplace/infrastructure/repositories/brand.repository.impl.ts[0m:[93m287[0m:[93m13[0m - [91merror[0m[90m TS2353: [0mObject literal may only specify known properties, and 'status' does not exist in type 'ProductWhereInput'.

[7m287[0m             status: 'ACTIVE',
[7m   [0m [91m            ~~~~~~[0m

[96msrc/modules/marketplace/infrastructure/repositories/brand.repository.impl.ts[0m:[93m291[0m:[93m7[0m - [91merror[0m[90m TS2322: [0mType '{ _count: { select: { products: { where: { status: string; }; }; }; }; }' is not assignable to type 'BrandInclude<DefaultArgs>'.

[7m291[0m       include: this.getBrandInclude(),
[7m   [0m [91m      ~~~~~~~[0m

[96msrc/modules/marketplace/infrastructure/repositories/brand.repository.impl.ts[0m:[93m301[0m:[93m9[0m - [91merror[0m[90m TS2353: [0mObject literal may only specify known properties, and 'status' does not exist in type 'BrandWhereInput'.

[7m301[0m         status: 'ACTIVE',
[7m   [0m [91m        ~~~~~~[0m

[96msrc/modules/marketplace/infrastructure/repositories/brand.repository.impl.ts[0m:[93m307[0m:[93m7[0m - [91merror[0m[90m TS2322: [0mType '{ _count: { select: { products: { where: { status: string; }; }; }; }; }' is not assignable to type 'BrandInclude<DefaultArgs>'.

[7m307[0m       include: this.getBrandInclude(),
[7m   [0m [91m      ~~~~~~~[0m

[96msrc/modules/marketplace/infrastructure/repositories/brand.repository.impl.ts[0m:[93m330[0m:[93m12[0m - [91merror[0m[90m TS2673: [0mConstructor of class 'Brand' is private and only accessible within the class declaration.

[7m330[0m     return new Brand(
[7m   [0m [91m           ~~~~~~~~~~[0m
[7m331[0m       brand.id,
[7m   [0m [91m~~~~~~~~~~~~~~~[0m
[7m...[0m 
[7m343[0m       brand._count?.products || 0
[7m   [0m [91m~~~~~~~~~~~~~~~~~~~~~~~~~~~~~~~~~[0m
[7m344[0m     );
[7m   [0m [91m~~~~~[0m

[96msrc/modules/marketplace/infrastructure/repositories/brand.repository.impl.ts[0m:[93m349[0m:[93m17[0m - [91merror[0m[90m TS2339: [0mProperty 'getId' does not exist on type 'Brand'.

[7m349[0m       id: brand.getId(),
[7m   [0m [91m                ~~~~~[0m

[96msrc/modules/marketplace/infrastructure/repositories/brand.repository.impl.ts[0m:[93m350[0m:[93m19[0m - [91merror[0m[90m TS2339: [0mProperty 'getName' does not exist on type 'Brand'.

[7m350[0m       name: brand.getName(),
[7m   [0m [91m                  ~~~~~~~[0m

[96msrc/modules/marketplace/infrastructure/repositories/brand.repository.impl.ts[0m:[93m351[0m:[93m7[0m - [91merror[0m[90m TS2353: [0mObject literal may only specify known properties, and 'slug' does not exist in type 'BrandCreateInput'.

[7m351[0m       slug: brand.getSlug(),
[7m   [0m [91m      ~~~~[0m

[96msrc/modules/marketplace/infrastructure/repositories/brand.repository.impl.ts[0m:[93m351[0m:[93m19[0m - [91merror[0m[90m TS2339: [0mProperty 'getSlug' does not exist on type 'Brand'.

[7m351[0m       slug: brand.getSlug(),
[7m   [0m [91m                  ~~~~~~~[0m

[96msrc/modules/marketplace/infrastructure/repositories/brand.repository.impl.ts[0m:[93m352[0m:[93m26[0m - [91merror[0m[90m TS2551: [0mProperty 'getDescription' does not exist on type 'Brand'. Did you mean 'description'?

[7m352[0m       description: brand.getDescription(),
[7m   [0m [91m                         ~~~~~~~~~~~~~~[0m

  [96msrc/modules/marketplace/domain/entities/brand.entity.ts[0m:[93m53[0m:[93m7[0m
    [7m53[0m   get description(): string | undefined {
    [7m  [0m [96m      ~~~~~~~~~~~[0m
    'description' is declared here.

[96msrc/modules/marketplace/infrastructure/repositories/brand.repository.impl.ts[0m:[93m353[0m:[93m22[0m - [91merror[0m[90m TS2339: [0mProperty 'getLogoUrl' does not exist on type 'Brand'.

[7m353[0m       logoUrl: brand.getLogoUrl(),
[7m   [0m [91m                     ~~~~~~~~~~[0m

[96msrc/modules/marketplace/infrastructure/repositories/brand.repository.impl.ts[0m:[93m354[0m:[93m25[0m - [91merror[0m[90m TS2339: [0mProperty 'getWebsiteUrl' does not exist on type 'Brand'.

[7m354[0m       websiteUrl: brand.getWebsiteUrl(),
[7m   [0m [91m                        ~~~~~~~~~~~~~[0m

[96msrc/modules/marketplace/infrastructure/repositories/brand.repository.impl.ts[0m:[93m355[0m:[93m21[0m - [91merror[0m[90m TS2339: [0mProperty 'getStatus' does not exist on type 'Brand'.

[7m355[0m       status: brand.getStatus() as any,
[7m   [0m [91m                    ~~~~~~~~~[0m

[96msrc/modules/marketplace/infrastructure/repositories/brand.repository.impl.ts[0m:[93m356[0m:[93m23[0m - [91merror[0m[90m TS2339: [0mProperty 'isFeatured' does not exist on type 'Brand'.

[7m356[0m       featured: brand.isFeatured(),
[7m   [0m [91m                      ~~~~~~~~~~[0m

[96msrc/modules/marketplace/infrastructure/repositories/brand.repository.impl.ts[0m:[93m357[0m:[93m24[0m - [91merror[0m[90m TS2339: [0mProperty 'getMetaTitle' does not exist on type 'Brand'.

[7m357[0m       metaTitle: brand.getMetaTitle(),
[7m   [0m [91m                       ~~~~~~~~~~~~[0m

[96msrc/modules/marketplace/infrastructure/repositories/brand.repository.impl.ts[0m:[93m358[0m:[93m30[0m - [91merror[0m[90m TS2339: [0mProperty 'getMetaDescription' does not exist on type 'Brand'.

[7m358[0m       metaDescription: brand.getMetaDescription(),
[7m   [0m [91m                             ~~~~~~~~~~~~~~~~~~[0m

[96msrc/modules/marketplace/infrastructure/repositories/brand.repository.impl.ts[0m:[93m359[0m:[93m24[0m - [91merror[0m[90m TS2551: [0mProperty 'getCreatedAt' does not exist on type 'Brand'. Did you mean 'createdAt'?

[7m359[0m       createdAt: brand.getCreatedAt(),
[7m   [0m [91m                       ~~~~~~~~~~~~[0m

  [96msrc/modules/marketplace/domain/entities/brand.entity.ts[0m:[93m73[0m:[93m7[0m
    [7m73[0m   get createdAt(): Date {
    [7m  [0m [96m      ~~~~~~~~~[0m
    'createdAt' is declared here.

[96msrc/modules/marketplace/infrastructure/repositories/brand.repository.impl.ts[0m:[93m360[0m:[93m24[0m - [91merror[0m[90m TS2551: [0mProperty 'getUpdatedAt' does not exist on type 'Brand'. Did you mean 'updatedAt'?

[7m360[0m       updatedAt: brand.getUpdatedAt(),
[7m   [0m [91m                       ~~~~~~~~~~~~[0m

  [96msrc/modules/marketplace/domain/entities/brand.entity.ts[0m:[93m77[0m:[93m7[0m
    [7m77[0m   get updatedAt(): Date {
    [7m  [0m [96m      ~~~~~~~~~[0m
    'updatedAt' is declared here.

[96msrc/modules/marketplace/infrastructure/repositories/cart.repository.impl.ts[0m:[93m6[0m:[93m23[0m - [91merror[0m[90m TS2307: [0mCannot find module '../../domain/value-objects/price.value-object' or its corresponding type declarations.

[7m6[0m import { Price } from '../../domain/value-objects/price.value-object';
[7m [0m [91m                      ~~~~~~~~~~~~~~~~~~~~~~~~~~~~~~~~~~~~~~~~~~~~~~~[0m

[96msrc/modules/marketplace/infrastructure/repositories/cart.repository.impl.ts[0m:[93m26[0m:[93m9[0m - [91merror[0m[90m TS2353: [0mObject literal may only specify known properties, and 'status' does not exist in type 'CartWhereInput'.

[7m26[0m         status: 'ACTIVE'
[7m  [0m [91m        ~~~~~~[0m

[96msrc/modules/marketplace/infrastructure/repositories/cart.repository.impl.ts[0m:[93m38[0m:[93m9[0m - [91merror[0m[90m TS2353: [0mObject literal may only specify known properties, and 'status' does not exist in type 'CartWhereInput'.

[7m38[0m         status: 'ACTIVE'
[7m  [0m [91m        ~~~~~~[0m

[96msrc/modules/marketplace/infrastructure/repositories/cart.repository.impl.ts[0m:[93m46[0m:[93m9[0m - [91merror[0m[90m TS2416: [0mProperty 'findAbandonedCarts' in type 'CartRepositoryImpl' is not assignable to the same property in base type 'CartRepository'.
  Type '(olderThanHours: number) => Promise<Cart[]>' is not assignable to type '(olderThanHours: number, pagination?: CartPaginationOptions | undefined) => Promise<CartSearchResult>'.
    Type 'Promise<Cart[]>' is not assignable to type 'Promise<CartSearchResult>'.
      Type 'Cart[]' is missing the following properties from type 'CartSearchResult': carts, total, page, limit, and 3 more.

[7m46[0m   async findAbandonedCarts(olderThanHours: number): Promise<Cart[]> {
[7m  [0m [91m        ~~~~~~~~~~~~~~~~~~[0m

[96msrc/modules/marketplace/infrastructure/repositories/cart.repository.impl.ts[0m:[93m52[0m:[93m9[0m - [91merror[0m[90m TS2353: [0mObject literal may only specify known properties, and 'status' does not exist in type 'CartWhereInput'.

[7m52[0m         status: 'ACTIVE',
[7m  [0m [91m        ~~~~~~[0m

[96msrc/modules/marketplace/infrastructure/repositories/cart.repository.impl.ts[0m:[93m66[0m:[93m14[0m - [91merror[0m[90m TS2339: [0mProperty 'getId' does not exist on type 'Cart'.

[7m66[0m     if (cart.getId()) {
[7m  [0m [91m             ~~~~~[0m

[96msrc/modules/marketplace/infrastructure/repositories/cart.repository.impl.ts[0m:[93m69[0m:[93m27[0m - [91merror[0m[90m TS2339: [0mProperty 'getId' does not exist on type 'Cart'.

[7m69[0m         where: { id: cart.getId() },
[7m  [0m [91m                          ~~~~~[0m

[96msrc/modules/marketplace/infrastructure/repositories/cart.repository.impl.ts[0m:[93m71[0m:[93m11[0m - [91merror[0m[90m TS2353: [0mObject literal may only specify known properties, and 'status' does not exist in type '(Without<CartUpdateInput, CartUncheckedUpdateInput> & CartUncheckedUpdateInput) | (Without<...> & CartUpdateInput)'.

[7m71[0m           status: cartData.status,
[7m  [0m [91m          ~~~~~~[0m

  [96mnode_modules/.prisma/client/index.d.ts[0m:[93m23552[0m:[93m5[0m
    [7m23552[0m     data: XOR<CartUpdateInput, CartUncheckedUpdateInput>
    [7m     [0m [96m    ~~~~[0m
    The expected type comes from property 'data' which is declared here on type '{ select?: CartSelect<DefaultArgs> | null | undefined; omit?: CartOmit<DefaultArgs> | null | undefined; include?: CartInclude<DefaultArgs> | null | undefined; data: (Without<...> & CartUncheckedUpdateInput) | (Without<...> & CartUpdateInput); where: CartWhereUniqueInput; }'

[96msrc/modules/marketplace/infrastructure/repositories/cart.repository.impl.ts[0m:[93m71[0m:[93m28[0m - [91merror[0m[90m TS2339: [0mProperty 'status' does not exist on type 'CartCreateInput'.

[7m71[0m           status: cartData.status,
[7m  [0m [91m                           ~~~~~~[0m

[96msrc/modules/marketplace/infrastructure/repositories/cart.repository.impl.ts[0m:[93m72[0m:[93m33[0m - [91merror[0m[90m TS2339: [0mProperty 'totalAmount' does not exist on type 'CartCreateInput'.

[7m72[0m           totalAmount: cartData.totalAmount,
[7m  [0m [91m                                ~~~~~~~~~~~[0m

[96msrc/modules/marketplace/infrastructure/repositories/cart.repository.impl.ts[0m:[93m73[0m:[93m31[0m - [91merror[0m[90m TS2339: [0mProperty 'itemCount' does not exist on type 'CartCreateInput'.

[7m73[0m           itemCount: cartData.itemCount,
[7m  [0m [91m                              ~~~~~~~~~[0m

[96msrc/modules/marketplace/infrastructure/repositories/cart.repository.impl.ts[0m:[93m102[0m:[93m29[0m - [91merror[0m[90m TS2551: [0mProperty 'productId' does not exist on type 'CartItemCreateInput'. Did you mean 'product'?

[7m102[0m         productId: itemData.productId,
[7m   [0m [91m                            ~~~~~~~~~[0m

  [96mnode_modules/.prisma/client/index.d.ts[0m:[93m75269[0m:[93m5[0m
    [7m75269[0m     product: ProductCreateNestedOneWithoutCartItemsInput
    [7m     [0m [96m    ~~~~~~~[0m
    'product' is declared here.

[96msrc/modules/marketplace/infrastructure/repositories/cart.repository.impl.ts[0m:[93m103[0m:[93m9[0m - [91merror[0m[90m TS2353: [0mObject literal may only specify known properties, and 'variantId' does not exist in type 'CartItemWhereInput'.

[7m103[0m         variantId: itemData.variantId,
[7m   [0m [91m        ~~~~~~~~~[0m

[96msrc/modules/marketplace/infrastructure/repositories/cart.repository.impl.ts[0m:[93m103[0m:[93m29[0m - [91merror[0m[90m TS2339: [0mProperty 'variantId' does not exist on type 'CartItemCreateInput'.

[7m103[0m         variantId: itemData.variantId,
[7m   [0m [91m                            ~~~~~~~~~[0m

[96msrc/modules/marketplace/infrastructure/repositories/cart.repository.impl.ts[0m:[93m113[0m:[93m11[0m - [91merror[0m[90m TS2353: [0mObject literal may only specify known properties, and 'subtotal' does not exist in type '(Without<CartItemUpdateInput, CartItemUncheckedUpdateInput> & CartItemUncheckedUpdateInput) | (Without<...> & CartItemUpdateInput)'.

[7m113[0m           subtotal: existingItem.subtotal + itemData.subtotal,
[7m   [0m [91m          ~~~~~~~~[0m

  [96mnode_modules/.prisma/client/index.d.ts[0m:[93m24698[0m:[93m5[0m
    [7m24698[0m     data: XOR<CartItemUpdateInput, CartItemUncheckedUpdateInput>
    [7m     [0m [96m    ~~~~[0m
    The expected type comes from property 'data' which is declared here on type '{ select?: CartItemSelect<DefaultArgs> | null | undefined; omit?: CartItemOmit<DefaultArgs> | null | undefined; include?: CartItemInclude<...> | ... 1 more ... | undefined; data: (Without<...> & CartItemUncheckedUpdateInput) | (Without<...> & CartItemUpdateInput); where: CartItemWhereUniqueInput; }'

[96msrc/modules/marketplace/infrastructure/repositories/cart.repository.impl.ts[0m:[93m113[0m:[93m34[0m - [91merror[0m[90m TS2339: [0mProperty 'subtotal' does not exist on type '{ id: string; updatedAt: Date; quantity: number; addedAt: Date; productId: string; variantOptions: JsonValue; cartId: string; }'.

[7m113[0m           subtotal: existingItem.subtotal + itemData.subtotal,
[7m   [0m [91m                                 ~~~~~~~~[0m

[96msrc/modules/marketplace/infrastructure/repositories/cart.repository.impl.ts[0m:[93m113[0m:[93m54[0m - [91merror[0m[90m TS2339: [0mProperty 'subtotal' does not exist on type 'CartItemCreateInput'.

[7m113[0m           subtotal: existingItem.subtotal + itemData.subtotal,
[7m   [0m [91m                                                     ~~~~~~~~[0m

[96msrc/modules/marketplace/infrastructure/repositories/cart.repository.impl.ts[0m:[93m127[0m:[93m9[0m - [91merror[0m[90m TS2416: [0mProperty 'updateItem' in type 'CartRepositoryImpl' is not assignable to the same property in base type 'CartRepository'.
  Type '(cartId: string, productId: string, quantity: number, variantId?: string | undefined) => Promise<void>' is not assignable to type '(cartId: string, itemId: string, updates: Partial<CartItem>) => Promise<void>'.
    Types of parameters 'quantity' and 'updates' are incompatible.
      Type 'Partial<CartItem>' is not assignable to type 'number'.

[7m127[0m   async updateItem(cartId: string, productId: string, quantity: number, variantId?: string): Promise<void> {
[7m   [0m [91m        ~~~~~~~~~~[0m

[96msrc/modules/marketplace/infrastructure/repositories/cart.repository.impl.ts[0m:[93m132[0m:[93m9[0m - [91merror[0m[90m TS2353: [0mObject literal may only specify known properties, and 'variantId' does not exist in type 'CartItemWhereInput'.

[7m132[0m         variantId,
[7m   [0m [91m        ~~~~~~~~~[0m

[96msrc/modules/marketplace/infrastructure/repositories/cart.repository.impl.ts[0m:[93m148[0m:[93m29[0m - [91merror[0m[90m TS2551: [0mProperty 'product' does not exist on type '{ id: string; updatedAt: Date; quantity: number; addedAt: Date; productId: string; variantOptions: JsonValue; cartId: string; }'. Did you mean 'productId'?

[7m148[0m       const subtotal = item.product.price * quantity;
[7m   [0m [91m                            ~~~~~~~[0m

[96msrc/modules/marketplace/infrastructure/repositories/cart.repository.impl.ts[0m:[93m153[0m:[93m11[0m - [91merror[0m[90m TS2353: [0mObject literal may only specify known properties, and 'subtotal' does not exist in type '(Without<CartItemUpdateInput, CartItemUncheckedUpdateInput> & CartItemUncheckedUpdateInput) | (Without<...> & CartItemUpdateInput)'.

[7m153[0m           subtotal,
[7m   [0m [91m          ~~~~~~~~[0m

  [96mnode_modules/.prisma/client/index.d.ts[0m:[93m24698[0m:[93m5[0m
    [7m24698[0m     data: XOR<CartItemUpdateInput, CartItemUncheckedUpdateInput>
    [7m     [0m [96m    ~~~~[0m
    The expected type comes from property 'data' which is declared here on type '{ select?: CartItemSelect<DefaultArgs> | null | undefined; omit?: CartItemOmit<DefaultArgs> | null | undefined; include?: CartItemInclude<...> | ... 1 more ... | undefined; data: (Without<...> & CartItemUncheckedUpdateInput) | (Without<...> & CartItemUpdateInput); where: CartItemWhereUniqueInput; }'

[96msrc/modules/marketplace/infrastructure/repositories/cart.repository.impl.ts[0m:[93m167[0m:[93m9[0m - [91merror[0m[90m TS2353: [0mObject literal may only specify known properties, and 'variantId' does not exist in type 'CartItemWhereInput'.

[7m167[0m         variantId,
[7m   [0m [91m        ~~~~~~~~~[0m

[96msrc/modules/marketplace/infrastructure/repositories/cart.repository.impl.ts[0m:[93m183[0m:[93m9[0m - [91merror[0m[90m TS2353: [0mObject literal may only specify known properties, and 'totalAmount' does not exist in type '(Without<CartUpdateInput, CartUncheckedUpdateInput> & CartUncheckedUpdateInput) | (Without<...> & CartUpdateInput)'.

[7m183[0m         totalAmount: 0,
[7m   [0m [91m        ~~~~~~~~~~~[0m

  [96mnode_modules/.prisma/client/index.d.ts[0m:[93m23552[0m:[93m5[0m
    [7m23552[0m     data: XOR<CartUpdateInput, CartUncheckedUpdateInput>
    [7m     [0m [96m    ~~~~[0m
    The expected type comes from property 'data' which is declared here on type '{ select?: CartSelect<DefaultArgs> | null | undefined; omit?: CartOmit<DefaultArgs> | null | undefined; include?: CartInclude<DefaultArgs> | null | undefined; data: (Without<...> & CartUncheckedUpdateInput) | (Without<...> & CartUpdateInput); where: CartWhereUniqueInput; }'

[96msrc/modules/marketplace/infrastructure/repositories/cart.repository.impl.ts[0m:[93m190[0m:[93m9[0m - [91merror[0m[90m TS2416: [0mProperty 'mergeCarts' in type 'CartRepositoryImpl' is not assignable to the same property in base type 'CartRepository'.
  Type '(sourceCartId: string, targetCartId: string) => Promise<void>' is not assignable to type '(sourceCartId: string, targetCartId: string) => Promise<Cart>'.
    Type 'Promise<void>' is not assignable to type 'Promise<Cart>'.
      Type 'void' is not assignable to type 'Cart'.

[7m190[0m   async mergeCarts(sourceCartId: string, targetCartId: string): Promise<void> {
[7m   [0m [91m        ~~~~~~~~~~[0m

[96msrc/modules/marketplace/infrastructure/repositories/cart.repository.impl.ts[0m:[93m200[0m:[93m11[0m - [91merror[0m[90m TS2353: [0mObject literal may only specify known properties, and 'variantId' does not exist in type 'CartItemWhereInput'.

[7m200[0m           variantId: item.variantId,
[7m   [0m [91m          ~~~~~~~~~[0m

[96msrc/modules/marketplace/infrastructure/repositories/cart.repository.impl.ts[0m:[93m200[0m:[93m27[0m - [91merror[0m[90m TS2339: [0mProperty 'variantId' does not exist on type '{ id: string; updatedAt: Date; quantity: number; addedAt: Date; productId: string; variantOptions: JsonValue; cartId: string; }'.

[7m200[0m           variantId: item.variantId,
[7m   [0m [91m                          ~~~~~~~~~[0m

[96msrc/modules/marketplace/infrastructure/repositories/cart.repository.impl.ts[0m:[93m209[0m:[93m13[0m - [91merror[0m[90m TS2353: [0mObject literal may only specify known properties, and 'subtotal' does not exist in type '(Without<CartItemUpdateInput, CartItemUncheckedUpdateInput> & CartItemUncheckedUpdateInput) | (Without<...> & CartItemUpdateInput)'.

[7m209[0m             subtotal: existingItem.subtotal + item.subtotal,
[7m   [0m [91m            ~~~~~~~~[0m

  [96mnode_modules/.prisma/client/index.d.ts[0m:[93m24698[0m:[93m5[0m
    [7m24698[0m     data: XOR<CartItemUpdateInput, CartItemUncheckedUpdateInput>
    [7m     [0m [96m    ~~~~[0m
    The expected type comes from property 'data' which is declared here on type '{ select?: CartItemSelect<DefaultArgs> | null | undefined; omit?: CartItemOmit<DefaultArgs> | null | undefined; include?: CartItemInclude<...> | ... 1 more ... | undefined; data: (Without<...> & CartItemUncheckedUpdateInput) | (Without<...> & CartItemUpdateInput); where: CartItemWhereUniqueInput; }'

[96msrc/modules/marketplace/infrastructure/repositories/cart.repository.impl.ts[0m:[93m209[0m:[93m36[0m - [91merror[0m[90m TS2339: [0mProperty 'subtotal' does not exist on type '{ id: string; updatedAt: Date; quantity: number; addedAt: Date; productId: string; variantOptions: JsonValue; cartId: string; }'.

[7m209[0m             subtotal: existingItem.subtotal + item.subtotal,
[7m   [0m [91m                                   ~~~~~~~~[0m

[96msrc/modules/marketplace/infrastructure/repositories/cart.repository.impl.ts[0m:[93m209[0m:[93m52[0m - [91merror[0m[90m TS2339: [0mProperty 'subtotal' does not exist on type '{ id: string; updatedAt: Date; quantity: number; addedAt: Date; productId: string; variantOptions: JsonValue; cartId: string; }'.

[7m209[0m             subtotal: existingItem.subtotal + item.subtotal,
[7m   [0m [91m                                                   ~~~~~~~~[0m

[96msrc/modules/marketplace/infrastructure/repositories/cart.repository.impl.ts[0m:[93m214[0m:[93m11[0m - [91merror[0m[90m TS2322: [0mType '{ id: undefined; cartId: string; updatedAt: Date; quantity: number; addedAt: Date; productId: string; variantOptions: Prisma.JsonValue; }' is not assignable to type '(Without<CartItemCreateInput, CartItemUncheckedCreateInput> & CartItemUncheckedCreateInput) | (Without<...> & CartItemCreateInput)'.
  Type '{ id: undefined; cartId: string; updatedAt: Date; quantity: number; addedAt: Date; productId: string; variantOptions: Prisma.JsonValue; }' is not assignable to type 'Without<CartItemCreateInput, CartItemUncheckedCreateInput> & CartItemUncheckedCreateInput'.
    Type '{ id: undefined; cartId: string; updatedAt: Date; quantity: number; addedAt: Date; productId: string; variantOptions: Prisma.JsonValue; }' is not assignable to type 'CartItemUncheckedCreateInput'.
      Types of property 'variantOptions' are incompatible.
        Type 'JsonValue' is not assignable to type 'NullableJsonNullValueInput | InputJsonValue | undefined'.
          Type 'null' is not assignable to type 'NullableJsonNullValueInput | InputJsonValue | undefined'.

[7m214[0m           data: {
[7m   [0m [91m          ~~~~[0m

  [96mnode_modules/.prisma/client/index.d.ts[0m:[93m24642[0m:[93m5[0m
    [7m24642[0m     data: XOR<CartItemCreateInput, CartItemUncheckedCreateInput>
    [7m     [0m [96m    ~~~~[0m
    The expected type comes from property 'data' which is declared here on type '{ select?: CartItemSelect<DefaultArgs> | null | undefined; omit?: CartItemOmit<DefaultArgs> | null | undefined; include?: CartItemInclude<...> | ... 1 more ... | undefined; data: (Without<...> & CartItemUncheckedCreateInput) | (Without<...> & CartItemCreateInput); }'

[96msrc/modules/marketplace/infrastructure/repositories/cart.repository.impl.ts[0m:[93m235[0m:[93m64[0m - [91merror[0m[90m TS2339: [0mProperty 'subtotal' does not exist on type '{ id: string; updatedAt: Date; quantity: number; addedAt: Date; productId: string; variantOptions: JsonValue; cartId: string; }'.

[7m235[0m     const totalAmount = items.reduce((sum, item) => sum + item.subtotal, 0);
[7m   [0m [91m                                                               ~~~~~~~~[0m

[96msrc/modules/marketplace/infrastructure/repositories/cart.repository.impl.ts[0m:[93m241[0m:[93m9[0m - [91merror[0m[90m TS2353: [0mObject literal may only specify known properties, and 'totalAmount' does not exist in type '(Without<CartUpdateInput, CartUncheckedUpdateInput> & CartUncheckedUpdateInput) | (Without<...> & CartUpdateInput)'.

[7m241[0m         totalAmount,
[7m   [0m [91m        ~~~~~~~~~~~[0m

  [96mnode_modules/.prisma/client/index.d.ts[0m:[93m23552[0m:[93m5[0m
    [7m23552[0m     data: XOR<CartUpdateInput, CartUncheckedUpdateInput>
    [7m     [0m [96m    ~~~~[0m
    The expected type comes from property 'data' which is declared here on type '{ select?: CartSelect<DefaultArgs> | null | undefined; omit?: CartOmit<DefaultArgs> | null | undefined; include?: CartInclude<DefaultArgs> | null | undefined; data: (Without<...> & CartUncheckedUpdateInput) | (Without<...> & CartUpdateInput); where: CartWhereUniqueInput; }'

[96msrc/modules/marketplace/infrastructure/repositories/cart.repository.impl.ts[0m:[93m268[0m:[93m12[0m - [91merror[0m[90m TS2673: [0mConstructor of class 'Cart' is private and only accessible within the class declaration.

[7m268[0m     return new Cart(
[7m   [0m [91m           ~~~~~~~~~[0m
[7m269[0m       cart.id,
[7m   [0m [91m~~~~~~~~~~~~~~[0m
[7m...[0m 
[7m276[0m       cart.updatedAt
[7m   [0m [91m~~~~~~~~~~~~~~~~~~~~[0m
[7m277[0m     );
[7m   [0m [91m~~~~~[0m

[96msrc/modules/marketplace/infrastructure/repositories/cart.repository.impl.ts[0m:[93m281[0m:[93m12[0m - [91merror[0m[90m TS2673: [0mConstructor of class 'CartItem' is private and only accessible within the class declaration.

[7m281[0m     return new CartItem(
[7m   [0m [91m           ~~~~~~~~~~~~~[0m
[7m282[0m       item.id,
[7m   [0m [91m~~~~~~~~~~~~~~[0m
[7m...[0m 
[7m289[0m       item.product
[7m   [0m [91m~~~~~~~~~~~~~~~~~~[0m
[7m290[0m     );
[7m   [0m [91m~~~~~[0m

[96msrc/modules/marketplace/infrastructure/repositories/cart.repository.impl.ts[0m:[93m295[0m:[93m16[0m - [91merror[0m[90m TS2339: [0mProperty 'getId' does not exist on type 'Cart'.

[7m295[0m       id: cart.getId(),
[7m   [0m [91m               ~~~~~[0m

[96msrc/modules/marketplace/infrastructure/repositories/cart.repository.impl.ts[0m:[93m296[0m:[93m35[0m - [91merror[0m[90m TS2551: [0mProperty 'getUserId' does not exist on type 'Cart'. Did you mean 'userId'?

[7m296[0m       user: { connect: { id: cart.getUserId() } },
[7m   [0m [91m                                  ~~~~~~~~~[0m

  [96msrc/modules/marketplace/domain/entities/cart.entity.ts[0m:[93m68[0m:[93m7[0m
    [7m68[0m   get userId(): UserId {
    [7m  [0m [96m      ~~~~~~[0m
    'userId' is declared here.

[96msrc/modules/marketplace/infrastructure/repositories/cart.repository.impl.ts[0m:[93m297[0m:[93m7[0m - [91merror[0m[90m TS2353: [0mObject literal may only specify known properties, and 'status' does not exist in type 'CartCreateInput'.

[7m297[0m       status: cart.getStatus() as any,
[7m   [0m [91m      ~~~~~~[0m

[96msrc/modules/marketplace/infrastructure/repositories/cart.repository.impl.ts[0m:[93m297[0m:[93m20[0m - [91merror[0m[90m TS2339: [0mProperty 'getStatus' does not exist on type 'Cart'.

[7m297[0m       status: cart.getStatus() as any,
[7m   [0m [91m                   ~~~~~~~~~[0m

[96msrc/modules/marketplace/infrastructure/repositories/cart.repository.impl.ts[0m:[93m298[0m:[93m25[0m - [91merror[0m[90m TS2339: [0mProperty 'getTotalAmount' does not exist on type 'Cart'.

[7m298[0m       totalAmount: cart.getTotalAmount().getAmount(),
[7m   [0m [91m                        ~~~~~~~~~~~~~~[0m

[96msrc/modules/marketplace/infrastructure/repositories/cart.repository.impl.ts[0m:[93m299[0m:[93m23[0m - [91merror[0m[90m TS2551: [0mProperty 'getItemCount' does not exist on type 'Cart'. Did you mean 'itemCount'?

[7m299[0m       itemCount: cart.getItemCount(),
[7m   [0m [91m                      ~~~~~~~~~~~~[0m

  [96msrc/modules/marketplace/domain/entities/cart.entity.ts[0m:[93m104[0m:[93m7[0m
    [7m104[0m   get itemCount(): number {
    [7m   [0m [96m      ~~~~~~~~~[0m
    'itemCount' is declared here.

[96msrc/modules/marketplace/infrastructure/repositories/cart.repository.impl.ts[0m:[93m300[0m:[93m23[0m - [91merror[0m[90m TS2551: [0mProperty 'getCreatedAt' does not exist on type 'Cart'. Did you mean 'createdAt'?

[7m300[0m       createdAt: cart.getCreatedAt(),
[7m   [0m [91m                      ~~~~~~~~~~~~[0m

  [96msrc/modules/marketplace/domain/entities/cart.entity.ts[0m:[93m108[0m:[93m7[0m
    [7m108[0m   get createdAt(): Date {
    [7m   [0m [96m      ~~~~~~~~~[0m
    'createdAt' is declared here.

[96msrc/modules/marketplace/infrastructure/repositories/cart.repository.impl.ts[0m:[93m301[0m:[93m23[0m - [91merror[0m[90m TS2551: [0mProperty 'getUpdatedAt' does not exist on type 'Cart'. Did you mean 'updatedAt'?

[7m301[0m       updatedAt: cart.getUpdatedAt(),
[7m   [0m [91m                      ~~~~~~~~~~~~[0m

  [96msrc/modules/marketplace/domain/entities/cart.entity.ts[0m:[93m112[0m:[93m7[0m
    [7m112[0m   get updatedAt(): Date {
    [7m   [0m [96m      ~~~~~~~~~[0m
    'updatedAt' is declared here.

[96msrc/modules/marketplace/infrastructure/repositories/cart.repository.impl.ts[0m:[93m307[0m:[93m16[0m - [91merror[0m[90m TS2339: [0mProperty 'getId' does not exist on type 'CartItem'.

[7m307[0m       id: item.getId(),
[7m   [0m [91m               ~~~~~[0m

[96msrc/modules/marketplace/infrastructure/repositories/cart.repository.impl.ts[0m:[93m309[0m:[93m38[0m - [91merror[0m[90m TS2551: [0mProperty 'getProductId' does not exist on type 'CartItem'. Did you mean 'productId'?

[7m309[0m       product: { connect: { id: item.getProductId() } },
[7m   [0m [91m                                     ~~~~~~~~~~~~[0m

  [96msrc/modules/marketplace/domain/entities/cart-item.entity.ts[0m:[93m64[0m:[93m7[0m
    [7m64[0m   get productId(): ProductId {
    [7m  [0m [96m      ~~~~~~~~~[0m
    'productId' is declared here.

[96msrc/modules/marketplace/infrastructure/repositories/cart.repository.impl.ts[0m:[93m310[0m:[93m22[0m - [91merror[0m[90m TS2551: [0mProperty 'getQuantity' does not exist on type 'CartItem'. Did you mean 'quantity'?

[7m310[0m       quantity: item.getQuantity(),
[7m   [0m [91m                     ~~~~~~~~~~~[0m

  [96msrc/modules/marketplace/domain/entities/cart-item.entity.ts[0m:[93m88[0m:[93m7[0m
    [7m88[0m   get quantity(): number {
    [7m  [0m [96m      ~~~~~~~~[0m
    'quantity' is declared here.

[96msrc/modules/marketplace/infrastructure/repositories/cart.repository.impl.ts[0m:[93m311[0m:[93m7[0m - [91merror[0m[90m TS2353: [0mObject literal may only specify known properties, and 'unitPrice' does not exist in type 'CartItemCreateInput'.

[7m311[0m       unitPrice: item.getUnitPrice().getAmount(),
[7m   [0m [91m      ~~~~~~~~~[0m

[96msrc/modules/marketplace/infrastructure/repositories/cart.repository.impl.ts[0m:[93m311[0m:[93m23[0m - [91merror[0m[90m TS2339: [0mProperty 'getUnitPrice' does not exist on type 'CartItem'.

[7m311[0m       unitPrice: item.getUnitPrice().getAmount(),
[7m   [0m [91m                      ~~~~~~~~~~~~[0m

[96msrc/modules/marketplace/infrastructure/repositories/cart.repository.impl.ts[0m:[93m312[0m:[93m22[0m - [91merror[0m[90m TS2551: [0mProperty 'getSubtotal' does not exist on type 'CartItem'. Did you mean 'subtotal'?

[7m312[0m       subtotal: item.getSubtotal().getAmount(),
[7m   [0m [91m                     ~~~~~~~~~~~[0m

  [96msrc/modules/marketplace/domain/entities/cart-item.entity.ts[0m:[93m96[0m:[93m7[0m
    [7m96[0m   get subtotal(): Price {
    [7m  [0m [96m      ~~~~~~~~[0m
    'subtotal' is declared here.

[96msrc/modules/marketplace/infrastructure/repositories/cart.repository.impl.ts[0m:[93m313[0m:[93m23[0m - [91merror[0m[90m TS2339: [0mProperty 'getVariantId' does not exist on type 'CartItem'.

[7m313[0m       variantId: item.getVariantId(),
[7m   [0m [91m                      ~~~~~~~~~~~~[0m

[96msrc/modules/marketplace/infrastructure/repositories/category.repository.impl.ts[0m:[93m28[0m:[93m7[0m - [91merror[0m[90m TS2322: [0mType '{ parent: boolean; subcategories: { where: { status: string; }; orderBy: { sortOrder: string; }; }; _count: { select: { products: boolean; subcategories: boolean; }; }; }' is not assignable to type 'CategoryInclude<DefaultArgs>'.
  Types of property 'subcategories' are incompatible.
    Type '{ where: { status: string; }; orderBy: { sortOrder: string; }; }' is not assignable to type 'boolean | Category$subcategoriesArgs<DefaultArgs> | undefined'.
      Type '{ where: { status: string; }; orderBy: { sortOrder: string; }; }' is not assignable to type 'Category$subcategoriesArgs<DefaultArgs>'.
        Types of property 'where' are incompatible.
          Type '{ status: string; }' has no properties in common with type 'CategoryWhereInput'.

[7m28[0m       include: this.getCategoryInclude(),
[7m  [0m [91m      ~~~~~~~[0m

  [96mnode_modules/.prisma/client/index.d.ts[0m:[93m18168[0m:[93m5[0m
    [7m18168[0m     include?: CategoryInclude<ExtArgs> | null
    [7m     [0m [96m    ~~~~~~~[0m
    The expected type comes from property 'include' which is declared here on type '{ select?: CategorySelect<DefaultArgs> | null | undefined; omit?: CategoryOmit<DefaultArgs> | null | undefined; include?: CategoryInclude<...> | ... 1 more ... | undefined; where: CategoryWhereUniqueInput; }'

[96msrc/modules/marketplace/infrastructure/repositories/category.repository.impl.ts[0m:[93m36[0m:[93m16[0m - [91merror[0m[90m TS2353: [0mObject literal may only specify known properties, and 'slug' does not exist in type 'CategoryWhereUniqueInput'.

[7m36[0m       where: { slug },
[7m  [0m [91m               ~~~~[0m

  [96mnode_modules/.prisma/client/index.d.ts[0m:[93m18172[0m:[93m5[0m
    [7m18172[0m     where: CategoryWhereUniqueInput
    [7m     [0m [96m    ~~~~~[0m
    The expected type comes from property 'where' which is declared here on type '{ select?: CategorySelect<DefaultArgs> | null | undefined; omit?: CategoryOmit<DefaultArgs> | null | undefined; include?: CategoryInclude<...> | ... 1 more ... | undefined; where: CategoryWhereUniqueInput; }'

[96msrc/modules/marketplace/infrastructure/repositories/category.repository.impl.ts[0m:[93m37[0m:[93m7[0m - [91merror[0m[90m TS2322: [0mType '{ parent: boolean; subcategories: { where: { status: string; }; orderBy: { sortOrder: string; }; }; _count: { select: { products: boolean; subcategories: boolean; }; }; }' is not assignable to type 'CategoryInclude<DefaultArgs>'.

[7m37[0m       include: this.getCategoryInclude(),
[7m  [0m [91m      ~~~~~~~[0m

  [96mnode_modules/.prisma/client/index.d.ts[0m:[93m18168[0m:[93m5[0m
    [7m18168[0m     include?: CategoryInclude<ExtArgs> | null
    [7m     [0m [96m    ~~~~~~~[0m
    The expected type comes from property 'include' which is declared here on type '{ select?: CategorySelect<DefaultArgs> | null | undefined; omit?: CategoryOmit<DefaultArgs> | null | undefined; include?: CategoryInclude<...> | ... 1 more ... | undefined; where: CategoryWhereUniqueInput; }'

[96msrc/modules/marketplace/infrastructure/repositories/category.repository.impl.ts[0m:[93m46[0m:[93m7[0m - [91merror[0m[90m TS2322: [0mType '{ parent: boolean; subcategories: { where: { status: string; }; orderBy: { sortOrder: string; }; }; _count: { select: { products: boolean; subcategories: boolean; }; }; }' is not assignable to type 'CategoryInclude<DefaultArgs>'.

[7m46[0m       include: this.getCategoryInclude(),
[7m  [0m [91m      ~~~~~~~[0m

[96msrc/modules/marketplace/infrastructure/repositories/category.repository.impl.ts[0m:[93m52[0m:[93m9[0m - [91merror[0m[90m TS2416: [0mProperty 'findAll' in type 'CategoryRepositoryImpl' is not assignable to the same property in base type 'CategoryRepository'.
  Type '(limit?: number | undefined, offset?: number | undefined) => Promise<Category[]>' is not assignable to type '(pagination?: CategoryPaginationOptions | undefined) => Promise<CategorySearchResult>'.
    Types of parameters 'limit' and 'pagination' are incompatible.
      Type 'CategoryPaginationOptions | undefined' is not assignable to type 'number | undefined'.
        Type 'CategoryPaginationOptions' is not assignable to type 'number'.

[7m52[0m   async findAll(limit?: number, offset?: number): Promise<Category[]> {
[7m  [0m [91m        ~~~~~~~[0m

[96msrc/modules/marketplace/infrastructure/repositories/category.repository.impl.ts[0m:[93m54[0m:[93m7[0m - [91merror[0m[90m TS2322: [0mType '{ parent: boolean; subcategories: { where: { status: string; }; orderBy: { sortOrder: string; }; }; _count: { select: { products: boolean; subcategories: boolean; }; }; }' is not assignable to type 'CategoryInclude<DefaultArgs>'.

[7m54[0m       include: this.getCategoryInclude(),
[7m  [0m [91m      ~~~~~~~[0m

[96msrc/modules/marketplace/infrastructure/repositories/category.repository.impl.ts[0m:[93m63[0m:[93m9[0m - [91merror[0m[90m TS2416: [0mProperty 'findActive' in type 'CategoryRepositoryImpl' is not assignable to the same property in base type 'CategoryRepository'.
  Type '(limit?: number | undefined, offset?: number | undefined) => Promise<Category[]>' is not assignable to type '(pagination?: CategoryPaginationOptions | undefined) => Promise<CategorySearchResult>'.
    Types of parameters 'limit' and 'pagination' are incompatible.
      Type 'CategoryPaginationOptions | undefined' is not assignable to type 'number | undefined'.

[7m63[0m   async findActive(limit?: number, offset?: number): Promise<Category[]> {
[7m  [0m [91m        ~~~~~~~~~~[0m

[96msrc/modules/marketplace/infrastructure/repositories/category.repository.impl.ts[0m:[93m65[0m:[93m16[0m - [91merror[0m[90m TS2353: [0mObject literal may only specify known properties, and 'status' does not exist in type 'CategoryWhereInput'.

[7m65[0m       where: { status: 'ACTIVE' },
[7m  [0m [91m               ~~~~~~[0m

[96msrc/modules/marketplace/infrastructure/repositories/category.repository.impl.ts[0m:[93m66[0m:[93m7[0m - [91merror[0m[90m TS2322: [0mType '{ parent: boolean; subcategories: { where: { status: string; }; orderBy: { sortOrder: string; }; }; _count: { select: { products: boolean; subcategories: boolean; }; }; }' is not assignable to type 'CategoryInclude<DefaultArgs>'.

[7m66[0m       include: this.getCategoryInclude(),
[7m  [0m [91m      ~~~~~~~[0m

[96msrc/modules/marketplace/infrastructure/repositories/category.repository.impl.ts[0m:[93m75[0m:[93m9[0m - [91merror[0m[90m TS2416: [0mProperty 'findRootCategories' in type 'CategoryRepositoryImpl' is not assignable to the same property in base type 'CategoryRepository'.
  Type '() => Promise<Category[]>' is not assignable to type '(pagination?: CategoryPaginationOptions | undefined) => Promise<CategorySearchResult>'.
    Type 'Promise<Category[]>' is not assignable to type 'Promise<CategorySearchResult>'.
      Type 'Category[]' is missing the following properties from type 'CategorySearchResult': categories, total, page, limit, and 3 more.

[7m75[0m   async findRootCategories(): Promise<Category[]> {
[7m  [0m [91m        ~~~~~~~~~~~~~~~~~~[0m

[96msrc/modules/marketplace/infrastructure/repositories/category.repository.impl.ts[0m:[93m79[0m:[93m9[0m - [91merror[0m[90m TS2353: [0mObject literal may only specify known properties, and 'status' does not exist in type 'CategoryWhereInput'.

[7m79[0m         status: 'ACTIVE'
[7m  [0m [91m        ~~~~~~[0m

[96msrc/modules/marketplace/infrastructure/repositories/category.repository.impl.ts[0m:[93m81[0m:[93m7[0m - [91merror[0m[90m TS2322: [0mType '{ parent: boolean; subcategories: { where: { status: string; }; orderBy: { sortOrder: string; }; }; _count: { select: { products: boolean; subcategories: boolean; }; }; }' is not assignable to type 'CategoryInclude<DefaultArgs>'.

[7m81[0m       include: this.getCategoryInclude(),
[7m  [0m [91m      ~~~~~~~[0m

[96msrc/modules/marketplace/infrastructure/repositories/category.repository.impl.ts[0m:[93m92[0m:[93m9[0m - [91merror[0m[90m TS2353: [0mObject literal may only specify known properties, and 'status' does not exist in type 'CategoryWhereInput'.

[7m92[0m         status: 'ACTIVE'
[7m  [0m [91m        ~~~~~~[0m

[96msrc/modules/marketplace/infrastructure/repositories/category.repository.impl.ts[0m:[93m94[0m:[93m7[0m - [91merror[0m[90m TS2322: [0mType '{ parent: boolean; subcategories: { where: { status: string; }; orderBy: { sortOrder: string; }; }; _count: { select: { products: boolean; subcategories: boolean; }; }; }' is not assignable to type 'CategoryInclude<DefaultArgs>'.

[7m94[0m       include: this.getCategoryInclude(),
[7m  [0m [91m      ~~~~~~~[0m

[96msrc/modules/marketplace/infrastructure/repositories/category.repository.impl.ts[0m:[93m103[0m:[93m16[0m - [91merror[0m[90m TS2353: [0mObject literal may only specify known properties, and 'level' does not exist in type 'CategoryWhereInput'.

[7m103[0m       where: { level },
[7m   [0m [91m               ~~~~~[0m

[96msrc/modules/marketplace/infrastructure/repositories/category.repository.impl.ts[0m:[93m104[0m:[93m7[0m - [91merror[0m[90m TS2322: [0mType '{ parent: boolean; subcategories: { where: { status: string; }; orderBy: { sortOrder: string; }; }; _count: { select: { products: boolean; subcategories: boolean; }; }; }' is not assignable to type 'CategoryInclude<DefaultArgs>'.

[7m104[0m       include: this.getCategoryInclude(),
[7m   [0m [91m      ~~~~~~~[0m

[96msrc/modules/marketplace/infrastructure/repositories/category.repository.impl.ts[0m:[93m111[0m:[93m9[0m - [91merror[0m[90m TS2416: [0mProperty 'search' in type 'CategoryRepositoryImpl' is not assignable to the same property in base type 'CategoryRepository'.
  Type '(filters: CategorySearchFilters, limit?: number | undefined, offset?: number | undefined) => Promise<Category[]>' is not assignable to type '(criteria: CategorySearchCriteria, pagination?: CategoryPaginationOptions | undefined) => Promise<CategorySearchResult>'.
    Types of parameters 'limit' and 'pagination' are incompatible.
      Type 'CategoryPaginationOptions | undefined' is not assignable to type 'number | undefined'.

[7m111[0m   async search(filters: CategorySearchFilters, limit?: number, offset?: number): Promise<Category[]> {
[7m   [0m [91m        ~~~~~~[0m

[96msrc/modules/marketplace/infrastructure/repositories/category.repository.impl.ts[0m:[93m122[0m:[93m13[0m - [91merror[0m[90m TS2339: [0mProperty 'status' does not exist on type 'CategoryWhereInput'.

[7m122[0m       where.status = filters.status as any;
[7m   [0m [91m            ~~~~~~[0m

[96msrc/modules/marketplace/infrastructure/repositories/category.repository.impl.ts[0m:[93m130[0m:[93m13[0m - [91merror[0m[90m TS2339: [0mProperty 'level' does not exist on type 'CategoryWhereInput'.

[7m130[0m       where.level = filters.level;
[7m   [0m [91m            ~~~~~[0m

[96msrc/modules/marketplace/infrastructure/repositories/category.repository.impl.ts[0m:[93m135[0m:[93m7[0m - [91merror[0m[90m TS2322: [0mType '{ parent: boolean; subcategories: { where: { status: string; }; orderBy: { sortOrder: string; }; }; _count: { select: { products: boolean; subcategories: boolean; }; }; }' is not assignable to type 'CategoryInclude<DefaultArgs>'.

[7m135[0m       include: this.getCategoryInclude(),
[7m   [0m [91m      ~~~~~~~[0m

[96msrc/modules/marketplace/infrastructure/repositories/category.repository.impl.ts[0m:[93m147[0m:[93m18[0m - [91merror[0m[90m TS2339: [0mProperty 'getId' does not exist on type 'Category'.

[7m147[0m     if (category.getId()) {
[7m   [0m [91m                 ~~~~~[0m

[96msrc/modules/marketplace/infrastructure/repositories/category.repository.impl.ts[0m:[93m150[0m:[93m31[0m - [91merror[0m[90m TS2339: [0mProperty 'getId' does not exist on type 'Category'.

[7m150[0m         where: { id: category.getId() },
[7m   [0m [91m                              ~~~~~[0m

[96msrc/modules/marketplace/infrastructure/repositories/category.repository.impl.ts[0m:[93m153[0m:[93m11[0m - [91merror[0m[90m TS2353: [0mObject literal may only specify known properties, and 'slug' does not exist in type '(Without<CategoryUpdateInput, CategoryUncheckedUpdateInput> & CategoryUncheckedUpdateInput) | (Without<...> & CategoryUpdateInput)'.

[7m153[0m           slug: categoryData.slug,
[7m   [0m [91m          ~~~~[0m

  [96mnode_modules/.prisma/client/index.d.ts[0m:[93m18423[0m:[93m5[0m
    [7m18423[0m     data: XOR<CategoryUpdateInput, CategoryUncheckedUpdateInput>
    [7m     [0m [96m    ~~~~[0m
    The expected type comes from property 'data' which is declared here on type '{ select?: CategorySelect<DefaultArgs> | null | undefined; omit?: CategoryOmit<DefaultArgs> | null | undefined; include?: CategoryInclude<...> | ... 1 more ... | undefined; data: (Without<...> & CategoryUncheckedUpdateInput) | (Without<...> & CategoryUpdateInput); where: CategoryWhereUniqueInput; }'

[96msrc/modules/marketplace/infrastructure/repositories/category.repository.impl.ts[0m:[93m153[0m:[93m30[0m - [91merror[0m[90m TS2339: [0mProperty 'slug' does not exist on type 'CategoryCreateInput'.

[7m153[0m           slug: categoryData.slug,
[7m   [0m [91m                             ~~~~[0m

[96msrc/modules/marketplace/infrastructure/repositories/category.repository.impl.ts[0m:[93m156[0m:[93m32[0m - [91merror[0m[90m TS2339: [0mProperty 'status' does not exist on type 'CategoryCreateInput'.

[7m156[0m           status: categoryData.status,
[7m   [0m [91m                               ~~~~~~[0m

[96msrc/modules/marketplace/infrastructure/repositories/category.repository.impl.ts[0m:[93m158[0m:[93m35[0m - [91merror[0m[90m TS2339: [0mProperty 'metaTitle' does not exist on type 'CategoryCreateInput'.

[7m158[0m           metaTitle: categoryData.metaTitle,
[7m   [0m [91m                                  ~~~~~~~~~[0m

[96msrc/modules/marketplace/infrastructure/repositories/category.repository.impl.ts[0m:[93m159[0m:[93m41[0m - [91merror[0m[90m TS2551: [0mProperty 'metaDescription' does not exist on type 'CategoryCreateInput'. Did you mean 'description'?

[7m159[0m           metaDescription: categoryData.metaDescription,
[7m   [0m [91m                                        ~~~~~~~~~~~~~~~[0m

  [96mnode_modules/.prisma/client/index.d.ts[0m:[93m74663[0m:[93m5[0m
    [7m74663[0m     description?: string | null
    [7m     [0m [96m    ~~~~~~~~~~~[0m
    'description' is declared here.

[96msrc/modules/marketplace/infrastructure/repositories/category.repository.impl.ts[0m:[93m162[0m:[93m9[0m - [91merror[0m[90m TS2322: [0mType '{ parent: boolean; subcategories: { where: { status: string; }; orderBy: { sortOrder: string; }; }; _count: { select: { products: boolean; subcategories: boolean; }; }; }' is not assignable to type 'CategoryInclude<DefaultArgs>'.

[7m162[0m         include: this.getCategoryInclude(),
[7m   [0m [91m        ~~~~~~~[0m

  [96mnode_modules/.prisma/client/index.d.ts[0m:[93m18419[0m:[93m5[0m
    [7m18419[0m     include?: CategoryInclude<ExtArgs> | null
    [7m     [0m [96m    ~~~~~~~[0m
    The expected type comes from property 'include' which is declared here on type '{ select?: CategorySelect<DefaultArgs> | null | undefined; omit?: CategoryOmit<DefaultArgs> | null | undefined; include?: CategoryInclude<...> | ... 1 more ... | undefined; data: (Without<...> & CategoryUncheckedUpdateInput) | (Without<...> & CategoryUpdateInput); where: CategoryWhereUniqueInput; }'

[96msrc/modules/marketplace/infrastructure/repositories/category.repository.impl.ts[0m:[93m169[0m:[93m9[0m - [91merror[0m[90m TS2322: [0mType '{ parent: boolean; subcategories: { where: { status: string; }; orderBy: { sortOrder: string; }; }; _count: { select: { products: boolean; subcategories: boolean; }; }; }' is not assignable to type 'CategoryInclude<DefaultArgs>'.

[7m169[0m         include: this.getCategoryInclude(),
[7m   [0m [91m        ~~~~~~~[0m

  [96mnode_modules/.prisma/client/index.d.ts[0m:[93m18363[0m:[93m5[0m
    [7m18363[0m     include?: CategoryInclude<ExtArgs> | null
    [7m     [0m [96m    ~~~~~~~[0m
    The expected type comes from property 'include' which is declared here on type '{ select?: CategorySelect<DefaultArgs> | null | undefined; omit?: CategoryOmit<DefaultArgs> | null | undefined; include?: CategoryInclude<...> | ... 1 more ... | undefined; data: (Without<...> & CategoryUncheckedCreateInput) | (Without<...> & CategoryCreateInput); }'

[96msrc/modules/marketplace/infrastructure/repositories/category.repository.impl.ts[0m:[93m195[0m:[93m9[0m - [91merror[0m[90m TS2353: [0mObject literal may only specify known properties, and 'status' does not exist in type '(Without<CategoryUpdateInput, CategoryUncheckedUpdateInput> & CategoryUncheckedUpdateInput) | (Without<...> & CategoryUpdateInput)'.

[7m195[0m         status: status as any,
[7m   [0m [91m        ~~~~~~[0m

  [96mnode_modules/.prisma/client/index.d.ts[0m:[93m18423[0m:[93m5[0m
    [7m18423[0m     data: XOR<CategoryUpdateInput, CategoryUncheckedUpdateInput>
    [7m     [0m [96m    ~~~~[0m
    The expected type comes from property 'data' which is declared here on type '{ select?: CategorySelect<DefaultArgs> | null | undefined; omit?: CategoryOmit<DefaultArgs> | null | undefined; include?: CategoryInclude<...> | ... 1 more ... | undefined; data: (Without<...> & CategoryUncheckedUpdateInput) | (Without<...> & CategoryUpdateInput); where: CategoryWhereUniqueInput; }'

[96msrc/modules/marketplace/infrastructure/repositories/category.repository.impl.ts[0m:[93m217[0m:[93m19[0m - [91merror[0m[90m TS2353: [0mObject literal may only specify known properties, and 'level' does not exist in type 'CategorySelect<DefaultArgs>'.

[7m217[0m         select: { level: true },
[7m   [0m [91m                  ~~~~~[0m

  [96mnode_modules/.prisma/client/index.d.ts[0m:[93m18160[0m:[93m5[0m
    [7m18160[0m     select?: CategorySelect<ExtArgs> | null
    [7m     [0m [96m    ~~~~~~[0m
    The expected type comes from property 'select' which is declared here on type '{ select?: CategorySelect<DefaultArgs> | null | undefined; omit?: CategoryOmit<DefaultArgs> | null | undefined; include?: CategoryInclude<...> | ... 1 more ... | undefined; where: CategoryWhereUniqueInput; }'

[96msrc/modules/marketplace/infrastructure/repositories/category.repository.impl.ts[0m:[93m220[0m:[93m27[0m - [91merror[0m[90m TS2339: [0mProperty 'level' does not exist on type '{ id: string; name: string; createdAt: Date; updatedAt: Date; isActive: boolean; description: string | null; imageUrl: string | null; sortOrder: number; parentId: string | null; }'.

[7m220[0m         newLevel = parent.level + 1;
[7m   [0m [91m                          ~~~~~[0m

[96msrc/modules/marketplace/infrastructure/repositories/category.repository.impl.ts[0m:[93m228[0m:[93m9[0m - [91merror[0m[90m TS2353: [0mObject literal may only specify known properties, and 'level' does not exist in type 'Without<CategoryUpdateInput, CategoryUncheckedUpdateInput> & CategoryUncheckedUpdateInput'.

[7m228[0m         level: newLevel,
[7m   [0m [91m        ~~~~~[0m

  [96mnode_modules/.prisma/client/index.d.ts[0m:[93m18423[0m:[93m5[0m
    [7m18423[0m     data: XOR<CategoryUpdateInput, CategoryUncheckedUpdateInput>
    [7m     [0m [96m    ~~~~[0m
    The expected type comes from property 'data' which is declared here on type '{ select?: CategorySelect<DefaultArgs> | null | undefined; omit?: CategoryOmit<DefaultArgs> | null | undefined; include?: CategoryInclude<...> | ... 1 more ... | undefined; data: (Without<...> & CategoryUncheckedUpdateInput) | (Without<...> & CategoryUpdateInput); where: CategoryWhereUniqueInput; }'

[96msrc/modules/marketplace/infrastructure/repositories/category.repository.impl.ts[0m:[93m245[0m:[93m11[0m - [91merror[0m[90m TS2353: [0mObject literal may only specify known properties, and 'status' does not exist in type 'ProductWhereInput'.

[7m245[0m           status: 'ACTIVE',
[7m   [0m [91m          ~~~~~~[0m

[96msrc/modules/marketplace/infrastructure/repositories/category.repository.impl.ts[0m:[93m267[0m:[93m7[0m - [91merror[0m[90m TS2353: [0mObject literal may only specify known properties, and 'status' does not exist in type 'CategoryWhereInput'.

[7m267[0m       status: 'ACTIVE',
[7m   [0m [91m      ~~~~~~[0m

[96msrc/modules/marketplace/infrastructure/repositories/category.repository.impl.ts[0m:[93m284[0m:[93m20[0m - [91merror[0m[90m TS2353: [0mObject literal may only specify known properties, and 'status' does not exist in type 'CategoryWhereInput'.

[7m284[0m           where: { status: 'ACTIVE' },
[7m   [0m [91m                   ~~~~~~[0m

[96msrc/modules/marketplace/infrastructure/repositories/category.repository.impl.ts[0m:[93m285[0m:[93m11[0m - [91merror[0m[90m TS2322: [0mType '{ parent: boolean; subcategories: { where: { status: string; }; orderBy: { sortOrder: string; }; }; _count: { select: { products: boolean; subcategories: boolean; }; }; }' is not assignable to type 'CategoryInclude<DefaultArgs>'.

[7m285[0m           include: this.getCategoryInclude(),
[7m   [0m [91m          ~~~~~~~[0m

[96msrc/modules/marketplace/infrastructure/repositories/category.repository.impl.ts[0m:[93m301[0m:[93m9[0m - [91merror[0m[90m TS2353: [0mObject literal may only specify known properties, and 'status' does not exist in type '(Without<CategoryUpdateManyMutationInput, CategoryUncheckedUpdateManyInput> & CategoryUncheckedUpdateManyInput) | (Without<...> & CategoryUpdateManyMutationInput)'.

[7m301[0m         status: status as any,
[7m   [0m [91m        ~~~~~~[0m

  [96mnode_modules/.prisma/client/index.d.ts[0m:[93m18437[0m:[93m5[0m
    [7m18437[0m     data: XOR<CategoryUpdateManyMutationInput, CategoryUncheckedUpdateManyInput>
    [7m     [0m [96m    ~~~~[0m
    The expected type comes from property 'data' which is declared here on type '{ data: (Without<CategoryUpdateManyMutationInput, CategoryUncheckedUpdateManyInput> & CategoryUncheckedUpdateManyInput) | (Without<...> & CategoryUpdateManyMutationInput); where?: CategoryWhereInput | undefined; limit?: number | undefined; }'

[96msrc/modules/marketplace/infrastructure/repositories/category.repository.impl.ts[0m:[93m307[0m:[93m9[0m - [91merror[0m[90m TS2416: [0mProperty 'reorderCategories' in type 'CategoryRepositoryImpl' is not assignable to the same property in base type 'CategoryRepository'.
  Type '(parentId: string | null, categoryOrders: { id: string; sortOrder: number; }[]) => Promise<void>' is not assignable to type '(categoryIds: string[]) => Promise<void>'.
    Target signature provides too few arguments. Expected 2 or more, but got 1.

[7m307[0m   async reorderCategories(parentId: string | null, categoryOrders: Array<{ id: string; sortOrder: number }>): Promise<void> {
[7m   [0m [91m        ~~~~~~~~~~~~~~~~~[0m

[96msrc/modules/marketplace/infrastructure/repositories/category.repository.impl.ts[0m:[93m335[0m:[93m11[0m - [91merror[0m[90m TS2353: [0mObject literal may only specify known properties, and 'level' does not exist in type '(Without<CategoryUpdateManyMutationInput, CategoryUncheckedUpdateManyInput> & CategoryUncheckedUpdateManyInput) | (Without<...> & CategoryUpdateManyMutationInput)'.

[7m335[0m           level: newLevel,
[7m   [0m [91m          ~~~~~[0m

  [96mnode_modules/.prisma/client/index.d.ts[0m:[93m18437[0m:[93m5[0m
    [7m18437[0m     data: XOR<CategoryUpdateManyMutationInput, CategoryUncheckedUpdateManyInput>
    [7m     [0m [96m    ~~~~[0m
    The expected type comes from property 'data' which is declared here on type '{ data: (Without<CategoryUpdateManyMutationInput, CategoryUncheckedUpdateManyInput> & CategoryUncheckedUpdateManyInput) | (Without<...> & CategoryUpdateManyMutationInput); where?: CategoryWhereInput | undefined; limit?: number | undefined; }'

[96msrc/modules/marketplace/infrastructure/repositories/category.repository.impl.ts[0m:[93m364[0m:[93m12[0m - [91merror[0m[90m TS2673: [0mConstructor of class 'Category' is private and only accessible within the class declaration.

[7m364[0m     return new Category(
[7m   [0m [91m           ~~~~~~~~~~~~~[0m
[7m365[0m       category.id,
[7m   [0m [91m~~~~~~~~~~~~~~~~~~[0m
[7m...[0m 
[7m379[0m       category._count?.products || 0
[7m   [0m [91m~~~~~~~~~~~~~~~~~~~~~~~~~~~~~~~~~~~~[0m
[7m380[0m     );
[7m   [0m [91m~~~~~[0m

[96msrc/modules/marketplace/infrastructure/repositories/category.repository.impl.ts[0m:[93m385[0m:[93m20[0m - [91merror[0m[90m TS2339: [0mProperty 'getId' does not exist on type 'Category'.

[7m385[0m       id: category.getId(),
[7m   [0m [91m                   ~~~~~[0m

[96msrc/modules/marketplace/infrastructure/repositories/category.repository.impl.ts[0m:[93m386[0m:[93m22[0m - [91merror[0m[90m TS2339: [0mProperty 'getName' does not exist on type 'Category'.

[7m386[0m       name: category.getName(),
[7m   [0m [91m                     ~~~~~~~[0m

[96msrc/modules/marketplace/infrastructure/repositories/category.repository.impl.ts[0m:[93m387[0m:[93m7[0m - [91merror[0m[90m TS2353: [0mObject literal may only specify known properties, and 'slug' does not exist in type 'CategoryCreateInput'.

[7m387[0m       slug: category.getSlug(),
[7m   [0m [91m      ~~~~[0m

[96msrc/modules/marketplace/infrastructure/repositories/category.repository.impl.ts[0m:[93m387[0m:[93m22[0m - [91merror[0m[90m TS2339: [0mProperty 'getSlug' does not exist on type 'Category'.

[7m387[0m       slug: category.getSlug(),
[7m   [0m [91m                     ~~~~~~~[0m

[96msrc/modules/marketplace/infrastructure/repositories/category.repository.impl.ts[0m:[93m388[0m:[93m29[0m - [91merror[0m[90m TS2551: [0mProperty 'getDescription' does not exist on type 'Category'. Did you mean 'description'?

[7m388[0m       description: category.getDescription(),
[7m   [0m [91m                            ~~~~~~~~~~~~~~[0m

  [96msrc/modules/marketplace/domain/entities/category.entity.ts[0m:[93m54[0m:[93m7[0m
    [7m54[0m   get description(): string | undefined {
    [7m  [0m [96m      ~~~~~~~~~~~[0m
    'description' is declared here.

[96msrc/modules/marketplace/infrastructure/repositories/category.repository.impl.ts[0m:[93m389[0m:[93m26[0m - [91merror[0m[90m TS2551: [0mProperty 'getImageUrl' does not exist on type 'Category'. Did you mean 'imageUrl'?

[7m389[0m       imageUrl: category.getImageUrl(),
[7m   [0m [91m                         ~~~~~~~~~~~[0m

  [96msrc/modules/marketplace/domain/entities/category.entity.ts[0m:[93m58[0m:[93m7[0m
    [7m58[0m   get imageUrl(): string | undefined {
    [7m  [0m [96m      ~~~~~~~~[0m
    'imageUrl' is declared here.

[96msrc/modules/marketplace/infrastructure/repositories/category.repository.impl.ts[0m:[93m390[0m:[93m23[0m - [91merror[0m[90m TS2339: [0mProperty 'getLevel' does not exist on type 'Category'.

[7m390[0m       level: category.getLevel(),
[7m   [0m [91m                      ~~~~~~~~[0m

[96msrc/modules/marketplace/infrastructure/repositories/category.repository.impl.ts[0m:[93m391[0m:[93m27[0m - [91merror[0m[90m TS2551: [0mProperty 'getSortOrder' does not exist on type 'Category'. Did you mean 'sortOrder'?

[7m391[0m       sortOrder: category.getSortOrder(),
[7m   [0m [91m                          ~~~~~~~~~~~~[0m

  [96msrc/modules/marketplace/domain/entities/category.entity.ts[0m:[93m70[0m:[93m7[0m
    [7m70[0m   get sortOrder(): number {
    [7m  [0m [96m      ~~~~~~~~~[0m
    'sortOrder' is declared here.

[96msrc/modules/marketplace/infrastructure/repositories/category.repository.impl.ts[0m:[93m392[0m:[93m24[0m - [91merror[0m[90m TS2339: [0mProperty 'getStatus' does not exist on type 'Category'.

[7m392[0m       status: category.getStatus() as any,
[7m   [0m [91m                       ~~~~~~~~~[0m

[96msrc/modules/marketplace/infrastructure/repositories/category.repository.impl.ts[0m:[93m393[0m:[93m27[0m - [91merror[0m[90m TS2339: [0mProperty 'getMetaTitle' does not exist on type 'Category'.

[7m393[0m       metaTitle: category.getMetaTitle(),
[7m   [0m [91m                          ~~~~~~~~~~~~[0m

[96msrc/modules/marketplace/infrastructure/repositories/category.repository.impl.ts[0m:[93m394[0m:[93m33[0m - [91merror[0m[90m TS2339: [0mProperty 'getMetaDescription' does not exist on type 'Category'.

[7m394[0m       metaDescription: category.getMetaDescription(),
[7m   [0m [91m                                ~~~~~~~~~~~~~~~~~~[0m

[96msrc/modules/marketplace/infrastructure/repositories/category.repository.impl.ts[0m:[93m395[0m:[93m27[0m - [91merror[0m[90m TS2551: [0mProperty 'getCreatedAt' does not exist on type 'Category'. Did you mean 'createdAt'?

[7m395[0m       createdAt: category.getCreatedAt(),
[7m   [0m [91m                          ~~~~~~~~~~~~[0m

  [96msrc/modules/marketplace/domain/entities/category.entity.ts[0m:[93m78[0m:[93m7[0m
    [7m78[0m   get createdAt(): Date {
    [7m  [0m [96m      ~~~~~~~~~[0m
    'createdAt' is declared here.

[96msrc/modules/marketplace/infrastructure/repositories/category.repository.impl.ts[0m:[93m396[0m:[93m27[0m - [91merror[0m[90m TS2551: [0mProperty 'getUpdatedAt' does not exist on type 'Category'. Did you mean 'updatedAt'?

[7m396[0m       updatedAt: category.getUpdatedAt(),
[7m   [0m [91m                          ~~~~~~~~~~~~[0m

  [96msrc/modules/marketplace/domain/entities/category.entity.ts[0m:[93m82[0m:[93m7[0m
    [7m82[0m   get updatedAt(): Date {
    [7m  [0m [96m      ~~~~~~~~~[0m
    'updatedAt' is declared here.

[96msrc/modules/marketplace/infrastructure/repositories/category.repository.impl.ts[0m:[93m399[0m:[93m18[0m - [91merror[0m[90m TS2551: [0mProperty 'getParentId' does not exist on type 'Category'. Did you mean 'parentId'?

[7m399[0m     if (category.getParentId()) {
[7m   [0m [91m                 ~~~~~~~~~~~[0m

  [96msrc/modules/marketplace/domain/entities/category.entity.ts[0m:[93m62[0m:[93m7[0m
    [7m62[0m   get parentId(): CategoryId | undefined {
    [7m  [0m [96m      ~~~~~~~~[0m
    'parentId' is declared here.

[96msrc/modules/marketplace/infrastructure/repositories/category.repository.impl.ts[0m:[93m400[0m:[93m47[0m - [91merror[0m[90m TS2551: [0mProperty 'getParentId' does not exist on type 'Category'. Did you mean 'parentId'?

[7m400[0m       data.parent = { connect: { id: category.getParentId() } };
[7m   [0m [91m                                              ~~~~~~~~~~~[0m

  [96msrc/modules/marketplace/domain/entities/category.entity.ts[0m:[93m62[0m:[93m7[0m
    [7m62[0m   get parentId(): CategoryId | undefined {
    [7m  [0m [96m      ~~~~~~~~[0m
    'parentId' is declared here.

[96msrc/modules/marketplace/infrastructure/repositories/order.repository.impl.ts[0m:[93m6[0m:[93m29[0m - [91merror[0m[90m TS2307: [0mCannot find module '../../domain/value-objects/order-status.value-object' or its corresponding type declarations.

[7m6[0m import { OrderStatus } from '../../domain/value-objects/order-status.value-object';
[7m [0m [91m                            ~~~~~~~~~~~~~~~~~~~~~~~~~~~~~~~~~~~~~~~~~~~~~~~~~~~~~~[0m

[96msrc/modules/marketplace/infrastructure/repositories/order.repository.impl.ts[0m:[93m7[0m:[93m23[0m - [91merror[0m[90m TS2307: [0mCannot find module '../../domain/value-objects/price.value-object' or its corresponding type declarations.

[7m7[0m import { Price } from '../../domain/value-objects/price.value-object';
[7m [0m [91m                      ~~~~~~~~~~~~~~~~~~~~~~~~~~~~~~~~~~~~~~~~~~~~~~~[0m

[96msrc/modules/marketplace/infrastructure/repositories/order.repository.impl.ts[0m:[93m8[0m:[93m30[0m - [91merror[0m[90m TS2307: [0mCannot find module '../../domain/value-objects/delivery-info.value-object' or its corresponding type declarations.

[7m8[0m import { DeliveryInfo } from '../../domain/value-objects/delivery-info.value-object';
[7m [0m [91m                             ~~~~~~~~~~~~~~~~~~~~~~~~~~~~~~~~~~~~~~~~~~~~~~~~~~~~~~~[0m

[96msrc/modules/marketplace/infrastructure/repositories/order.repository.impl.ts[0m:[93m9[0m:[93m32[0m - [91merror[0m[90m TS2307: [0mCannot find module '../../domain/value-objects/payment-details.value-object' or its corresponding type declarations.

[7m9[0m import { PaymentDetails } from '../../domain/value-objects/payment-details.value-object';
[7m [0m [91m                               ~~~~~~~~~~~~~~~~~~~~~~~~~~~~~~~~~~~~~~~~~~~~~~~~~~~~~~~~~[0m

[96msrc/modules/marketplace/infrastructure/repositories/order.repository.impl.ts[0m:[93m58[0m:[93m9[0m - [91merror[0m[90m TS2416: [0mProperty 'findByUserId' in type 'OrderRepositoryImpl' is not assignable to the same property in base type 'OrderRepository'.
  Type '(userId: string, limit?: number | undefined, offset?: number | undefined) => Promise<Order[]>' is not assignable to type '(userId: string, pagination?: OrderPaginationOptions | undefined) => Promise<OrderSearchResult>'.
    Types of parameters 'limit' and 'pagination' are incompatible.
      Type 'OrderPaginationOptions | undefined' is not assignable to type 'number | undefined'.
        Type 'OrderPaginationOptions' is not assignable to type 'number'.

[7m58[0m   async findByUserId(userId: string, limit?: number, offset?: number): Promise<Order[]> {
[7m  [0m [91m        ~~~~~~~~~~~~[0m

[96msrc/modules/marketplace/infrastructure/repositories/order.repository.impl.ts[0m:[93m82[0m:[93m9[0m - [91merror[0m[90m TS2416: [0mProperty 'findByStatus' in type 'OrderRepositoryImpl' is not assignable to the same property in base type 'OrderRepository'.
  Type '(status: string, limit?: number | undefined, offset?: number | undefined) => Promise<Order[]>' is not assignable to type '(status: string, pagination?: OrderPaginationOptions | undefined) => Promise<OrderSearchResult>'.
    Types of parameters 'limit' and 'pagination' are incompatible.
      Type 'OrderPaginationOptions | undefined' is not assignable to type 'number | undefined'.

[7m82[0m   async findByStatus(status: string, limit?: number, offset?: number): Promise<Order[]> {
[7m  [0m [91m        ~~~~~~~~~~~~[0m

[96msrc/modules/marketplace/infrastructure/repositories/order.repository.impl.ts[0m:[93m94[0m:[93m9[0m - [91merror[0m[90m TS2416: [0mProperty 'search' in type 'OrderRepositoryImpl' is not assignable to the same property in base type 'OrderRepository'.
  Type '(filters: OrderSearchFilters, limit?: number | undefined, offset?: number | undefined) => Promise<Order[]>' is not assignable to type '(criteria: OrderSearchCriteria, pagination?: OrderPaginationOptions | undefined) => Promise<OrderSearchResult>'.
    Types of parameters 'limit' and 'pagination' are incompatible.
      Type 'OrderPaginationOptions | undefined' is not assignable to type 'number | undefined'.

[7m94[0m   async search(filters: OrderSearchFilters, limit?: number, offset?: number): Promise<Order[]> {
[7m  [0m [91m        ~~~~~~[0m

[96msrc/modules/marketplace/infrastructure/repositories/order.repository.impl.ts[0m:[93m128[0m:[93m15[0m - [91merror[0m[90m TS2339: [0mProperty 'getId' does not exist on type 'Order'.

[7m128[0m     if (order.getId()) {
[7m   [0m [91m              ~~~~~[0m

[96msrc/modules/marketplace/infrastructure/repositories/order.repository.impl.ts[0m:[93m131[0m:[93m28[0m - [91merror[0m[90m TS2339: [0mProperty 'getId' does not exist on type 'Order'.

[7m131[0m         where: { id: order.getId() },
[7m   [0m [91m                           ~~~~~[0m

[96msrc/modules/marketplace/infrastructure/repositories/order.repository.impl.ts[0m:[93m152[0m:[93m11[0m - [91merror[0m[90m TS2353: [0mObject literal may only specify known properties, and 'items' does not exist in type 'Without<OrderUncheckedCreateInput, OrderCreateInput> & OrderCreateInput'.

[7m152[0m           items: {
[7m   [0m [91m          ~~~~~[0m

  [96mnode_modules/.prisma/client/index.d.ts[0m:[93m29273[0m:[93m5[0m
    [7m29273[0m     data: XOR<OrderCreateInput, OrderUncheckedCreateInput>
    [7m     [0m [96m    ~~~~[0m
    The expected type comes from property 'data' which is declared here on type '{ select?: OrderSelect<DefaultArgs> | null | undefined; omit?: OrderOmit<DefaultArgs> | null | undefined; include?: OrderInclude<DefaultArgs> | null | undefined; data: (Without<...> & OrderUncheckedCreateInput) | (Without<...> & OrderCreateInput); }'

[96msrc/modules/marketplace/infrastructure/repositories/order.repository.impl.ts[0m:[93m153[0m:[93m27[0m - [91merror[0m[90m TS2339: [0mProperty 'getItems' does not exist on type 'Order'.

[7m153[0m             create: order.getItems().map(item => this.orderItemToPersistence(item))
[7m   [0m [91m                          ~~~~~~~~[0m

[96msrc/modules/marketplace/infrastructure/repositories/order.repository.impl.ts[0m:[93m246[0m:[93m9[0m - [91merror[0m[90m TS2353: [0mObject literal may only specify known properties, and 'subtotal' does not exist in type 'OrderItemSumAggregateInputType'.

[7m246[0m         subtotal: true,
[7m   [0m [91m        ~~~~~~~~[0m

  [96mnode_modules/.prisma/client/index.d.ts[0m:[93m31130[0m:[93m5[0m
    [7m31130[0m     _sum?: OrderItemSumAggregateInputType
    [7m     [0m [96m    ~~~~[0m
    The expected type comes from property '_sum' which is declared here on type '{ where?: OrderItemWhereInput | undefined; orderBy?: OrderItemOrderByWithAggregationInput | OrderItemOrderByWithAggregationInput[] | undefined; ... 8 more ...; _max?: OrderItemMaxAggregateInputType | undefined; } & { ...; }'

[96msrc/modules/marketplace/infrastructure/repositories/order.repository.impl.ts[0m:[93m250[0m:[93m11[0m - [91merror[0m[90m TS2322: [0mType '{ _sum: { subtotal: string; }; }' is not assignable to type 'OrderItemOrderByWithAggregationInput | OrderItemOrderByWithAggregationInput[] | undefined'.
  Types of property '_sum' are incompatible.
    Object literal may only specify known properties, and 'subtotal' does not exist in type 'OrderItemSumOrderByAggregateInput'.

[7m250[0m           subtotal: 'desc',
[7m   [0m [91m          ~~~~~~~~[0m

  [96mnode_modules/.prisma/client/index.d.ts[0m:[93m31123[0m:[93m5[0m
    [7m31123[0m     orderBy?: OrderItemOrderByWithAggregationInput | OrderItemOrderByWithAggregationInput[]
    [7m     [0m [96m    ~~~~~~~[0m
    The expected type comes from property 'orderBy' which is declared here on type '{ where?: OrderItemWhereInput | undefined; orderBy?: OrderItemOrderByWithAggregationInput | OrderItemOrderByWithAggregationInput[] | undefined; ... 8 more ...; _max?: OrderItemMaxAggregateInputType | undefined; } & { ...; }'

[96msrc/modules/marketplace/infrastructure/repositories/order.repository.impl.ts[0m:[93m275[0m:[93m24[0m - [91merror[0m[90m TS18048: [0m'item._sum' is possibly 'undefined'.

[7m275[0m         totalQuantity: item._sum.quantity || 0,
[7m   [0m [91m                       ~~~~~~~~~[0m

[96msrc/modules/marketplace/infrastructure/repositories/order.repository.impl.ts[0m:[93m276[0m:[93m23[0m - [91merror[0m[90m TS18048: [0m'item._sum' is possibly 'undefined'.

[7m276[0m         totalRevenue: item._sum.subtotal || 0,
[7m   [0m [91m                      ~~~~~~~~~[0m

[96msrc/modules/marketplace/infrastructure/repositories/order.repository.impl.ts[0m:[93m276[0m:[93m33[0m - [91merror[0m[90m TS2339: [0mProperty 'subtotal' does not exist on type '{ quantity?: number | null | undefined; price?: number | null | undefined; }'.

[7m276[0m         totalRevenue: item._sum.subtotal || 0,
[7m   [0m [91m                                ~~~~~~~~[0m

[96msrc/modules/marketplace/infrastructure/repositories/order.repository.impl.ts[0m:[93m286[0m:[93m67[0m - [91merror[0m[90m TS2339: [0mProperty 'subtotal' does not exist on type '{ id: string; createdAt: Date; updatedAt: Date; orderId: string; quantity: number; price: number; productId: string; customizationDetails: JsonValue; }'.

[7m286[0m     const subtotalAmount = items.reduce((sum, item) => sum + item.subtotal, 0);
[7m   [0m [91m                                                                  ~~~~~~~~[0m

[96msrc/modules/marketplace/infrastructure/repositories/order.repository.impl.ts[0m:[93m349[0m:[93m12[0m - [91merror[0m[90m TS2673: [0mConstructor of class 'Order' is private and only accessible within the class declaration.

[7m349[0m     return new Order(
[7m   [0m [91m           ~~~~~~~~~~[0m
[7m350[0m       order.id,
[7m   [0m [91m~~~~~~~~~~~~~~~[0m
[7m...[0m 
[7m364[0m       order.updatedAt
[7m   [0m [91m~~~~~~~~~~~~~~~~~~~~~[0m
[7m365[0m     );
[7m   [0m [91m~~~~~[0m

[96msrc/modules/marketplace/infrastructure/repositories/order.repository.impl.ts[0m:[93m369[0m:[93m12[0m - [91merror[0m[90m TS2673: [0mConstructor of class 'OrderItem' is private and only accessible within the class declaration.

[7m369[0m     return new OrderItem(
[7m   [0m [91m           ~~~~~~~~~~~~~~[0m
[7m370[0m       item.id,
[7m   [0m [91m~~~~~~~~~~~~~~[0m
[7m...[0m 
[7m377[0m       item.product
[7m   [0m [91m~~~~~~~~~~~~~~~~~~[0m
[7m378[0m     );
[7m   [0m [91m~~~~~[0m

[96msrc/modules/marketplace/infrastructure/repositories/order.repository.impl.ts[0m:[93m383[0m:[93m17[0m - [91merror[0m[90m TS2339: [0mProperty 'getId' does not exist on type 'Order'.

[7m383[0m       id: order.getId(),
[7m   [0m [91m                ~~~~~[0m

[96msrc/modules/marketplace/infrastructure/repositories/order.repository.impl.ts[0m:[93m384[0m:[93m25[0m - [91merror[0m[90m TS2551: [0mProperty 'getTrackingId' does not exist on type 'Order'. Did you mean 'trackingId'?

[7m384[0m       trackingId: order.getTrackingId(),
[7m   [0m [91m                        ~~~~~~~~~~~~~[0m

  [96msrc/modules/marketplace/domain/entities/order.entity.ts[0m:[93m117[0m:[93m7[0m
    [7m117[0m   get trackingId(): string {
    [7m   [0m [96m      ~~~~~~~~~~[0m
    'trackingId' is declared here.

[96msrc/modules/marketplace/infrastructure/repositories/order.repository.impl.ts[0m:[93m385[0m:[93m36[0m - [91merror[0m[90m TS2551: [0mProperty 'getUserId' does not exist on type 'Order'. Did you mean 'userId'?

[7m385[0m       user: { connect: { id: order.getUserId() } },
[7m   [0m [91m                                   ~~~~~~~~~[0m

  [96msrc/modules/marketplace/domain/entities/order.entity.ts[0m:[93m121[0m:[93m7[0m
    [7m121[0m   get userId(): UserId {
    [7m   [0m [96m      ~~~~~~[0m
    'userId' is declared here.

[96msrc/modules/marketplace/infrastructure/repositories/order.repository.impl.ts[0m:[93m386[0m:[93m37[0m - [91merror[0m[90m TS2551: [0mProperty 'getStoreId' does not exist on type 'Order'. Did you mean 'storeId'?

[7m386[0m       store: { connect: { id: order.getStoreId() } },
[7m   [0m [91m                                    ~~~~~~~~~~[0m

  [96msrc/modules/marketplace/domain/entities/order.entity.ts[0m:[93m125[0m:[93m7[0m
    [7m125[0m   get storeId(): StoreId {
    [7m   [0m [96m      ~~~~~~~[0m
    'storeId' is declared here.

[96msrc/modules/marketplace/infrastructure/repositories/order.repository.impl.ts[0m:[93m387[0m:[93m21[0m - [91merror[0m[90m TS2551: [0mProperty 'getStatus' does not exist on type 'Order'. Did you mean 'status'?

[7m387[0m       status: order.getStatus().getValue() as any,
[7m   [0m [91m                    ~~~~~~~~~[0m

  [96msrc/modules/marketplace/domain/entities/order.entity.ts[0m:[93m133[0m:[93m7[0m
    [7m133[0m   get status(): OrderStatus {
    [7m   [0m [96m      ~~~~~~[0m
    'status' is declared here.

[96msrc/modules/marketplace/infrastructure/repositories/order.repository.impl.ts[0m:[93m388[0m:[93m28[0m - [91merror[0m[90m TS2551: [0mProperty 'getPaymentDetails' does not exist on type 'Order'. Did you mean 'paymentDetails'?

[7m388[0m       paymentStatus: order.getPaymentDetails().getStatus() as any,
[7m   [0m [91m                           ~~~~~~~~~~~~~~~~~[0m

  [96msrc/modules/marketplace/domain/entities/order.entity.ts[0m:[93m137[0m:[93m7[0m
    [7m137[0m   get paymentDetails(): PaymentDetails {
    [7m   [0m [96m      ~~~~~~~~~~~~~~[0m
    'paymentDetails' is declared here.

[96msrc/modules/marketplace/infrastructure/repositories/order.repository.impl.ts[0m:[93m389[0m:[93m29[0m - [91merror[0m[90m TS2339: [0mProperty 'getSubtotalAmount' does not exist on type 'Order'.

[7m389[0m       subtotalAmount: order.getSubtotalAmount().getAmount(),
[7m   [0m [91m                            ~~~~~~~~~~~~~~~~~[0m

[96msrc/modules/marketplace/infrastructure/repositories/order.repository.impl.ts[0m:[93m390[0m:[93m29[0m - [91merror[0m[90m TS2551: [0mProperty 'getDiscountAmount' does not exist on type 'Order'. Did you mean 'discountAmount'?

[7m390[0m       discountAmount: order.getDiscountAmount().getAmount(),
[7m   [0m [91m                            ~~~~~~~~~~~~~~~~~[0m

  [96msrc/modules/marketplace/domain/entities/order.entity.ts[0m:[93m153[0m:[93m7[0m
    [7m153[0m   get discountAmount(): Price {
    [7m   [0m [96m      ~~~~~~~~~~~~~~[0m
    'discountAmount' is declared here.

[96msrc/modules/marketplace/infrastructure/repositories/order.repository.impl.ts[0m:[93m391[0m:[93m26[0m - [91merror[0m[90m TS2551: [0mProperty 'getDeliveryFee' does not exist on type 'Order'. Did you mean 'deliveryFee'?

[7m391[0m       deliveryFee: order.getDeliveryFee().getAmount(),
[7m   [0m [91m                         ~~~~~~~~~~~~~~[0m

  [96msrc/modules/marketplace/domain/entities/order.entity.ts[0m:[93m157[0m:[93m7[0m
    [7m157[0m   get deliveryFee(): Price {
    [7m   [0m [96m      ~~~~~~~~~~~[0m
    'deliveryFee' is declared here.

[96msrc/modules/marketplace/infrastructure/repositories/order.repository.impl.ts[0m:[93m392[0m:[93m26[0m - [91merror[0m[90m TS2339: [0mProperty 'getTotalAmount' does not exist on type 'Order'.

[7m392[0m       totalAmount: order.getTotalAmount().getAmount(),
[7m   [0m [91m                         ~~~~~~~~~~~~~~[0m

[96msrc/modules/marketplace/infrastructure/repositories/order.repository.impl.ts[0m:[93m393[0m:[93m34[0m - [91merror[0m[90m TS2339: [0mProperty 'getSpecialInstructions' does not exist on type 'Order'.

[7m393[0m       specialInstructions: order.getSpecialInstructions(),
[7m   [0m [91m                                 ~~~~~~~~~~~~~~~~~~~~~~[0m

[96msrc/modules/marketplace/infrastructure/repositories/order.repository.impl.ts[0m:[93m394[0m:[93m32[0m - [91merror[0m[90m TS2551: [0mProperty 'getDeliveryInfo' does not exist on type 'Order'. Did you mean 'deliveryInfo'?

[7m394[0m       estimatedDelivery: order.getDeliveryInfo().getEstimatedDelivery(),
[7m   [0m [91m                               ~~~~~~~~~~~~~~~[0m

  [96msrc/modules/marketplace/domain/entities/order.entity.ts[0m:[93m141[0m:[93m7[0m
    [7m141[0m   get deliveryInfo(): DeliveryInfo {
    [7m   [0m [96m      ~~~~~~~~~~~~[0m
    'deliveryInfo' is declared here.

[96msrc/modules/marketplace/infrastructure/repositories/order.repository.impl.ts[0m:[93m395[0m:[93m36[0m - [91merror[0m[90m TS2551: [0mProperty 'getDeliveryInfo' does not exist on type 'Order'. Did you mean 'deliveryInfo'?

[7m395[0m       scheduledDeliveryTime: order.getDeliveryInfo().getScheduledTime(),
[7m   [0m [91m                                   ~~~~~~~~~~~~~~~[0m

  [96msrc/modules/marketplace/domain/entities/order.entity.ts[0m:[93m141[0m:[93m7[0m
    [7m141[0m   get deliveryInfo(): DeliveryInfo {
    [7m   [0m [96m      ~~~~~~~~~~~~[0m
    'deliveryInfo' is declared here.

[96msrc/modules/marketplace/infrastructure/repositories/order.repository.impl.ts[0m:[93m396[0m:[93m24[0m - [91merror[0m[90m TS2551: [0mProperty 'getCreatedAt' does not exist on type 'Order'. Did you mean 'createdAt'?

[7m396[0m       createdAt: order.getCreatedAt(),
[7m   [0m [91m                       ~~~~~~~~~~~~[0m

  [96msrc/modules/marketplace/domain/entities/order.entity.ts[0m:[93m193[0m:[93m7[0m
    [7m193[0m   get createdAt(): Date {
    [7m   [0m [96m      ~~~~~~~~~[0m
    'createdAt' is declared here.

[96msrc/modules/marketplace/infrastructure/repositories/order.repository.impl.ts[0m:[93m397[0m:[93m24[0m - [91merror[0m[90m TS2551: [0mProperty 'getUpdatedAt' does not exist on type 'Order'. Did you mean 'updatedAt'?

[7m397[0m       updatedAt: order.getUpdatedAt(),
[7m   [0m [91m                       ~~~~~~~~~~~~[0m

  [96msrc/modules/marketplace/domain/entities/order.entity.ts[0m:[93m197[0m:[93m7[0m
    [7m197[0m   get updatedAt(): Date {
    [7m   [0m [96m      ~~~~~~~~~[0m
    'updatedAt' is declared here.

[96msrc/modules/marketplace/infrastructure/repositories/order.repository.impl.ts[0m:[93m403[0m:[93m16[0m - [91merror[0m[90m TS2339: [0mProperty 'getId' does not exist on type 'OrderItem'.

[7m403[0m       id: item.getId(),
[7m   [0m [91m               ~~~~~[0m

[96msrc/modules/marketplace/infrastructure/repositories/order.repository.impl.ts[0m:[93m404[0m:[93m38[0m - [91merror[0m[90m TS2551: [0mProperty 'getProductId' does not exist on type 'OrderItem'. Did you mean 'productId'?

[7m404[0m       product: { connect: { id: item.getProductId() } },
[7m   [0m [91m                                     ~~~~~~~~~~~~[0m

  [96msrc/modules/marketplace/domain/entities/order-item.entity.ts[0m:[93m62[0m:[93m7[0m
    [7m62[0m   get productId(): ProductId {
    [7m  [0m [96m      ~~~~~~~~~[0m
    'productId' is declared here.

[96msrc/modules/marketplace/infrastructure/repositories/order.repository.impl.ts[0m:[93m405[0m:[93m22[0m - [91merror[0m[90m TS2551: [0mProperty 'getQuantity' does not exist on type 'OrderItem'. Did you mean 'quantity'?

[7m405[0m       quantity: item.getQuantity(),
[7m   [0m [91m                     ~~~~~~~~~~~[0m

  [96msrc/modules/marketplace/domain/entities/order-item.entity.ts[0m:[93m82[0m:[93m7[0m
    [7m82[0m   get quantity(): number {
    [7m  [0m [96m      ~~~~~~~~[0m
    'quantity' is declared here.

[96msrc/modules/marketplace/infrastructure/repositories/order.repository.impl.ts[0m:[93m406[0m:[93m7[0m - [91merror[0m[90m TS2353: [0mObject literal may only specify known properties, and 'unitPrice' does not exist in type 'OrderItemCreateWithoutOrderInput'.

[7m406[0m       unitPrice: item.getUnitPrice().getAmount(),
[7m   [0m [91m      ~~~~~~~~~[0m

[96msrc/modules/marketplace/infrastructure/repositories/order.repository.impl.ts[0m:[93m406[0m:[93m38[0m - [91merror[0m[90m TS2551: [0mProperty 'getAmount' does not exist on type 'Price'. Did you mean 'amount'?

[7m406[0m       unitPrice: item.getUnitPrice().getAmount(),
[7m   [0m [91m                                     ~~~~~~~~~[0m

  [96msrc/modules/marketplace/domain/value-objects/price.vo.ts[0m:[93m27[0m:[93m7[0m
    [7m27[0m   get amount(): number {
    [7m  [0m [96m      ~~~~~~[0m
    'amount' is declared here.

[96msrc/modules/marketplace/infrastructure/repositories/order.repository.impl.ts[0m:[93m407[0m:[93m22[0m - [91merror[0m[90m TS2551: [0mProperty 'getSubtotal' does not exist on type 'OrderItem'. Did you mean 'subtotal'?

[7m407[0m       subtotal: item.getSubtotal().getAmount(),
[7m   [0m [91m                     ~~~~~~~~~~~[0m

  [96msrc/modules/marketplace/domain/entities/order-item.entity.ts[0m:[93m90[0m:[93m7[0m
    [7m90[0m   get subtotal(): Price {
    [7m  [0m [96m      ~~~~~~~~[0m
    'subtotal' is declared here.

[96msrc/modules/marketplace/infrastructure/repositories/order.repository.impl.ts[0m:[93m408[0m:[93m23[0m - [91merror[0m[90m TS2339: [0mProperty 'getVariantId' does not exist on type 'OrderItem'.

[7m408[0m       variantId: item.getVariantId(),
[7m   [0m [91m                      ~~~~~~~~~~~~[0m

[96msrc/modules/marketplace/infrastructure/repositories/product.repository.impl.ts[0m:[93m5[0m:[93m32[0m - [91merror[0m[90m TS2307: [0mCannot find module '../../domain/value-objects/product-details.value-object' or its corresponding type declarations.

[7m5[0m import { ProductDetails } from '../../domain/value-objects/product-details.value-object';
[7m [0m [91m                               ~~~~~~~~~~~~~~~~~~~~~~~~~~~~~~~~~~~~~~~~~~~~~~~~~~~~~~~~~[0m

[96msrc/modules/marketplace/infrastructure/repositories/product.repository.impl.ts[0m:[93m6[0m:[93m23[0m - [91merror[0m[90m TS2307: [0mCannot find module '../../domain/value-objects/price.value-object' or its corresponding type declarations.

[7m6[0m import { Price } from '../../domain/value-objects/price.value-object';
[7m [0m [91m                      ~~~~~~~~~~~~~~~~~~~~~~~~~~~~~~~~~~~~~~~~~~~~~~~[0m

[96msrc/modules/marketplace/infrastructure/repositories/product.repository.impl.ts[0m:[93m7[0m:[93m24[0m - [91merror[0m[90m TS2307: [0mCannot find module '../../domain/value-objects/rating.value-object' or its corresponding type declarations.

[7m7[0m import { Rating } from '../../domain/value-objects/rating.value-object';
[7m [0m [91m                       ~~~~~~~~~~~~~~~~~~~~~~~~~~~~~~~~~~~~~~~~~~~~~~~~[0m

[96msrc/modules/marketplace/infrastructure/repositories/product.repository.impl.ts[0m:[93m19[0m:[93m7[0m - [91merror[0m[90m TS2322: [0mType '{ category: boolean; brand: boolean; store: boolean; variants: boolean; reviews: { take: number; orderBy: { createdAt: string; }; include: { user: { select: { id: boolean; firstName: boolean; lastName: boolean; }; }; }; }; }' is not assignable to type 'ProductInclude<DefaultArgs>'.
  Types of property 'reviews' are incompatible.
    Type '{ take: number; orderBy: { createdAt: string; }; include: { user: { select: { id: boolean; firstName: boolean; lastName: boolean; }; }; }; }' is not assignable to type 'boolean | Product$reviewsArgs<DefaultArgs> | undefined'.
      Type '{ take: number; orderBy: { createdAt: string; }; include: { user: { select: { id: boolean; firstName: boolean; lastName: boolean; }; }; }; }' is not assignable to type 'Product$reviewsArgs<DefaultArgs>'.
        Types of property 'orderBy' are incompatible.
          Type '{ createdAt: string; }' is not assignable to type 'ReviewOrderByWithRelationInput | ReviewOrderByWithRelationInput[] | undefined'.
            Type '{ createdAt: string; }' is not assignable to type 'ReviewOrderByWithRelationInput'.
              Types of property 'createdAt' are incompatible.
                Type 'string' is not assignable to type 'SortOrder | undefined'.

[7m19[0m       include: this.getIncludeOptions(),
[7m  [0m [91m      ~~~~~~~[0m

  [96mnode_modules/.prisma/client/index.d.ts[0m:[93m22321[0m:[93m5[0m
    [7m22321[0m     include?: ProductInclude<ExtArgs> | null
    [7m     [0m [96m    ~~~~~~~[0m
    The expected type comes from property 'include' which is declared here on type '{ select?: ProductSelect<DefaultArgs> | null | undefined; omit?: ProductOmit<DefaultArgs> | null | undefined; include?: ProductInclude<...> | ... 1 more ... | undefined; data: (Without<...> & ProductUncheckedCreateInput) | (Without<...> & ProductCreateInput); }'

[96msrc/modules/marketplace/infrastructure/repositories/product.repository.impl.ts[0m:[93m29[0m:[93m28[0m - [91merror[0m[90m TS2339: [0mProperty 'getId' does not exist on type 'Product'.

[7m29[0m       where: { id: product.getId() },
[7m  [0m [91m                           ~~~~~[0m

[96msrc/modules/marketplace/infrastructure/repositories/product.repository.impl.ts[0m:[93m31[0m:[93m7[0m - [91merror[0m[90m TS2322: [0mType '{ category: boolean; brand: boolean; store: boolean; variants: boolean; reviews: { take: number; orderBy: { createdAt: string; }; include: { user: { select: { id: boolean; firstName: boolean; lastName: boolean; }; }; }; }; }' is not assignable to type 'ProductInclude<DefaultArgs>'.

[7m31[0m       include: this.getIncludeOptions(),
[7m  [0m [91m      ~~~~~~~[0m

  [96mnode_modules/.prisma/client/index.d.ts[0m:[93m22377[0m:[93m5[0m
    [7m22377[0m     include?: ProductInclude<ExtArgs> | null
    [7m     [0m [96m    ~~~~~~~[0m
    The expected type comes from property 'include' which is declared here on type '{ select?: ProductSelect<DefaultArgs> | null | undefined; omit?: ProductOmit<DefaultArgs> | null | undefined; include?: ProductInclude<...> | ... 1 more ... | undefined; data: (Without<...> & ProductUncheckedUpdateInput) | (Without<...> & ProductUpdateInput); where: ProductWhereUniqueInput; }'

[96msrc/modules/marketplace/infrastructure/repositories/product.repository.impl.ts[0m:[93m46[0m:[93m7[0m - [91merror[0m[90m TS2322: [0mType '{ category: boolean; brand: boolean; store: boolean; variants: boolean; reviews: { take: number; orderBy: { createdAt: string; }; include: { user: { select: { id: boolean; firstName: boolean; lastName: boolean; }; }; }; }; }' is not assignable to type 'ProductInclude<DefaultArgs>'.

[7m46[0m       include: this.getIncludeOptions(),
[7m  [0m [91m      ~~~~~~~[0m

  [96mnode_modules/.prisma/client/index.d.ts[0m:[93m22126[0m:[93m5[0m
    [7m22126[0m     include?: ProductInclude<ExtArgs> | null
    [7m     [0m [96m    ~~~~~~~[0m
    The expected type comes from property 'include' which is declared here on type '{ select?: ProductSelect<DefaultArgs> | null | undefined; omit?: ProductOmit<DefaultArgs> | null | undefined; include?: ProductInclude<...> | ... 1 more ... | undefined; where: ProductWhereUniqueInput; }'

[96msrc/modules/marketplace/infrastructure/repositories/product.repository.impl.ts[0m:[93m55[0m:[93m7[0m - [91merror[0m[90m TS2322: [0mType '{ category: boolean; brand: boolean; store: boolean; variants: boolean; reviews: { take: number; orderBy: { createdAt: string; }; include: { user: { select: { id: boolean; firstName: boolean; lastName: boolean; }; }; }; }; }' is not assignable to type 'ProductInclude<DefaultArgs>'.

[7m55[0m       include: this.getIncludeOptions(),
[7m  [0m [91m      ~~~~~~~[0m

[96msrc/modules/marketplace/infrastructure/repositories/product.repository.impl.ts[0m:[93m63[0m:[93m16[0m - [91merror[0m[90m TS2353: [0mObject literal may only specify known properties, and 'slug' does not exist in type 'ProductWhereUniqueInput'.

[7m63[0m       where: { slug },
[7m  [0m [91m               ~~~~[0m

  [96mnode_modules/.prisma/client/index.d.ts[0m:[93m22130[0m:[93m5[0m
    [7m22130[0m     where: ProductWhereUniqueInput
    [7m     [0m [96m    ~~~~~[0m
    The expected type comes from property 'where' which is declared here on type '{ select?: ProductSelect<DefaultArgs> | null | undefined; omit?: ProductOmit<DefaultArgs> | null | undefined; include?: ProductInclude<...> | ... 1 more ... | undefined; where: ProductWhereUniqueInput; }'

[96msrc/modules/marketplace/infrastructure/repositories/product.repository.impl.ts[0m:[93m64[0m:[93m7[0m - [91merror[0m[90m TS2322: [0mType '{ category: boolean; brand: boolean; store: boolean; variants: boolean; reviews: { take: number; orderBy: { createdAt: string; }; include: { user: { select: { id: boolean; firstName: boolean; lastName: boolean; }; }; }; }; }' is not assignable to type 'ProductInclude<DefaultArgs>'.

[7m64[0m       include: this.getIncludeOptions(),
[7m  [0m [91m      ~~~~~~~[0m

  [96mnode_modules/.prisma/client/index.d.ts[0m:[93m22126[0m:[93m5[0m
    [7m22126[0m     include?: ProductInclude<ExtArgs> | null
    [7m     [0m [96m    ~~~~~~~[0m
    The expected type comes from property 'include' which is declared here on type '{ select?: ProductSelect<DefaultArgs> | null | undefined; omit?: ProductOmit<DefaultArgs> | null | undefined; include?: ProductInclude<...> | ... 1 more ... | undefined; where: ProductWhereUniqueInput; }'

[96msrc/modules/marketplace/infrastructure/repositories/product.repository.impl.ts[0m:[93m73[0m:[93m7[0m - [91merror[0m[90m TS2322: [0mType '{ category: boolean; brand: boolean; store: boolean; variants: boolean; reviews: { take: number; orderBy: { createdAt: string; }; include: { user: { select: { id: boolean; firstName: boolean; lastName: boolean; }; }; }; }; }' is not assignable to type 'ProductInclude<DefaultArgs>'.

[7m73[0m       include: this.getIncludeOptions(),
[7m  [0m [91m      ~~~~~~~[0m

  [96mnode_modules/.prisma/client/index.d.ts[0m:[93m22126[0m:[93m5[0m
    [7m22126[0m     include?: ProductInclude<ExtArgs> | null
    [7m     [0m [96m    ~~~~~~~[0m
    The expected type comes from property 'include' which is declared here on type '{ select?: ProductSelect<DefaultArgs> | null | undefined; omit?: ProductOmit<DefaultArgs> | null | undefined; include?: ProductInclude<...> | ... 1 more ... | undefined; where: ProductWhereUniqueInput; }'

[96msrc/modules/marketplace/infrastructure/repositories/product.repository.impl.ts[0m:[93m79[0m:[93m9[0m - [91merror[0m[90m TS2416: [0mProperty 'findByCategory' in type 'ProductRepositoryImpl' is not assignable to the same property in base type 'ProductRepository'.
  Type '(categoryId: string, limit?: number | undefined) => Promise<Product[]>' is not assignable to type '(categoryId: string, pagination?: ProductPaginationOptions | undefined) => Promise<ProductSearchResult>'.
    Types of parameters 'limit' and 'pagination' are incompatible.
      Type 'ProductPaginationOptions | undefined' is not assignable to type 'number | undefined'.
        Type 'ProductPaginationOptions' is not assignable to type 'number'.

[7m79[0m   async findByCategory(categoryId: string, limit?: number): Promise<Product[]> {
[7m  [0m [91m        ~~~~~~~~~~~~~~[0m

[96msrc/modules/marketplace/infrastructure/repositories/product.repository.impl.ts[0m:[93m82[0m:[93m7[0m - [91merror[0m[90m TS2322: [0mType '{ category: boolean; brand: boolean; store: boolean; variants: boolean; reviews: { take: number; orderBy: { createdAt: string; }; include: { user: { select: { id: boolean; firstName: boolean; lastName: boolean; }; }; }; }; }' is not assignable to type 'ProductInclude<DefaultArgs>'.

[7m82[0m       include: this.getIncludeOptions(),
[7m  [0m [91m      ~~~~~~~[0m

[96msrc/modules/marketplace/infrastructure/repositories/product.repository.impl.ts[0m:[93m90[0m:[93m9[0m - [91merror[0m[90m TS2416: [0mProperty 'findByBrand' in type 'ProductRepositoryImpl' is not assignable to the same property in base type 'ProductRepository'.
  Type '(brandId: string, limit?: number | undefined) => Promise<Product[]>' is not assignable to type '(brandId: string, pagination?: ProductPaginationOptions | undefined) => Promise<ProductSearchResult>'.
    Types of parameters 'limit' and 'pagination' are incompatible.
      Type 'ProductPaginationOptions | undefined' is not assignable to type 'number | undefined'.

[7m90[0m   async findByBrand(brandId: string, limit?: number): Promise<Product[]> {
[7m  [0m [91m        ~~~~~~~~~~~[0m

[96msrc/modules/marketplace/infrastructure/repositories/product.repository.impl.ts[0m:[93m93[0m:[93m7[0m - [91merror[0m[90m TS2322: [0mType '{ category: boolean; brand: boolean; store: boolean; variants: boolean; reviews: { take: number; orderBy: { createdAt: string; }; include: { user: { select: { id: boolean; firstName: boolean; lastName: boolean; }; }; }; }; }' is not assignable to type 'ProductInclude<DefaultArgs>'.

[7m93[0m       include: this.getIncludeOptions(),
[7m  [0m [91m      ~~~~~~~[0m

[96msrc/modules/marketplace/infrastructure/repositories/product.repository.impl.ts[0m:[93m101[0m:[93m9[0m - [91merror[0m[90m TS2416: [0mProperty 'findByStore' in type 'ProductRepositoryImpl' is not assignable to the same property in base type 'ProductRepository'.
  Type '(storeId: string, limit?: number | undefined) => Promise<Product[]>' is not assignable to type '(storeId: string, pagination?: ProductPaginationOptions | undefined) => Promise<ProductSearchResult>'.
    Types of parameters 'limit' and 'pagination' are incompatible.
      Type 'ProductPaginationOptions | undefined' is not assignable to type 'number | undefined'.

[7m101[0m   async findByStore(storeId: string, limit?: number): Promise<Product[]> {
[7m   [0m [91m        ~~~~~~~~~~~[0m

[96msrc/modules/marketplace/infrastructure/repositories/product.repository.impl.ts[0m:[93m104[0m:[93m7[0m - [91merror[0m[90m TS2322: [0mType '{ category: boolean; brand: boolean; store: boolean; variants: boolean; reviews: { take: number; orderBy: { createdAt: string; }; include: { user: { select: { id: boolean; firstName: boolean; lastName: boolean; }; }; }; }; }' is not assignable to type 'ProductInclude<DefaultArgs>'.

[7m104[0m       include: this.getIncludeOptions(),
[7m   [0m [91m      ~~~~~~~[0m

[96msrc/modules/marketplace/infrastructure/repositories/product.repository.impl.ts[0m:[93m173[0m:[93m19[0m - [91merror[0m[90m TS2551: [0mProperty 'viewCount' does not exist on type 'ProductOrderByWithRelationInput'. Did you mean 'reviewCount'?

[7m173[0m           orderBy.viewCount = filters.sortOrder || 'desc';
[7m   [0m [91m                  ~~~~~~~~~[0m

  [96mnode_modules/.prisma/client/index.d.ts[0m:[93m69135[0m:[93m5[0m
    [7m69135[0m     reviewCount?: SortOrder
    [7m     [0m [96m    ~~~~~~~~~~~[0m
    'reviewCount' is declared here.

[96msrc/modules/marketplace/infrastructure/repositories/product.repository.impl.ts[0m:[93m185[0m:[93m9[0m - [91merror[0m[90m TS2322: [0mType '{ category: boolean; brand: boolean; store: boolean; variants: boolean; reviews: { take: number; orderBy: { createdAt: string; }; include: { user: { select: { id: boolean; firstName: boolean; lastName: boolean; }; }; }; }; }' is not assignable to type 'ProductInclude<DefaultArgs>'.

[7m185[0m         include: this.getIncludeOptions(),
[7m   [0m [91m        ~~~~~~~[0m

[96msrc/modules/marketplace/infrastructure/repositories/product.repository.impl.ts[0m:[93m210[0m:[93m7[0m - [91merror[0m[90m TS2322: [0mType '{ category: boolean; brand: boolean; store: boolean; variants: boolean; reviews: { take: number; orderBy: { createdAt: string; }; include: { user: { select: { id: boolean; firstName: boolean; lastName: boolean; }; }; }; }; }' is not assignable to type 'ProductInclude<DefaultArgs>'.

[7m210[0m       include: this.getIncludeOptions(),
[7m   [0m [91m      ~~~~~~~[0m

[96msrc/modules/marketplace/infrastructure/repositories/product.repository.impl.ts[0m:[93m214[0m:[93m11[0m - [91merror[0m[90m TS2561: [0mObject literal may only specify known properties, but 'viewCount' does not exist in type 'ProductOrderByWithRelationInput'. Did you mean to write 'reviewCount'?

[7m214[0m         { viewCount: 'desc' },
[7m   [0m [91m          ~~~~~~~~~[0m

[96msrc/modules/marketplace/infrastructure/repositories/product.repository.impl.ts[0m:[93m222[0m:[93m9[0m - [91merror[0m[90m TS2416: [0mProperty 'findFeatured' in type 'ProductRepositoryImpl' is not assignable to the same property in base type 'ProductRepository'.
  Type '(limit?: number | undefined) => Promise<Product[]>' is not assignable to type '(pagination?: ProductPaginationOptions | undefined) => Promise<ProductSearchResult>'.
    Types of parameters 'limit' and 'pagination' are incompatible.
      Type 'ProductPaginationOptions | undefined' is not assignable to type 'number | undefined'.

[7m222[0m   async findFeatured(limit?: number): Promise<Product[]> {
[7m   [0m [91m        ~~~~~~~~~~~~[0m

[96msrc/modules/marketplace/infrastructure/repositories/product.repository.impl.ts[0m:[93m228[0m:[93m7[0m - [91merror[0m[90m TS2322: [0mType '{ category: boolean; brand: boolean; store: boolean; variants: boolean; reviews: { take: number; orderBy: { createdAt: string; }; include: { user: { select: { id: boolean; firstName: boolean; lastName: boolean; }; }; }; }; }' is not assignable to type 'ProductInclude<DefaultArgs>'.

[7m228[0m       include: this.getIncludeOptions(),
[7m   [0m [91m      ~~~~~~~[0m

[96msrc/modules/marketplace/infrastructure/repositories/product.repository.impl.ts[0m:[93m230[0m:[93m18[0m - [91merror[0m[90m TS2353: [0mObject literal may only specify known properties, and 'featuredAt' does not exist in type 'ProductOrderByWithRelationInput | ProductOrderByWithRelationInput[]'.

[7m230[0m       orderBy: { featuredAt: 'desc' },
[7m   [0m [91m                 ~~~~~~~~~~[0m

[96msrc/modules/marketplace/infrastructure/repositories/product.repository.impl.ts[0m:[93m244[0m:[93m7[0m - [91merror[0m[90m TS2322: [0mType '{ category: boolean; brand: boolean; store: boolean; variants: boolean; reviews: { take: number; orderBy: { createdAt: string; }; include: { user: { select: { id: boolean; firstName: boolean; lastName: boolean; }; }; }; }; }' is not assignable to type 'ProductInclude<DefaultArgs>'.

[7m244[0m       include: this.getIncludeOptions(),
[7m   [0m [91m      ~~~~~~~[0m

[96msrc/modules/marketplace/infrastructure/repositories/product.repository.impl.ts[0m:[93m248[0m:[93m11[0m - [91merror[0m[90m TS2561: [0mObject literal may only specify known properties, but 'viewCount' does not exist in type 'ProductOrderByWithRelationInput'. Did you mean to write 'reviewCount'?

[7m248[0m         { viewCount: 'desc' },
[7m   [0m [91m          ~~~~~~~~~[0m

[96msrc/modules/marketplace/infrastructure/repositories/product.repository.impl.ts[0m:[93m249[0m:[93m11[0m - [91merror[0m[90m TS2353: [0mObject literal may only specify known properties, and 'orderCount' does not exist in type 'ProductOrderByWithRelationInput'.

[7m249[0m         { orderCount: 'desc' },
[7m   [0m [91m          ~~~~~~~~~~[0m

[96msrc/modules/marketplace/infrastructure/repositories/product.repository.impl.ts[0m:[93m274[0m:[93m7[0m - [91merror[0m[90m TS2322: [0mType '{ category: boolean; brand: boolean; store: boolean; variants: boolean; reviews: { take: number; orderBy: { createdAt: string; }; include: { user: { select: { id: boolean; firstName: boolean; lastName: boolean; }; }; }; }; }' is not assignable to type 'ProductInclude<DefaultArgs>'.

[7m274[0m       include: this.getIncludeOptions(),
[7m   [0m [91m      ~~~~~~~[0m

[96msrc/modules/marketplace/infrastructure/repositories/product.repository.impl.ts[0m:[93m292[0m:[93m15[0m - [91merror[0m[90m TS2561: [0mObject literal may only specify known properties, but 'viewCount' does not exist in type '(Without<ProductUpdateInput, ProductUncheckedUpdateInput> & ProductUncheckedUpdateInput) | (Without<...> & ProductUpdateInput)'. Did you mean to write 'reviewCount'?

[7m292[0m       data: { viewCount: { increment: 1 } },
[7m   [0m [91m              ~~~~~~~~~[0m

  [96mnode_modules/.prisma/client/index.d.ts[0m:[93m22381[0m:[93m5[0m
    [7m22381[0m     data: XOR<ProductUpdateInput, ProductUncheckedUpdateInput>
    [7m     [0m [96m    ~~~~[0m
    The expected type comes from property 'data' which is declared here on type '{ select?: ProductSelect<DefaultArgs> | null | undefined; omit?: ProductOmit<DefaultArgs> | null | undefined; include?: ProductInclude<...> | ... 1 more ... | undefined; data: (Without<...> & ProductUncheckedUpdateInput) | (Without<...> & ProductUpdateInput); where: ProductWhereUniqueInput; }'

[96msrc/modules/marketplace/infrastructure/repositories/product.repository.impl.ts[0m:[93m296[0m:[93m9[0m - [91merror[0m[90m TS2416: [0mProperty 'updateRating' in type 'ProductRepositoryImpl' is not assignable to the same property in base type 'ProductRepository'.
  Type '(productId: string, averageRating: number, reviewCount: number) => Promise<void>' is not assignable to type '(productId: string, rating: Rating) => Promise<void>'.
    Target signature provides too few arguments. Expected 3 or more, but got 2.

[7m296[0m   async updateRating(productId: string, averageRating: number, reviewCount: number): Promise<void> {
[7m   [0m [91m        ~~~~~~~~~~~~[0m

[96msrc/modules/marketplace/infrastructure/repositories/product.repository.impl.ts[0m:[93m324[0m:[93m15[0m - [91merror[0m[90m TS2322: [0mType 'string | null' is not assignable to type 'string | StringFieldUpdateOperationsInput | undefined'.
  Type 'null' is not assignable to type 'string | StringFieldUpdateOperationsInput | undefined'.

[7m324[0m       data: { categoryId: newCategoryId },
[7m   [0m [91m              ~~~~~~~~~~[0m

  [96mnode_modules/.prisma/client/index.d.ts[0m:[93m75192[0m:[93m5[0m
    [7m75192[0m     categoryId?: StringFieldUpdateOperationsInput | string
    [7m     [0m [96m    ~~~~~~~~~~[0m
    The expected type comes from property 'categoryId' which is declared here on type '(Without<ProductUpdateManyMutationInput, ProductUncheckedUpdateManyInput> & ProductUncheckedUpdateManyInput) | (Without<...> & ProductUpdateManyMutationInput)'

[96msrc/modules/marketplace/infrastructure/repositories/product.repository.impl.ts[0m:[93m366[0m:[93m17[0m - [91merror[0m[90m TS2561: [0mObject literal may only specify known properties, but 'viewCount' does not exist in type 'ProductSumAggregateInputType'. Did you mean to write 'reviewCount'?

[7m366[0m         _sum: { viewCount: true },
[7m   [0m [91m                ~~~~~~~~~[0m

  [96mnode_modules/.prisma/client/index.d.ts[0m:[93m21397[0m:[93m5[0m
    [7m21397[0m     _sum?: ProductSumAggregateInputType
    [7m     [0m [96m    ~~~~[0m
    The expected type comes from property '_sum' which is declared here on type 'Subset<ProductAggregateArgs<DefaultArgs>, ProductAggregateArgs<DefaultArgs>>'

[96msrc/modules/marketplace/infrastructure/repositories/product.repository.impl.ts[0m:[93m373[0m:[93m11[0m - [91merror[0m[90m TS2561: [0mObject literal may only specify known properties, but 'viewCount' does not exist in type 'ProductSelect<DefaultArgs>'. Did you mean to write 'reviewCount'?

[7m373[0m           viewCount: true,
[7m   [0m [91m          ~~~~~~~~~[0m

[96msrc/modules/marketplace/infrastructure/repositories/product.repository.impl.ts[0m:[93m377[0m:[93m20[0m - [91merror[0m[90m TS2353: [0mObject literal may only specify known properties, and 'viewCount' does not exist in type 'ProductOrderByWithRelationInput | ProductOrderByWithRelationInput[]'.

[7m377[0m         orderBy: { viewCount: 'desc' },
[7m   [0m [91m                   ~~~~~~~~~[0m

[96msrc/modules/marketplace/infrastructure/repositories/product.repository.impl.ts[0m:[93m386[0m:[93m21[0m - [91merror[0m[90m TS18048: [0m'aggregates._avg' is possibly 'undefined'.

[7m386[0m       averagePrice: aggregates._avg.price || 0,
[7m   [0m [91m                    ~~~~~~~~~~~~~~~[0m

[96msrc/modules/marketplace/infrastructure/repositories/product.repository.impl.ts[0m:[93m387[0m:[93m22[0m - [91merror[0m[90m TS18048: [0m'aggregates._avg' is possibly 'undefined'.

[7m387[0m       averageRating: aggregates._avg.averageRating || 0,
[7m   [0m [91m                     ~~~~~~~~~~~~~~~[0m

[96msrc/modules/marketplace/infrastructure/repositories/product.repository.impl.ts[0m:[93m388[0m:[93m19[0m - [91merror[0m[90m TS18048: [0m'aggregates._sum' is possibly 'undefined'.

[7m388[0m       totalViews: aggregates._sum.viewCount || 0,
[7m   [0m [91m                  ~~~~~~~~~~~~~~~[0m

[96msrc/modules/marketplace/infrastructure/repositories/product.repository.impl.ts[0m:[93m388[0m:[93m35[0m - [91merror[0m[90m TS2551: [0mProperty 'viewCount' does not exist on type '{ price?: number | null | undefined; discountedPrice?: number | null | undefined; discountPercentage?: number | null | undefined; stock?: number | null | undefined; minStock?: number | null | undefined; weight?: number | ... 1 more ... | undefined; averageRating?: number | ... 1 more ... | undefined; reviewCount?: n...'. Did you mean 'reviewCount'?

[7m388[0m       totalViews: aggregates._sum.viewCount || 0,
[7m   [0m [91m                                  ~~~~~~~~~[0m

[96msrc/modules/marketplace/infrastructure/repositories/product.repository.impl.ts[0m:[93m392[0m:[93m24[0m - [91merror[0m[90m TS2551: [0mProperty 'viewCount' does not exist on type '{ id: string; name: string; averageRating: number | null; createdAt: Date; updatedAt: Date; isActive: boolean; tags: string[]; description: string | null; storeId: string; weight: number | null; ... 11 more ...; imageUrls: string[]; }'. Did you mean 'reviewCount'?

[7m392[0m         views: product.viewCount,
[7m   [0m [91m                       ~~~~~~~~~[0m

[96msrc/modules/marketplace/infrastructure/repositories/product.repository.impl.ts[0m:[93m393[0m:[93m25[0m - [91merror[0m[90m TS2339: [0mProperty 'orderCount' does not exist on type '{ id: string; name: string; averageRating: number | null; createdAt: Date; updatedAt: Date; isActive: boolean; tags: string[]; description: string | null; storeId: string; weight: number | null; ... 11 more ...; imageUrls: string[]; }'.

[7m393[0m         orders: product.orderCount,
[7m   [0m [91m                        ~~~~~~~~~~[0m

[96msrc/modules/marketplace/infrastructure/repositories/product.repository.impl.ts[0m:[93m394[0m:[93m26[0m - [91merror[0m[90m TS2339: [0mProperty 'orderCount' does not exist on type '{ id: string; name: string; averageRating: number | null; createdAt: Date; updatedAt: Date; isActive: boolean; tags: string[]; description: string | null; storeId: string; weight: number | null; ... 11 more ...; imageUrls: string[]; }'.

[7m394[0m         revenue: product.orderCount * product.price,
[7m   [0m [91m                         ~~~~~~~~~~[0m

[96msrc/modules/marketplace/infrastructure/repositories/product.repository.impl.ts[0m:[93m414[0m:[93m29[0m - [91merror[0m[90m TS2339: [0mProperty 'getDetails' does not exist on type 'Product'.

[7m414[0m     const details = product.getDetails();
[7m   [0m [91m                            ~~~~~~~~~~[0m

[96msrc/modules/marketplace/infrastructure/repositories/product.repository.impl.ts[0m:[93m415[0m:[93m27[0m - [91merror[0m[90m TS2339: [0mProperty 'getPrice' does not exist on type 'Product'.

[7m415[0m     const price = product.getPrice();
[7m   [0m [91m                          ~~~~~~~~[0m

[96msrc/modules/marketplace/infrastructure/repositories/product.repository.impl.ts[0m:[93m418[0m:[93m19[0m - [91merror[0m[90m TS2339: [0mProperty 'getId' does not exist on type 'Product'.

[7m418[0m       id: product.getId(),
[7m   [0m [91m                  ~~~~~[0m

[96msrc/modules/marketplace/infrastructure/repositories/product.repository.impl.ts[0m:[93m423[0m:[93m21[0m - [91merror[0m[90m TS2339: [0mProperty 'getSlug' does not exist on type 'Product'.

[7m423[0m       slug: product.getSlug(),
[7m   [0m [91m                    ~~~~~~~[0m

[96msrc/modules/marketplace/infrastructure/repositories/product.repository.impl.ts[0m:[93m427[0m:[93m22[0m - [91merror[0m[90m TS2339: [0mProperty 'getStock' does not exist on type 'Product'.

[7m427[0m       stock: product.getStock(),
[7m   [0m [91m                     ~~~~~~~~[0m

[96msrc/modules/marketplace/infrastructure/repositories/product.repository.impl.ts[0m:[93m428[0m:[93m34[0m - [91merror[0m[90m TS2339: [0mProperty 'getLowStockThreshold' does not exist on type 'Product'.

[7m428[0m       lowStockThreshold: product.getLowStockThreshold(),
[7m   [0m [91m                                 ~~~~~~~~~~~~~~~~~~~~[0m

[96msrc/modules/marketplace/infrastructure/repositories/product.repository.impl.ts[0m:[93m435[0m:[93m25[0m - [91merror[0m[90m TS6234: [0mThis expression is not callable because it is a 'get' accessor. Did you mean to use it without '()'?
  Type 'Boolean' has no call signatures.

[7m435[0m       isActive: product.isActive(),
[7m   [0m [91m                        ~~~~~~~~[0m

[96msrc/modules/marketplace/infrastructure/repositories/product.repository.impl.ts[0m:[93m436[0m:[93m27[0m - [91merror[0m[90m TS2339: [0mProperty 'isFeatured' does not exist on type 'Product'.

[7m436[0m       isFeatured: product.isFeatured(),
[7m   [0m [91m                          ~~~~~~~~~~[0m

[96msrc/modules/marketplace/infrastructure/repositories/product.repository.impl.ts[0m:[93m441[0m:[93m7[0m - [91merror[0m[90m TS2322: [0mType '{ connect: { id: any; }; } | undefined' is not assignable to type 'CategoryCreateNestedOneWithoutProductsInput'.
  Type 'undefined' is not assignable to type 'CategoryCreateNestedOneWithoutProductsInput'.

[7m441[0m       category: product.getCategoryId() ? { connect: { id: product.getCategoryId() } } : undefined,
[7m   [0m [91m      ~~~~~~~~[0m

  [96mnode_modules/.prisma/client/index.d.ts[0m:[93m75038[0m:[93m5[0m
    [7m75038[0m     category: CategoryCreateNestedOneWithoutProductsInput
    [7m     [0m [96m    ~~~~~~~~[0m
    The expected type comes from property 'category' which is declared here on type 'ProductCreateInput'

[96msrc/modules/marketplace/infrastructure/repositories/product.repository.impl.ts[0m:[93m441[0m:[93m25[0m - [91merror[0m[90m TS2551: [0mProperty 'getCategoryId' does not exist on type 'Product'. Did you mean 'categoryId'?

[7m441[0m       category: product.getCategoryId() ? { connect: { id: product.getCategoryId() } } : undefined,
[7m   [0m [91m                        ~~~~~~~~~~~~~[0m

  [96msrc/modules/marketplace/domain/entities/product.entity.ts[0m:[93m89[0m:[93m7[0m
    [7m89[0m   get categoryId(): CategoryId {
    [7m  [0m [96m      ~~~~~~~~~~[0m
    'categoryId' is declared here.

[96msrc/modules/marketplace/infrastructure/repositories/product.repository.impl.ts[0m:[93m441[0m:[93m68[0m - [91merror[0m[90m TS2551: [0mProperty 'getCategoryId' does not exist on type 'Product'. Did you mean 'categoryId'?

[7m441[0m       category: product.getCategoryId() ? { connect: { id: product.getCategoryId() } } : undefined,
[7m   [0m [91m                                                                   ~~~~~~~~~~~~~[0m

  [96msrc/modules/marketplace/domain/entities/product.entity.ts[0m:[93m89[0m:[93m7[0m
    [7m89[0m   get categoryId(): CategoryId {
    [7m  [0m [96m      ~~~~~~~~~~[0m
    'categoryId' is declared here.

[96msrc/modules/marketplace/infrastructure/repositories/product.repository.impl.ts[0m:[93m442[0m:[93m7[0m - [91merror[0m[90m TS2322: [0mType '{ connect: { id: any; }; } | undefined' is not assignable to type 'BrandCreateNestedOneWithoutProductsInput'.
  Type 'undefined' is not assignable to type 'BrandCreateNestedOneWithoutProductsInput'.

[7m442[0m       brand: product.getBrandId() ? { connect: { id: product.getBrandId() } } : undefined,
[7m   [0m [91m      ~~~~~[0m

  [96mnode_modules/.prisma/client/index.d.ts[0m:[93m75039[0m:[93m5[0m
    [7m75039[0m     brand: BrandCreateNestedOneWithoutProductsInput
    [7m     [0m [96m    ~~~~~[0m
    The expected type comes from property 'brand' which is declared here on type 'ProductCreateInput'

[96msrc/modules/marketplace/infrastructure/repositories/product.repository.impl.ts[0m:[93m442[0m:[93m22[0m - [91merror[0m[90m TS2551: [0mProperty 'getBrandId' does not exist on type 'Product'. Did you mean 'brandId'?

[7m442[0m       brand: product.getBrandId() ? { connect: { id: product.getBrandId() } } : undefined,
[7m   [0m [91m                     ~~~~~~~~~~[0m

  [96msrc/modules/marketplace/domain/entities/product.entity.ts[0m:[93m93[0m:[93m7[0m
    [7m93[0m   get brandId(): BrandId | undefined {
    [7m  [0m [96m      ~~~~~~~[0m
    'brandId' is declared here.

[96msrc/modules/marketplace/infrastructure/repositories/product.repository.impl.ts[0m:[93m442[0m:[93m62[0m - [91merror[0m[90m TS2551: [0mProperty 'getBrandId' does not exist on type 'Product'. Did you mean 'brandId'?

[7m442[0m       brand: product.getBrandId() ? { connect: { id: product.getBrandId() } } : undefined,
[7m   [0m [91m                                                             ~~~~~~~~~~[0m

  [96msrc/modules/marketplace/domain/entities/product.entity.ts[0m:[93m93[0m:[93m7[0m
    [7m93[0m   get brandId(): BrandId | undefined {
    [7m  [0m [96m      ~~~~~~~[0m
    'brandId' is declared here.

[96msrc/modules/marketplace/infrastructure/repositories/product.repository.impl.ts[0m:[93m443[0m:[93m39[0m - [91merror[0m[90m TS2551: [0mProperty 'getStoreId' does not exist on type 'Product'. Did you mean 'storeId'?

[7m443[0m       store: { connect: { id: product.getStoreId() } },
[7m   [0m [91m                                      ~~~~~~~~~~[0m

  [96msrc/modules/marketplace/domain/entities/product.entity.ts[0m:[93m85[0m:[93m7[0m
    [7m85[0m   get storeId(): StoreId {
    [7m  [0m [96m      ~~~~~~~[0m
    'storeId' is declared here.

[96msrc/modules/marketplace/infrastructure/repositories/product.repository.impl.ts[0m:[93m444[0m:[93m26[0m - [91merror[0m[90m TS2551: [0mProperty 'getCreatedAt' does not exist on type 'Product'. Did you mean 'createdAt'?

[7m444[0m       createdAt: product.getCreatedAt(),
[7m   [0m [91m                         ~~~~~~~~~~~~[0m

  [96msrc/modules/marketplace/domain/entities/product.entity.ts[0m:[93m121[0m:[93m7[0m
    [7m121[0m   get createdAt(): Date {
    [7m   [0m [96m      ~~~~~~~~~[0m
    'createdAt' is declared here.

[96msrc/modules/marketplace/infrastructure/repositories/product.repository.impl.ts[0m:[93m445[0m:[93m26[0m - [91merror[0m[90m TS2551: [0mProperty 'getUpdatedAt' does not exist on type 'Product'. Did you mean 'updatedAt'?

[7m445[0m       updatedAt: product.getUpdatedAt(),
[7m   [0m [91m                         ~~~~~~~~~~~~[0m

  [96msrc/modules/marketplace/domain/entities/product.entity.ts[0m:[93m125[0m:[93m7[0m
    [7m125[0m   get updatedAt(): Date {
    [7m   [0m [96m      ~~~~~~~~~[0m
    'updatedAt' is declared here.

[96msrc/modules/marketplace/infrastructure/repositories/product.repository.impl.ts[0m:[93m450[0m:[93m29[0m - [91merror[0m[90m TS2339: [0mProperty 'getDetails' does not exist on type 'Product'.

[7m450[0m     const details = product.getDetails();
[7m   [0m [91m                            ~~~~~~~~~~[0m

[96msrc/modules/marketplace/infrastructure/repositories/product.repository.impl.ts[0m:[93m451[0m:[93m27[0m - [91merror[0m[90m TS2339: [0mProperty 'getPrice' does not exist on type 'Product'.

[7m451[0m     const price = product.getPrice();
[7m   [0m [91m                          ~~~~~~~~[0m

[96msrc/modules/marketplace/infrastructure/repositories/product.repository.impl.ts[0m:[93m458[0m:[93m21[0m - [91merror[0m[90m TS2339: [0mProperty 'getSlug' does not exist on type 'Product'.

[7m458[0m       slug: product.getSlug(),
[7m   [0m [91m                    ~~~~~~~[0m

[96msrc/modules/marketplace/infrastructure/repositories/product.repository.impl.ts[0m:[93m462[0m:[93m22[0m - [91merror[0m[90m TS2339: [0mProperty 'getStock' does not exist on type 'Product'.

[7m462[0m       stock: product.getStock(),
[7m   [0m [91m                     ~~~~~~~~[0m

[96msrc/modules/marketplace/infrastructure/repositories/product.repository.impl.ts[0m:[93m463[0m:[93m34[0m - [91merror[0m[90m TS2339: [0mProperty 'getLowStockThreshold' does not exist on type 'Product'.

[7m463[0m       lowStockThreshold: product.getLowStockThreshold(),
[7m   [0m [91m                                 ~~~~~~~~~~~~~~~~~~~~[0m

[96msrc/modules/marketplace/infrastructure/repositories/product.repository.impl.ts[0m:[93m470[0m:[93m25[0m - [91merror[0m[90m TS6234: [0mThis expression is not callable because it is a 'get' accessor. Did you mean to use it without '()'?
  Type 'Boolean' has no call signatures.

[7m470[0m       isActive: product.isActive(),
[7m   [0m [91m                        ~~~~~~~~[0m

[96msrc/modules/marketplace/infrastructure/repositories/product.repository.impl.ts[0m:[93m471[0m:[93m27[0m - [91merror[0m[90m TS2339: [0mProperty 'isFeatured' does not exist on type 'Product'.

[7m471[0m       isFeatured: product.isFeatured(),
[7m   [0m [91m                          ~~~~~~~~~~[0m

[96msrc/modules/marketplace/infrastructure/repositories/product.repository.impl.ts[0m:[93m476[0m:[93m25[0m - [91merror[0m[90m TS2551: [0mProperty 'getCategoryId' does not exist on type 'Product'. Did you mean 'categoryId'?

[7m476[0m       category: product.getCategoryId() ? { connect: { id: product.getCategoryId() } } : { disconnect: true },
[7m   [0m [91m                        ~~~~~~~~~~~~~[0m

  [96msrc/modules/marketplace/domain/entities/product.entity.ts[0m:[93m89[0m:[93m7[0m
    [7m89[0m   get categoryId(): CategoryId {
    [7m  [0m [96m      ~~~~~~~~~~[0m
    'categoryId' is declared here.

[96msrc/modules/marketplace/infrastructure/repositories/product.repository.impl.ts[0m:[93m476[0m:[93m68[0m - [91merror[0m[90m TS2551: [0mProperty 'getCategoryId' does not exist on type 'Product'. Did you mean 'categoryId'?

[7m476[0m       category: product.getCategoryId() ? { connect: { id: product.getCategoryId() } } : { disconnect: true },
[7m   [0m [91m                                                                   ~~~~~~~~~~~~~[0m

  [96msrc/modules/marketplace/domain/entities/product.entity.ts[0m:[93m89[0m:[93m7[0m
    [7m89[0m   get categoryId(): CategoryId {
    [7m  [0m [96m      ~~~~~~~~~~[0m
    'categoryId' is declared here.

[96msrc/modules/marketplace/infrastructure/repositories/product.repository.impl.ts[0m:[93m476[0m:[93m92[0m - [91merror[0m[90m TS2322: [0mType '{ connect: { id: any; }; } | { disconnect: true; }' is not assignable to type 'CategoryUpdateOneRequiredWithoutProductsNestedInput | undefined'.
  Object literal may only specify known properties, but 'disconnect' does not exist in type 'CategoryUpdateOneRequiredWithoutProductsNestedInput'. Did you mean to write 'connect'?

[7m476[0m       category: product.getCategoryId() ? { connect: { id: product.getCategoryId() } } : { disconnect: true },
[7m   [0m [91m                                                                                           ~~~~~~~~~~[0m

  [96mnode_modules/.prisma/client/index.d.ts[0m:[93m75098[0m:[93m5[0m
    [7m75098[0m     category?: CategoryUpdateOneRequiredWithoutProductsNestedInput
    [7m     [0m [96m    ~~~~~~~~[0m
    The expected type comes from property 'category' which is declared here on type 'ProductUpdateInput'

[96msrc/modules/marketplace/infrastructure/repositories/product.repository.impl.ts[0m:[93m477[0m:[93m22[0m - [91merror[0m[90m TS2551: [0mProperty 'getBrandId' does not exist on type 'Product'. Did you mean 'brandId'?

[7m477[0m       brand: product.getBrandId() ? { connect: { id: product.getBrandId() } } : { disconnect: true },
[7m   [0m [91m                     ~~~~~~~~~~[0m

  [96msrc/modules/marketplace/domain/entities/product.entity.ts[0m:[93m93[0m:[93m7[0m
    [7m93[0m   get brandId(): BrandId | undefined {
    [7m  [0m [96m      ~~~~~~~[0m
    'brandId' is declared here.

[96msrc/modules/marketplace/infrastructure/repositories/product.repository.impl.ts[0m:[93m477[0m:[93m62[0m - [91merror[0m[90m TS2551: [0mProperty 'getBrandId' does not exist on type 'Product'. Did you mean 'brandId'?

[7m477[0m       brand: product.getBrandId() ? { connect: { id: product.getBrandId() } } : { disconnect: true },
[7m   [0m [91m                                                             ~~~~~~~~~~[0m

  [96msrc/modules/marketplace/domain/entities/product.entity.ts[0m:[93m93[0m:[93m7[0m
    [7m93[0m   get brandId(): BrandId | undefined {
    [7m  [0m [96m      ~~~~~~~[0m
    'brandId' is declared here.

[96msrc/modules/marketplace/infrastructure/repositories/product.repository.impl.ts[0m:[93m477[0m:[93m83[0m - [91merror[0m[90m TS2322: [0mType '{ connect: { id: any; }; } | { disconnect: true; }' is not assignable to type 'BrandUpdateOneRequiredWithoutProductsNestedInput | undefined'.
  Object literal may only specify known properties, but 'disconnect' does not exist in type 'BrandUpdateOneRequiredWithoutProductsNestedInput'. Did you mean to write 'connect'?

[7m477[0m       brand: product.getBrandId() ? { connect: { id: product.getBrandId() } } : { disconnect: true },
[7m   [0m [91m                                                                                  ~~~~~~~~~~[0m

  [96mnode_modules/.prisma/client/index.d.ts[0m:[93m75099[0m:[93m5[0m
    [7m75099[0m     brand?: BrandUpdateOneRequiredWithoutProductsNestedInput
    [7m     [0m [96m    ~~~~~[0m
    The expected type comes from property 'brand' which is declared here on type 'ProductUpdateInput'

[96msrc/modules/marketplace/infrastructure/repositories/product.repository.impl.ts[0m:[93m478[0m:[93m26[0m - [91merror[0m[90m TS2551: [0mProperty 'getUpdatedAt' does not exist on type 'Product'. Did you mean 'updatedAt'?

[7m478[0m       updatedAt: product.getUpdatedAt(),
[7m   [0m [91m                         ~~~~~~~~~~~~[0m

  [96msrc/modules/marketplace/domain/entities/product.entity.ts[0m:[93m125[0m:[93m7[0m
    [7m125[0m   get updatedAt(): Date {
    [7m   [0m [96m      ~~~~~~~~~[0m
    'updatedAt' is declared here.

[96msrc/modules/marketplace/infrastructure/repositories/product.repository.impl.ts[0m:[93m511[0m:[93m20[0m - [91merror[0m[90m TS2339: [0mProperty 'reconstitute' does not exist on type 'typeof Product'.

[7m511[0m     return Product.reconstitute(
[7m   [0m [91m                   ~~~~~~~~~~~~[0m

[96msrc/modules/marketplace/infrastructure/repositories/promotion.repository.impl.ts[0m:[93m6[0m:[93m23[0m - [91merror[0m[90m TS2307: [0mCannot find module '../../domain/value-objects/price.value-object' or its corresponding type declarations.

[7m6[0m import { Price } from '../../domain/value-objects/price.value-object';
[7m [0m [91m                      ~~~~~~~~~~~~~~~~~~~~~~~~~~~~~~~~~~~~~~~~~~~~~~~[0m

[96msrc/modules/marketplace/infrastructure/repositories/promotion.repository.impl.ts[0m:[93m48[0m:[93m7[0m - [91merror[0m[90m TS2322: [0mType '{ usage: { include: { user: boolean; order: boolean; }; }; _count: { select: { usage: boolean; }; }; }' is not assignable to type 'PromotionInclude<DefaultArgs>'.
  Types of property '_count' are incompatible.
    Type '{ select: { usage: boolean; }; }' is not assignable to type 'boolean | PromotionCountOutputTypeDefaultArgs<DefaultArgs> | undefined'.
      Type '{ select: { usage: boolean; }; }' is not assignable to type 'PromotionCountOutputTypeDefaultArgs<DefaultArgs>'.
        Types of property 'select' are incompatible.
          Type '{ usage: boolean; }' has no properties in common with type 'PromotionCountOutputTypeSelect<DefaultArgs>'.

[7m48[0m       include: this.getPromotionInclude(),
[7m  [0m [91m      ~~~~~~~[0m

  [96mnode_modules/.prisma/client/index.d.ts[0m:[93m45592[0m:[93m5[0m
    [7m45592[0m     include?: PromotionInclude<ExtArgs> | null
    [7m     [0m [96m    ~~~~~~~[0m
    The expected type comes from property 'include' which is declared here on type '{ select?: PromotionSelect<DefaultArgs> | null | undefined; omit?: PromotionOmit<DefaultArgs> | null | undefined; include?: PromotionInclude<...> | ... 1 more ... | undefined; where: PromotionWhereUniqueInput; }'

[96msrc/modules/marketplace/infrastructure/repositories/promotion.repository.impl.ts[0m:[93m57[0m:[93m7[0m - [91merror[0m[90m TS2322: [0mType '{ usage: { include: { user: boolean; order: boolean; }; }; _count: { select: { usage: boolean; }; }; }' is not assignable to type 'PromotionInclude<DefaultArgs>'.

[7m57[0m       include: this.getPromotionInclude(),
[7m  [0m [91m      ~~~~~~~[0m

  [96mnode_modules/.prisma/client/index.d.ts[0m:[93m45592[0m:[93m5[0m
    [7m45592[0m     include?: PromotionInclude<ExtArgs> | null
    [7m     [0m [96m    ~~~~~~~[0m
    The expected type comes from property 'include' which is declared here on type '{ select?: PromotionSelect<DefaultArgs> | null | undefined; omit?: PromotionOmit<DefaultArgs> | null | undefined; include?: PromotionInclude<...> | ... 1 more ... | undefined; where: PromotionWhereUniqueInput; }'

[96msrc/modules/marketplace/infrastructure/repositories/promotion.repository.impl.ts[0m:[93m68[0m:[93m9[0m - [91merror[0m[90m TS2353: [0mObject literal may only specify known properties, and 'validFrom' does not exist in type 'PromotionWhereInput'.

[7m68[0m         validFrom: { lte: now },
[7m  [0m [91m        ~~~~~~~~~[0m

[96msrc/modules/marketplace/infrastructure/repositories/promotion.repository.impl.ts[0m:[93m71[0m:[93m7[0m - [91merror[0m[90m TS2322: [0mType '{ usage: { include: { user: boolean; order: boolean; }; }; _count: { select: { usage: boolean; }; }; }' is not assignable to type 'PromotionInclude<DefaultArgs>'.

[7m71[0m       include: this.getPromotionInclude(),
[7m  [0m [91m      ~~~~~~~[0m

[96msrc/modules/marketplace/infrastructure/repositories/promotion.repository.impl.ts[0m:[93m91[0m:[93m13[0m - [91merror[0m[90m TS2339: [0mProperty 'type' does not exist on type 'PromotionWhereInput'.

[7m91[0m       where.type = filters.type as any;
[7m  [0m [91m            ~~~~[0m

[96msrc/modules/marketplace/infrastructure/repositories/promotion.repository.impl.ts[0m:[93m103[0m:[93m13[0m - [91merror[0m[90m TS2353: [0mObject literal may only specify known properties, and 'validFrom' does not exist in type 'PromotionWhereInput'.

[7m103[0m           { validFrom: { lte: now } },
[7m   [0m [91m            ~~~~~~~~~[0m

[96msrc/modules/marketplace/infrastructure/repositories/promotion.repository.impl.ts[0m:[93m104[0m:[93m13[0m - [91merror[0m[90m TS2353: [0mObject literal may only specify known properties, and 'validTo' does not exist in type 'PromotionWhereInput'.

[7m104[0m           { validTo: { gte: now } },
[7m   [0m [91m            ~~~~~~~[0m

[96msrc/modules/marketplace/infrastructure/repositories/promotion.repository.impl.ts[0m:[93m109[0m:[93m13[0m - [91merror[0m[90m TS2353: [0mObject literal may only specify known properties, and 'validFrom' does not exist in type 'PromotionWhereInput'.

[7m109[0m           { validFrom: { gt: now } },
[7m   [0m [91m            ~~~~~~~~~[0m

[96msrc/modules/marketplace/infrastructure/repositories/promotion.repository.impl.ts[0m:[93m110[0m:[93m13[0m - [91merror[0m[90m TS2353: [0mObject literal may only specify known properties, and 'validTo' does not exist in type 'PromotionWhereInput'.

[7m110[0m           { validTo: { lt: now } },
[7m   [0m [91m            ~~~~~~~[0m

[96msrc/modules/marketplace/infrastructure/repositories/promotion.repository.impl.ts[0m:[93m116[0m:[93m13[0m - [91merror[0m[90m TS2339: [0mProperty 'validFrom' does not exist on type 'PromotionWhereInput'.

[7m116[0m       where.validFrom = { gte: filters.validFrom };
[7m   [0m [91m            ~~~~~~~~~[0m

[96msrc/modules/marketplace/infrastructure/repositories/promotion.repository.impl.ts[0m:[93m120[0m:[93m13[0m - [91merror[0m[90m TS2339: [0mProperty 'validTo' does not exist on type 'PromotionWhereInput'.

[7m120[0m       where.validTo = { lte: filters.validTo };
[7m   [0m [91m            ~~~~~~~[0m

[96msrc/modules/marketplace/infrastructure/repositories/promotion.repository.impl.ts[0m:[93m125[0m:[93m7[0m - [91merror[0m[90m TS2322: [0mType '{ usage: { include: { user: boolean; order: boolean; }; }; _count: { select: { usage: boolean; }; }; }' is not assignable to type 'PromotionInclude<DefaultArgs>'.

[7m125[0m       include: this.getPromotionInclude(),
[7m   [0m [91m      ~~~~~~~[0m

[96msrc/modules/marketplace/infrastructure/repositories/promotion.repository.impl.ts[0m:[93m137[0m:[93m19[0m - [91merror[0m[90m TS2339: [0mProperty 'getId' does not exist on type 'Promotion'.

[7m137[0m     if (promotion.getId()) {
[7m   [0m [91m                  ~~~~~[0m

[96msrc/modules/marketplace/infrastructure/repositories/promotion.repository.impl.ts[0m:[93m140[0m:[93m32[0m - [91merror[0m[90m TS2339: [0mProperty 'getId' does not exist on type 'Promotion'.

[7m140[0m         where: { id: promotion.getId() },
[7m   [0m [91m                               ~~~~~[0m

[96msrc/modules/marketplace/infrastructure/repositories/promotion.repository.impl.ts[0m:[93m142[0m:[93m11[0m - [91merror[0m[90m TS2353: [0mObject literal may only specify known properties, and 'name' does not exist in type '(Without<PromotionUpdateInput, PromotionUncheckedUpdateInput> & PromotionUncheckedUpdateInput) | (Without<...> & PromotionUpdateInput)'.

[7m142[0m           name: promotionData.name,
[7m   [0m [91m          ~~~~[0m

  [96mnode_modules/.prisma/client/index.d.ts[0m:[93m45843[0m:[93m5[0m
    [7m45843[0m     data: XOR<PromotionUpdateInput, PromotionUncheckedUpdateInput>
    [7m     [0m [96m    ~~~~[0m
    The expected type comes from property 'data' which is declared here on type '{ select?: PromotionSelect<DefaultArgs> | null | undefined; omit?: PromotionOmit<DefaultArgs> | null | undefined; include?: PromotionInclude<...> | ... 1 more ... | undefined; data: (Without<...> & PromotionUncheckedUpdateInput) | (Without<...> & PromotionUpdateInput); where: PromotionWhereUniqueInput; }'

[96msrc/modules/marketplace/infrastructure/repositories/promotion.repository.impl.ts[0m:[93m142[0m:[93m31[0m - [91merror[0m[90m TS2339: [0mProperty 'name' does not exist on type 'PromotionCreateInput'.

[7m142[0m           name: promotionData.name,
[7m   [0m [91m                              ~~~~[0m

[96msrc/modules/marketplace/infrastructure/repositories/promotion.repository.impl.ts[0m:[93m144[0m:[93m31[0m - [91merror[0m[90m TS2339: [0mProperty 'type' does not exist on type 'PromotionCreateInput'.

[7m144[0m           type: promotionData.type,
[7m   [0m [91m                              ~~~~[0m

[96msrc/modules/marketplace/infrastructure/repositories/promotion.repository.impl.ts[0m:[93m146[0m:[93m45[0m - [91merror[0m[90m TS2551: [0mProperty 'minimumOrderAmount' does not exist on type 'PromotionCreateInput'. Did you mean 'minOrderAmount'?

[7m146[0m           minimumOrderAmount: promotionData.minimumOrderAmount,
[7m   [0m [91m                                            ~~~~~~~~~~~~~~~~~~[0m

  [96mnode_modules/.prisma/client/index.d.ts[0m:[93m76877[0m:[93m5[0m
    [7m76877[0m     minOrderAmount?: number | null
    [7m     [0m [96m    ~~~~~~~~~~~~~~[0m
    'minOrderAmount' is declared here.

[96msrc/modules/marketplace/infrastructure/repositories/promotion.repository.impl.ts[0m:[93m147[0m:[93m42[0m - [91merror[0m[90m TS2339: [0mProperty 'maximumDiscount' does not exist on type 'PromotionCreateInput'.

[7m147[0m           maximumDiscount: promotionData.maximumDiscount,
[7m   [0m [91m                                         ~~~~~~~~~~~~~~~[0m

[96msrc/modules/marketplace/infrastructure/repositories/promotion.repository.impl.ts[0m:[93m149[0m:[93m39[0m - [91merror[0m[90m TS2339: [0mProperty 'usagePerUser' does not exist on type 'PromotionCreateInput'.

[7m149[0m           usagePerUser: promotionData.usagePerUser,
[7m   [0m [91m                                      ~~~~~~~~~~~~[0m

[96msrc/modules/marketplace/infrastructure/repositories/promotion.repository.impl.ts[0m:[93m150[0m:[93m36[0m - [91merror[0m[90m TS2339: [0mProperty 'validFrom' does not exist on type 'PromotionCreateInput'.

[7m150[0m           validFrom: promotionData.validFrom,
[7m   [0m [91m                                   ~~~~~~~~~[0m

[96msrc/modules/marketplace/infrastructure/repositories/promotion.repository.impl.ts[0m:[93m151[0m:[93m34[0m - [91merror[0m[90m TS2339: [0mProperty 'validTo' does not exist on type 'PromotionCreateInput'.

[7m151[0m           validTo: promotionData.validTo,
[7m   [0m [91m                                 ~~~~~~~[0m

[96msrc/modules/marketplace/infrastructure/repositories/promotion.repository.impl.ts[0m:[93m155[0m:[93m9[0m - [91merror[0m[90m TS2322: [0mType '{ usage: { include: { user: boolean; order: boolean; }; }; _count: { select: { usage: boolean; }; }; }' is not assignable to type 'PromotionInclude<DefaultArgs>'.

[7m155[0m         include: this.getPromotionInclude(),
[7m   [0m [91m        ~~~~~~~[0m

  [96mnode_modules/.prisma/client/index.d.ts[0m:[93m45839[0m:[93m5[0m
    [7m45839[0m     include?: PromotionInclude<ExtArgs> | null
    [7m     [0m [96m    ~~~~~~~[0m
    The expected type comes from property 'include' which is declared here on type '{ select?: PromotionSelect<DefaultArgs> | null | undefined; omit?: PromotionOmit<DefaultArgs> | null | undefined; include?: PromotionInclude<...> | ... 1 more ... | undefined; data: (Without<...> & PromotionUncheckedUpdateInput) | (Without<...> & PromotionUpdateInput); where: PromotionWhereUniqueInput; }'

[96msrc/modules/marketplace/infrastructure/repositories/promotion.repository.impl.ts[0m:[93m162[0m:[93m9[0m - [91merror[0m[90m TS2322: [0mType '{ usage: { include: { user: boolean; order: boolean; }; }; _count: { select: { usage: boolean; }; }; }' is not assignable to type 'PromotionInclude<DefaultArgs>'.

[7m162[0m         include: this.getPromotionInclude(),
[7m   [0m [91m        ~~~~~~~[0m

  [96mnode_modules/.prisma/client/index.d.ts[0m:[93m45787[0m:[93m5[0m
    [7m45787[0m     include?: PromotionInclude<ExtArgs> | null
    [7m     [0m [96m    ~~~~~~~[0m
    The expected type comes from property 'include' which is declared here on type '{ select?: PromotionSelect<DefaultArgs> | null | undefined; omit?: PromotionOmit<DefaultArgs> | null | undefined; include?: PromotionInclude<...> | ... 1 more ... | undefined; data: (Without<...> & PromotionUncheckedCreateInput) | (Without<...> & PromotionCreateInput); }'

[96msrc/modules/marketplace/infrastructure/repositories/promotion.repository.impl.ts[0m:[93m174[0m:[93m9[0m - [91merror[0m[90m TS2416: [0mProperty 'validatePromotion' in type 'PromotionRepositoryImpl' is not assignable to the same property in base type 'PromotionRepository'.
  Type '(code: string, userId: string, orderAmount: number) => Promise<boolean>' is not assignable to type '(promotionId: string, orderId: string, userId: string) => Promise<PromotionValidationResult>'.
    Types of parameters 'orderAmount' and 'userId' are incompatible.
      Type 'string' is not assignable to type 'number'.

[7m174[0m   async validatePromotion(code: string, userId: string, orderAmount: number): Promise<boolean> {
[7m   [0m [91m        ~~~~~~~~~~~~~~~~~[0m

[96msrc/modules/marketplace/infrastructure/repositories/promotion.repository.impl.ts[0m:[93m183[0m:[93m21[0m - [91merror[0m[90m TS2353: [0mObject literal may only specify known properties, and 'usage' does not exist in type 'PromotionCountOutputTypeSelect<DefaultArgs>'.

[7m183[0m           select: { usage: true },
[7m   [0m [91m                    ~~~~~[0m

[96msrc/modules/marketplace/infrastructure/repositories/promotion.repository.impl.ts[0m:[93m190[0m:[93m19[0m - [91merror[0m[90m TS2339: [0mProperty 'validFrom' does not exist on type '{ id: string; status: PromotionStatus; createdAt: Date; updatedAt: Date; usageCount: number; description: string | null; title: string; code: string; priority: number; ... 17 more ...; stackable: boolean; }'.

[7m190[0m     if (promotion.validFrom > now || promotion.validTo < now) return false;
[7m   [0m [91m                  ~~~~~~~~~[0m

[96msrc/modules/marketplace/infrastructure/repositories/promotion.repository.impl.ts[0m:[93m190[0m:[93m48[0m - [91merror[0m[90m TS2339: [0mProperty 'validTo' does not exist on type '{ id: string; status: PromotionStatus; createdAt: Date; updatedAt: Date; usageCount: number; description: string | null; title: string; code: string; priority: number; ... 17 more ...; stackable: boolean; }'.

[7m190[0m     if (promotion.validFrom > now || promotion.validTo < now) return false;
[7m   [0m [91m                                               ~~~~~~~[0m

[96msrc/modules/marketplace/infrastructure/repositories/promotion.repository.impl.ts[0m:[93m191[0m:[93m19[0m - [91merror[0m[90m TS2551: [0mProperty 'minimumOrderAmount' does not exist on type '{ id: string; status: PromotionStatus; createdAt: Date; updatedAt: Date; usageCount: number; description: string | null; title: string; code: string; priority: number; ... 17 more ...; stackable: boolean; }'. Did you mean 'minOrderAmount'?

[7m191[0m     if (promotion.minimumOrderAmount && orderAmount < promotion.minimumOrderAmount) return false;
[7m   [0m [91m                  ~~~~~~~~~~~~~~~~~~[0m

[96msrc/modules/marketplace/infrastructure/repositories/promotion.repository.impl.ts[0m:[93m191[0m:[93m65[0m - [91merror[0m[90m TS2551: [0mProperty 'minimumOrderAmount' does not exist on type '{ id: string; status: PromotionStatus; createdAt: Date; updatedAt: Date; usageCount: number; description: string | null; title: string; code: string; priority: number; ... 17 more ...; stackable: boolean; }'. Did you mean 'minOrderAmount'?

[7m191[0m     if (promotion.minimumOrderAmount && orderAmount < promotion.minimumOrderAmount) return false;
[7m   [0m [91m                                                                ~~~~~~~~~~~~~~~~~~[0m

[96msrc/modules/marketplace/infrastructure/repositories/promotion.repository.impl.ts[0m:[93m192[0m:[93m43[0m - [91merror[0m[90m TS2339: [0mProperty '_count' does not exist on type '{ id: string; status: PromotionStatus; createdAt: Date; updatedAt: Date; usageCount: number; description: string | null; title: string; code: string; priority: number; ... 17 more ...; stackable: boolean; }'.

[7m192[0m     if (promotion.usageLimit && promotion._count.usage >= promotion.usageLimit) return false;
[7m   [0m [91m                                          ~~~~~~[0m

[96msrc/modules/marketplace/infrastructure/repositories/promotion.repository.impl.ts[0m:[93m193[0m:[93m19[0m - [91merror[0m[90m TS2339: [0mProperty 'usagePerUser' does not exist on type '{ id: string; status: PromotionStatus; createdAt: Date; updatedAt: Date; usageCount: number; description: string | null; title: string; code: string; priority: number; ... 17 more ...; stackable: boolean; }'.

[7m193[0m     if (promotion.usagePerUser && promotion.usage.length >= promotion.usagePerUser) return false;
[7m   [0m [91m                  ~~~~~~~~~~~~[0m

[96msrc/modules/marketplace/infrastructure/repositories/promotion.repository.impl.ts[0m:[93m193[0m:[93m45[0m - [91merror[0m[90m TS2339: [0mProperty 'usage' does not exist on type '{ id: string; status: PromotionStatus; createdAt: Date; updatedAt: Date; usageCount: number; description: string | null; title: string; code: string; priority: number; ... 17 more ...; stackable: boolean; }'.

[7m193[0m     if (promotion.usagePerUser && promotion.usage.length >= promotion.usagePerUser) return false;
[7m   [0m [91m                                            ~~~~~[0m

[96msrc/modules/marketplace/infrastructure/repositories/promotion.repository.impl.ts[0m:[93m193[0m:[93m71[0m - [91merror[0m[90m TS2339: [0mProperty 'usagePerUser' does not exist on type '{ id: string; status: PromotionStatus; createdAt: Date; updatedAt: Date; usageCount: number; description: string | null; title: string; code: string; priority: number; ... 17 more ...; stackable: boolean; }'.

[7m193[0m     if (promotion.usagePerUser && promotion.usage.length >= promotion.usagePerUser) return false;
[7m   [0m [91m                                                                      ~~~~~~~~~~~~[0m

[96msrc/modules/marketplace/infrastructure/repositories/promotion.repository.impl.ts[0m:[93m237[0m:[93m23[0m - [91merror[0m[90m TS2353: [0mObject literal may only specify known properties, and 'usage' does not exist in type 'PromotionCountOutputTypeSelect<DefaultArgs>'.

[7m237[0m             select: { usage: true },
[7m   [0m [91m                      ~~~~~[0m

[96msrc/modules/marketplace/infrastructure/repositories/promotion.repository.impl.ts[0m:[93m246[0m:[93m11[0m - [91merror[0m[90m TS2353: [0mObject literal may only specify known properties, and 'usage' does not exist in type 'PromotionOrderByWithRelationInput | PromotionOrderByWithRelationInput[]'.

[7m246[0m           usage: {
[7m   [0m [91m          ~~~~~[0m

[96msrc/modules/marketplace/infrastructure/repositories/promotion.repository.impl.ts[0m:[93m263[0m:[93m23[0m - [91merror[0m[90m TS2339: [0mProperty '_count' does not exist on type '{ id: string; status: PromotionStatus; createdAt: Date; updatedAt: Date; usageCount: number; description: string | null; title: string; code: string; priority: number; ... 17 more ...; stackable: boolean; }'.

[7m263[0m         usageCount: p._count.usage,
[7m   [0m [91m                      ~~~~~~[0m

[96msrc/modules/marketplace/infrastructure/repositories/promotion.repository.impl.ts[0m:[93m264[0m:[93m26[0m - [91merror[0m[90m TS2339: [0mProperty 'usage' does not exist on type '{ id: string; status: PromotionStatus; createdAt: Date; updatedAt: Date; usageCount: number; description: string | null; title: string; code: string; priority: number; ... 17 more ...; stackable: boolean; }'.

[7m264[0m         totalDiscount: p.usage.reduce((sum, u) => sum + u.discountAmount, 0),
[7m   [0m [91m                         ~~~~~[0m

[96msrc/modules/marketplace/infrastructure/repositories/promotion.repository.impl.ts[0m:[93m273[0m:[93m7[0m - [91merror[0m[90m TS2322: [0mType '{ purchasedBy: boolean; receivedBy: boolean; transactions: { orderBy: { createdAt: string; }; }; }' is not assignable to type 'GiftCardInclude<DefaultArgs>'.
  Types of property 'transactions' are incompatible.
    Type '{ orderBy: { createdAt: string; }; }' is not assignable to type 'boolean | GiftCard$transactionsArgs<DefaultArgs> | undefined'.
      Type '{ orderBy: { createdAt: string; }; }' is not assignable to type 'GiftCard$transactionsArgs<DefaultArgs>'.
        Types of property 'orderBy' are incompatible.
          Type '{ createdAt: string; }' is not assignable to type 'GiftCardTransactionOrderByWithRelationInput | GiftCardTransactionOrderByWithRelationInput[] | undefined'.
            Type '{ createdAt: string; }' is not assignable to type 'GiftCardTransactionOrderByWithRelationInput'.
              Types of property 'createdAt' are incompatible.
                Type 'string' is not assignable to type 'SortOrder | undefined'.

[7m273[0m       include: this.getGiftCardInclude(),
[7m   [0m [91m      ~~~~~~~[0m

  [96mnode_modules/.prisma/client/index.d.ts[0m:[93m48014[0m:[93m5[0m
    [7m48014[0m     include?: GiftCardInclude<ExtArgs> | null
    [7m     [0m [96m    ~~~~~~~[0m
    The expected type comes from property 'include' which is declared here on type '{ select?: GiftCardSelect<DefaultArgs> | null | undefined; omit?: GiftCardOmit<DefaultArgs> | null | undefined; include?: GiftCardInclude<...> | ... 1 more ... | undefined; where: GiftCardWhereUniqueInput; }'

[96msrc/modules/marketplace/infrastructure/repositories/promotion.repository.impl.ts[0m:[93m282[0m:[93m7[0m - [91merror[0m[90m TS2322: [0mType '{ purchasedBy: boolean; receivedBy: boolean; transactions: { orderBy: { createdAt: string; }; }; }' is not assignable to type 'GiftCardInclude<DefaultArgs>'.

[7m282[0m       include: this.getGiftCardInclude(),
[7m   [0m [91m      ~~~~~~~[0m

  [96mnode_modules/.prisma/client/index.d.ts[0m:[93m48014[0m:[93m5[0m
    [7m48014[0m     include?: GiftCardInclude<ExtArgs> | null
    [7m     [0m [96m    ~~~~~~~[0m
    The expected type comes from property 'include' which is declared here on type '{ select?: GiftCardSelect<DefaultArgs> | null | undefined; omit?: GiftCardOmit<DefaultArgs> | null | undefined; include?: GiftCardInclude<...> | ... 1 more ... | undefined; where: GiftCardWhereUniqueInput; }'

[96msrc/modules/marketplace/infrastructure/repositories/promotion.repository.impl.ts[0m:[93m294[0m:[93m7[0m - [91merror[0m[90m TS2322: [0mType '{ purchasedById: string; receivedById?: undefined; } | { receivedById: string; purchasedById?: undefined; }' is not assignable to type 'GiftCardWhereInput | undefined'.
  Type '{ purchasedById: string; receivedById?: undefined; }' has no properties in common with type 'GiftCardWhereInput'.

[7m294[0m       where,
[7m   [0m [91m      ~~~~~[0m

[96msrc/modules/marketplace/infrastructure/repositories/promotion.repository.impl.ts[0m:[93m295[0m:[93m7[0m - [91merror[0m[90m TS2322: [0mType '{ purchasedBy: boolean; receivedBy: boolean; transactions: { orderBy: { createdAt: string; }; }; }' is not assignable to type 'GiftCardInclude<DefaultArgs>'.

[7m295[0m       include: this.getGiftCardInclude(),
[7m   [0m [91m      ~~~~~~~[0m

[96msrc/modules/marketplace/infrastructure/repositories/promotion.repository.impl.ts[0m:[93m317[0m:[93m13[0m - [91merror[0m[90m TS2551: [0mProperty 'purchasedById' does not exist on type 'GiftCardWhereInput'. Did you mean 'purchaserId'?

[7m317[0m       where.purchasedById = filters.purchasedBy;
[7m   [0m [91m            ~~~~~~~~~~~~~[0m

  [96mnode_modules/.prisma/client/index.d.ts[0m:[93m71028[0m:[93m5[0m
    [7m71028[0m     purchaserId?: StringNullableFilter<"GiftCard"> | string | null
    [7m     [0m [96m    ~~~~~~~~~~~[0m
    'purchaserId' is declared here.

[96msrc/modules/marketplace/infrastructure/repositories/promotion.repository.impl.ts[0m:[93m321[0m:[93m13[0m - [91merror[0m[90m TS2339: [0mProperty 'receivedById' does not exist on type 'GiftCardWhereInput'.

[7m321[0m       where.receivedById = filters.receivedBy;
[7m   [0m [91m            ~~~~~~~~~~~~[0m

[96msrc/modules/marketplace/infrastructure/repositories/promotion.repository.impl.ts[0m:[93m330[0m:[93m13[0m - [91merror[0m[90m TS2353: [0mObject literal may only specify known properties, and 'balance' does not exist in type 'GiftCardWhereInput'.

[7m330[0m           { balance: { gt: 0 } },
[7m   [0m [91m            ~~~~~~~[0m

[96msrc/modules/marketplace/infrastructure/repositories/promotion.repository.impl.ts[0m:[93m337[0m:[93m7[0m - [91merror[0m[90m TS2322: [0mType '{ purchasedBy: boolean; receivedBy: boolean; transactions: { orderBy: { createdAt: string; }; }; }' is not assignable to type 'GiftCardInclude<DefaultArgs>'.

[7m337[0m       include: this.getGiftCardInclude(),
[7m   [0m [91m      ~~~~~~~[0m

[96msrc/modules/marketplace/infrastructure/repositories/promotion.repository.impl.ts[0m:[93m349[0m:[93m18[0m - [91merror[0m[90m TS2339: [0mProperty 'getId' does not exist on type 'GiftCard'.

[7m349[0m     if (giftCard.getId()) {
[7m   [0m [91m                 ~~~~~[0m

[96msrc/modules/marketplace/infrastructure/repositories/promotion.repository.impl.ts[0m:[93m352[0m:[93m31[0m - [91merror[0m[90m TS2339: [0mProperty 'getId' does not exist on type 'GiftCard'.

[7m352[0m         where: { id: giftCard.getId() },
[7m   [0m [91m                              ~~~~~[0m

[96msrc/modules/marketplace/infrastructure/repositories/promotion.repository.impl.ts[0m:[93m354[0m:[93m11[0m - [91merror[0m[90m TS2353: [0mObject literal may only specify known properties, and 'balance' does not exist in type '(Without<GiftCardUpdateInput, GiftCardUncheckedUpdateInput> & GiftCardUncheckedUpdateInput) | (Without<...> & GiftCardUpdateInput)'.

[7m354[0m           balance: giftCardData.balance,
[7m   [0m [91m          ~~~~~~~[0m

  [96mnode_modules/.prisma/client/index.d.ts[0m:[93m48269[0m:[93m5[0m
    [7m48269[0m     data: XOR<GiftCardUpdateInput, GiftCardUncheckedUpdateInput>
    [7m     [0m [96m    ~~~~[0m
    The expected type comes from property 'data' which is declared here on type '{ select?: GiftCardSelect<DefaultArgs> | null | undefined; omit?: GiftCardOmit<DefaultArgs> | null | undefined; include?: GiftCardInclude<...> | ... 1 more ... | undefined; data: (Without<...> & GiftCardUncheckedUpdateInput) | (Without<...> & GiftCardUpdateInput); where: GiftCardWhereUniqueInput; }'

[96msrc/modules/marketplace/infrastructure/repositories/promotion.repository.impl.ts[0m:[93m354[0m:[93m33[0m - [91merror[0m[90m TS2339: [0mProperty 'balance' does not exist on type 'GiftCardCreateInput'.

[7m354[0m           balance: giftCardData.balance,
[7m   [0m [91m                                ~~~~~~~[0m

[96msrc/modules/marketplace/infrastructure/repositories/promotion.repository.impl.ts[0m:[93m359[0m:[93m9[0m - [91merror[0m[90m TS2322: [0mType '{ purchasedBy: boolean; receivedBy: boolean; transactions: { orderBy: { createdAt: string; }; }; }' is not assignable to type 'GiftCardInclude<DefaultArgs>'.

[7m359[0m         include: this.getGiftCardInclude(),
[7m   [0m [91m        ~~~~~~~[0m

  [96mnode_modules/.prisma/client/index.d.ts[0m:[93m48265[0m:[93m5[0m
    [7m48265[0m     include?: GiftCardInclude<ExtArgs> | null
    [7m     [0m [96m    ~~~~~~~[0m
    The expected type comes from property 'include' which is declared here on type '{ select?: GiftCardSelect<DefaultArgs> | null | undefined; omit?: GiftCardOmit<DefaultArgs> | null | undefined; include?: GiftCardInclude<...> | ... 1 more ... | undefined; data: (Without<...> & GiftCardUncheckedUpdateInput) | (Without<...> & GiftCardUpdateInput); where: GiftCardWhereUniqueInput; }'

[96msrc/modules/marketplace/infrastructure/repositories/promotion.repository.impl.ts[0m:[93m366[0m:[93m9[0m - [91merror[0m[90m TS2322: [0mType '{ purchasedBy: boolean; receivedBy: boolean; transactions: { orderBy: { createdAt: string; }; }; }' is not assignable to type 'GiftCardInclude<DefaultArgs>'.

[7m366[0m         include: this.getGiftCardInclude(),
[7m   [0m [91m        ~~~~~~~[0m

  [96mnode_modules/.prisma/client/index.d.ts[0m:[93m48209[0m:[93m5[0m
    [7m48209[0m     include?: GiftCardInclude<ExtArgs> | null
    [7m     [0m [96m    ~~~~~~~[0m
    The expected type comes from property 'include' which is declared here on type '{ select?: GiftCardSelect<DefaultArgs> | null | undefined; omit?: GiftCardOmit<DefaultArgs> | null | undefined; include?: GiftCardInclude<...> | ... 1 more ... | undefined; data: (Without<...> & GiftCardUncheckedCreateInput) | (Without<...> & GiftCardCreateInput); }'

[96msrc/modules/marketplace/infrastructure/repositories/promotion.repository.impl.ts[0m:[93m386[0m:[93m18[0m - [91merror[0m[90m TS2339: [0mProperty 'balance' does not exist on type '{ id: string; status: GiftCardStatus; createdAt: Date; updatedAt: Date; lastUsedAt: Date | null; code: string; expiresAt: Date | null; currency: string; ... 8 more ...; personalMessage: string | null; }'.

[7m386[0m     if (giftCard.balance < amount) return false;
[7m   [0m [91m                 ~~~~~~~[0m

[96msrc/modules/marketplace/infrastructure/repositories/promotion.repository.impl.ts[0m:[93m400[0m:[93m33[0m - [91merror[0m[90m TS2339: [0mProperty 'balance' does not exist on type '{ id: string; status: GiftCardStatus; createdAt: Date; updatedAt: Date; lastUsedAt: Date | null; code: string; expiresAt: Date | null; currency: string; ... 8 more ...; personalMessage: string | null; }'.

[7m400[0m     const newBalance = giftCard.balance - amount;
[7m   [0m [91m                                ~~~~~~~[0m

[96msrc/modules/marketplace/infrastructure/repositories/promotion.repository.impl.ts[0m:[93m405[0m:[93m9[0m - [91merror[0m[90m TS2353: [0mObject literal may only specify known properties, and 'balance' does not exist in type '(Without<GiftCardUpdateInput, GiftCardUncheckedUpdateInput> & GiftCardUncheckedUpdateInput) | (Without<...> & GiftCardUpdateInput)'.

[7m405[0m         balance: newBalance,
[7m   [0m [91m        ~~~~~~~[0m

  [96mnode_modules/.prisma/client/index.d.ts[0m:[93m48269[0m:[93m5[0m
    [7m48269[0m     data: XOR<GiftCardUpdateInput, GiftCardUncheckedUpdateInput>
    [7m     [0m [96m    ~~~~[0m
    The expected type comes from property 'data' which is declared here on type '{ select?: GiftCardSelect<DefaultArgs> | null | undefined; omit?: GiftCardOmit<DefaultArgs> | null | undefined; include?: GiftCardInclude<...> | ... 1 more ... | undefined; data: (Without<...> & GiftCardUncheckedUpdateInput) | (Without<...> & GiftCardUpdateInput); where: GiftCardWhereUniqueInput; }'

[96msrc/modules/marketplace/infrastructure/repositories/promotion.repository.impl.ts[0m:[93m412[0m:[93m7[0m - [91merror[0m[90m TS2322: [0mType '{ giftCard: { connect: { id: string; }; }; order: { connect: { id: string; }; }; amount: number; type: string; description: string; }' is not assignable to type '(Without<GiftCardTransactionCreateInput, GiftCardTransactionUncheckedCreateInput> & GiftCardTransactionUncheckedCreateInput) | (Without<...> & GiftCardTransactionCreateInput)'.
  Type '{ giftCard: { connect: { id: string; }; }; order: { connect: { id: string; }; }; amount: number; type: string; description: string; }' is not assignable to type 'Without<GiftCardTransactionUncheckedCreateInput, GiftCardTransactionCreateInput> & GiftCardTransactionCreateInput'.
    Type '{ giftCard: { connect: { id: string; }; }; order: { connect: { id: string; }; }; amount: number; type: string; description: string; }' is missing the following properties from type 'GiftCardTransactionCreateInput': balanceBefore, balanceAfter

[7m412[0m       data: {
[7m   [0m [91m      ~~~~[0m

  [96mnode_modules/.prisma/client/index.d.ts[0m:[93m49435[0m:[93m5[0m
    [7m49435[0m     data: XOR<GiftCardTransactionCreateInput, GiftCardTransactionUncheckedCreateInput>
    [7m     [0m [96m    ~~~~[0m
    The expected type comes from property 'data' which is declared here on type '{ select?: GiftCardTransactionSelect<DefaultArgs> | null | undefined; omit?: GiftCardTransactionOmit<DefaultArgs> | null | undefined; include?: GiftCardTransactionInclude<...> | ... 1 more ... | undefined; data: (Without<...> & GiftCardTransactionUncheckedCreateInput) | (Without<...> & GiftCardTransactionCreateInput...'

[96msrc/modules/marketplace/infrastructure/repositories/promotion.repository.impl.ts[0m:[93m451[0m:[93m12[0m - [91merror[0m[90m TS2673: [0mConstructor of class 'Promotion' is private and only accessible within the class declaration.

[7m451[0m     return new Promotion(
[7m   [0m [91m           ~~~~~~~~~~~~~~[0m
[7m452[0m       promotion.id,
[7m   [0m [91m~~~~~~~~~~~~~~~~~~~[0m
[7m...[0m 
[7m467[0m       promotion._count?.usage || 0
[7m   [0m [91m~~~~~~~~~~~~~~~~~~~~~~~~~~~~~~~~~~[0m
[7m468[0m     );
[7m   [0m [91m~~~~~[0m

[96msrc/modules/marketplace/infrastructure/repositories/promotion.repository.impl.ts[0m:[93m472[0m:[93m12[0m - [91merror[0m[90m TS2673: [0mConstructor of class 'GiftCard' is private and only accessible within the class declaration.

[7m472[0m     return new GiftCard(
[7m   [0m [91m           ~~~~~~~~~~~~~[0m
[7m473[0m       giftCard.id,
[7m   [0m [91m~~~~~~~~~~~~~~~~~~[0m
[7m...[0m 
[7m483[0m       giftCard.updatedAt
[7m   [0m [91m~~~~~~~~~~~~~~~~~~~~~~~~[0m
[7m484[0m     );
[7m   [0m [91m~~~~~[0m

[96msrc/modules/marketplace/infrastructure/repositories/promotion.repository.impl.ts[0m:[93m489[0m:[93m21[0m - [91merror[0m[90m TS2339: [0mProperty 'getId' does not exist on type 'Promotion'.

[7m489[0m       id: promotion.getId(),
[7m   [0m [91m                    ~~~~~[0m

[96msrc/modules/marketplace/infrastructure/repositories/promotion.repository.impl.ts[0m:[93m490[0m:[93m23[0m - [91merror[0m[90m TS2339: [0mProperty 'getCode' does not exist on type 'Promotion'.

[7m490[0m       code: promotion.getCode(),
[7m   [0m [91m                      ~~~~~~~[0m

[96msrc/modules/marketplace/infrastructure/repositories/promotion.repository.impl.ts[0m:[93m491[0m:[93m7[0m - [91merror[0m[90m TS2353: [0mObject literal may only specify known properties, and 'name' does not exist in type 'PromotionCreateInput'.

[7m491[0m       name: promotion.getName(),
[7m   [0m [91m      ~~~~[0m

[96msrc/modules/marketplace/infrastructure/repositories/promotion.repository.impl.ts[0m:[93m491[0m:[93m23[0m - [91merror[0m[90m TS2339: [0mProperty 'getName' does not exist on type 'Promotion'.

[7m491[0m       name: promotion.getName(),
[7m   [0m [91m                      ~~~~~~~[0m

[96msrc/modules/marketplace/infrastructure/repositories/promotion.repository.impl.ts[0m:[93m492[0m:[93m30[0m - [91merror[0m[90m TS2551: [0mProperty 'getDescription' does not exist on type 'Promotion'. Did you mean 'description'?

[7m492[0m       description: promotion.getDescription(),
[7m   [0m [91m                             ~~~~~~~~~~~~~~[0m

  [96msrc/modules/marketplace/domain/entities/promotion.entity.ts[0m:[93m134[0m:[93m7[0m
    [7m134[0m   get description(): string { return this._description; }
    [7m   [0m [96m      ~~~~~~~~~~~[0m
    'description' is declared here.

[96msrc/modules/marketplace/infrastructure/repositories/promotion.repository.impl.ts[0m:[93m493[0m:[93m23[0m - [91merror[0m[90m TS2339: [0mProperty 'getType' does not exist on type 'Promotion'.

[7m493[0m       type: promotion.getType() as any,
[7m   [0m [91m                      ~~~~~~~[0m

[96msrc/modules/marketplace/infrastructure/repositories/promotion.repository.impl.ts[0m:[93m494[0m:[93m24[0m - [91merror[0m[90m TS2339: [0mProperty 'getValue' does not exist on type 'Promotion'.

[7m494[0m       value: promotion.getValue(),
[7m   [0m [91m                       ~~~~~~~~[0m

[96msrc/modules/marketplace/infrastructure/repositories/promotion.repository.impl.ts[0m:[93m495[0m:[93m37[0m - [91merror[0m[90m TS2551: [0mProperty 'getMinimumOrderAmount' does not exist on type 'Promotion'. Did you mean 'minOrderAmount'?

[7m495[0m       minimumOrderAmount: promotion.getMinimumOrderAmount(),
[7m   [0m [91m                                    ~~~~~~~~~~~~~~~~~~~~~[0m

  [96msrc/modules/marketplace/domain/entities/promotion.entity.ts[0m:[93m137[0m:[93m7[0m
    [7m137[0m   get minOrderAmount(): number | null { return this._minOrderAmount; }
    [7m   [0m [96m      ~~~~~~~~~~~~~~[0m
    'minOrderAmount' is declared here.

[96msrc/modules/marketplace/infrastructure/repositories/promotion.repository.impl.ts[0m:[93m496[0m:[93m34[0m - [91merror[0m[90m TS2339: [0mProperty 'getMaximumDiscount' does not exist on type 'Promotion'.

[7m496[0m       maximumDiscount: promotion.getMaximumDiscount(),
[7m   [0m [91m                                 ~~~~~~~~~~~~~~~~~~[0m

[96msrc/modules/marketplace/infrastructure/repositories/promotion.repository.impl.ts[0m:[93m497[0m:[93m29[0m - [91merror[0m[90m TS2551: [0mProperty 'getUsageLimit' does not exist on type 'Promotion'. Did you mean 'usageLimit'?

[7m497[0m       usageLimit: promotion.getUsageLimit(),
[7m   [0m [91m                            ~~~~~~~~~~~~~[0m

  [96msrc/modules/marketplace/domain/entities/promotion.entity.ts[0m:[93m139[0m:[93m7[0m
    [7m139[0m   get usageLimit(): number | null { return this._usageLimit; }
    [7m   [0m [96m      ~~~~~~~~~~[0m
    'usageLimit' is declared here.

[96msrc/modules/marketplace/infrastructure/repositories/promotion.repository.impl.ts[0m:[93m498[0m:[93m31[0m - [91merror[0m[90m TS2339: [0mProperty 'getUsagePerUser' does not exist on type 'Promotion'.

[7m498[0m       usagePerUser: promotion.getUsagePerUser(),
[7m   [0m [91m                              ~~~~~~~~~~~~~~~[0m

[96msrc/modules/marketplace/infrastructure/repositories/promotion.repository.impl.ts[0m:[93m499[0m:[93m28[0m - [91merror[0m[90m TS2339: [0mProperty 'getValidFrom' does not exist on type 'Promotion'.

[7m499[0m       validFrom: promotion.getValidFrom(),
[7m   [0m [91m                           ~~~~~~~~~~~~[0m

[96msrc/modules/marketplace/infrastructure/repositories/promotion.repository.impl.ts[0m:[93m500[0m:[93m26[0m - [91merror[0m[90m TS2339: [0mProperty 'getValidTo' does not exist on type 'Promotion'.

[7m500[0m       validTo: promotion.getValidTo(),
[7m   [0m [91m                         ~~~~~~~~~~[0m

[96msrc/modules/marketplace/infrastructure/repositories/promotion.repository.impl.ts[0m:[93m501[0m:[93m25[0m - [91merror[0m[90m TS2551: [0mProperty 'getStatus' does not exist on type 'Promotion'. Did you mean 'status'?

[7m501[0m       status: promotion.getStatus() as any,
[7m   [0m [91m                        ~~~~~~~~~[0m

  [96msrc/modules/marketplace/domain/entities/promotion.entity.ts[0m:[93m147[0m:[93m7[0m
    [7m147[0m   get status(): PromotionStatus { return this._status; }
    [7m   [0m [96m      ~~~~~~[0m
    'status' is declared here.

[96msrc/modules/marketplace/infrastructure/repositories/promotion.repository.impl.ts[0m:[93m502[0m:[93m28[0m - [91merror[0m[90m TS2551: [0mProperty 'getCreatedAt' does not exist on type 'Promotion'. Did you mean 'createdAt'?

[7m502[0m       createdAt: promotion.getCreatedAt(),
[7m   [0m [91m                           ~~~~~~~~~~~~[0m

  [96msrc/modules/marketplace/domain/entities/promotion.entity.ts[0m:[93m149[0m:[93m7[0m
    [7m149[0m   get createdAt(): Date { return this._createdAt; }
    [7m   [0m [96m      ~~~~~~~~~[0m
    'createdAt' is declared here.

[96msrc/modules/marketplace/infrastructure/repositories/promotion.repository.impl.ts[0m:[93m503[0m:[93m28[0m - [91merror[0m[90m TS2551: [0mProperty 'getUpdatedAt' does not exist on type 'Promotion'. Did you mean 'updatedAt'?

[7m503[0m       updatedAt: promotion.getUpdatedAt(),
[7m   [0m [91m                           ~~~~~~~~~~~~[0m

  [96msrc/modules/marketplace/domain/entities/promotion.entity.ts[0m:[93m150[0m:[93m7[0m
    [7m150[0m   get updatedAt(): Date { return this._updatedAt; }
    [7m   [0m [96m      ~~~~~~~~~[0m
    'updatedAt' is declared here.

[96msrc/modules/marketplace/infrastructure/repositories/promotion.repository.impl.ts[0m:[93m509[0m:[93m20[0m - [91merror[0m[90m TS2339: [0mProperty 'getId' does not exist on type 'GiftCard'.

[7m509[0m       id: giftCard.getId(),
[7m   [0m [91m                   ~~~~~[0m

[96msrc/modules/marketplace/infrastructure/repositories/promotion.repository.impl.ts[0m:[93m510[0m:[93m22[0m - [91merror[0m[90m TS2339: [0mProperty 'getCode' does not exist on type 'GiftCard'.

[7m510[0m       code: giftCard.getCode(),
[7m   [0m [91m                     ~~~~~~~[0m

[96msrc/modules/marketplace/infrastructure/repositories/promotion.repository.impl.ts[0m:[93m511[0m:[93m31[0m - [91merror[0m[90m TS2551: [0mProperty 'getInitialAmount' does not exist on type 'GiftCard'. Did you mean 'initialAmount'?

[7m511[0m       initialAmount: giftCard.getInitialAmount().getAmount(),
[7m   [0m [91m                              ~~~~~~~~~~~~~~~~[0m

  [96msrc/modules/marketplace/domain/entities/gift-card.entity.ts[0m:[93m130[0m:[93m7[0m
    [7m130[0m   get initialAmount(): number { return this._initialAmount; }
    [7m   [0m [96m      ~~~~~~~~~~~~~[0m
    'initialAmount' is declared here.

[96msrc/modules/marketplace/infrastructure/repositories/promotion.repository.impl.ts[0m:[93m512[0m:[93m7[0m - [91merror[0m[90m TS2353: [0mObject literal may only specify known properties, and 'balance' does not exist in type 'GiftCardCreateInput'.

[7m512[0m       balance: giftCard.getBalance().getAmount(),
[7m   [0m [91m      ~~~~~~~[0m

[96msrc/modules/marketplace/infrastructure/repositories/promotion.repository.impl.ts[0m:[93m512[0m:[93m25[0m - [91merror[0m[90m TS2339: [0mProperty 'getBalance' does not exist on type 'GiftCard'.

[7m512[0m       balance: giftCard.getBalance().getAmount(),
[7m   [0m [91m                        ~~~~~~~~~~[0m

[96msrc/modules/marketplace/infrastructure/repositories/promotion.repository.impl.ts[0m:[93m513[0m:[93m25[0m - [91merror[0m[90m TS2551: [0mProperty 'getMessage' does not exist on type 'GiftCard'. Did you mean 'message'?

[7m513[0m       message: giftCard.getMessage(),
[7m   [0m [91m                        ~~~~~~~~~~[0m

  [96msrc/modules/marketplace/domain/entities/gift-card.entity.ts[0m:[93m137[0m:[93m7[0m
    [7m137[0m   get message(): string | null { return this._message; }
    [7m   [0m [96m      ~~~~~~~[0m
    'message' is declared here.

[96msrc/modules/marketplace/infrastructure/repositories/promotion.repository.impl.ts[0m:[93m514[0m:[93m24[0m - [91merror[0m[90m TS2551: [0mProperty 'getStatus' does not exist on type 'GiftCard'. Did you mean 'status'?

[7m514[0m       status: giftCard.getStatus() as any,
[7m   [0m [91m                       ~~~~~~~~~[0m

  [96msrc/modules/marketplace/domain/entities/gift-card.entity.ts[0m:[93m140[0m:[93m7[0m
    [7m140[0m   get status(): GiftCardStatus { return this._status; }
    [7m   [0m [96m      ~~~~~~[0m
    'status' is declared here.

[96msrc/modules/marketplace/infrastructure/repositories/promotion.repository.impl.ts[0m:[93m515[0m:[93m27[0m - [91merror[0m[90m TS2339: [0mProperty 'getExpiresAt' does not exist on type 'GiftCard'.

[7m515[0m       expiresAt: giftCard.getExpiresAt(),
[7m   [0m [91m                          ~~~~~~~~~~~~[0m

[96msrc/modules/marketplace/infrastructure/repositories/promotion.repository.impl.ts[0m:[93m516[0m:[93m27[0m - [91merror[0m[90m TS2551: [0mProperty 'getCreatedAt' does not exist on type 'GiftCard'. Did you mean 'createdAt'?

[7m516[0m       createdAt: giftCard.getCreatedAt(),
[7m   [0m [91m                          ~~~~~~~~~~~~[0m

  [96msrc/modules/marketplace/domain/entities/gift-card.entity.ts[0m:[93m145[0m:[93m7[0m
    [7m145[0m   get createdAt(): Date { return this._createdAt; }
    [7m   [0m [96m      ~~~~~~~~~[0m
    'createdAt' is declared here.

[96msrc/modules/marketplace/infrastructure/repositories/promotion.repository.impl.ts[0m:[93m517[0m:[93m27[0m - [91merror[0m[90m TS2551: [0mProperty 'getUpdatedAt' does not exist on type 'GiftCard'. Did you mean 'updatedAt'?

[7m517[0m       updatedAt: giftCard.getUpdatedAt(),
[7m   [0m [91m                          ~~~~~~~~~~~~[0m

  [96msrc/modules/marketplace/domain/entities/gift-card.entity.ts[0m:[93m146[0m:[93m7[0m
    [7m146[0m   get updatedAt(): Date { return this._updatedAt; }
    [7m   [0m [96m      ~~~~~~~~~[0m
    'updatedAt' is declared here.

[96msrc/modules/marketplace/infrastructure/repositories/promotion.repository.impl.ts[0m:[93m520[0m:[93m18[0m - [91merror[0m[90m TS2339: [0mProperty 'getPurchasedById' does not exist on type 'GiftCard'.

[7m520[0m     if (giftCard.getPurchasedById()) {
[7m   [0m [91m                 ~~~~~~~~~~~~~~~~[0m

[96msrc/modules/marketplace/infrastructure/repositories/promotion.repository.impl.ts[0m:[93m521[0m:[93m12[0m - [91merror[0m[90m TS2551: [0mProperty 'purchasedBy' does not exist on type 'GiftCardCreateInput'. Did you mean 'purchaser'?

[7m521[0m       data.purchasedBy = { connect: { id: giftCard.getPurchasedById() } };
[7m   [0m [91m           ~~~~~~~~~~~[0m

  [96mnode_modules/.prisma/client/index.d.ts[0m:[93m77158[0m:[93m5[0m
    [7m77158[0m     purchaser?: UserCreateNestedOneWithoutPurchasedGiftCardsInput
    [7m     [0m [96m    ~~~~~~~~~[0m
    'purchaser' is declared here.

[96msrc/modules/marketplace/infrastructure/repositories/promotion.repository.impl.ts[0m:[93m521[0m:[93m52[0m - [91merror[0m[90m TS2339: [0mProperty 'getPurchasedById' does not exist on type 'GiftCard'.

[7m521[0m       data.purchasedBy = { connect: { id: giftCard.getPurchasedById() } };
[7m   [0m [91m                                                   ~~~~~~~~~~~~~~~~[0m

[96msrc/modules/marketplace/infrastructure/repositories/promotion.repository.impl.ts[0m:[93m524[0m:[93m18[0m - [91merror[0m[90m TS2339: [0mProperty 'getReceivedById' does not exist on type 'GiftCard'.

[7m524[0m     if (giftCard.getReceivedById()) {
[7m   [0m [91m                 ~~~~~~~~~~~~~~~[0m

[96msrc/modules/marketplace/infrastructure/repositories/promotion.repository.impl.ts[0m:[93m525[0m:[93m12[0m - [91merror[0m[90m TS2339: [0mProperty 'receivedBy' does not exist on type 'GiftCardCreateInput'.

[7m525[0m       data.receivedBy = { connect: { id: giftCard.getReceivedById() } };
[7m   [0m [91m           ~~~~~~~~~~[0m

[96msrc/modules/marketplace/infrastructure/repositories/promotion.repository.impl.ts[0m:[93m525[0m:[93m51[0m - [91merror[0m[90m TS2339: [0mProperty 'getReceivedById' does not exist on type 'GiftCard'.

[7m525[0m       data.receivedBy = { connect: { id: giftCard.getReceivedById() } };
[7m   [0m [91m                                                  ~~~~~~~~~~~~~~~[0m

[96msrc/modules/marketplace/presentation/controllers/brands.controller.ts[0m:[93m86[0m:[93m7[0m - [91merror[0m[90m TS2353: [0mObject literal may only specify known properties, and 'totalProducts' does not exist in type 'BrandStatsResponseDto'.

[7m86[0m       totalProducts: 0,
[7m  [0m [91m      ~~~~~~~~~~~~~[0m

[96msrc/modules/marketplace/presentation/controllers/brands.controller.ts[0m:[93m121[0m:[93m10[0m - [91merror[0m[90m TS2345: [0mArgument of type 'string' is not assignable to parameter of type 'UserRole'.

[7m121[0m   @Roles('ADMIN')
[7m   [0m [91m         ~~~~~~~[0m

[96msrc/modules/marketplace/presentation/controllers/brands.controller.ts[0m:[93m139[0m:[93m10[0m - [91merror[0m[90m TS2345: [0mArgument of type 'string' is not assignable to parameter of type 'UserRole'.

[7m139[0m   @Roles('ADMIN')
[7m   [0m [91m         ~~~~~~~[0m

[96msrc/modules/marketplace/presentation/controllers/brands.controller.ts[0m:[93m162[0m:[93m10[0m - [91merror[0m[90m TS2345: [0mArgument of type 'string' is not assignable to parameter of type 'UserRole'.

[7m162[0m   @Roles('ADMIN')
[7m   [0m [91m         ~~~~~~~[0m

[96msrc/modules/marketplace/presentation/controllers/cart.controller.ts[0m:[93m52[0m:[93m9[0m - [91merror[0m[90m TS2353: [0mObject literal may only specify known properties, and 'tax' does not exist in type 'CartSummaryDto'.

[7m52[0m         tax: 0,
[7m  [0m [91m        ~~~[0m

  [96msrc/modules/marketplace/presentation/dtos/cart/cart-response.dto.ts[0m:[93m121[0m:[93m3[0m
    [7m121[0m   summary: CartSummaryDto;
    [7m   [0m [96m  ~~~~~~~[0m
    The expected type comes from property 'summary' which is declared here on type 'CartResponseDto'

[96msrc/modules/marketplace/presentation/controllers/cart.controller.ts[0m:[93m137[0m:[93m7[0m - [91merror[0m[90m TS2353: [0mObject literal may only specify known properties, and 'stockIssues' does not exist in type 'CartValidationResponseDto'.

[7m137[0m       stockIssues: [],
[7m   [0m [91m      ~~~~~~~~~~~[0m

[96msrc/modules/marketplace/presentation/controllers/categories.controller.ts[0m:[93m120[0m:[93m10[0m - [91merror[0m[90m TS2345: [0mArgument of type 'string' is not assignable to parameter of type 'UserRole'.

[7m120[0m   @Roles('ADMIN', 'VENDOR')
[7m   [0m [91m         ~~~~~~~[0m

[96msrc/modules/marketplace/presentation/controllers/categories.controller.ts[0m:[93m138[0m:[93m10[0m - [91merror[0m[90m TS2345: [0mArgument of type 'string' is not assignable to parameter of type 'UserRole'.

[7m138[0m   @Roles('ADMIN', 'VENDOR')
[7m   [0m [91m         ~~~~~~~[0m

[96msrc/modules/marketplace/presentation/controllers/categories.controller.ts[0m:[93m161[0m:[93m10[0m - [91merror[0m[90m TS2345: [0mArgument of type 'string' is not assignable to parameter of type 'UserRole'.

[7m161[0m   @Roles('ADMIN')
[7m   [0m [91m         ~~~~~~~[0m

[96msrc/modules/marketplace/presentation/controllers/gift-cards.controller.ts[0m:[93m39[0m:[93m10[0m - [91merror[0m[90m TS2345: [0mArgument of type 'string' is not assignable to parameter of type 'UserRole'.

[7m39[0m   @Roles('ADMIN')
[7m  [0m [91m         ~~~~~~~[0m

[96msrc/modules/marketplace/presentation/controllers/gift-cards.controller.ts[0m:[93m86[0m:[93m10[0m - [91merror[0m[90m TS2345: [0mArgument of type 'string' is not assignable to parameter of type 'UserRole'.

[7m86[0m   @Roles('ADMIN')
[7m  [0m [91m         ~~~~~~~[0m

[96msrc/modules/marketplace/presentation/controllers/gift-cards.controller.ts[0m:[93m103[0m:[93m7[0m - [91merror[0m[90m TS2353: [0mObject literal may only specify known properties, and 'totalValue' does not exist in type 'GiftCardStatsResponseDto'.

[7m103[0m       totalValue: 0,
[7m   [0m [91m      ~~~~~~~~~~[0m

[96msrc/modules/marketplace/presentation/controllers/gift-cards.controller.ts[0m:[93m123[0m:[93m7[0m - [91merror[0m[90m TS2322: [0mType 'null' is not assignable to type 'GiftCardResponseDto | undefined'.

[7m123[0m       giftCard: null,
[7m   [0m [91m      ~~~~~~~~[0m

  [96msrc/modules/marketplace/presentation/dtos/gift-card/gift-card-response.dto.ts[0m:[93m106[0m:[93m3[0m
    [7m106[0m   giftCard?: GiftCardResponseDto;
    [7m   [0m [96m  ~~~~~~~~[0m
    The expected type comes from property 'giftCard' which is declared here on type 'GiftCardValidationResponseDto'

[96msrc/modules/marketplace/presentation/controllers/gift-cards.controller.ts[0m:[93m188[0m:[93m7[0m - [91merror[0m[90m TS2561: [0mObject literal may only specify known properties, but 'giftCardId' does not exist in type 'GiftCardUsageHistoryResponseDto'. Did you mean to write 'giftCard'?

[7m188[0m       giftCardId: id,
[7m   [0m [91m      ~~~~~~~~~~[0m

[96msrc/modules/marketplace/presentation/controllers/gift-cards.controller.ts[0m:[93m238[0m:[93m10[0m - [91merror[0m[90m TS2345: [0mArgument of type 'string' is not assignable to parameter of type 'UserRole'.

[7m238[0m   @Roles('ADMIN')
[7m   [0m [91m         ~~~~~~~[0m

[96msrc/modules/marketplace/presentation/controllers/gift-cards.controller.ts[0m:[93m257[0m:[93m10[0m - [91merror[0m[90m TS2345: [0mArgument of type 'string' is not assignable to parameter of type 'UserRole'.

[7m257[0m   @Roles('ADMIN')
[7m   [0m [91m         ~~~~~~~[0m

[96msrc/modules/marketplace/presentation/controllers/orders.controller.ts[0m:[93m69[0m:[93m10[0m - [91merror[0m[90m TS2345: [0mArgument of type 'string' is not assignable to parameter of type 'UserRole'.

[7m69[0m   @Roles('ADMIN')
[7m  [0m [91m         ~~~~~~~[0m

[96msrc/modules/marketplace/presentation/controllers/orders.controller.ts[0m:[93m93[0m:[93m10[0m - [91merror[0m[90m TS2345: [0mArgument of type 'string' is not assignable to parameter of type 'UserRole'.

[7m93[0m   @Roles('ADMIN')
[7m  [0m [91m         ~~~~~~~[0m

[96msrc/modules/marketplace/presentation/controllers/orders.controller.ts[0m:[93m106[0m:[93m7[0m - [91merror[0m[90m TS2353: [0mObject literal may only specify known properties, and 'processingOrders' does not exist in type 'OrderStatsResponseDto'.

[7m106[0m       processingOrders: 0,
[7m   [0m [91m      ~~~~~~~~~~~~~~~~[0m

[96msrc/modules/marketplace/presentation/controllers/orders.controller.ts[0m:[93m192[0m:[93m10[0m - [91merror[0m[90m TS2345: [0mArgument of type 'string' is not assignable to parameter of type 'UserRole'.

[7m192[0m   @Roles('ADMIN')
[7m   [0m [91m         ~~~~~~~[0m

[96msrc/modules/marketplace/presentation/controllers/orders.controller.ts[0m:[93m214[0m:[93m10[0m - [91merror[0m[90m TS2345: [0mArgument of type 'string' is not assignable to parameter of type 'UserRole'.

[7m214[0m   @Roles('ADMIN')
[7m   [0m [91m         ~~~~~~~[0m

[96msrc/modules/marketplace/presentation/controllers/products.controller.ts[0m:[93m209[0m:[93m10[0m - [91merror[0m[90m TS2345: [0mArgument of type 'string' is not assignable to parameter of type 'UserRole'.

[7m209[0m   @Roles('ADMIN', 'VENDOR')
[7m   [0m [91m         ~~~~~~~[0m

[96msrc/modules/marketplace/presentation/controllers/products.controller.ts[0m:[93m227[0m:[93m10[0m - [91merror[0m[90m TS2345: [0mArgument of type 'string' is not assignable to parameter of type 'UserRole'.

[7m227[0m   @Roles('ADMIN', 'VENDOR')
[7m   [0m [91m         ~~~~~~~[0m

[96msrc/modules/marketplace/presentation/controllers/products.controller.ts[0m:[93m250[0m:[93m10[0m - [91merror[0m[90m TS2345: [0mArgument of type 'string' is not assignable to parameter of type 'UserRole'.

[7m250[0m   @Roles('ADMIN', 'VENDOR')
[7m   [0m [91m         ~~~~~~~[0m

[96msrc/modules/marketplace/presentation/controllers/promotions.controller.ts[0m:[93m64[0m:[93m10[0m - [91merror[0m[90m TS2345: [0mArgument of type 'string' is not assignable to parameter of type 'UserRole'.

[7m64[0m   @Roles('ADMIN')
[7m  [0m [91m         ~~~~~~~[0m

[96msrc/modules/marketplace/presentation/controllers/promotions.controller.ts[0m:[93m92[0m:[93m10[0m - [91merror[0m[90m TS2345: [0mArgument of type 'string' is not assignable to parameter of type 'UserRole'.

[7m92[0m   @Roles('ADMIN')
[7m  [0m [91m         ~~~~~~~[0m

[96msrc/modules/marketplace/presentation/controllers/promotions.controller.ts[0m:[93m109[0m:[93m7[0m - [91merror[0m[90m TS2353: [0mObject literal may only specify known properties, and 'totalUsage' does not exist in type 'PromotionStatsResponseDto'.

[7m109[0m       totalUsage: 0,
[7m   [0m [91m      ~~~~~~~~~~[0m

[96msrc/modules/marketplace/presentation/controllers/promotions.controller.ts[0m:[93m134[0m:[93m7[0m - [91merror[0m[90m TS2322: [0mType 'null' is not assignable to type 'PromotionResponseDto | undefined'.

[7m134[0m       promotion: null,
[7m   [0m [91m      ~~~~~~~~~[0m

  [96msrc/modules/marketplace/presentation/dtos/promotion/promotion-response.dto.ts[0m:[93m127[0m:[93m3[0m
    [7m127[0m   promotion?: PromotionResponseDto;
    [7m   [0m [96m  ~~~~~~~~~[0m
    The expected type comes from property 'promotion' which is declared here on type 'PromotionValidationResponseDto'

[96msrc/modules/marketplace/presentation/controllers/promotions.controller.ts[0m:[93m171[0m:[93m10[0m - [91merror[0m[90m TS2345: [0mArgument of type 'string' is not assignable to parameter of type 'UserRole'.

[7m171[0m   @Roles('ADMIN')
[7m   [0m [91m         ~~~~~~~[0m

[96msrc/modules/marketplace/presentation/controllers/promotions.controller.ts[0m:[93m189[0m:[93m10[0m - [91merror[0m[90m TS2345: [0mArgument of type 'string' is not assignable to parameter of type 'UserRole'.

[7m189[0m   @Roles('ADMIN')
[7m   [0m [91m         ~~~~~~~[0m

[96msrc/modules/marketplace/presentation/controllers/promotions.controller.ts[0m:[93m212[0m:[93m10[0m - [91merror[0m[90m TS2345: [0mArgument of type 'string' is not assignable to parameter of type 'UserRole'.

[7m212[0m   @Roles('ADMIN')
[7m   [0m [91m         ~~~~~~~[0m

[96msrc/modules/marketplace/presentation/controllers/promotions.controller.ts[0m:[93m231[0m:[93m10[0m - [91merror[0m[90m TS2345: [0mArgument of type 'string' is not assignable to parameter of type 'UserRole'.

[7m231[0m   @Roles('ADMIN')
[7m   [0m [91m         ~~~~~~~[0m

[96msrc/modules/marketplace/presentation/controllers/promotions.controller.ts[0m:[93m250[0m:[93m10[0m - [91merror[0m[90m TS2345: [0mArgument of type 'string' is not assignable to parameter of type 'UserRole'.

[7m250[0m   @Roles('ADMIN')
[7m   [0m [91m         ~~~~~~~[0m

[96msrc/modules/marketplace/presentation/dtos/product/product-search.dto.ts[0m:[93m149[0m:[93m24[0m - [91merror[0m[90m TS2345: [0mArgument of type '{ description: string; type: "object"; example: { color: string[]; size: string[]; }; }' is not assignable to parameter of type 'ApiPropertyOptions | undefined'.
  Type '{ description: string; type: "object"; example: { color: string[]; size: string[]; }; }' is not assignable to type '({ type: "object"; properties: Record<string, SchemaObjectMetadata>; required?: string[] | undefined; selfRequired?: boolean | undefined; } & SchemaObjectCommonMetadata & { ...; }) | ({ ...; } & ... 1 more ... & { ...; }) | ({ ...; } & ... 2 more ... & { ...; }) | ({ ...; } & ... 2 more ... & { ...; })'.
    Type '{ description: string; type: "object"; example: { color: string[]; size: string[]; }; }' is not assignable to type '{ type: "object"; properties?: Record<string, SchemaObjectMetadata> | undefined; additionalProperties: boolean | SchemaObject | ReferenceObject; required?: string[] | undefined; selfRequired?: boolean | undefined; } & SchemaObjectCommonMetadata & { ...; } & { ...; }'.
      Property 'additionalProperties' is missing in type '{ description: string; type: "object"; example: { color: string[]; size: string[]; }; }' but required in type '{ type: "object"; properties?: Record<string, SchemaObjectMetadata> | undefined; additionalProperties: boolean | SchemaObject | ReferenceObject; required?: string[] | undefined; selfRequired?: boolean | undefined; }'.

[7m149[0m   @ApiPropertyOptional({ description: 'Product attributes', type: 'object', example: { color: ['red', 'blue'], size: ['M', 'L'] } })
[7m   [0m [91m                       ~~~~~~~~~~~~~~~~~~~~~~~~~~~~~~~~~~~~~~~~~~~~~~~~~~~~~~~~~~~~~~~~~~~~~~~~~~~~~~~~~~~~~~~~~~~~~~~~~~~~~~~~~~~~[0m

  [96mnode_modules/@nestjs/swagger/dist/interfaces/schema-object-metadata.interface.d.ts[0m:[93m26[0m:[93m5[0m
    [7m26[0m     additionalProperties: SchemaObject | ReferenceObject | boolean;
    [7m  [0m [96m    ~~~~~~~~~~~~~~~~~~~~[0m
    'additionalProperties' is declared here.

[96msrc/modules/security/application/services/otp-application.service.ts[0m:[93m76[0m:[93m33[0m - [91merror[0m[90m TS2551: [0mProperty 'logOtpGenerated' does not exist on type 'SecurityLogger'. Did you mean 'logOtpGeneration'?

[7m76[0m       await this.securityLogger.logOtpGenerated({
[7m  [0m [91m                                ~~~~~~~~~~~~~~~[0m

  [96msrc/modules/security/services/security-logger.service.ts[0m:[93m71[0m:[93m9[0m
    [7m71[0m   async logOtpGeneration(
    [7m  [0m [96m        ~~~~~~~~~~~~~~~~[0m
    'logOtpGeneration' is declared here.

[96msrc/modules/security/application/services/otp-application.service.ts[0m:[93m95[0m:[93m33[0m - [91merror[0m[90m TS2551: [0mProperty 'logOtpGenerationFailed' does not exist on type 'SecurityLogger'. Did you mean 'logOtpGeneration'?

[7m95[0m       await this.securityLogger.logOtpGenerationFailed({
[7m  [0m [91m                                ~~~~~~~~~~~~~~~~~~~~~~[0m

  [96msrc/modules/security/services/security-logger.service.ts[0m:[93m71[0m:[93m9[0m
    [7m71[0m   async logOtpGeneration(
    [7m  [0m [96m        ~~~~~~~~~~~~~~~~[0m
    'logOtpGeneration' is declared here.

[96msrc/modules/security/application/services/otp-application.service.ts[0m:[93m119[0m:[93m33[0m - [91merror[0m[90m TS2554: [0mExpected 3-4 arguments, but got 1.

[7m119[0m       await this.securityLogger.logOtpValidation({
[7m   [0m [91m                                ~~~~~~~~~~~~~~~~~~[0m
[7m120[0m         identifier: dto.identifier,
[7m   [0m [91m~~~~~~~~~~~~~~~~~~~~~~~~~~~~~~~~~~~[0m
[7m...[0m 
[7m125[0m         attemptsExceeded: result.attemptsExceeded,
[7m   [0m [91m~~~~~~~~~~~~~~~~~~~~~~~~~~~~~~~~~~~~~~~~~~~~~~~~~~[0m
[7m126[0m       });
[7m   [0m [91m~~~~~~~~[0m

  [96msrc/modules/security/services/security-logger.service.ts[0m:[93m92[0m:[93m5[0m
    [7m92[0m     purpose: string,
    [7m  [0m [96m    ~~~~~~~~~~~~~~~[0m
    An argument for 'purpose' was not provided.

[96msrc/modules/security/application/services/otp-application.service.ts[0m:[93m132[0m:[93m33[0m - [91merror[0m[90m TS2551: [0mProperty 'logOtpValidationFailed' does not exist on type 'SecurityLogger'. Did you mean 'logOtpValidation'?

[7m132[0m       await this.securityLogger.logOtpValidationFailed({
[7m   [0m [91m                                ~~~~~~~~~~~~~~~~~~~~~~[0m

  [96msrc/modules/security/services/security-logger.service.ts[0m:[93m90[0m:[93m9[0m
    [7m90[0m   async logOtpValidation(
    [7m  [0m [96m        ~~~~~~~~~~~~~~~~[0m
    'logOtpValidation' is declared here.

[96msrc/modules/security/application/services/otp-application.service.ts[0m:[93m163[0m:[93m33[0m - [91merror[0m[90m TS2339: [0mProperty 'logOtpResent' does not exist on type 'SecurityLogger'.

[7m163[0m       await this.securityLogger.logOtpResent({
[7m   [0m [91m                                ~~~~~~~~~~~~[0m

[96msrc/modules/security/application/services/otp-application.service.ts[0m:[93m182[0m:[93m33[0m - [91merror[0m[90m TS2339: [0mProperty 'logOtpResendFailed' does not exist on type 'SecurityLogger'.

[7m182[0m       await this.securityLogger.logOtpResendFailed({
[7m   [0m [91m                                ~~~~~~~~~~~~~~~~~~[0m

[96msrc/modules/security/application/services/otp-application.service.ts[0m:[93m214[0m:[93m33[0m - [91merror[0m[90m TS2339: [0mProperty 'logOtpInvalidated' does not exist on type 'SecurityLogger'.

[7m214[0m       await this.securityLogger.logOtpInvalidated({
[7m   [0m [91m                                ~~~~~~~~~~~~~~~~~[0m

[96msrc/modules/security/application/services/otp-application.service.ts[0m:[93m248[0m:[93m11[0m - [91merror[0m[90m TS2554: [0mExpected 1 arguments, but got 4.

[7m248[0m           otp.code.value,
[7m   [0m [91m          ~~~~~~~~~~~~~~~[0m
[7m249[0m           otp.purpose,
[7m   [0m [91m~~~~~~~~~~~~~~~~~~~~~~[0m
[7m250[0m           'email'
[7m   [0m [91m~~~~~~~~~~~~~~~~~[0m

[96msrc/modules/security/application/services/otp-application.service.ts[0m:[93m258[0m:[93m13[0m - [91merror[0m[90m TS2554: [0mExpected 1 arguments, but got 4.

[7m258[0m             otp.code.value,
[7m   [0m [91m            ~~~~~~~~~~~~~~~[0m
[7m259[0m             otp.purpose,
[7m   [0m [91m~~~~~~~~~~~~~~~~~~~~~~~~[0m
[7m260[0m             'sms'
[7m   [0m [91m~~~~~~~~~~~~~~~~~[0m

[96msrc/modules/security/examples/auth-integration.example.ts[0m:[93m7[0m:[93m10[0m - [91merror[0m[90m TS2305: [0mModule '"../../communication/interfaces/communication.interface"' has no exported member 'CommunicationChannel'.

[7m7[0m import { CommunicationChannel } from '../../communication/interfaces/communication.interface';
[7m [0m [91m         ~~~~~~~~~~~~~~~~~~~~[0m

[96msrc/modules/security/examples/auth-integration.example.ts[0m:[93m35[0m:[93m47[0m - [91merror[0m[90m TS2554: [0mExpected 2-3 arguments, but got 1.

[7m 35[0m       const otpResult = await this.otpService.generateOtp({
[7m   [0m [91m                                              ~~~~~~~~~~~~~[0m
[7m 36[0m         userId: 'temp-user-id', // Would be actual user ID
[7m   [0m [91m~~~~~~~~~~~~~~~~~~~~~~~~~~~~~~~~~~~~~~~~~~~~~~~~~~~~~~~~~~[0m
[7m...[0m 
[7m 39[0m         metadata: { email, phoneNumber },
[7m   [0m [91m~~~~~~~~~~~~~~~~~~~~~~~~~~~~~~~~~~~~~~~~~[0m
[7m 40[0m       });
[7m   [0m [91m~~~~~~~~[0m

  [96msrc/modules/security/services/otp.service.ts[0m:[93m27[0m:[93m5[0m
    [7m27[0m     purpose: OtpPayload['purpose'],
    [7m  [0m [96m    ~~~~~~~~~~~~~~~~~~~~~~~~~~~~~~[0m
    An argument for 'purpose' was not provided.

[96msrc/modules/security/examples/auth-integration.example.ts[0m:[93m42[0m:[93m22[0m - [91merror[0m[90m TS2339: [0mProperty 'success' does not exist on type 'string'.

[7m42[0m       if (!otpResult.success) {
[7m  [0m [91m                     ~~~~~~~[0m

[96msrc/modules/security/examples/auth-integration.example.ts[0m:[93m53[0m:[93m19[0m - [91merror[0m[90m TS2339: [0mProperty 'otpCode' does not exist on type 'string'.

[7m53[0m         otpResult.otpCode,
[7m  [0m [91m                  ~~~~~~~[0m

[96msrc/modules/security/examples/auth-integration.example.ts[0m:[93m62[0m:[93m21[0m - [91merror[0m[90m TS2339: [0mProperty 'otpCode' does not exist on type 'string'.

[7m62[0m           otpResult.otpCode,
[7m  [0m [91m                    ~~~~~~~[0m

[96msrc/modules/security/examples/auth-integration.example.ts[0m:[93m77[0m:[93m26[0m - [91merror[0m[90m TS2339: [0mProperty 'otpId' does not exist on type 'string'.

[7m77[0m         otpId: otpResult.otpId,
[7m  [0m [91m                         ~~~~~[0m

[96msrc/modules/security/examples/auth-integration.example.ts[0m:[93m98[0m:[93m56[0m - [91merror[0m[90m TS2554: [0mExpected 3 arguments, but got 1.

[7m 98[0m       const verificationResult = await this.otpService.validateOtp({
[7m   [0m [91m                                                       ~~~~~~~~~~~~~[0m
[7m 99[0m         otpId,
[7m   [0m [91m~~~~~~~~~~~~~~[0m
[7m...[0m 
[7m101[0m         userId,
[7m   [0m [91m~~~~~~~~~~~~~~~[0m
[7m102[0m       });
[7m   [0m [91m~~~~~~~~[0m

  [96msrc/modules/security/services/otp.service.ts[0m:[93m81[0m:[93m5[0m
    [7m81[0m     code: string,
    [7m  [0m [96m    ~~~~~~~~~~~~[0m
    An argument for 'code' was not provided.

[96msrc/modules/security/examples/auth-integration.example.ts[0m:[93m104[0m:[93m31[0m - [91merror[0m[90m TS2339: [0mProperty 'success' does not exist on type 'OtpValidationResult'.

[7m104[0m       if (!verificationResult.success) {
[7m   [0m [91m                              ~~~~~~~[0m

[96msrc/modules/security/examples/auth-integration.example.ts[0m:[93m108[0m:[93m11[0m - [91merror[0m[90m TS2345: [0mArgument of type 'boolean' is not assignable to parameter of type 'string'.

[7m108[0m           false,
[7m   [0m [91m          ~~~~~[0m

[96msrc/modules/security/examples/auth-integration.example.ts[0m:[93m110[0m:[93m47[0m - [91merror[0m[90m TS2339: [0mProperty 'error' does not exist on type 'OtpValidationResult'.

[7m110[0m           { otpId, reason: verificationResult.error },
[7m   [0m [91m                                              ~~~~~[0m

[96msrc/modules/security/examples/auth-integration.example.ts[0m:[93m115[0m:[93m39[0m - [91merror[0m[90m TS2339: [0mProperty 'error' does not exist on type 'OtpValidationResult'.

[7m115[0m           message: verificationResult.error || 'Invalid OTP',
[7m   [0m [91m                                      ~~~~~[0m

[96msrc/modules/security/examples/auth-integration.example.ts[0m:[93m120[0m:[93m51[0m - [91merror[0m[90m TS2339: [0mProperty 'generateTokens' does not exist on type 'TokenService'.

[7m120[0m       const tokenResult = await this.tokenService.generateTokens({
[7m   [0m [91m                                                  ~~~~~~~~~~~~~~[0m

[96msrc/modules/security/examples/auth-integration.example.ts[0m:[93m136[0m:[93m9[0m - [91merror[0m[90m TS2345: [0mArgument of type 'boolean' is not assignable to parameter of type 'string'.

[7m136[0m         true,
[7m   [0m [91m        ~~~~[0m

[96msrc/modules/security/examples/auth-integration.example.ts[0m:[93m168[0m:[93m47[0m - [91merror[0m[90m TS2554: [0mExpected 2-3 arguments, but got 1.

[7m168[0m       const otpResult = await this.otpService.generateOtp({
[7m   [0m [91m                                              ~~~~~~~~~~~~~[0m
[7m169[0m         userId,
[7m   [0m [91m~~~~~~~~~~~~~~~[0m
[7m...[0m 
[7m172[0m         metadata: { email },
[7m   [0m [91m~~~~~~~~~~~~~~~~~~~~~~~~~~~~[0m
[7m173[0m       });
[7m   [0m [91m~~~~~~~~[0m

  [96msrc/modules/security/services/otp.service.ts[0m:[93m27[0m:[93m5[0m
    [7m27[0m     purpose: OtpPayload['purpose'],
    [7m  [0m [96m    ~~~~~~~~~~~~~~~~~~~~~~~~~~~~~~[0m
    An argument for 'purpose' was not provided.

[96msrc/modules/security/examples/auth-integration.example.ts[0m:[93m175[0m:[93m22[0m - [91merror[0m[90m TS2339: [0mProperty 'success' does not exist on type 'string'.

[7m175[0m       if (!otpResult.success) {
[7m   [0m [91m                     ~~~~~~~[0m

[96msrc/modules/security/examples/auth-integration.example.ts[0m:[93m186[0m:[93m19[0m - [91merror[0m[90m TS2339: [0mProperty 'otpCode' does not exist on type 'string'.

[7m186[0m         otpResult.otpCode,
[7m   [0m [91m                  ~~~~~~~[0m

[96msrc/modules/security/examples/auth-integration.example.ts[0m:[93m199[0m:[93m26[0m - [91merror[0m[90m TS2339: [0mProperty 'otpId' does not exist on type 'string'.

[7m199[0m         otpId: otpResult.otpId,
[7m   [0m [91m                         ~~~~~[0m

[96msrc/modules/security/examples/auth-integration.example.ts[0m:[93m225[0m:[93m56[0m - [91merror[0m[90m TS2554: [0mExpected 3 arguments, but got 1.

[7m225[0m       const verificationResult = await this.otpService.validateOtp({
[7m   [0m [91m                                                       ~~~~~~~~~~~~~[0m
[7m226[0m         otpId,
[7m   [0m [91m~~~~~~~~~~~~~~[0m
[7m...[0m 
[7m228[0m         userId,
[7m   [0m [91m~~~~~~~~~~~~~~~[0m
[7m229[0m       });
[7m   [0m [91m~~~~~~~~[0m

  [96msrc/modules/security/services/otp.service.ts[0m:[93m81[0m:[93m5[0m
    [7m81[0m     code: string,
    [7m  [0m [96m    ~~~~~~~~~~~~[0m
    An argument for 'code' was not provided.

[96msrc/modules/security/examples/auth-integration.example.ts[0m:[93m231[0m:[93m31[0m - [91merror[0m[90m TS2339: [0mProperty 'success' does not exist on type 'OtpValidationResult'.

[7m231[0m       if (!verificationResult.success) {
[7m   [0m [91m                              ~~~~~~~[0m

[96msrc/modules/security/examples/auth-integration.example.ts[0m:[93m234[0m:[93m39[0m - [91merror[0m[90m TS2339: [0mProperty 'error' does not exist on type 'OtpValidationResult'.

[7m234[0m           message: verificationResult.error || 'Invalid or expired OTP',
[7m   [0m [91m                                      ~~~~~[0m

[96msrc/modules/security/examples/auth-integration.example.ts[0m:[93m241[0m:[93m9[0m - [91merror[0m[90m TS2345: [0mArgument of type '{ minLength: number; requireUppercase: boolean; requireLowercase: boolean; requireNumbers: boolean; requireSpecialChars: boolean; }' is not assignable to parameter of type 'string'.

[7m241[0m         {
[7m   [0m [91m        ~[0m
[7m242[0m           minLength: 8,
[7m   [0m [91m~~~~~~~~~~~~~~~~~~~~~~~[0m
[7m...[0m 
[7m246[0m           requireSpecialChars: true,
[7m   [0m [91m~~~~~~~~~~~~~~~~~~~~~~~~~~~~~~~~~~~~[0m
[7m247[0m         },
[7m   [0m [91m~~~~~~~~~[0m

[96msrc/modules/security/examples/auth-integration.example.ts[0m:[93m250[0m:[93m31[0m - [91merror[0m[90m TS2339: [0mProperty 'isValid' does not exist on type 'boolean'.

[7m250[0m       if (!passwordValidation.isValid) {
[7m   [0m [91m                              ~~~~~~~[0m

[96msrc/modules/security/examples/auth-integration.example.ts[0m:[93m253[0m:[93m70[0m - [91merror[0m[90m TS2339: [0mProperty 'errors' does not exist on type 'boolean'.

[7m253[0m           message: `Password validation failed: ${passwordValidation.errors.join(', ')}`,
[7m   [0m [91m                                                                     ~~~~~~[0m

[96msrc/modules/security/examples/auth-integration.example.ts[0m:[93m278[0m:[93m9[0m - [91merror[0m[90m TS2554: [0mExpected 2-3 arguments, but got 4.

[7m278[0m         { method: 'OTP_VERIFICATION' },
[7m   [0m [91m        ~~~~~~~~~~~~~~~~~~~~~~~~~~~~~~[0m

[96msrc/modules/security/examples/kyc-integration.example.ts[0m:[93m5[0m:[93m10[0m - [91merror[0m[90m TS2305: [0mModule '"../../communication/interfaces/communication.interface"' has no exported member 'CommunicationChannel'.

[7m5[0m import { CommunicationChannel } from '../../communication/interfaces/communication.interface';
[7m [0m [91m         ~~~~~~~~~~~~~~~~~~~~[0m

[96msrc/modules/security/examples/kyc-integration.example.ts[0m:[93m90[0m:[93m47[0m - [91merror[0m[90m TS2554: [0mExpected 2-3 arguments, but got 1.

[7m 90[0m       const otpResult = await this.otpService.generateOtp({
[7m   [0m [91m                                              ~~~~~~~~~~~~~[0m
[7m 91[0m         userId,
[7m   [0m [91m~~~~~~~~~~~~~~~[0m
[7m...[0m 
[7m 98[0m         },
[7m   [0m [91m~~~~~~~~~~[0m
[7m 99[0m       });
[7m   [0m [91m~~~~~~~~[0m

  [96msrc/modules/security/services/otp.service.ts[0m:[93m27[0m:[93m5[0m
    [7m27[0m     purpose: OtpPayload['purpose'],
    [7m  [0m [96m    ~~~~~~~~~~~~~~~~~~~~~~~~~~~~~~[0m
    An argument for 'purpose' was not provided.

[96msrc/modules/security/examples/kyc-integration.example.ts[0m:[93m101[0m:[93m22[0m - [91merror[0m[90m TS2339: [0mProperty 'success' does not exist on type 'string'.

[7m101[0m       if (!otpResult.success) {
[7m   [0m [91m                     ~~~~~~~[0m

[96msrc/modules/security/examples/kyc-integration.example.ts[0m:[93m112[0m:[93m19[0m - [91merror[0m[90m TS2339: [0mProperty 'otpCode' does not exist on type 'string'.

[7m112[0m         otpResult.otpCode,
[7m   [0m [91m                  ~~~~~~~[0m

[96msrc/modules/security/examples/kyc-integration.example.ts[0m:[93m138[0m:[93m26[0m - [91merror[0m[90m TS2339: [0mProperty 'otpId' does not exist on type 'string'.

[7m138[0m         otpId: otpResult.otpId,
[7m   [0m [91m                         ~~~~~[0m

[96msrc/modules/security/examples/kyc-integration.example.ts[0m:[93m164[0m:[93m56[0m - [91merror[0m[90m TS2554: [0mExpected 3 arguments, but got 1.

[7m164[0m       const verificationResult = await this.otpService.validateOtp({
[7m   [0m [91m                                                       ~~~~~~~~~~~~~[0m
[7m165[0m         otpId,
[7m   [0m [91m~~~~~~~~~~~~~~[0m
[7m...[0m 
[7m167[0m         userId,
[7m   [0m [91m~~~~~~~~~~~~~~~[0m
[7m168[0m       });
[7m   [0m [91m~~~~~~~~[0m

  [96msrc/modules/security/services/otp.service.ts[0m:[93m81[0m:[93m5[0m
    [7m81[0m     code: string,
    [7m  [0m [96m    ~~~~~~~~~~~~[0m
    An argument for 'code' was not provided.

[96msrc/modules/security/examples/kyc-integration.example.ts[0m:[93m170[0m:[93m31[0m - [91merror[0m[90m TS2339: [0mProperty 'success' does not exist on type 'OtpValidationResult'.

[7m170[0m       if (!verificationResult.success) {
[7m   [0m [91m                              ~~~~~~~[0m

[96msrc/modules/security/examples/kyc-integration.example.ts[0m:[93m178[0m:[93m40[0m - [91merror[0m[90m TS2339: [0mProperty 'error' does not exist on type 'OtpValidationResult'.

[7m178[0m             reason: verificationResult.error,
[7m   [0m [91m                                       ~~~~~[0m

[96msrc/modules/security/examples/kyc-integration.example.ts[0m:[93m184[0m:[93m39[0m - [91merror[0m[90m TS2339: [0mProperty 'error' does not exist on type 'OtpValidationResult'.

[7m184[0m           message: verificationResult.error || 'Invalid OTP',
[7m   [0m [91m                                      ~~~~~[0m

[96msrc/modules/security/examples/kyc-integration.example.ts[0m:[93m238[0m:[93m47[0m - [91merror[0m[90m TS2554: [0mExpected 2-3 arguments, but got 1.

[7m238[0m       const otpResult = await this.otpService.generateOtp({
[7m   [0m [91m                                              ~~~~~~~~~~~~~[0m
[7m239[0m         userId,
[7m   [0m [91m~~~~~~~~~~~~~~~[0m
[7m...[0m 
[7m246[0m         },
[7m   [0m [91m~~~~~~~~~~[0m
[7m247[0m       });
[7m   [0m [91m~~~~~~~~[0m

  [96msrc/modules/security/services/otp.service.ts[0m:[93m27[0m:[93m5[0m
    [7m27[0m     purpose: OtpPayload['purpose'],
    [7m  [0m [96m    ~~~~~~~~~~~~~~~~~~~~~~~~~~~~~~[0m
    An argument for 'purpose' was not provided.

[96msrc/modules/security/examples/kyc-integration.example.ts[0m:[93m249[0m:[93m22[0m - [91merror[0m[90m TS2339: [0mProperty 'success' does not exist on type 'string'.

[7m249[0m       if (!otpResult.success) {
[7m   [0m [91m                     ~~~~~~~[0m

[96msrc/modules/security/examples/kyc-integration.example.ts[0m:[93m260[0m:[93m19[0m - [91merror[0m[90m TS2339: [0mProperty 'otpCode' does not exist on type 'string'.

[7m260[0m         otpResult.otpCode,
[7m   [0m [91m                  ~~~~~~~[0m

[96msrc/modules/security/examples/kyc-integration.example.ts[0m:[93m288[0m:[93m26[0m - [91merror[0m[90m TS2339: [0mProperty 'otpId' does not exist on type 'string'.

[7m288[0m         otpId: otpResult.otpId,
[7m   [0m [91m                         ~~~~~[0m

[96msrc/modules/security/examples/kyc-integration.example.ts[0m:[93m314[0m:[93m47[0m - [91merror[0m[90m TS2554: [0mExpected 2-3 arguments, but got 1.

[7m314[0m       const otpResult = await this.otpService.generateOtp({
[7m   [0m [91m                                              ~~~~~~~~~~~~~[0m
[7m315[0m         userId,
[7m   [0m [91m~~~~~~~~~~~~~~~[0m
[7m...[0m 
[7m321[0m         },
[7m   [0m [91m~~~~~~~~~~[0m
[7m322[0m       });
[7m   [0m [91m~~~~~~~~[0m

  [96msrc/modules/security/services/otp.service.ts[0m:[93m27[0m:[93m5[0m
    [7m27[0m     purpose: OtpPayload['purpose'],
    [7m  [0m [96m    ~~~~~~~~~~~~~~~~~~~~~~~~~~~~~~[0m
    An argument for 'purpose' was not provided.

[96msrc/modules/security/examples/kyc-integration.example.ts[0m:[93m324[0m:[93m22[0m - [91merror[0m[90m TS2339: [0mProperty 'success' does not exist on type 'string'.

[7m324[0m       if (!otpResult.success) {
[7m   [0m [91m                     ~~~~~~~[0m

[96msrc/modules/security/examples/kyc-integration.example.ts[0m:[93m335[0m:[93m19[0m - [91merror[0m[90m TS2339: [0mProperty 'otpCode' does not exist on type 'string'.

[7m335[0m         otpResult.otpCode,
[7m   [0m [91m                  ~~~~~~~[0m

[96msrc/modules/security/examples/kyc-integration.example.ts[0m:[93m341[0m:[93m19[0m - [91merror[0m[90m TS2339: [0mProperty 'otpCode' does not exist on type 'string'.

[7m341[0m         otpResult.otpCode,
[7m   [0m [91m                  ~~~~~~~[0m

[96msrc/modules/security/examples/kyc-integration.example.ts[0m:[93m368[0m:[93m26[0m - [91merror[0m[90m TS2339: [0mProperty 'otpId' does not exist on type 'string'.

[7m368[0m         otpId: otpResult.otpId,
[7m   [0m [91m                         ~~~~~[0m

[96msrc/modules/security/examples/kyc-integration.example.ts[0m:[93m395[0m:[93m56[0m - [91merror[0m[90m TS2554: [0mExpected 3 arguments, but got 1.

[7m395[0m       const verificationResult = await this.otpService.validateOtp({
[7m   [0m [91m                                                       ~~~~~~~~~~~~~[0m
[7m396[0m         otpId,
[7m   [0m [91m~~~~~~~~~~~~~~[0m
[7m...[0m 
[7m398[0m         userId,
[7m   [0m [91m~~~~~~~~~~~~~~~[0m
[7m399[0m       });
[7m   [0m [91m~~~~~~~~[0m

  [96msrc/modules/security/services/otp.service.ts[0m:[93m81[0m:[93m5[0m
    [7m81[0m     code: string,
    [7m  [0m [96m    ~~~~~~~~~~~~[0m
    An argument for 'code' was not provided.

[96msrc/modules/security/examples/kyc-integration.example.ts[0m:[93m401[0m:[93m31[0m - [91merror[0m[90m TS2339: [0mProperty 'success' does not exist on type 'OtpValidationResult'.

[7m401[0m       if (!verificationResult.success) {
[7m   [0m [91m                              ~~~~~~~[0m

[96msrc/modules/security/examples/kyc-integration.example.ts[0m:[93m409[0m:[93m40[0m - [91merror[0m[90m TS2339: [0mProperty 'error' does not exist on type 'OtpValidationResult'.

[7m409[0m             reason: verificationResult.error,
[7m   [0m [91m                                       ~~~~~[0m

[96msrc/modules/security/examples/kyc-integration.example.ts[0m:[93m415[0m:[93m39[0m - [91merror[0m[90m TS2339: [0mProperty 'error' does not exist on type 'OtpValidationResult'.

[7m415[0m           message: verificationResult.error || 'Invalid final verification OTP',
[7m   [0m [91m                                      ~~~~~[0m

[96msrc/modules/security/examples/kyc-integration.example.ts[0m:[93m529[0m:[93m50[0m - [91merror[0m[90m TS2554: [0mExpected 2 arguments, but got 1.

[7m529[0m       const resendResult = await this.otpService.resendOtp({
[7m   [0m [91m                                                 ~~~~~~~~~~~[0m
[7m530[0m         originalOtpId,
[7m   [0m [91m~~~~~~~~~~~~~~~~~~~~~~[0m
[7m...[0m 
[7m532[0m         newExpiryMinutes: 10,
[7m   [0m [91m~~~~~~~~~~~~~~~~~~~~~~~~~~~~~[0m
[7m533[0m       });
[7m   [0m [91m~~~~~~~~[0m

  [96msrc/modules/security/services/otp.service.ts[0m:[93m102[0m:[93m5[0m
    [7m102[0m     purpose: OtpPayload['purpose'],
    [7m   [0m [96m    ~~~~~~~~~~~~~~~~~~~~~~~~~~~~~~[0m
    An argument for 'purpose' was not provided.

[96msrc/modules/security/examples/kyc-integration.example.ts[0m:[93m535[0m:[93m25[0m - [91merror[0m[90m TS2339: [0mProperty 'success' does not exist on type 'string'.

[7m535[0m       if (!resendResult.success) {
[7m   [0m [91m                        ~~~~~~~[0m

[96msrc/modules/security/examples/kyc-integration.example.ts[0m:[93m538[0m:[93m33[0m - [91merror[0m[90m TS2339: [0mProperty 'error' does not exist on type 'string'.

[7m538[0m           message: resendResult.error || 'Failed to resend OTP',
[7m   [0m [91m                                ~~~~~[0m

[96msrc/modules/security/examples/kyc-integration.example.ts[0m:[93m546[0m:[93m22[0m - [91merror[0m[90m TS2339: [0mProperty 'otpCode' does not exist on type 'string'.

[7m546[0m         resendResult.otpCode,
[7m   [0m [91m                     ~~~~~~~[0m

[96msrc/modules/security/examples/kyc-integration.example.ts[0m:[93m563[0m:[93m34[0m - [91merror[0m[90m TS2339: [0mProperty 'otpId' does not exist on type 'string'.

[7m563[0m           newOtpId: resendResult.otpId,
[7m   [0m [91m                                 ~~~~~[0m

[96msrc/modules/security/examples/kyc-integration.example.ts[0m:[93m572[0m:[93m32[0m - [91merror[0m[90m TS2339: [0mProperty 'otpId' does not exist on type 'string'.

[7m572[0m         newOtpId: resendResult.otpId,
[7m   [0m [91m                               ~~~~~[0m

[96msrc/modules/security/examples/transaction-integration.example.ts[0m:[93m5[0m:[93m10[0m - [91merror[0m[90m TS2305: [0mModule '"../../communication/interfaces/communication.interface"' has no exported member 'CommunicationChannel'.

[7m5[0m import { CommunicationChannel } from '../../communication/interfaces/communication.interface';
[7m [0m [91m         ~~~~~~~~~~~~~~~~~~~~[0m

[96msrc/modules/security/examples/transaction-integration.example.ts[0m:[93m89[0m:[93m47[0m - [91merror[0m[90m TS2554: [0mExpected 2-3 arguments, but got 1.

[7m 89[0m       const otpResult = await this.otpService.generateOtp({
[7m   [0m [91m                                              ~~~~~~~~~~~~~[0m
[7m 90[0m         userId,
[7m   [0m [91m~~~~~~~~~~~~~~~[0m
[7m...[0m 
[7m 99[0m         },
[7m   [0m [91m~~~~~~~~~~[0m
[7m100[0m       });
[7m   [0m [91m~~~~~~~~[0m

  [96msrc/modules/security/services/otp.service.ts[0m:[93m27[0m:[93m5[0m
    [7m27[0m     purpose: OtpPayload['purpose'],
    [7m  [0m [96m    ~~~~~~~~~~~~~~~~~~~~~~~~~~~~~~[0m
    An argument for 'purpose' was not provided.

[96msrc/modules/security/examples/transaction-integration.example.ts[0m:[93m102[0m:[93m22[0m - [91merror[0m[90m TS2339: [0mProperty 'success' does not exist on type 'string'.

[7m102[0m       if (!otpResult.success) {
[7m   [0m [91m                     ~~~~~~~[0m

[96msrc/modules/security/examples/transaction-integration.example.ts[0m:[93m115[0m:[93m19[0m - [91merror[0m[90m TS2339: [0mProperty 'otpCode' does not exist on type 'string'.

[7m115[0m         otpResult.otpCode,
[7m   [0m [91m                  ~~~~~~~[0m

[96msrc/modules/security/examples/transaction-integration.example.ts[0m:[93m125[0m:[93m21[0m - [91merror[0m[90m TS2339: [0mProperty 'otpCode' does not exist on type 'string'.

[7m125[0m           otpResult.otpCode,
[7m   [0m [91m                    ~~~~~~~[0m

[96msrc/modules/security/examples/transaction-integration.example.ts[0m:[93m145[0m:[93m26[0m - [91merror[0m[90m TS2339: [0mProperty 'otpId' does not exist on type 'string'.

[7m145[0m         otpId: otpResult.otpId,
[7m   [0m [91m                         ~~~~~[0m

[96msrc/modules/security/examples/transaction-integration.example.ts[0m:[93m176[0m:[93m56[0m - [91merror[0m[90m TS2554: [0mExpected 3 arguments, but got 1.

[7m176[0m       const verificationResult = await this.otpService.validateOtp({
[7m   [0m [91m                                                       ~~~~~~~~~~~~~[0m
[7m177[0m         otpId,
[7m   [0m [91m~~~~~~~~~~~~~~[0m
[7m...[0m 
[7m179[0m         userId,
[7m   [0m [91m~~~~~~~~~~~~~~~[0m
[7m180[0m       });
[7m   [0m [91m~~~~~~~~[0m

  [96msrc/modules/security/services/otp.service.ts[0m:[93m81[0m:[93m5[0m
    [7m81[0m     code: string,
    [7m  [0m [96m    ~~~~~~~~~~~~[0m
    An argument for 'code' was not provided.

[96msrc/modules/security/examples/transaction-integration.example.ts[0m:[93m182[0m:[93m31[0m - [91merror[0m[90m TS2339: [0mProperty 'success' does not exist on type 'OtpValidationResult'.

[7m182[0m       if (!verificationResult.success) {
[7m   [0m [91m                              ~~~~~~~[0m

[96msrc/modules/security/examples/transaction-integration.example.ts[0m:[93m191[0m:[93m40[0m - [91merror[0m[90m TS2339: [0mProperty 'error' does not exist on type 'OtpValidationResult'.

[7m191[0m             reason: verificationResult.error,
[7m   [0m [91m                                       ~~~~~[0m

[96msrc/modules/security/examples/transaction-integration.example.ts[0m:[93m197[0m:[93m39[0m - [91merror[0m[90m TS2339: [0mProperty 'error' does not exist on type 'OtpValidationResult'.

[7m197[0m           message: verificationResult.error || 'Invalid transaction OTP',
[7m   [0m [91m                                      ~~~~~[0m

[96msrc/modules/security/examples/transaction-integration.example.ts[0m:[93m317[0m:[93m49[0m - [91merror[0m[90m TS2554: [0mExpected 2-3 arguments, but got 1.

[7m317[0m         const otpResult = await this.otpService.generateOtp({
[7m   [0m [91m                                                ~~~~~~~~~~~~~[0m
[7m318[0m           userId,
[7m   [0m [91m~~~~~~~~~~~~~~~~~[0m
[7m...[0m 
[7m327[0m           },
[7m   [0m [91m~~~~~~~~~~~~[0m
[7m328[0m         });
[7m   [0m [91m~~~~~~~~~~[0m

  [96msrc/modules/security/services/otp.service.ts[0m:[93m27[0m:[93m5[0m
    [7m27[0m     purpose: OtpPayload['purpose'],
    [7m  [0m [96m    ~~~~~~~~~~~~~~~~~~~~~~~~~~~~~~[0m
    An argument for 'purpose' was not provided.

[96msrc/modules/security/examples/transaction-integration.example.ts[0m:[93m330[0m:[93m23[0m - [91merror[0m[90m TS2339: [0mProperty 'success' does not exist on type 'string'.

[7m330[0m         if (otpResult.success) {
[7m   [0m [91m                      ~~~~~~~[0m

[96msrc/modules/security/examples/transaction-integration.example.ts[0m:[93m331[0m:[93m29[0m - [91merror[0m[90m TS2339: [0mProperty 'otpId' does not exist on type 'string'.

[7m331[0m           otpId = otpResult.otpId;
[7m   [0m [91m                            ~~~~~[0m

[96msrc/modules/security/examples/transaction-integration.example.ts[0m:[93m337[0m:[93m23[0m - [91merror[0m[90m TS2339: [0mProperty 'otpCode' does not exist on type 'string'.

[7m337[0m             otpResult.otpCode,
[7m   [0m [91m                      ~~~~~~~[0m

[96msrc/modules/security/examples/transaction-integration.example.ts[0m:[93m540[0m:[93m47[0m - [91merror[0m[90m TS2554: [0mExpected 2-3 arguments, but got 1.

[7m540[0m       const otpResult = await this.otpService.generateOtp({
[7m   [0m [91m                                              ~~~~~~~~~~~~~[0m
[7m541[0m         userId,
[7m   [0m [91m~~~~~~~~~~~~~~~[0m
[7m...[0m 
[7m549[0m         },
[7m   [0m [91m~~~~~~~~~~[0m
[7m550[0m       });
[7m   [0m [91m~~~~~~~~[0m

  [96msrc/modules/security/services/otp.service.ts[0m:[93m27[0m:[93m5[0m
    [7m27[0m     purpose: OtpPayload['purpose'],
    [7m  [0m [96m    ~~~~~~~~~~~~~~~~~~~~~~~~~~~~~~[0m
    An argument for 'purpose' was not provided.

[96msrc/modules/security/examples/transaction-integration.example.ts[0m:[93m552[0m:[93m22[0m - [91merror[0m[90m TS2339: [0mProperty 'success' does not exist on type 'string'.

[7m552[0m       if (!otpResult.success) {
[7m   [0m [91m                     ~~~~~~~[0m

[96msrc/modules/security/examples/transaction-integration.example.ts[0m:[93m566[0m:[93m19[0m - [91merror[0m[90m TS2339: [0mProperty 'otpCode' does not exist on type 'string'.

[7m566[0m         otpResult.otpCode,
[7m   [0m [91m                  ~~~~~~~[0m

[96msrc/modules/security/examples/transaction-integration.example.ts[0m:[93m585[0m:[93m26[0m - [91merror[0m[90m TS2339: [0mProperty 'otpId' does not exist on type 'string'.

[7m585[0m         otpId: otpResult.otpId,
[7m   [0m [91m                         ~~~~~[0m

[96msrc/modules/security/infrastructure/repositories/prisma-otp.repository.ts[0m:[93m22[0m:[93m41[0m - [91merror[0m[90m TS2339: [0mProperty 'otp' does not exist on type 'PrismaService'.

[7m22[0m     const savedData = await this.prisma.otp.upsert({
[7m  [0m [91m                                        ~~~[0m

[96msrc/modules/security/infrastructure/repositories/prisma-otp.repository.ts[0m:[93m48[0m:[93m36[0m - [91merror[0m[90m TS2339: [0mProperty 'otp' does not exist on type 'PrismaService'.

[7m48[0m     const data = await this.prisma.otp.findUnique({
[7m  [0m [91m                                   ~~~[0m

[96msrc/modules/security/infrastructure/repositories/prisma-otp.repository.ts[0m:[93m56[0m:[93m36[0m - [91merror[0m[90m TS2339: [0mProperty 'otp' does not exist on type 'PrismaService'.

[7m56[0m     const data = await this.prisma.otp.findFirst({
[7m  [0m [91m                                   ~~~[0m

[96msrc/modules/security/infrastructure/repositories/prisma-otp.repository.ts[0m:[93m94[0m:[93m36[0m - [91merror[0m[90m TS2339: [0mProperty 'otp' does not exist on type 'PrismaService'.

[7m94[0m     const data = await this.prisma.otp.findFirst({
[7m  [0m [91m                                   ~~~[0m

[96msrc/modules/security/infrastructure/repositories/prisma-otp.repository.ts[0m:[93m107[0m:[93m36[0m - [91merror[0m[90m TS2339: [0mProperty 'otp' does not exist on type 'PrismaService'.

[7m107[0m     const data = await this.prisma.otp.findMany({
[7m   [0m [91m                                   ~~~[0m

[96msrc/modules/security/infrastructure/repositories/prisma-otp.repository.ts[0m:[93m125[0m:[93m19[0m - [91merror[0m[90m TS2339: [0mProperty 'otp' does not exist on type 'PrismaService'.

[7m125[0m       this.prisma.otp.findMany({
[7m   [0m [91m                  ~~~[0m

[96msrc/modules/security/infrastructure/repositories/prisma-otp.repository.ts[0m:[93m133[0m:[93m19[0m - [91merror[0m[90m TS2339: [0mProperty 'otp' does not exist on type 'PrismaService'.

[7m133[0m       this.prisma.otp.count({ where }),
[7m   [0m [91m                  ~~~[0m

[96msrc/modules/security/infrastructure/repositories/prisma-otp.repository.ts[0m:[93m149[0m:[93m23[0m - [91merror[0m[90m TS2339: [0mProperty 'otp' does not exist on type 'PrismaService'.

[7m149[0m     await this.prisma.otp.delete({
[7m   [0m [91m                      ~~~[0m

[96msrc/modules/security/infrastructure/repositories/prisma-otp.repository.ts[0m:[93m155[0m:[93m38[0m - [91merror[0m[90m TS2339: [0mProperty 'otp' does not exist on type 'PrismaService'.

[7m155[0m     const result = await this.prisma.otp.deleteMany({
[7m   [0m [91m                                     ~~~[0m

[96msrc/modules/security/infrastructure/repositories/prisma-otp.repository.ts[0m:[93m167[0m:[93m38[0m - [91merror[0m[90m TS2339: [0mProperty 'otp' does not exist on type 'PrismaService'.

[7m167[0m     const result = await this.prisma.otp.deleteMany({
[7m   [0m [91m                                     ~~~[0m

[96msrc/modules/security/infrastructure/repositories/prisma-otp.repository.ts[0m:[93m180[0m:[93m24[0m - [91merror[0m[90m TS2339: [0mProperty 'otp' does not exist on type 'PrismaService'.

[7m180[0m     return this.prisma.otp.count({ where });
[7m   [0m [91m                       ~~~[0m

[96msrc/modules/security/infrastructure/repositories/prisma-otp.repository.ts[0m:[93m190[0m:[93m24[0m - [91merror[0m[90m TS2339: [0mProperty 'otp' does not exist on type 'PrismaService'.

[7m190[0m     return this.prisma.otp.count({
[7m   [0m [91m                       ~~~[0m

[96msrc/modules/security/infrastructure/repositories/prisma-otp.repository.ts[0m:[93m205[0m:[93m23[0m - [91merror[0m[90m TS2339: [0mProperty 'otp' does not exist on type 'PrismaService'.

[7m205[0m     await this.prisma.otp.updateMany({
[7m   [0m [91m                      ~~~[0m

[96msrc/modules/security/security.module.ts[0m:[93m74[0m:[93m16[0m - [91merror[0m[90m TS2693: [0m'EventPublisher' only refers to a type, but is being used as a value here.

[7m74[0m       provide: EventPublisher,
[7m  [0m [91m               ~~~~~~~~~~~~~~[0m

[96msrc/modules/security/security.module.ts[0m:[93m106[0m:[93m5[0m - [91merror[0m[90m TS2693: [0m'EventPublisher' only refers to a type, but is being used as a value here.

[7m106[0m     EventPublisher,
[7m   [0m [91m    ~~~~~~~~~~~~~~[0m

[96msrc/modules/security/services/mfa.service.ts[0m:[93m36[0m:[93m25[0m - [91merror[0m[90m TS2339: [0mProperty 'userMfa' does not exist on type 'PrismaService'.

[7m36[0m       await this.prisma.userMfa.upsert({
[7m  [0m [91m                        ~~~~~~~[0m

[96msrc/modules/security/services/mfa.service.ts[0m:[93m70[0m:[93m43[0m - [91merror[0m[90m TS2339: [0mProperty 'userMfa' does not exist on type 'PrismaService'.

[7m70[0m       const mfaRecord = await this.prisma.userMfa.findUnique({
[7m  [0m [91m                                          ~~~~~~~[0m

[96msrc/modules/security/services/mfa.service.ts[0m:[93m89[0m:[93m27[0m - [91merror[0m[90m TS2339: [0mProperty 'userMfa' does not exist on type 'PrismaService'.

[7m89[0m         await this.prisma.userMfa.update({
[7m  [0m [91m                          ~~~~~~~[0m

[96msrc/modules/security/services/mfa.service.ts[0m:[93m104[0m:[93m9[0m - [91merror[0m[90m TS2393: [0mDuplicate function implementation.

[7m104[0m   async generateBackupCodes(userId: string): Promise<string[]> {
[7m   [0m [91m        ~~~~~~~~~~~~~~~~~~~[0m

[96msrc/modules/security/services/mfa.service.ts[0m:[93m108[0m:[93m25[0m - [91merror[0m[90m TS2339: [0mProperty 'userMfa' does not exist on type 'PrismaService'.

[7m108[0m       await this.prisma.userMfa.update({
[7m   [0m [91m                        ~~~~~~~[0m

[96msrc/modules/security/services/mfa.service.ts[0m:[93m126[0m:[93m43[0m - [91merror[0m[90m TS2339: [0mProperty 'userMfa' does not exist on type 'PrismaService'.

[7m126[0m       const mfaRecord = await this.prisma.userMfa.findUnique({
[7m   [0m [91m                                          ~~~~~~~[0m

[96msrc/modules/security/services/mfa.service.ts[0m:[93m147[0m:[93m25[0m - [91merror[0m[90m TS2339: [0mProperty 'userMfa' does not exist on type 'PrismaService'.

[7m147[0m       await this.prisma.userMfa.update({
[7m   [0m [91m                        ~~~~~~~[0m

[96msrc/modules/security/services/mfa.service.ts[0m:[93m165[0m:[93m25[0m - [91merror[0m[90m TS2339: [0mProperty 'userMfa' does not exist on type 'PrismaService'.

[7m165[0m       await this.prisma.userMfa.delete({
[7m   [0m [91m                        ~~~~~~~[0m

[96msrc/modules/security/services/mfa.service.ts[0m:[93m176[0m:[93m11[0m - [91merror[0m[90m TS2393: [0mDuplicate function implementation.

[7m176[0m   private generateBackupCodes(count: number = 10): string[] {
[7m   [0m [91m          ~~~~~~~~~~~~~~~~~~~[0m

[96msrc/modules/security/services/otp.service.ts[0m:[93m64[0m:[93m23[0m - [91merror[0m[90m TS2339: [0mProperty 'otp' does not exist on type 'PrismaService'.

[7m64[0m     await this.prisma.otp.create({
[7m  [0m [91m                      ~~~[0m

[96msrc/modules/security/services/otp.service.ts[0m:[93m124[0m:[93m41[0m - [91merror[0m[90m TS2339: [0mProperty 'otp' does not exist on type 'PrismaService'.

[7m124[0m     const recentOtp = await this.prisma.otp.findFirst({
[7m   [0m [91m                                        ~~~[0m

[96msrc/modules/security/services/otp.service.ts[0m:[93m143[0m:[93m23[0m - [91merror[0m[90m TS2339: [0mProperty 'otp' does not exist on type 'PrismaService'.

[7m143[0m     await this.prisma.otp.deleteMany({
[7m   [0m [91m                      ~~~[0m

[96msrc/modules/security/services/otp.service.ts[0m:[93m154[0m:[93m38[0m - [91merror[0m[90m TS2339: [0mProperty 'otp' does not exist on type 'PrismaService'.

[7m154[0m     const result = await this.prisma.otp.deleteMany({
[7m   [0m [91m                                     ~~~[0m

[96msrc/modules/security/services/security-communication.service.ts[0m:[93m6[0m:[93m3[0m - [91merror[0m[90m TS2305: [0mModule '"../../communication/interfaces/communication.interface"' has no exported member 'CommunicationChannel'.

[7m6[0m   CommunicationChannel,
[7m [0m [91m  ~~~~~~~~~~~~~~~~~~~~[0m

[96msrc/modules/security/services/security-communication.service.ts[0m:[93m74[0m:[93m9[0m - [91merror[0m[90m TS2554: [0mExpected 1 arguments, but got 2.

[7m74[0m         payload.options?.retryAttempts,
[7m  [0m [91m        ~~~~~~~~~~~~~~~~~~~~~~~~~~~~~~[0m

[96msrc/modules/security/services/security-communication.service.ts[0m:[93m78[0m:[93m33[0m - [91merror[0m[90m TS2339: [0mProperty 'logOtpGeneration' does not exist on type 'ISecurityLogger'.

[7m78[0m       await this.securityLogger.logOtpGeneration(
[7m  [0m [91m                                ~~~~~~~~~~~~~~~~[0m

[96msrc/modules/security/services/security-communication.service.ts[0m:[93m99[0m:[93m35[0m - [91merror[0m[90m TS2339: [0mProperty 'logOtpGeneration' does not exist on type 'ISecurityLogger'.

[7m99[0m         await this.securityLogger.logOtpGeneration(
[7m  [0m [91m                                  ~~~~~~~~~~~~~~~~[0m

[96msrc/modules/security/services/security-communication.service.ts[0m:[93m127[0m:[93m33[0m - [91merror[0m[90m TS2339: [0mProperty 'logOtpGeneration' does not exist on type 'ISecurityLogger'.

[7m127[0m       await this.securityLogger.logOtpGeneration(
[7m   [0m [91m                                ~~~~~~~~~~~~~~~~[0m

[96msrc/modules/security/services/security-communication.service.ts[0m:[93m140[0m:[93m9[0m - [91merror[0m[90m TS2322: [0mType 'null' is not assignable to type 'string | undefined'.

[7m140[0m         messageId: null,
[7m   [0m [91m        ~~~~~~~~~[0m

  [96msrc/modules/communication/interfaces/communication.interface.ts[0m:[93m44[0m:[93m3[0m
    [7m44[0m   messageId?: string;
    [7m  [0m [96m  ~~~~~~~~~[0m
    The expected type comes from property 'messageId' which is declared here on type 'CommunicationResult'

[96msrc/modules/security/services/security-communication.service.ts[0m:[93m159[0m:[93m9[0m - [91merror[0m[90m TS2554: [0mExpected 1 arguments, but got 2.

[7m159[0m         payload.options?.retryAttempts,
[7m   [0m [91m        ~~~~~~~~~~~~~~~~~~~~~~~~~~~~~~[0m

[96msrc/modules/security/services/security-communication.service.ts[0m:[93m167[0m:[93m9[0m - [91merror[0m[90m TS2554: [0mExpected 1-3 arguments, but got 4.

[7m167[0m         {
[7m   [0m [91m        ~[0m
[7m168[0m           recipient: payload.recipient,
[7m   [0m [91m~~~~~~~~~~~~~~~~~~~~~~~~~~~~~~~~~~~~~~~[0m
[7m...[0m 
[7m172[0m           ...payload.metadata,
[7m   [0m [91m~~~~~~~~~~~~~~~~~~~~~~~~~~~~~~[0m
[7m173[0m         },
[7m   [0m [91m~~~~~~~~~[0m

[96msrc/modules/security/services/security-communication.service.ts[0m:[93m194[0m:[93m9[0m - [91merror[0m[90m TS2554: [0mExpected 1-3 arguments, but got 4.

[7m194[0m         {
[7m   [0m [91m        ~[0m
[7m195[0m           recipient: payload.recipient,
[7m   [0m [91m~~~~~~~~~~~~~~~~~~~~~~~~~~~~~~~~~~~~~~~[0m
[7m...[0m 
[7m198[0m           ...payload.metadata,
[7m   [0m [91m~~~~~~~~~~~~~~~~~~~~~~~~~~~~~~[0m
[7m199[0m         },
[7m   [0m [91m~~~~~~~~~[0m

[96msrc/modules/security/services/security-communication.service.ts[0m:[93m204[0m:[93m9[0m - [91merror[0m[90m TS2322: [0mType 'null' is not assignable to type 'string | undefined'.

[7m204[0m         messageId: null,
[7m   [0m [91m        ~~~~~~~~~[0m

  [96msrc/modules/communication/interfaces/communication.interface.ts[0m:[93m44[0m:[93m3[0m
    [7m44[0m   messageId?: string;
    [7m  [0m [96m  ~~~~~~~~~[0m
    The expected type comes from property 'messageId' which is declared here on type 'CommunicationResult'

[96msrc/modules/security/services/security-communication.service.ts[0m:[93m362[0m:[93m7[0m - [91merror[0m[90m TS2353: [0mObject literal may only specify known properties, and 'userId' does not exist in type 'MessagePayload'.

[7m362[0m       userId: payload.userId,
[7m   [0m [91m      ~~~~~~[0m

[96msrc/modules/security/services/security-communication.service.ts[0m:[93m391[0m:[93m7[0m - [91merror[0m[90m TS2353: [0mObject literal may only specify known properties, and 'userId' does not exist in type 'MessagePayload'.

[7m391[0m       userId: payload.userId,
[7m   [0m [91m      ~~~~~~[0m

[96msrc/modules/security/services/security-logger.service.ts[0m:[93m29[0m:[93m9[0m - [91merror[0m[90m TS2416: [0mProperty 'logSecurityEvent' in type 'SecurityLogger' is not assignable to the same property in base type 'ISecurityLogger'.
  Type '(userId: string | undefined, action: string, success: boolean, metadata?: Record<string, any> | undefined) => Promise<void>' is not assignable to type '(event: string, userId?: string | undefined, metadata?: Record<string, any> | undefined) => Promise<void>'.
    Types of parameters 'success' and 'metadata' are incompatible.
      Type 'Record<string, any> | undefined' is not assignable to type 'boolean'.
        Type 'undefined' is not assignable to type 'boolean'.

[7m29[0m   async logSecurityEvent(
[7m  [0m [91m        ~~~~~~~~~~~~~~~~[0m

[96msrc/modules/security/services/security-logger.service.ts[0m:[93m54[0m:[93m27[0m - [91merror[0m[90m TS2339: [0mProperty 'securityLog' does not exist on type 'PrismaService'.

[7m54[0m         await this.prisma.securityLog.create({
[7m  [0m [91m                          ~~~~~~~~~~~[0m

[96msrc/modules/security/services/security-logger.service.ts[0m:[93m250[0m:[93m38[0m - [91merror[0m[90m TS2339: [0mProperty 'securityLog' does not exist on type 'PrismaService'.

[7m250[0m       const logs = await this.prisma.securityLog.findMany({
[7m   [0m [91m                                     ~~~~~~~~~~~[0m

[96msrc/modules/security/services/security-logger.service.ts[0m:[93m288[0m:[93m40[0m - [91merror[0m[90m TS2339: [0mProperty 'securityLog' does not exist on type 'PrismaService'.

[7m288[0m       const result = await this.prisma.securityLog.deleteMany({
[7m   [0m [91m                                       ~~~~~~~~~~~[0m

[96msrc/modules/security/services/token.service.ts[0m:[93m102[0m:[93m11[0m - [91merror[0m[90m TS2353: [0mObject literal may only specify known properties, and 'sessionId' does not exist in type 'Without<RefreshTokenCreateInput, RefreshTokenUncheckedCreateInput> & RefreshTokenUncheckedCreateInput'.

[7m102[0m           sessionId,
[7m   [0m [91m          ~~~~~~~~~[0m

  [96mnode_modules/.prisma/client/index.d.ts[0m:[93m34103[0m:[93m5[0m
    [7m34103[0m     data: XOR<RefreshTokenCreateInput, RefreshTokenUncheckedCreateInput>
    [7m     [0m [96m    ~~~~[0m
    The expected type comes from property 'data' which is declared here on type '{ select?: RefreshTokenSelect<DefaultArgs> | null | undefined; omit?: RefreshTokenOmit<DefaultArgs> | null | undefined; include?: RefreshTokenInclude<...> | ... 1 more ... | undefined; data: (Without<...> & RefreshTokenUncheckedCreateInput) | (Without<...> & RefreshTokenCreateInput); }'

[96msrc/modules/security/services/token.service.ts[0m:[93m150[0m:[93m11[0m - [91merror[0m[90m TS2353: [0mObject literal may only specify known properties, and 'sessionId' does not exist in type 'RefreshTokenWhereInput'.

[7m150[0m           sessionId: decoded.sessionId,
[7m   [0m [91m          ~~~~~~~~~[0m

[96msrc/modules/security/services/token.service.ts[0m:[93m159[0m:[93m15[0m - [91merror[0m[90m TS2353: [0mObject literal may only specify known properties, and 'phoneNumber' does not exist in type 'UserSelect<DefaultArgs>'.

[7m159[0m               phoneNumber: true,
[7m   [0m [91m              ~~~~~~~~~~~[0m

[96msrc/modules/security/services/token.service.ts[0m:[93m172[0m:[93m29[0m - [91merror[0m[90m TS2339: [0mProperty 'user' does not exist on type '{ id: string; createdAt: Date; updatedAt: Date; userId: string; expiresAt: Date; token: string; }'.

[7m172[0m         userId: tokenRecord.user.id,
[7m   [0m [91m                            ~~~~[0m

[96msrc/modules/security/services/token.service.ts[0m:[93m173[0m:[93m28[0m - [91merror[0m[90m TS2339: [0mProperty 'user' does not exist on type '{ id: string; createdAt: Date; updatedAt: Date; userId: string; expiresAt: Date; token: string; }'.

[7m173[0m         email: tokenRecord.user.email,
[7m   [0m [91m                           ~~~~[0m

[96msrc/modules/security/services/token.service.ts[0m:[93m174[0m:[93m34[0m - [91merror[0m[90m TS2339: [0mProperty 'user' does not exist on type '{ id: string; createdAt: Date; updatedAt: Date; userId: string; expiresAt: Date; token: string; }'.

[7m174[0m         phoneNumber: tokenRecord.user.phoneNumber,
[7m   [0m [91m                                 ~~~~[0m

[96msrc/modules/security/services/token.service.ts[0m:[93m175[0m:[93m28[0m - [91merror[0m[90m TS2339: [0mProperty 'user' does not exist on type '{ id: string; createdAt: Date; updatedAt: Date; userId: string; expiresAt: Date; token: string; }'.

[7m175[0m         roles: tokenRecord.user.roles,
[7m   [0m [91m                           ~~~~[0m

[96msrc/modules/users/application/services/account-control.service.ts[0m:[93m101[0m:[93m30[0m - [91merror[0m[90m TS2339: [0mProperty 'updatePassword' does not exist on type 'UserEntity'.

[7m101[0m     const updatedUser = user.updatePassword(hashedPassword);
[7m   [0m [91m                             ~~~~~~~~~~~~~~[0m

[96msrc/modules/users/application/services/account-control.service.ts[0m:[93m129[0m:[93m30[0m - [91merror[0m[90m TS2339: [0mProperty 'updatePassword' does not exist on type 'UserEntity'.

[7m129[0m     const updatedUser = user.updatePassword(hashedPassword);
[7m   [0m [91m                             ~~~~~~~~~~~~~~[0m

[96msrc/modules/users/application/services/account-control.service.ts[0m:[93m142[0m:[93m30[0m - [91merror[0m[90m TS2339: [0mProperty 'updateSecuritySettings' does not exist on type 'UserEntity'.

[7m142[0m     const updatedUser = user.updateSecuritySettings({
[7m   [0m [91m                             ~~~~~~~~~~~~~~~~~~~~~~[0m

[96msrc/modules/users/application/services/account-control.service.ts[0m:[93m171[0m:[93m94[0m - [91merror[0m[90m TS2339: [0mProperty 'BANNED' does not exist on type '{ ACTIVE: "ACTIVE"; INACTIVE: "INACTIVE"; SUSPENDED: "SUSPENDED"; PENDING_VERIFICATION: "PENDING_VERIFICATION"; }'.

[7m171[0m     const accountLocked = user.status === UserStatus.SUSPENDED || user.status === UserStatus.BANNED;
[7m   [0m [91m                                                                                             ~~~~~~[0m

[96msrc/modules/users/application/services/account-control.service.ts[0m:[93m179[0m:[93m14[0m - [91merror[0m[90m TS2339: [0mProperty 'twoFactorEnabled' does not exist on type 'UserEntity'.

[7m179[0m     if (user.twoFactorEnabled) securityScore += 25;
[7m   [0m [91m             ~~~~~~~~~~~~~~~~[0m

[96msrc/modules/users/application/services/account-control.service.ts[0m:[93m190[0m:[93m15[0m - [91merror[0m[90m TS2339: [0mProperty 'twoFactorEnabled' does not exist on type 'UserEntity'.

[7m190[0m     if (!user.twoFactorEnabled) {
[7m   [0m [91m              ~~~~~~~~~~~~~~~~[0m

[96msrc/modules/users/application/services/account-control.service.ts[0m:[93m202[0m:[93m32[0m - [91merror[0m[90m TS2339: [0mProperty 'passwordChangedAt' does not exist on type 'UserEntity'.

[7m202[0m       lastPasswordChange: user.passwordChangedAt,
[7m   [0m [91m                               ~~~~~~~~~~~~~~~~~[0m

[96msrc/modules/users/application/services/account-control.service.ts[0m:[93m203[0m:[93m30[0m - [91merror[0m[90m TS2339: [0mProperty 'twoFactorEnabled' does not exist on type 'UserEntity'.

[7m203[0m       twoFactorEnabled: user.twoFactorEnabled,
[7m   [0m [91m                             ~~~~~~~~~~~~~~~~[0m

[96msrc/modules/users/application/services/account-control.service.ts[0m:[93m218[0m:[93m45[0m - [91merror[0m[90m TS2339: [0mProperty 'requestRoleChange' does not exist on type 'RoleManagementService'.

[7m218[0m     return await this.roleManagementService.requestRoleChange(
[7m   [0m [91m                                            ~~~~~~~~~~~~~~~~~[0m

[96msrc/modules/users/application/services/account-control.service.ts[0m:[93m232[0m:[93m14[0m - [91merror[0m[90m TS2339: [0mProperty 'twoFactorEnabled' does not exist on type 'UserEntity'.

[7m232[0m     if (user.twoFactorEnabled) {
[7m   [0m [91m             ~~~~~~~~~~~~~~~~[0m

[96msrc/modules/users/application/services/account-control.service.ts[0m:[93m260[0m:[93m30[0m - [91merror[0m[90m TS2339: [0mProperty 'enableTwoFactor' does not exist on type 'UserEntity'.

[7m260[0m     const updatedUser = user.enableTwoFactor();
[7m   [0m [91m                             ~~~~~~~~~~~~~~~[0m

[96msrc/modules/users/application/services/account-control.service.ts[0m:[93m273[0m:[93m15[0m - [91merror[0m[90m TS2339: [0mProperty 'twoFactorEnabled' does not exist on type 'UserEntity'.

[7m273[0m     if (!user.twoFactorEnabled) {
[7m   [0m [91m              ~~~~~~~~~~~~~~~~[0m

[96msrc/modules/users/application/services/account-control.service.ts[0m:[93m284[0m:[93m30[0m - [91merror[0m[90m TS2339: [0mProperty 'disableTwoFactor' does not exist on type 'UserEntity'.

[7m284[0m     const updatedUser = user.disableTwoFactor();
[7m   [0m [91m                             ~~~~~~~~~~~~~~~~[0m

[96msrc/modules/users/application/services/account-control.service.ts[0m:[93m304[0m:[93m34[0m - [91merror[0m[90m TS2339: [0mProperty 'totalOrders' does not exist on type 'UserEntity'.

[7m304[0m     const hasActiveOrders = user.totalOrders > user.completedOrders + user.cancelledOrders;
[7m   [0m [91m                                 ~~~~~~~~~~~[0m

[96msrc/modules/users/application/services/account-control.service.ts[0m:[93m304[0m:[93m53[0m - [91merror[0m[90m TS2339: [0mProperty 'completedOrders' does not exist on type 'UserEntity'.

[7m304[0m     const hasActiveOrders = user.totalOrders > user.completedOrders + user.cancelledOrders;
[7m   [0m [91m                                                    ~~~~~~~~~~~~~~~[0m

[96msrc/modules/users/application/services/account-control.service.ts[0m:[93m304[0m:[93m76[0m - [91merror[0m[90m TS2339: [0mProperty 'cancelledOrders' does not exist on type 'UserEntity'.

[7m304[0m     const hasActiveOrders = user.totalOrders > user.completedOrders + user.cancelledOrders;
[7m   [0m [91m                                                                           ~~~~~~~~~~~~~~~[0m

[96msrc/modules/users/application/services/account-control.service.ts[0m:[93m310[0m:[93m30[0m - [91merror[0m[90m TS2339: [0mProperty 'markForDeletion' does not exist on type 'UserEntity'.

[7m310[0m     const deletedUser = user.markForDeletion(request.reason, request.feedback);
[7m   [0m [91m                             ~~~~~~~~~~~~~~~[0m

[96msrc/modules/users/application/services/account-control.service.ts[0m:[93m332[0m:[93m37[0m - [91merror[0m[90m TS2554: [0mExpected 0 arguments, but got 1.

[7m332[0m     const lockedUser = user.suspend(reason);
[7m   [0m [91m                                    ~~~~~~[0m

[96msrc/modules/users/application/services/account-control.service.ts[0m:[93m333[0m:[93m46[0m - [91merror[0m[90m TS2345: [0mArgument of type 'void' is not assignable to parameter of type 'Partial<UserEntity>'.

[7m333[0m     await this.userRepository.update(userId, lockedUser);
[7m   [0m [91m                                             ~~~~~~~~~~[0m

[96msrc/modules/users/application/services/account-control.service.ts[0m:[93m349[0m:[93m31[0m - [91merror[0m[90m TS2551: [0mProperty 'reactivate' does not exist on type 'UserEntity'. Did you mean 'activate'?

[7m349[0m     const unlockedUser = user.reactivate();
[7m   [0m [91m                              ~~~~~~~~~~[0m

  [96msrc/modules/users/domain/entities/user.entity.ts[0m:[93m233[0m:[93m3[0m
    [7m233[0m   activate(): void {
    [7m   [0m [96m  ~~~~~~~~[0m
    'activate' is declared here.

[96msrc/modules/users/application/services/account-control.service.ts[0m:[93m419[0m:[93m47[0m - [91merror[0m[90m TS2561: [0mObject literal may only specify known properties, but 'loginNotifications' does not exist in type 'UserSettings'. Did you mean to write 'notifications'?

[7m419[0m     const updatedUser = user.updateSettings({ loginNotifications: enabled });
[7m   [0m [91m                                              ~~~~~~~~~~~~~~~~~~[0m

[96msrc/modules/users/application/services/account-control.service.ts[0m:[93m420[0m:[93m46[0m - [91merror[0m[90m TS2345: [0mArgument of type 'void' is not assignable to parameter of type 'Partial<UserEntity>'.

[7m420[0m     await this.userRepository.update(userId, updatedUser);
[7m   [0m [91m                                             ~~~~~~~~~~~[0m

[96msrc/modules/users/application/services/address-management.service.ts[0m:[93m97[0m:[93m60[0m - [91merror[0m[90m TS2339: [0mProperty 'findDefaultByUserAndType' does not exist on type 'AddressRepositoryInterface'.

[7m97[0m       const existingDefault = await this.addressRepository.findDefaultByUserAndType(userId, addressData.type);
[7m  [0m [91m                                                           ~~~~~~~~~~~~~~~~~~~~~~~~[0m

[96msrc/modules/users/application/services/address-management.service.ts[0m:[93m109[0m:[93m7[0m - [91merror[0m[90m TS2353: [0mObject literal may only specify known properties, and 'addressLine1' does not exist in type 'Omit<AddressEntityProps, "id" | "createdAt" | "updatedAt">'.

[7m109[0m       addressLine1: addressData.addressLine1,
[7m   [0m [91m      ~~~~~~~~~~~~[0m

[96msrc/modules/users/application/services/address-management.service.ts[0m:[93m126[0m:[93m41[0m - [91merror[0m[90m TS2339: [0mProperty 'create' does not exist on type 'AddressRepositoryInterface'.

[7m126[0m     return await this.addressRepository.create(address);
[7m   [0m [91m                                        ~~~~~~[0m

[96msrc/modules/users/application/services/address-management.service.ts[0m:[93m141[0m:[93m60[0m - [91merror[0m[90m TS2339: [0mProperty 'findDefaultByUserAndType' does not exist on type 'AddressRepositoryInterface'.

[7m141[0m       const existingDefault = await this.addressRepository.findDefaultByUserAndType(userId, address.type);
[7m   [0m [91m                                                           ~~~~~~~~~~~~~~~~~~~~~~~~[0m

[96msrc/modules/users/application/services/address-management.service.ts[0m:[93m147[0m:[93m36[0m - [91merror[0m[90m TS2339: [0mProperty 'update' does not exist on type 'AddressEntity'.

[7m147[0m     const updatedAddress = address.update(updateData);
[7m   [0m [91m                                   ~~~~~~[0m

[96msrc/modules/users/application/services/address-management.service.ts[0m:[93m162[0m:[93m50[0m - [91merror[0m[90m TS2339: [0mProperty 'isAddressInUse' does not exist on type 'AddressRepositoryInterface'.

[7m162[0m     const isInUse = await this.addressRepository.isAddressInUse(addressId);
[7m   [0m [91m                                                 ~~~~~~~~~~~~~~[0m

[96msrc/modules/users/application/services/address-management.service.ts[0m:[93m172[0m:[93m43[0m - [91merror[0m[90m TS2339: [0mProperty 'findByUserAndType' does not exist on type 'AddressRepositoryInterface'.

[7m172[0m       return await this.addressRepository.findByUserAndType(userId, type);
[7m   [0m [91m                                          ~~~~~~~~~~~~~~~~~[0m

[96msrc/modules/users/application/services/address-management.service.ts[0m:[93m194[0m:[93m58[0m - [91merror[0m[90m TS2339: [0mProperty 'findDefaultByUserAndType' does not exist on type 'AddressRepositoryInterface'.

[7m194[0m     const existingDefault = await this.addressRepository.findDefaultByUserAndType(userId, address.type);
[7m   [0m [91m                                                         ~~~~~~~~~~~~~~~~~~~~~~~~[0m

[96msrc/modules/users/application/services/address-management.service.ts[0m:[93m200[0m:[93m59[0m - [91merror[0m[90m TS2345: [0mArgument of type 'void' is not assignable to parameter of type 'Partial<AddressEntity>'.

[7m200[0m     return await this.addressRepository.update(addressId, updatedAddress);
[7m   [0m [91m                                                          ~~~~~~~~~~~~~~[0m

[96msrc/modules/users/application/services/address-management.service.ts[0m:[93m204[0m:[93m41[0m - [91merror[0m[90m TS2339: [0mProperty 'findDefaultByUserAndType' does not exist on type 'AddressRepositoryInterface'.

[7m204[0m     return await this.addressRepository.findDefaultByUserAndType(userId, type);
[7m   [0m [91m                                        ~~~~~~~~~~~~~~~~~~~~~~~~[0m

[96msrc/modules/users/application/services/address-management.service.ts[0m:[93m260[0m:[93m41[0m - [91merror[0m[90m TS2339: [0mProperty 'searchByUser' does not exist on type 'AddressRepositoryInterface'.

[7m260[0m     return await this.addressRepository.searchByUser(userId, query);
[7m   [0m [91m                                        ~~~~~~~~~~~~[0m

[96msrc/modules/users/application/services/address-management.service.ts[0m:[93m264[0m:[93m41[0m - [91merror[0m[90m TS2339: [0mProperty 'findNearby' does not exist on type 'AddressRepositoryInterface'.

[7m264[0m     return await this.addressRepository.findNearby(
[7m   [0m [91m                                        ~~~~~~~~~~[0m

[96msrc/modules/users/application/services/address-management.service.ts[0m:[93m274[0m:[93m58[0m - [91merror[0m[90m TS2345: [0mArgument of type 'number | undefined' is not assignable to parameter of type '{ state?: string | undefined; country?: string | undefined; type?: AddressType | undefined; isActive?: boolean | undefined; } | undefined'.
  Type 'number' has no properties in common with type '{ state?: string | undefined; country?: string | undefined; type?: AddressType | undefined; isActive?: boolean | undefined; }'.

[7m274[0m     return await this.addressRepository.findByCity(city, limit);
[7m   [0m [91m                                                         ~~~~~[0m

[96msrc/modules/users/application/services/address-management.service.ts[0m:[93m282[0m:[93m34[0m - [91merror[0m[90m TS2339: [0mProperty 'bulkUpdate' does not exist on type 'AddressRepositoryInterface'.

[7m282[0m     await this.addressRepository.bulkUpdate(addressIds, updateData);
[7m   [0m [91m                                 ~~~~~~~~~~[0m

[96msrc/modules/users/application/services/address-management.service.ts[0m:[93m290[0m:[93m60[0m - [91merror[0m[90m TS2339: [0mProperty 'countByType' does not exist on type 'AddressRepositoryInterface'.

[7m290[0m       addressesByType[type] = await this.addressRepository.countByType(type);
[7m   [0m [91m                                                           ~~~~~~~~~~~[0m

[96msrc/modules/users/application/services/address-management.service.ts[0m:[93m293[0m:[93m60[0m - [91merror[0m[90m TS2339: [0mProperty 'findMostUsed' does not exist on type 'AddressRepositoryInterface'.

[7m293[0m     const mostUsedAddresses = await this.addressRepository.findMostUsed(10);
[7m   [0m [91m                                                           ~~~~~~~~~~~~[0m

[96msrc/modules/users/application/services/address-management.service.ts[0m:[93m294[0m:[93m52[0m - [91merror[0m[90m TS2339: [0mProperty 'getTopCities' does not exist on type 'AddressRepositoryInterface'.

[7m294[0m     const topCities = await this.addressRepository.getTopCities(10);
[7m   [0m [91m                                                   ~~~~~~~~~~~~[0m

[96msrc/modules/users/application/services/address-management.service.ts[0m:[93m317[0m:[93m38[0m - [91merror[0m[90m TS2339: [0mProperty 'markAsUsed' does not exist on type 'AddressEntity'.

[7m317[0m       const updatedAddress = address.markAsUsed();
[7m   [0m [91m                                     ~~~~~~~~~~[0m

[96msrc/modules/users/application/services/address-management.service.ts[0m:[93m323[0m:[93m41[0m - [91merror[0m[90m TS2551: [0mProperty 'findRecentlyUsedByUser' does not exist on type 'AddressRepositoryInterface'. Did you mean 'findRecentlyUsed'?

[7m323[0m     return await this.addressRepository.findRecentlyUsedByUser(userId, limit);
[7m   [0m [91m                                        ~~~~~~~~~~~~~~~~~~~~~~[0m

  [96msrc/modules/users/domain/repositories/address.repository.interface.ts[0m:[93m286[0m:[93m3[0m
    [7m286[0m   findRecentlyUsed(days: number, userId?: string): Promise<AddressEntity[]>;
    [7m   [0m [96m  ~~~~~~~~~~~~~~~~~~~~~~~~~~~~~~~~~~~~~~~~~~~~~~~~~~~~~~~~~~~~~~~~~~~~~~~~~~[0m
    'findRecentlyUsed' is declared here.

[96msrc/modules/users/application/services/address-management.service.ts[0m:[93m329[0m:[93m59[0m - [91merror[0m[90m TS2345: [0mArgument of type 'void' is not assignable to parameter of type 'Partial<AddressEntity>'.

[7m329[0m     return await this.addressRepository.update(addressId, deactivatedAddress);
[7m   [0m [91m                                                          ~~~~~~~~~~~~~~~~~~[0m

[96msrc/modules/users/application/services/address-management.service.ts[0m:[93m334[0m:[93m40[0m - [91merror[0m[90m TS2551: [0mProperty 'reactivate' does not exist on type 'AddressEntity'. Did you mean 'activate'?

[7m334[0m     const reactivatedAddress = address.reactivate();
[7m   [0m [91m                                       ~~~~~~~~~~[0m

  [96msrc/modules/users/domain/entities/address.entity.ts[0m:[93m159[0m:[93m3[0m
    [7m159[0m   activate(): void {
    [7m   [0m [96m  ~~~~~~~~[0m
    'activate' is declared here.

[96msrc/modules/users/application/services/address-management.service.ts[0m:[93m348[0m:[93m13[0m - [91merror[0m[90m TS2339: [0mProperty 'usageCount' does not exist on type 'AddressEntity'.

[7m348[0m       (prev.usageCount > current.usageCount) ? prev : current
[7m   [0m [91m            ~~~~~~~~~~[0m

[96msrc/modules/users/application/services/address-management.service.ts[0m:[93m348[0m:[93m34[0m - [91merror[0m[90m TS2339: [0mProperty 'usageCount' does not exist on type 'AddressEntity'.

[7m348[0m       (prev.usageCount > current.usageCount) ? prev : current
[7m   [0m [91m                                 ~~~~~~~~~~[0m

[96msrc/modules/users/application/services/profile-management.service.ts[0m:[93m87[0m:[93m73[0m - [91merror[0m[90m TS2339: [0mProperty 'alternateEmail' does not exist on type 'UserEntity'.

[7m87[0m     if (updateData.alternateEmail && updateData.alternateEmail !== user.alternateEmail) {
[7m  [0m [91m                                                                        ~~~~~~~~~~~~~~[0m

[96msrc/modules/users/application/services/profile-management.service.ts[0m:[93m95[0m:[93m73[0m - [91merror[0m[90m TS2339: [0mProperty 'alternatePhone' does not exist on type 'UserEntity'.

[7m95[0m     if (updateData.alternatePhone && updateData.alternatePhone !== user.alternatePhone) {
[7m  [0m [91m                                                                        ~~~~~~~~~~~~~~[0m

[96msrc/modules/users/application/services/profile-management.service.ts[0m:[93m113[0m:[93m7[0m - [91merror[0m[90m TS2322: [0mType 'Record<string, any> | undefined' is not assignable to type '{ name: string; phone: string; relationship: string; } | undefined'.
  Type 'Record<string, any>' is missing the following properties from type '{ name: string; phone: string; relationship: string; }': name, phone, relationship

[7m113[0m       emergencyContact: updateData.emergencyContact,
[7m   [0m [91m      ~~~~~~~~~~~~~~~~[0m

  [96msrc/modules/users/domain/value-objects/user-profile.vo.ts[0m:[93m79[0m:[93m7[0m
    [7m79[0m   get emergencyContact(): UserProfileProps['emergencyContact'] {
    [7m  [0m [96m      ~~~~~~~~~~~~~~~~[0m
    The expected type comes from property 'emergencyContact' which is declared here on type 'UserProfile'

[96msrc/modules/users/application/services/profile-management.service.ts[0m:[93m117[0m:[93m53[0m - [91merror[0m[90m TS2345: [0mArgument of type 'void' is not assignable to parameter of type 'Partial<UserEntity>'.

[7m117[0m     return await this.userRepository.update(userId, updatedUser);
[7m   [0m [91m                                                    ~~~~~~~~~~~[0m

[96msrc/modules/users/application/services/profile-management.service.ts[0m:[93m124[0m:[93m7[0m - [91merror[0m[90m TS2353: [0mObject literal may only specify known properties, and 'preferredLanguage' does not exist in type 'UserSettings'.

[7m124[0m       preferredLanguage: settingsData.preferredLanguage,
[7m   [0m [91m      ~~~~~~~~~~~~~~~~~[0m

[96msrc/modules/users/application/services/profile-management.service.ts[0m:[93m140[0m:[93m53[0m - [91merror[0m[90m TS2345: [0mArgument of type 'void' is not assignable to parameter of type 'Partial<UserEntity>'.

[7m140[0m     return await this.userRepository.update(userId, updatedUser);
[7m   [0m [91m                                                    ~~~~~~~~~~~[0m

[96msrc/modules/users/application/services/profile-management.service.ts[0m:[93m171[0m:[93m28[0m - [91merror[0m[90m TS2345: [0mArgument of type 'string' is not assignable to parameter of type 'never'.

[7m171[0m       recommendations.push('Complete required profile information');
[7m   [0m [91m                           ~~~~~~~~~~~~~~~~~~~~~~~~~~~~~~~~~~~~~~~[0m

[96msrc/modules/users/application/services/profile-management.service.ts[0m:[93m174[0m:[93m28[0m - [91merror[0m[90m TS2345: [0mArgument of type 'string' is not assignable to parameter of type 'never'.

[7m174[0m       recommendations.push('Verify your email address');
[7m   [0m [91m                           ~~~~~~~~~~~~~~~~~~~~~~~~~~~[0m

[96msrc/modules/users/application/services/profile-management.service.ts[0m:[93m177[0m:[93m28[0m - [91merror[0m[90m TS2345: [0mArgument of type 'string' is not assignable to parameter of type 'never'.

[7m177[0m       recommendations.push('Verify your phone number');
[7m   [0m [91m                           ~~~~~~~~~~~~~~~~~~~~~~~~~~[0m

[96msrc/modules/users/application/services/profile-management.service.ts[0m:[93m180[0m:[93m28[0m - [91merror[0m[90m TS2345: [0mArgument of type 'string' is not assignable to parameter of type 'never'.

[7m180[0m       recommendations.push('Add optional profile details for better experience');
[7m   [0m [91m                           ~~~~~~~~~~~~~~~~~~~~~~~~~~~~~~~~~~~~~~~~~~~~~~~~~~~~[0m

[96msrc/modules/users/application/services/profile-management.service.ts[0m:[93m199[0m:[93m23[0m - [91merror[0m[90m TS2339: [0mProperty 'firstName' does not exist on type 'UserEntity'.

[7m199[0m       firstName: user.firstName,
[7m   [0m [91m                      ~~~~~~~~~[0m

[96msrc/modules/users/application/services/profile-management.service.ts[0m:[93m200[0m:[93m22[0m - [91merror[0m[90m TS2339: [0mProperty 'lastName' does not exist on type 'UserEntity'.

[7m200[0m       lastName: user.lastName,
[7m   [0m [91m                     ~~~~~~~~[0m

[96msrc/modules/users/application/services/profile-management.service.ts[0m:[93m206[0m:[93m25[0m - [91merror[0m[90m TS2339: [0mProperty 'loyaltyTier' does not exist on type 'UserEntity'.

[7m206[0m       loyaltyTier: user.loyaltyTier,
[7m   [0m [91m                        ~~~~~~~~~~~[0m

[96msrc/modules/users/application/services/profile-management.service.ts[0m:[93m207[0m:[93m25[0m - [91merror[0m[90m TS2339: [0mProperty 'totalOrders' does not exist on type 'UserEntity'.

[7m207[0m       totalOrders: user.totalOrders,
[7m   [0m [91m                        ~~~~~~~~~~~[0m

[96msrc/modules/users/application/services/profile-management.service.ts[0m:[93m208[0m:[93m27[0m - [91merror[0m[90m TS2339: [0mProperty 'loyaltyPoints' does not exist on type 'UserEntity'.

[7m208[0m       loyaltyPoints: user.loyaltyPoints,
[7m   [0m [91m                          ~~~~~~~~~~~~~[0m

[96msrc/modules/users/application/services/profile-management.service.ts[0m:[93m221[0m:[93m45[0m - [91merror[0m[90m TS2554: [0mExpected 0 arguments, but got 1.

[7m221[0m     const deactivatedUser = user.deactivate(reason);
[7m   [0m [91m                                            ~~~~~~[0m

[96msrc/modules/users/application/services/profile-management.service.ts[0m:[93m222[0m:[93m53[0m - [91merror[0m[90m TS2345: [0mArgument of type 'void' is not assignable to parameter of type 'Partial<UserEntity>'.

[7m222[0m     return await this.userRepository.update(userId, deactivatedUser);
[7m   [0m [91m                                                    ~~~~~~~~~~~~~~~[0m

[96msrc/modules/users/application/services/profile-management.service.ts[0m:[93m232[0m:[93m76[0m - [91merror[0m[90m TS2339: [0mProperty 'BANNED' does not exist on type '{ ACTIVE: "ACTIVE"; INACTIVE: "INACTIVE"; SUSPENDED: "SUSPENDED"; PENDING_VERIFICATION: "PENDING_VERIFICATION"; }'.

[7m232[0m     if (user.status === UserStatus.SUSPENDED || user.status === UserStatus.BANNED) {
[7m   [0m [91m                                                                           ~~~~~~[0m

[96msrc/modules/users/application/services/profile-management.service.ts[0m:[93m236[0m:[93m34[0m - [91merror[0m[90m TS2551: [0mProperty 'reactivate' does not exist on type 'UserEntity'. Did you mean 'activate'?

[7m236[0m     const reactivatedUser = user.reactivate();
[7m   [0m [91m                                 ~~~~~~~~~~[0m

  [96msrc/modules/users/domain/entities/user.entity.ts[0m:[93m233[0m:[93m3[0m
    [7m233[0m   activate(): void {
    [7m   [0m [96m  ~~~~~~~~[0m
    'activate' is declared here.

[96msrc/modules/users/application/services/profile-management.service.ts[0m:[93m244[0m:[93m34[0m - [91merror[0m[90m TS2339: [0mProperty 'totalOrders' does not exist on type 'UserEntity'.

[7m244[0m     const hasActiveOrders = user.totalOrders > user.completedOrders + user.cancelledOrders;
[7m   [0m [91m                                 ~~~~~~~~~~~[0m

[96msrc/modules/users/application/services/profile-management.service.ts[0m:[93m244[0m:[93m53[0m - [91merror[0m[90m TS2339: [0mProperty 'completedOrders' does not exist on type 'UserEntity'.

[7m244[0m     const hasActiveOrders = user.totalOrders > user.completedOrders + user.cancelledOrders;
[7m   [0m [91m                                                    ~~~~~~~~~~~~~~~[0m

[96msrc/modules/users/application/services/profile-management.service.ts[0m:[93m244[0m:[93m76[0m - [91merror[0m[90m TS2339: [0mProperty 'cancelledOrders' does not exist on type 'UserEntity'.

[7m244[0m     const hasActiveOrders = user.totalOrders > user.completedOrders + user.cancelledOrders;
[7m   [0m [91m                                                                           ~~~~~~~~~~~~~~~[0m

[96msrc/modules/users/application/services/profile-management.service.ts[0m:[93m250[0m:[93m30[0m - [91merror[0m[90m TS2339: [0mProperty 'markAsDeleted' does not exist on type 'UserEntity'.

[7m250[0m     const deletedUser = user.markAsDeleted();
[7m   [0m [91m                             ~~~~~~~~~~~~~[0m

[96msrc/modules/users/application/services/profile-management.service.ts[0m:[93m257[0m:[93m46[0m - [91merror[0m[90m TS2345: [0mArgument of type 'void' is not assignable to parameter of type 'Partial<UserEntity>'.

[7m257[0m     await this.userRepository.update(userId, updatedUser);
[7m   [0m [91m                                             ~~~~~~~~~~~[0m

[96msrc/modules/users/application/services/profile-management.service.ts[0m:[93m261[0m:[93m62[0m - [91merror[0m[90m TS2554: [0mExpected 1-2 arguments, but got 3.

[7m261[0m     return await this.userRepository.findByRole(role, limit, offset);
[7m   [0m [91m                                                             ~~~~~~[0m

[96msrc/modules/users/application/services/profile-management.service.ts[0m:[93m277[0m:[93m31[0m - [91merror[0m[90m TS2339: [0mProperty 'bulkUpdateStatus' does not exist on type 'UserRepositoryInterface'.

[7m277[0m     await this.userRepository.bulkUpdateStatus(userIds, status);
[7m   [0m [91m                              ~~~~~~~~~~~~~~~~[0m

[96msrc/modules/users/application/services/profile-management.service.ts[0m:[93m285[0m:[93m38[0m - [91merror[0m[90m TS2551: [0mProperty 'findWithIncompleteProfiles' does not exist on type 'UserRepositoryInterface'. Did you mean 'findUsersWithIncompleteProfiles'?

[7m285[0m     return await this.userRepository.findWithIncompleteProfiles();
[7m   [0m [91m                                     ~~~~~~~~~~~~~~~~~~~~~~~~~~[0m

  [96msrc/modules/users/domain/repositories/user.repository.interface.ts[0m:[93m154[0m:[93m3[0m
    [7m154[0m   findUsersWithIncompleteProfiles(role?: UserRole): Promise<UserEntity[]>;
    [7m   [0m [96m  ~~~~~~~~~~~~~~~~~~~~~~~~~~~~~~~~~~~~~~~~~~~~~~~~~~~~~~~~~~~~~~~~~~~~~~~~[0m
    'findUsersWithIncompleteProfiles' is declared here.

[96msrc/modules/users/domain/entities/address.entity.ts[0m:[93m218[0m:[93m5[0m - [91merror[0m[90m TS2322: [0mType 'string | false' is not assignable to type 'boolean'.

[7m218[0m     return !!
[7m   [0m [91m    ~~~~~~[0m

[96msrc/modules/users/domain/services/role-management.service.ts[0m:[93m54[0m:[93m15[0m - [91merror[0m[90m TS2339: [0mProperty 'roles' does not exist on type 'UserEntity'.

[7m54[0m     if (!user.roles.includes(targetRole)) {
[7m  [0m [91m              ~~~~~[0m

[96msrc/modules/users/domain/services/role-management.service.ts[0m:[93m97[0m:[93m36[0m - [91merror[0m[90m TS2345: [0mArgument of type 'void' is not assignable to parameter of type 'UserEntity'.

[7m97[0m     await this.userRepository.save(updatedUser);
[7m  [0m [91m                                   ~~~~~~~~~~~[0m

[96msrc/modules/users/domain/services/role-management.service.ts[0m:[93m122[0m:[93m14[0m - [91merror[0m[90m TS2339: [0mProperty 'roles' does not exist on type 'UserEntity'.

[7m122[0m     if (user.roles.includes(role)) {
[7m   [0m [91m             ~~~~~[0m

[96msrc/modules/users/domain/services/role-management.service.ts[0m:[93m153[0m:[93m36[0m - [91merror[0m[90m TS2345: [0mArgument of type 'void' is not assignable to parameter of type 'UserEntity'.

[7m153[0m     await this.userRepository.save(updatedUser);
[7m   [0m [91m                                   ~~~~~~~~~~~[0m

[96msrc/modules/users/domain/services/role-management.service.ts[0m:[93m181[0m:[93m15[0m - [91merror[0m[90m TS2339: [0mProperty 'roles' does not exist on type 'UserEntity'.

[7m181[0m     if (!user.roles.includes(role)) {
[7m   [0m [91m              ~~~~~[0m

[96msrc/modules/users/domain/services/role-management.service.ts[0m:[93m189[0m:[93m14[0m - [91merror[0m[90m TS2339: [0mProperty 'roles' does not exist on type 'UserEntity'.

[7m189[0m     if (user.roles.length === 1) {
[7m   [0m [91m             ~~~~~[0m

[96msrc/modules/users/domain/services/role-management.service.ts[0m:[93m220[0m:[93m42[0m - [91merror[0m[90m TS2339: [0mProperty 'roles' does not exist on type 'void'.

[7m220[0m       const newCurrentRole = updatedUser.roles[0]; // Switch to first available role
[7m   [0m [91m                                         ~~~~~[0m

[96msrc/modules/users/domain/services/role-management.service.ts[0m:[93m221[0m:[93m19[0m - [91merror[0m[90m TS2339: [0mProperty 'switchRole' does not exist on type 'void'.

[7m221[0m       updatedUser.switchRole(newCurrentRole);
[7m   [0m [91m                  ~~~~~~~~~~[0m

[96msrc/modules/users/domain/services/role-management.service.ts[0m:[93m224[0m:[93m36[0m - [91merror[0m[90m TS2345: [0mArgument of type 'void' is not assignable to parameter of type 'UserEntity'.

[7m224[0m     await this.userRepository.save(updatedUser);
[7m   [0m [91m                                   ~~~~~~~~~~~[0m

[96msrc/modules/users/domain/services/role-management.service.ts[0m:[93m249[0m:[93m15[0m - [91merror[0m[90m TS2339: [0mProperty 'roles' does not exist on type 'UserEntity'.

[7m249[0m     if (!user.roles.includes(targetRole)) {
[7m   [0m [91m              ~~~~~[0m

[96msrc/modules/users/domain/services/role-management.service.ts[0m:[93m286[0m:[93m17[0m - [91merror[0m[90m TS2339: [0mProperty 'roles' does not exist on type 'UserEntity'.

[7m286[0m       if (!user.roles.includes(role)) {
[7m   [0m [91m                ~~~~~[0m

[96msrc/modules/users/domain/services/role-management.service.ts[0m:[93m289[0m:[93m23[0m - [91merror[0m[90m TS2345: [0mArgument of type 'string' is not assignable to parameter of type 'never'.
  Type 'string' is not assignable to type 'never'.

[7m289[0m           canAdd.push(role);
[7m   [0m [91m                      ~~~~[0m

[96msrc/modules/users/domain/services/role-management.service.ts[0m:[93m296[0m:[93m23[0m - [91merror[0m[90m TS2339: [0mProperty 'roles' does not exist on type 'UserEntity'.

[7m296[0m       available: user.roles,
[7m   [0m [91m                      ~~~~~[0m

[96msrc/modules/users/domain/services/role-management.service.ts[0m:[93m315[0m:[93m11[0m - [91merror[0m[90m TS2345: [0mArgument of type '{ name: string; description: string; required: boolean; type: "VERIFICATION"; }' is not assignable to parameter of type 'never'.

[7m315[0m           {
[7m   [0m [91m          ~[0m
[7m316[0m             name: 'Email Verification',
[7m   [0m [91m~~~~~~~~~~~~~~~~~~~~~~~~~~~~~~~~~~~~~~~[0m
[7m...[0m 
[7m319[0m             type: 'VERIFICATION' as const
[7m   [0m [91m~~~~~~~~~~~~~~~~~~~~~~~~~~~~~~~~~~~~~~~~~[0m
[7m320[0m           },
[7m   [0m [91m~~~~~~~~~~~[0m

[96msrc/modules/users/domain/services/role-management.service.ts[0m:[93m356[0m:[93m11[0m - [91merror[0m[90m TS2345: [0mArgument of type '{ name: string; description: string; required: boolean; type: "VERIFICATION"; }' is not assignable to parameter of type 'never'.

[7m356[0m           {
[7m   [0m [91m          ~[0m
[7m357[0m             name: 'Email Verification',
[7m   [0m [91m~~~~~~~~~~~~~~~~~~~~~~~~~~~~~~~~~~~~~~~[0m
[7m...[0m 
[7m360[0m             type: 'VERIFICATION' as const
[7m   [0m [91m~~~~~~~~~~~~~~~~~~~~~~~~~~~~~~~~~~~~~~~~~[0m
[7m361[0m           },
[7m   [0m [91m~~~~~~~~~~~[0m

[96msrc/modules/users/domain/services/role-management.service.ts[0m:[93m397[0m:[93m11[0m - [91merror[0m[90m TS2345: [0mArgument of type '{ name: string; description: string; required: boolean; type: "VERIFICATION"; }' is not assignable to parameter of type 'never'.

[7m397[0m           {
[7m   [0m [91m          ~[0m
[7m398[0m             name: 'Email Verification',
[7m   [0m [91m~~~~~~~~~~~~~~~~~~~~~~~~~~~~~~~~~~~~~~~[0m
[7m...[0m 
[7m401[0m             type: 'VERIFICATION' as const
[7m   [0m [91m~~~~~~~~~~~~~~~~~~~~~~~~~~~~~~~~~~~~~~~~~[0m
[7m402[0m           }
[7m   [0m [91m~~~~~~~~~~~[0m

[96msrc/modules/users/domain/services/role-management.service.ts[0m:[93m408[0m:[93m11[0m - [91merror[0m[90m TS2345: [0mArgument of type '{ name: string; description: string; required: boolean; type: "APPROVAL"; }' is not assignable to parameter of type 'never'.

[7m408[0m           {
[7m   [0m [91m          ~[0m
[7m409[0m             name: 'Admin Approval',
[7m   [0m [91m~~~~~~~~~~~~~~~~~~~~~~~~~~~~~~~~~~~[0m
[7m...[0m 
[7m412[0m             type: 'APPROVAL' as const
[7m   [0m [91m~~~~~~~~~~~~~~~~~~~~~~~~~~~~~~~~~~~~~[0m
[7m413[0m           },
[7m   [0m [91m~~~~~~~~~~~[0m

[96msrc/modules/users/domain/services/role-management.service.ts[0m:[93m446[0m:[93m25[0m - [91merror[0m[90m TS2345: [0mArgument of type '{ name: string; met: boolean; description: string; }' is not assignable to parameter of type 'never'.

[7m446[0m       checkResults.push({
[7m   [0m [91m                        ~[0m
[7m447[0m         name: requirement.name,
[7m   [0m [91m~~~~~~~~~~~~~~~~~~~~~~~~~~~~~~~[0m
[7m...[0m 
[7m449[0m         description: requirement.description
[7m   [0m [91m~~~~~~~~~~~~~~~~~~~~~~~~~~~~~~~~~~~~~~~~~~~~[0m
[7m450[0m       });
[7m   [0m [91m~~~~~~~[0m

[96msrc/modules/users/domain/services/role-management.service.ts[0m:[93m455[0m:[93m31[0m - [91merror[0m[90m TS2339: [0mProperty 'met' does not exist on type 'never'.

[7m455[0m       .every(result => result.met);
[7m   [0m [91m                              ~~~[0m

[96msrc/modules/users/domain/services/user-statistics.service.ts[0m:[93m3[0m:[93m21[0m - [91merror[0m[90m TS2724: [0m'"../value-objects/user-stats.vo"' has no exported member named 'CustomerStats'. Did you mean 'UserStats'?

[7m3[0m import { UserStats, CustomerStats, DriverStats, VendorStats } from '../value-objects/user-stats.vo';
[7m [0m [91m                    ~~~~~~~~~~~~~[0m

  [96msrc/modules/users/domain/value-objects/user-stats.vo.ts[0m:[93m48[0m:[93m14[0m
    [7m48[0m export class UserStats {
    [7m  [0m [96m             ~~~~~~~~~[0m
    'UserStats' is declared here.

[96msrc/modules/users/domain/services/user-statistics.service.ts[0m:[93m3[0m:[93m36[0m - [91merror[0m[90m TS2305: [0mModule '"../value-objects/user-stats.vo"' has no exported member 'DriverStats'.

[7m3[0m import { UserStats, CustomerStats, DriverStats, VendorStats } from '../value-objects/user-stats.vo';
[7m [0m [91m                                   ~~~~~~~~~~~[0m

[96msrc/modules/users/domain/services/user-statistics.service.ts[0m:[93m3[0m:[93m49[0m - [91merror[0m[90m TS2305: [0mModule '"../value-objects/user-stats.vo"' has no exported member 'VendorStats'.

[7m3[0m import { UserStats, CustomerStats, DriverStats, VendorStats } from '../value-objects/user-stats.vo';
[7m [0m [91m                                                ~~~~~~~~~~~[0m

[96msrc/modules/users/domain/services/user-statistics.service.ts[0m:[93m93[0m:[93m29[0m - [91merror[0m[90m TS2339: [0mProperty 'roles' does not exist on type 'UserEntity'.

[7m93[0m     for (const role of user.roles) {
[7m  [0m [91m                            ~~~~~[0m

[96msrc/modules/users/domain/services/user-statistics.service.ts[0m:[93m132[0m:[93m51[0m - [91merror[0m[90m TS2339: [0mProperty 'countActiveUsers' does not exist on type 'UserRepositoryInterface'.

[7m132[0m     const activeUsers = await this.userRepository.countActiveUsers(period.from);
[7m   [0m [91m                                                  ~~~~~~~~~~~~~~~~[0m

[96msrc/modules/users/domain/services/user-statistics.service.ts[0m:[93m171[0m:[93m15[0m - [91merror[0m[90m TS2339: [0mProperty 'roles' does not exist on type 'UserEntity'.

[7m171[0m     if (!user.roles.includes(targetRole)) {
[7m   [0m [91m              ~~~~~[0m

[96msrc/modules/users/domain/services/user-statistics.service.ts[0m:[93m210[0m:[93m11[0m - [91merror[0m[90m TS2554: [0mExpected 2 arguments, but got 3.

[7m210[0m           eventData.items?.length || 1
[7m   [0m [91m          ~~~~~~~~~~~~~~~~~~~~~~~~~~~~[0m

[96msrc/modules/users/domain/services/user-statistics.service.ts[0m:[93m215[0m:[93m37[0m - [91merror[0m[90m TS2339: [0mProperty 'completeOrder' does not exist on type 'UserStats'.

[7m215[0m         updatedStats = updatedStats.completeOrder(
[7m   [0m [91m                                    ~~~~~~~~~~~~~[0m

[96msrc/modules/users/domain/services/user-statistics.service.ts[0m:[93m222[0m:[93m18[0m - [91merror[0m[90m TS2339: [0mProperty 'roles' does not exist on type 'UserEntity'.

[7m222[0m         if (user.roles.includes('DRIVER')) {
[7m   [0m [91m                 ~~~~~[0m

[96msrc/modules/users/domain/services/user-statistics.service.ts[0m:[93m233[0m:[93m18[0m - [91merror[0m[90m TS2339: [0mProperty 'roles' does not exist on type 'UserEntity'.

[7m233[0m         if (user.roles.includes('VENDOR')) {
[7m   [0m [91m                 ~~~~~[0m

[96msrc/modules/users/domain/services/user-statistics.service.ts[0m:[93m235[0m:[93m13[0m - [91merror[0m[90m TS2554: [0mExpected 0 arguments, but got 2.

[7m235[0m             eventData.productId,
[7m   [0m [91m            ~~~~~~~~~~~~~~~~~~~~[0m
[7m236[0m             eventData.category
[7m   [0m [91m~~~~~~~~~~~~~~~~~~~~~~~~~~~~~~[0m

[96msrc/modules/users/domain/services/user-statistics.service.ts[0m:[93m242[0m:[93m18[0m - [91merror[0m[90m TS2339: [0mProperty 'roles' does not exist on type 'UserEntity'.

[7m242[0m         if (user.roles.includes('VENDOR')) {
[7m   [0m [91m                 ~~~~~[0m

[96msrc/modules/users/domain/services/user-statistics.service.ts[0m:[93m243[0m:[93m39[0m - [91merror[0m[90m TS2339: [0mProperty 'sellProduct' does not exist on type 'UserStats'.

[7m243[0m           updatedStats = updatedStats.sellProduct(
[7m   [0m [91m                                      ~~~~~~~~~~~[0m

[96msrc/modules/users/domain/services/user-statistics.service.ts[0m:[93m256[0m:[93m37[0m - [91merror[0m[90m TS2339: [0mProperty 'addReferral' does not exist on type 'UserStats'.

[7m256[0m         updatedStats = updatedStats.addReferral(eventData.referredUserId);
[7m   [0m [91m                                    ~~~~~~~~~~~[0m

[96msrc/modules/users/domain/services/user-statistics.service.ts[0m:[93m262[0m:[93m36[0m - [91merror[0m[90m TS2345: [0mArgument of type 'void' is not assignable to parameter of type 'UserEntity'.

[7m262[0m     await this.userRepository.save(updatedUser);
[7m   [0m [91m                                   ~~~~~~~~~~~[0m

[96msrc/modules/users/domain/services/user-statistics.service.ts[0m:[93m340[0m:[93m50[0m - [91merror[0m[90m TS2339: [0mProperty 'averageRating' does not exist on type 'UserStats'.

[7m340[0m       metrics.ratings.push(dayStats.generalStats.averageRating);
[7m   [0m [91m                                                 ~~~~~~~~~~~~~[0m

[96msrc/modules/users/domain/services/user-statistics.service.ts[0m:[93m369[0m:[93m7[0m - [91merror[0m[90m TS2322: [0mType 'null' is not assignable to type 'Date | undefined'.

[7m369[0m       lastOrderDate: null,
[7m   [0m [91m      ~~~~~~~~~~~~~[0m

  [96msrc/modules/users/domain/value-objects/user-stats.vo.ts[0m:[93m6[0m:[93m3[0m
    [7m6[0m   lastOrderDate?: Date;
    [7m [0m [96m  ~~~~~~~~~~~~~[0m
    The expected type comes from property 'lastOrderDate' which is declared here on type 'Partial<UserStatsProps> & { memberSince: Date; }'

[96msrc/modules/users/domain/services/user-statistics.service.ts[0m:[93m371[0m:[93m7[0m - [91merror[0m[90m TS2322: [0mType 'null' is not assignable to type '{ favoriteCategories: string[]; preferredStores: string[]; reviewsGiven: number; averageRating: number; cancelledOrders: number; returnedOrders: number; } | undefined'.

[7m371[0m       customerStats: null,
[7m   [0m [91m      ~~~~~~~~~~~~~[0m

  [96msrc/modules/users/domain/value-objects/user-stats.vo.ts[0m:[93m11[0m:[93m3[0m
    [7m11[0m   customerStats?: {
    [7m  [0m [96m  ~~~~~~~~~~~~~[0m
    The expected type comes from property 'customerStats' which is declared here on type 'Partial<UserStatsProps> & { memberSince: Date; }'

[96msrc/modules/users/domain/services/user-statistics.service.ts[0m:[93m372[0m:[93m7[0m - [91merror[0m[90m TS2322: [0mType 'null' is not assignable to type '{ totalDeliveries: number; completedDeliveries: number; cancelledDeliveries: number; averageDeliveryTime: number; averageRating: number; totalEarnings: number; totalDistance: number; onTimeDeliveryRate: number; activeHours: number; } | undefined'.

[7m372[0m       driverStats: null,
[7m   [0m [91m      ~~~~~~~~~~~[0m

  [96msrc/modules/users/domain/value-objects/user-stats.vo.ts[0m:[93m21[0m:[93m3[0m
    [7m21[0m   driverStats?: {
    [7m  [0m [96m  ~~~~~~~~~~~[0m
    The expected type comes from property 'driverStats' which is declared here on type 'Partial<UserStatsProps> & { memberSince: Date; }'

[96msrc/modules/users/domain/services/user-statistics.service.ts[0m:[93m373[0m:[93m7[0m - [91merror[0m[90m TS2322: [0mType 'null' is not assignable to type '{ totalProducts: number; activeProducts: number; totalSales: number; totalRevenue: number; averageRating: number; reviewsReceived: number; ordersReceived: number; ordersCompleted: number; ordersCancelled: number; topSellingProducts: string[]; } | undefined'.

[7m373[0m       vendorStats: null
[7m   [0m [91m      ~~~~~~~~~~~[0m

  [96msrc/modules/users/domain/value-objects/user-stats.vo.ts[0m:[93m34[0m:[93m3[0m
    [7m34[0m   vendorStats?: {
    [7m  [0m [96m  ~~~~~~~~~~~[0m
    The expected type comes from property 'vendorStats' which is declared here on type 'Partial<UserStatsProps> & { memberSince: Date; }'

[96msrc/modules/users/domain/services/user-statistics.service.ts[0m:[93m653[0m:[93m24[0m - [91merror[0m[90m TS2345: [0mArgument of type '{ metric: string; user1Value: any; user2Value: any; difference: number; percentageDifference: number; winner: "user1" | "user2" | "tie"; }' is not assignable to parameter of type 'never'.

[7m653[0m       comparisons.push({
[7m   [0m [91m                       ~[0m
[7m654[0m         metric: metric.name,
[7m   [0m [91m~~~~~~~~~~~~~~~~~~~~~~~~~~~~[0m
[7m...[0m 
[7m659[0m         winner
[7m   [0m [91m~~~~~~~~~~~~~~[0m
[7m660[0m       });
[7m   [0m [91m~~~~~~~[0m

[96msrc/modules/users/domain/services/user-verification.service.ts[0m:[93m62[0m:[93m36[0m - [91merror[0m[90m TS2345: [0mArgument of type 'void' is not assignable to parameter of type 'UserEntity'.

[7m62[0m     await this.userRepository.save(verifiedUser);
[7m  [0m [91m                                   ~~~~~~~~~~~~[0m

[96msrc/modules/users/domain/services/user-verification.service.ts[0m:[93m99[0m:[93m36[0m - [91merror[0m[90m TS2345: [0mArgument of type 'void' is not assignable to parameter of type 'UserEntity'.

[7m99[0m     await this.userRepository.save(verifiedUser);
[7m  [0m [91m                                   ~~~~~~~~~~~~[0m

[96msrc/modules/users/domain/services/user-verification.service.ts[0m:[93m307[0m:[93m26[0m - [91merror[0m[90m TS2551: [0mProperty 'emailVerifiedAt' does not exist on type 'UserEntity'. Did you mean 'isEmailVerified'?

[7m307[0m         verifiedAt: user.emailVerifiedAt
[7m   [0m [91m                         ~~~~~~~~~~~~~~~[0m

  [96msrc/modules/users/domain/entities/user.entity.ts[0m:[93m97[0m:[93m7[0m
    [7m97[0m   get isEmailVerified(): boolean {
    [7m  [0m [96m      ~~~~~~~~~~~~~~~[0m
    'isEmailVerified' is declared here.

[96msrc/modules/users/domain/services/user-verification.service.ts[0m:[93m311[0m:[93m26[0m - [91merror[0m[90m TS2551: [0mProperty 'phoneVerifiedAt' does not exist on type 'UserEntity'. Did you mean 'isPhoneVerified'?

[7m311[0m         verifiedAt: user.phoneVerifiedAt
[7m   [0m [91m                         ~~~~~~~~~~~~~~~[0m

  [96msrc/modules/users/domain/entities/user.entity.ts[0m:[93m93[0m:[93m7[0m
    [7m93[0m   get isPhoneVerified(): boolean {
    [7m  [0m [96m      ~~~~~~~~~~~~~~~[0m
    'isPhoneVerified' is declared here.

[96msrc/modules/users/domain/services/user-verification.service.ts[0m:[93m442[0m:[93m14[0m - [91merror[0m[90m TS2339: [0mProperty 'roles' does not exist on type 'UserEntity'.

[7m442[0m     if (user.roles.includes('DRIVER')) {
[7m   [0m [91m             ~~~~~[0m

[96msrc/modules/users/domain/services/user-verification.service.ts[0m:[93m450[0m:[93m14[0m - [91merror[0m[90m TS2339: [0mProperty 'roles' does not exist on type 'UserEntity'.

[7m450[0m     if (user.roles.includes('VENDOR')) {
[7m   [0m [91m             ~~~~~[0m

[96msrc/modules/users/domain/services/user-verification.service.ts[0m:[93m470[0m:[93m14[0m - [91merror[0m[90m TS2339: [0mProperty 'roles' does not exist on type 'UserEntity'.

[7m470[0m     if (user.roles.includes('DRIVER')) {
[7m   [0m [91m             ~~~~~[0m

[96msrc/modules/users/domain/services/user-verification.service.ts[0m:[93m474[0m:[93m14[0m - [91merror[0m[90m TS2339: [0mProperty 'roles' does not exist on type 'UserEntity'.

[7m474[0m     if (user.roles.includes('VENDOR')) {
[7m   [0m [91m             ~~~~~[0m

[96msrc/modules/users/domain/services/user-verification.service.ts[0m:[93m495[0m:[93m14[0m - [91merror[0m[90m TS2339: [0mProperty 'roles' does not exist on type 'UserEntity'.

[7m495[0m     if (user.roles.includes('DRIVER')) {
[7m   [0m [91m             ~~~~~[0m

[96msrc/modules/users/domain/services/user-verification.service.ts[0m:[93m499[0m:[93m14[0m - [91merror[0m[90m TS2339: [0mProperty 'roles' does not exist on type 'UserEntity'.

[7m499[0m     if (user.roles.includes('VENDOR')) {
[7m   [0m [91m             ~~~~~[0m

[96msrc/modules/users/domain/value-objects/customer-details.vo.ts[0m:[93m438[0m:[93m71[0m - [91merror[0m[90m TS2339: [0mProperty '0' does not exist on type '{ id: string; type: "PREMIUM" | "DELIVERY_PASS" | "VENDOR_SPECIFIC"; startDate: Date; endDate: Date; isActive: boolean; autoRenew: boolean; benefits: string[]; }[] | undefined'.

[7m438[0m   addSubscription(subscription: CustomerDetailsProps['subscriptions'][0]): CustomerDetails {
[7m   [0m [91m                                                                      ~[0m

[96msrc/modules/users/domain/value-objects/customer-details.vo.ts[0m:[93m448[0m:[93m101[0m - [91merror[0m[90m TS2339: [0mProperty '0' does not exist on type '{ id: string; type: "PREMIUM" | "DELIVERY_PASS" | "VENDOR_SPECIFIC"; startDate: Date; endDate: Date; isActive: boolean; autoRenew: boolean; benefits: string[]; }[] | undefined'.

[7m448[0m   updateSubscription(subscriptionId: string, updates: Partial<CustomerDetailsProps['subscriptions'][0]>): CustomerDetails {
[7m   [0m [91m                                                                                                    ~[0m

[96msrc/modules/users/domain/value-objects/driver-details.vo.ts[0m:[93m298[0m:[93m30[0m - [91merror[0m[90m TS2339: [0mProperty 'toLocaleLowerCase' does not exist on type 'Date'.

[7m298[0m     const today = new Date().toLocaleLowerCase();
[7m   [0m [91m                             ~~~~~~~~~~~~~~~~~[0m

[96msrc/modules/users/domain/value-objects/driver-details.vo.ts[0m:[93m303[0m:[93m27[0m - [91merror[0m[90m TS2339: [0mProperty 'isActive' does not exist on type 'never'.

[7m303[0m     return todaySchedule?.isActive || false;
[7m   [0m [91m                          ~~~~~~~~[0m

[96msrc/modules/users/domain/value-objects/driver-details.vo.ts[0m:[93m318[0m:[93m49[0m - [91merror[0m[90m TS2339: [0mProperty 'start' does not exist on type 'never'.

[7m318[0m     const [startHour, startMin] = todaySchedule.start.split(':').map(Number);
[7m   [0m [91m                                                ~~~~~[0m

[96msrc/modules/users/domain/value-objects/driver-details.vo.ts[0m:[93m319[0m:[93m45[0m - [91merror[0m[90m TS2339: [0mProperty 'end' does not exist on type 'never'.

[7m319[0m     const [endHour, endMin] = todaySchedule.end.split(':').map(Number);
[7m   [0m [91m                                            ~~~[0m

[96msrc/modules/users/domain/value-objects/user-profile.vo.ts[0m:[93m115[0m:[93m5[0m - [91merror[0m[90m TS2322: [0mType 'string | boolean | undefined' is not assignable to type 'boolean'.
  Type 'undefined' is not assignable to type 'boolean'.

[7m115[0m     return !!
[7m   [0m [91m    ~~~~~~[0m

[96msrc/modules/users/domain/value-objects/user-profile.vo.ts[0m:[93m123[0m:[93m5[0m - [91merror[0m[90m TS2322: [0mType 'string | false' is not assignable to type 'boolean'.
  Type 'string' is not assignable to type 'boolean'.

[7m123[0m     return !!
[7m   [0m [91m    ~~~~~~[0m

[96msrc/modules/users/domain/value-objects/user-profile.vo.ts[0m:[93m180[0m:[93m7[0m - [91merror[0m[90m TS2322: [0mType '{ language?: string | undefined; timezone?: string | undefined; currency?: string | undefined; }' is not assignable to type '{ language: string; timezone: string; currency: string; }'.
  Types of property 'language' are incompatible.
    Type 'string | undefined' is not assignable to type 'string'.
      Type 'undefined' is not assignable to type 'string'.

[7m180[0m       preferences: {
[7m   [0m [91m      ~~~~~~~~~~~[0m

  [96msrc/modules/users/domain/value-objects/user-profile.vo.ts[0m:[93m20[0m:[93m3[0m
    [7m20[0m   preferences?: {
    [7m  [0m [96m  ~~~~~~~~~~~[0m
    The expected type comes from property 'preferences' which is declared here on type 'UserProfileProps'

[96msrc/modules/users/infrastructure/repositories/address.repository.ts[0m:[93m92[0m:[93m9[0m - [91merror[0m[90m TS2416: [0mProperty 'findByType' in type 'AddressRepository' is not assignable to the same property in base type 'AddressRepositoryInterface'.
  Type '(type: AddressType, limit?: number | undefined, offset?: number | undefined) => Promise<AddressEntity[]>' is not assignable to type '(type: AddressType, options?: { userId?: string | undefined; isActive?: boolean | undefined; skip?: number | undefined; take?: number | undefined; } | undefined) => Promise<...>'.
    Types of parameters 'limit' and 'options' are incompatible.
      Type '{ userId?: string | undefined; isActive?: boolean | undefined; skip?: number | undefined; take?: number | undefined; } | undefined' is not assignable to type 'number | undefined'.
        Type '{ userId?: string | undefined; isActive?: boolean | undefined; skip?: number | undefined; take?: number | undefined; }' is not assignable to type 'number'.

[7m92[0m   async findByType(type: AddressType, limit?: number, offset?: number): Promise<AddressEntity[]> {
[7m  [0m [91m        ~~~~~~~~~~[0m

[96msrc/modules/users/infrastructure/repositories/address.repository.ts[0m:[93m135[0m:[93m9[0m - [91merror[0m[90m TS2416: [0mProperty 'findByCity' in type 'AddressRepository' is not assignable to the same property in base type 'AddressRepositoryInterface'.
  Type '(city: string, limit?: number | undefined) => Promise<AddressEntity[]>' is not assignable to type '(city: string, options?: { state?: string | undefined; country?: string | undefined; type?: AddressType | undefined; isActive?: boolean | undefined; } | undefined) => Promise<...>'.
    Types of parameters 'limit' and 'options' are incompatible.
      Type '{ state?: string | undefined; country?: string | undefined; type?: AddressType | undefined; isActive?: boolean | undefined; } | undefined' is not assignable to type 'number | undefined'.
        Type '{ state?: string | undefined; country?: string | undefined; type?: AddressType | undefined; isActive?: boolean | undefined; }' is not assignable to type 'number'.

[7m135[0m   async findByCity(city: string, limit?: number): Promise<AddressEntity[]> {
[7m   [0m [91m        ~~~~~~~~~~[0m

[96msrc/modules/users/infrastructure/repositories/address.repository.ts[0m:[93m148[0m:[93m9[0m - [91merror[0m[90m TS2416: [0mProperty 'findByState' in type 'AddressRepository' is not assignable to the same property in base type 'AddressRepositoryInterface'.
  Type '(state: string, limit?: number | undefined) => Promise<AddressEntity[]>' is not assignable to type '(state: string, options?: { country?: string | undefined; type?: AddressType | undefined; isActive?: boolean | undefined; } | undefined) => Promise<AddressEntity[]>'.
    Types of parameters 'limit' and 'options' are incompatible.
      Type '{ country?: string | undefined; type?: AddressType | undefined; isActive?: boolean | undefined; } | undefined' is not assignable to type 'number | undefined'.
        Type '{ country?: string | undefined; type?: AddressType | undefined; isActive?: boolean | undefined; }' is not assignable to type 'number'.

[7m148[0m   async findByState(state: string, limit?: number): Promise<AddressEntity[]> {
[7m   [0m [91m        ~~~~~~~~~~~[0m

[96msrc/modules/users/infrastructure/repositories/address.repository.ts[0m:[93m168[0m:[93m9[0m - [91merror[0m[90m TS2416: [0mProperty 'findByCountry' in type 'AddressRepository' is not assignable to the same property in base type 'AddressRepositoryInterface'.
  Type '(country: string, limit?: number | undefined) => Promise<AddressEntity[]>' is not assignable to type '(country: string, options?: { type?: AddressType | undefined; isActive?: boolean | undefined; } | undefined) => Promise<AddressEntity[]>'.
    Types of parameters 'limit' and 'options' are incompatible.
      Type '{ type?: AddressType | undefined; isActive?: boolean | undefined; } | undefined' is not assignable to type 'number | undefined'.
        Type '{ type?: AddressType | undefined; isActive?: boolean | undefined; }' is not assignable to type 'number'.

[7m168[0m   async findByCountry(country: string, limit?: number): Promise<AddressEntity[]> {
[7m   [0m [91m        ~~~~~~~~~~~~~[0m

[96msrc/modules/users/infrastructure/repositories/address.repository.ts[0m:[93m187[0m:[93m13[0m - [91merror[0m[90m TS2561: [0mObject literal may only specify known properties, but 'addressLine1' does not exist in type 'AddressWhereInput'. Did you mean to write 'addressLine2'?

[7m187[0m           { addressLine1: { contains: query, mode: 'insensitive' } },
[7m   [0m [91m            ~~~~~~~~~~~~[0m

[96msrc/modules/users/infrastructure/repositories/address.repository.ts[0m:[93m204[0m:[93m13[0m - [91merror[0m[90m TS2561: [0mObject literal may only specify known properties, but 'addressLine1' does not exist in type 'AddressWhereInput'. Did you mean to write 'addressLine2'?

[7m204[0m           { addressLine1: { contains: query, mode: 'insensitive' } },
[7m   [0m [91m            ~~~~~~~~~~~~[0m

[96msrc/modules/users/infrastructure/repositories/address.repository.ts[0m:[93m225[0m:[93m9[0m - [91merror[0m[90m TS2561: [0mObject literal may only specify known properties, but 'addressLine1' does not exist in type 'AddressWhereInput'. Did you mean to write 'addressLine2'?

[7m225[0m         addressLine1: addressData.addressLine1,
[7m   [0m [91m        ~~~~~~~~~~~~[0m

[96msrc/modules/users/infrastructure/repositories/address.repository.ts[0m:[93m240[0m:[93m13[0m - [91merror[0m[90m TS2353: [0mObject literal may only specify known properties, and 'billingAddressId' does not exist in type 'OrderWhereInput'.

[7m240[0m           { billingAddressId: addressId },
[7m   [0m [91m            ~~~~~~~~~~~~~~~~[0m

[96msrc/modules/users/infrastructure/repositories/address.repository.ts[0m:[93m250[0m:[93m7[0m - [91merror[0m[90m TS2322: [0mType 'AddressCreateInput[]' is not assignable to type 'AddressCreateManyInput | AddressCreateManyInput[]'.
  Type 'AddressCreateInput[]' is not assignable to type 'AddressCreateManyInput[]'.
    Property 'userId' is missing in type 'AddressCreateInput' but required in type 'AddressCreateManyInput'.

[7m250[0m       data: addressesData,
[7m   [0m [91m      ~~~~[0m

  [96mnode_modules/.prisma/client/index.d.ts[0m:[93m73606[0m:[93m5[0m
    [7m73606[0m     userId: string
    [7m     [0m [96m    ~~~~~~[0m
    'userId' is declared here.

[96msrc/modules/users/infrastructure/repositories/address.repository.ts[0m:[93m381[0m:[93m9[0m - [91merror[0m[90m TS2416: [0mProperty 'findByContactInfo' in type 'AddressRepository' is not assignable to the same property in base type 'AddressRepositoryInterface'.
  Type '(contactName?: string | undefined, contactPhone?: string | undefined) => Promise<AddressEntity[]>' is not assignable to type '(options: { contactName?: string | undefined; contactPhone?: string | undefined; userId?: string | undefined; }) => Promise<AddressEntity[]>'.
    Types of parameters 'contactName' and 'options' are incompatible.
      Type '{ contactName?: string | undefined; contactPhone?: string | undefined; userId?: string | undefined; }' is not assignable to type 'string'.

[7m381[0m   async findByContactInfo(contactName?: string, contactPhone?: string): Promise<AddressEntity[]> {
[7m   [0m [91m        ~~~~~~~~~~~~~~~~~[0m

[96msrc/modules/users/infrastructure/repositories/address.repository.ts[0m:[93m405[0m:[93m13[0m - [91merror[0m[90m TS2561: [0mObject literal may only specify known properties, but 'addressLine1' does not exist in type 'AddressWhereInput'. Did you mean to write 'addressLine2'?

[7m405[0m           { addressLine1: null },
[7m   [0m [91m            ~~~~~~~~~~~~[0m

[96msrc/modules/users/infrastructure/repositories/address.repository.ts[0m:[93m406[0m:[93m13[0m - [91merror[0m[90m TS2322: [0mType 'null' is not assignable to type 'string | StringFilter<"Address"> | undefined'.

[7m406[0m           { city: null },
[7m   [0m [91m            ~~~~[0m

  [96mnode_modules/.prisma/client/index.d.ts[0m:[93m67862[0m:[93m5[0m
    [7m67862[0m     city?: StringFilter<"Address"> | string
    [7m     [0m [96m    ~~~~[0m
    The expected type comes from property 'city' which is declared here on type 'AddressWhereInput'

[96msrc/modules/users/infrastructure/repositories/address.repository.ts[0m:[93m407[0m:[93m13[0m - [91merror[0m[90m TS2322: [0mType 'null' is not assignable to type 'string | StringFilter<"Address"> | undefined'.

[7m407[0m           { state: null },
[7m   [0m [91m            ~~~~~[0m

  [96mnode_modules/.prisma/client/index.d.ts[0m:[93m67863[0m:[93m5[0m
    [7m67863[0m     state?: StringFilter<"Address"> | string
    [7m     [0m [96m    ~~~~~[0m
    The expected type comes from property 'state' which is declared here on type 'AddressWhereInput'

[96msrc/modules/users/infrastructure/repositories/address.repository.ts[0m:[93m409[0m:[93m13[0m - [91merror[0m[90m TS2322: [0mType 'null' is not assignable to type 'string | StringFilter<"Address"> | undefined'.

[7m409[0m           { country: null },
[7m   [0m [91m            ~~~~~~~[0m

  [96mnode_modules/.prisma/client/index.d.ts[0m:[93m67864[0m:[93m5[0m
    [7m67864[0m     country?: StringFilter<"Address"> | string
    [7m     [0m [96m    ~~~~~~~[0m
    The expected type comes from property 'country' which is declared here on type 'AddressWhereInput'

[96msrc/modules/users/infrastructure/repositories/address.repository.ts[0m:[93m458[0m:[93m29[0m - [91merror[0m[90m TS2339: [0mProperty 'addressLine1' does not exist on type 'AddressEntity'.

[7m458[0m       addressLine1: address.addressLine1,
[7m   [0m [91m                            ~~~~~~~~~~~~[0m

[96msrc/modules/users/infrastructure/repositories/address.repository.ts[0m:[93m459[0m:[93m29[0m - [91merror[0m[90m TS2339: [0mProperty 'addressLine2' does not exist on type 'AddressEntity'.

[7m459[0m       addressLine2: address.addressLine2,
[7m   [0m [91m                            ~~~~~~~~~~~~[0m

[96msrc/modules/users/infrastructure/repositories/address.repository.ts[0m:[93m465[0m:[93m7[0m - [91merror[0m[90m TS2322: [0mType 'number | undefined' is not assignable to type 'number'.
  Type 'undefined' is not assignable to type 'number'.

[7m465[0m       latitude: address.latitude,
[7m   [0m [91m      ~~~~~~~~[0m

  [96mnode_modules/.prisma/client/index.d.ts[0m:[93m73503[0m:[93m5[0m
    [7m73503[0m     latitude: number
    [7m     [0m [96m    ~~~~~~~~[0m
    The expected type comes from property 'latitude' which is declared here on type 'AddressCreateInput'

[96msrc/modules/users/infrastructure/repositories/address.repository.ts[0m:[93m466[0m:[93m7[0m - [91merror[0m[90m TS2322: [0mType 'number | undefined' is not assignable to type 'number'.
  Type 'undefined' is not assignable to type 'number'.

[7m466[0m       longitude: address.longitude,
[7m   [0m [91m      ~~~~~~~~~[0m

  [96mnode_modules/.prisma/client/index.d.ts[0m:[93m73504[0m:[93m5[0m
    [7m73504[0m     longitude: number
    [7m     [0m [96m    ~~~~~~~~~[0m
    The expected type comes from property 'longitude' which is declared here on type 'AddressCreateInput'

[96msrc/modules/users/infrastructure/repositories/address.repository.ts[0m:[93m469[0m:[93m37[0m - [91merror[0m[90m TS2339: [0mProperty 'deliveryInstructions' does not exist on type 'AddressEntity'.

[7m469[0m       deliveryInstructions: address.deliveryInstructions,
[7m   [0m [91m                                    ~~~~~~~~~~~~~~~~~~~~[0m

[96msrc/modules/users/infrastructure/repositories/address.repository.ts[0m:[93m470[0m:[93m27[0m - [91merror[0m[90m TS2339: [0mProperty 'accessCode' does not exist on type 'AddressEntity'.

[7m470[0m       accessCode: address.accessCode,
[7m   [0m [91m                          ~~~~~~~~~~[0m

[96msrc/modules/users/infrastructure/repositories/address.repository.ts[0m:[93m471[0m:[93m28[0m - [91merror[0m[90m TS2339: [0mProperty 'floorNumber' does not exist on type 'AddressEntity'.

[7m471[0m       floorNumber: address.floorNumber,
[7m   [0m [91m                           ~~~~~~~~~~~[0m

[96msrc/modules/users/infrastructure/repositories/address.repository.ts[0m:[93m474[0m:[93m27[0m - [91merror[0m[90m TS2339: [0mProperty 'usageCount' does not exist on type 'AddressEntity'.

[7m474[0m       usageCount: address.usageCount,
[7m   [0m [91m                          ~~~~~~~~~~[0m

[96msrc/modules/users/infrastructure/repositories/address.repository.ts[0m:[93m475[0m:[93m27[0m - [91merror[0m[90m TS2339: [0mProperty 'lastUsedAt' does not exist on type 'AddressEntity'.

[7m475[0m       lastUsedAt: address.lastUsedAt,
[7m   [0m [91m                          ~~~~~~~~~~[0m

[96msrc/modules/users/infrastructure/repositories/address.repository.ts[0m:[93m483[0m:[93m7[0m - [91merror[0m[90m TS2561: [0mObject literal may only specify known properties, but 'addressLine1' does not exist in type 'AddressUpdateInput'. Did you mean to write 'addressLine2'?

[7m483[0m       addressLine1: address.addressLine1,
[7m   [0m [91m      ~~~~~~~~~~~~[0m

[96msrc/modules/users/infrastructure/repositories/address.repository.ts[0m:[93m483[0m:[93m29[0m - [91merror[0m[90m TS2339: [0mProperty 'addressLine1' does not exist on type 'AddressEntity'.

[7m483[0m       addressLine1: address.addressLine1,
[7m   [0m [91m                            ~~~~~~~~~~~~[0m

[96msrc/modules/users/infrastructure/repositories/address.repository.ts[0m:[93m484[0m:[93m29[0m - [91merror[0m[90m TS2339: [0mProperty 'addressLine2' does not exist on type 'AddressEntity'.

[7m484[0m       addressLine2: address.addressLine2,
[7m   [0m [91m                            ~~~~~~~~~~~~[0m

[96msrc/modules/users/infrastructure/repositories/address.repository.ts[0m:[93m494[0m:[93m37[0m - [91merror[0m[90m TS2339: [0mProperty 'deliveryInstructions' does not exist on type 'AddressEntity'.

[7m494[0m       deliveryInstructions: address.deliveryInstructions,
[7m   [0m [91m                                    ~~~~~~~~~~~~~~~~~~~~[0m

[96msrc/modules/users/infrastructure/repositories/address.repository.ts[0m:[93m495[0m:[93m27[0m - [91merror[0m[90m TS2339: [0mProperty 'accessCode' does not exist on type 'AddressEntity'.

[7m495[0m       accessCode: address.accessCode,
[7m   [0m [91m                          ~~~~~~~~~~[0m

[96msrc/modules/users/infrastructure/repositories/address.repository.ts[0m:[93m496[0m:[93m28[0m - [91merror[0m[90m TS2339: [0mProperty 'floorNumber' does not exist on type 'AddressEntity'.

[7m496[0m       floorNumber: address.floorNumber,
[7m   [0m [91m                           ~~~~~~~~~~~[0m

[96msrc/modules/users/infrastructure/repositories/address.repository.ts[0m:[93m499[0m:[93m27[0m - [91merror[0m[90m TS2339: [0mProperty 'usageCount' does not exist on type 'AddressEntity'.

[7m499[0m       usageCount: address.usageCount,
[7m   [0m [91m                          ~~~~~~~~~~[0m

[96msrc/modules/users/infrastructure/repositories/address.repository.ts[0m:[93m500[0m:[93m27[0m - [91merror[0m[90m TS2339: [0mProperty 'lastUsedAt' does not exist on type 'AddressEntity'.

[7m500[0m       lastUsedAt: address.lastUsedAt,
[7m   [0m [91m                          ~~~~~~~~~~[0m

[96msrc/modules/users/infrastructure/repositories/address.repository.ts[0m:[93m525[0m:[93m7[0m - [91merror[0m[90m TS2353: [0mObject literal may only specify known properties, and 'addressLine1' does not exist in type 'AddressEntityProps'.

[7m525[0m       addressLine1: prismaAddress.addressLine1,
[7m   [0m [91m      ~~~~~~~~~~~~[0m

[96msrc/modules/users/infrastructure/repositories/user.repository.ts[0m:[93m8[0m:[93m14[0m - [91merror[0m[90m TS2420: [0mClass 'UserRepository' incorrectly implements interface 'UserRepositoryInterface'.
  Type 'UserRepository' is missing the following properties from type 'UserRepositoryInterface': save, findByRoles, findActiveUsers, findInactiveUsers, and 21 more.

[7m8[0m export class UserRepository implements UserRepositoryInterface {
[7m [0m [91m             ~~~~~~~~~~~~~~[0m

[96msrc/modules/users/infrastructure/repositories/user.repository.ts[0m:[93m409[0m:[93m7[0m - [91merror[0m[90m TS2322: [0mType 'JsonValue' is not assignable to type 'NullableJsonNullValueInput | InputJsonValue | undefined'.
  Type 'null' is not assignable to type 'NullableJsonNullValueInput | InputJsonValue | undefined'.

[7m409[0m       socialLinks: user.profile?.socialLinks as unknown as Prisma.JsonValue,
[7m   [0m [91m      ~~~~~~~~~~~[0m

  [96mnode_modules/.prisma/client/index.d.ts[0m:[93m72933[0m:[93m5[0m
    [7m72933[0m     socialLinks?: NullableJsonNullValueInput | InputJsonValue
    [7m     [0m [96m    ~~~~~~~~~~~[0m
    The expected type comes from property 'socialLinks' which is declared here on type 'UserCreateInput'

[96msrc/modules/users/infrastructure/repositories/user.repository.ts[0m:[93m410[0m:[93m37[0m - [91merror[0m[90m TS2339: [0mProperty 'alternateEmail' does not exist on type 'UserProfile'.

[7m410[0m       alternateEmail: user.profile?.alternateEmail,
[7m   [0m [91m                                    ~~~~~~~~~~~~~~[0m

[96msrc/modules/users/infrastructure/repositories/user.repository.ts[0m:[93m411[0m:[93m37[0m - [91merror[0m[90m TS2339: [0mProperty 'alternatePhone' does not exist on type 'UserProfile'.

[7m411[0m       alternatePhone: user.profile?.alternatePhone,
[7m   [0m [91m                                    ~~~~~~~~~~~~~~[0m

[96msrc/modules/users/infrastructure/repositories/user.repository.ts[0m:[93m412[0m:[93m7[0m - [91merror[0m[90m TS2322: [0mType 'JsonValue' is not assignable to type 'NullableJsonNullValueInput | InputJsonValue | undefined'.

[7m412[0m       emergencyContact: user.profile?.emergencyContact as unknown as Prisma.JsonValue,
[7m   [0m [91m      ~~~~~~~~~~~~~~~~[0m

  [96mnode_modules/.prisma/client/index.d.ts[0m:[93m72936[0m:[93m5[0m
    [7m72936[0m     emergencyContact?: NullableJsonNullValueInput | InputJsonValue
    [7m     [0m [96m    ~~~~~~~~~~~~~~~~[0m
    The expected type comes from property 'emergencyContact' which is declared here on type 'UserCreateInput'

[96msrc/modules/users/infrastructure/repositories/user.repository.ts[0m:[93m413[0m:[93m7[0m - [91merror[0m[90m TS2322: [0mType 'string | undefined' is not assignable to type 'Language | undefined'.
  Type 'string' is not assignable to type 'Language | undefined'.

[7m413[0m       preferredLanguage: user.profile?.preferences?.language,
[7m   [0m [91m      ~~~~~~~~~~~~~~~~~[0m

  [96mnode_modules/.prisma/client/index.d.ts[0m:[93m72937[0m:[93m5[0m
    [7m72937[0m     preferredLanguage?: $Enums.Language
    [7m     [0m [96m    ~~~~~~~~~~~~~~~~~[0m
    The expected type comes from property 'preferredLanguage' which is declared here on type 'UserCreateInput'

[96msrc/modules/users/infrastructure/repositories/user.repository.ts[0m:[93m414[0m:[93m7[0m - [91merror[0m[90m TS2322: [0mType 'string | undefined' is not assignable to type 'Currency | undefined'.
  Type 'string' is not assignable to type 'Currency | undefined'.

[7m414[0m       preferredCurrency: user.profile?.preferences?.currency,
[7m   [0m [91m      ~~~~~~~~~~~~~~~~~[0m

  [96mnode_modules/.prisma/client/index.d.ts[0m:[93m72938[0m:[93m5[0m
    [7m72938[0m     preferredCurrency?: $Enums.Currency
    [7m     [0m [96m    ~~~~~~~~~~~~~~~~~[0m
    The expected type comes from property 'preferredCurrency' which is declared here on type 'UserCreateInput'

[96msrc/modules/users/infrastructure/repositories/user.repository.ts[0m:[93m416[0m:[93m29[0m - [91merror[0m[90m TS2339: [0mProperty 'theme' does not exist on type 'UserSettings'.

[7m416[0m       theme: user.settings?.theme,
[7m   [0m [91m                            ~~~~~[0m

[96msrc/modules/users/infrastructure/repositories/user.repository.ts[0m:[93m417[0m:[93m7[0m - [91merror[0m[90m TS2322: [0mType '{ orderUpdates: boolean; promotions: boolean; newsletter: boolean; security: boolean; }' is not assignable to type 'boolean | undefined'.

[7m417[0m       emailNotifications: user.settings?.notifications?.email,
[7m   [0m [91m      ~~~~~~~~~~~~~~~~~~[0m

  [96mnode_modules/.prisma/client/index.d.ts[0m:[93m72941[0m:[93m5[0m
    [7m72941[0m     emailNotifications?: boolean
    [7m     [0m [96m    ~~~~~~~~~~~~~~~~~~[0m
    The expected type comes from property 'emailNotifications' which is declared here on type 'UserCreateInput'

[96msrc/modules/users/infrastructure/repositories/user.repository.ts[0m:[93m418[0m:[93m7[0m - [91merror[0m[90m TS2322: [0mType '{ orderUpdates: boolean; promotions: boolean; security: boolean; }' is not assignable to type 'boolean | undefined'.

[7m418[0m       smsNotifications: user.settings?.notifications?.sms,
[7m   [0m [91m      ~~~~~~~~~~~~~~~~[0m

  [96mnode_modules/.prisma/client/index.d.ts[0m:[93m72942[0m:[93m5[0m
    [7m72942[0m     smsNotifications?: boolean
    [7m     [0m [96m    ~~~~~~~~~~~~~~~~[0m
    The expected type comes from property 'smsNotifications' which is declared here on type 'UserCreateInput'

[96msrc/modules/users/infrastructure/repositories/user.repository.ts[0m:[93m419[0m:[93m7[0m - [91merror[0m[90m TS2322: [0mType '{ orderUpdates: boolean; promotions: boolean; chat: boolean; general: boolean; }' is not assignable to type 'boolean | undefined'.

[7m419[0m       pushNotifications: user.settings?.notifications?.push,
[7m   [0m [91m      ~~~~~~~~~~~~~~~~~[0m

  [96mnode_modules/.prisma/client/index.d.ts[0m:[93m72943[0m:[93m5[0m
    [7m72943[0m     pushNotifications?: boolean
    [7m     [0m [96m    ~~~~~~~~~~~~~~~~~[0m
    The expected type comes from property 'pushNotifications' which is declared here on type 'UserCreateInput'

[96msrc/modules/users/infrastructure/repositories/user.repository.ts[0m:[93m420[0m:[93m54[0m - [91merror[0m[90m TS2339: [0mProperty 'marketing' does not exist on type '{ email: { orderUpdates: boolean; promotions: boolean; newsletter: boolean; security: boolean; }; sms: { orderUpdates: boolean; promotions: boolean; security: boolean; }; push: { orderUpdates: boolean; promotions: boolean; chat: boolean; general: boolean; }; }'.

[7m420[0m       marketingEmails: user.settings?.notifications?.marketing,
[7m   [0m [91m                                                     ~~~~~~~~~[0m

[96msrc/modules/users/infrastructure/repositories/user.repository.ts[0m:[93m421[0m:[93m56[0m - [91merror[0m[90m TS2339: [0mProperty 'promotions' does not exist on type '{ email: { orderUpdates: boolean; promotions: boolean; newsletter: boolean; security: boolean; }; sms: { orderUpdates: boolean; promotions: boolean; security: boolean; }; push: { orderUpdates: boolean; promotions: boolean; chat: boolean; general: boolean; }; }'.

[7m421[0m       promotionalOffers: user.settings?.notifications?.promotions,
[7m   [0m [91m                                                       ~~~~~~~~~~[0m

[96msrc/modules/users/infrastructure/repositories/user.repository.ts[0m:[93m426[0m:[93m32[0m - [91merror[0m[90m TS2339: [0mProperty 'orders' does not exist on type 'UserStats'.

[7m426[0m       totalOrders: user.stats?.orders?.total,
[7m   [0m [91m                               ~~~~~~[0m

[96msrc/modules/users/infrastructure/repositories/user.repository.ts[0m:[93m427[0m:[93m36[0m - [91merror[0m[90m TS2339: [0mProperty 'orders' does not exist on type 'UserStats'.

[7m427[0m       completedOrders: user.stats?.orders?.completed,
[7m   [0m [91m                                   ~~~~~~[0m

[96msrc/modules/users/infrastructure/repositories/user.repository.ts[0m:[93m428[0m:[93m36[0m - [91merror[0m[90m TS2339: [0mProperty 'orders' does not exist on type 'UserStats'.

[7m428[0m       cancelledOrders: user.stats?.orders?.cancelled,
[7m   [0m [91m                                   ~~~~~~[0m

[96msrc/modules/users/infrastructure/repositories/user.repository.ts[0m:[93m429[0m:[93m31[0m - [91merror[0m[90m TS2339: [0mProperty 'spending' does not exist on type 'UserStats'.

[7m429[0m       totalSpent: user.stats?.spending?.total,
[7m   [0m [91m                              ~~~~~~~~[0m

[96msrc/modules/users/infrastructure/repositories/user.repository.ts[0m:[93m430[0m:[93m34[0m - [91merror[0m[90m TS2339: [0mProperty 'loyalty' does not exist on type 'UserStats'.

[7m430[0m       loyaltyPoints: user.stats?.loyalty?.points,
[7m   [0m [91m                                 ~~~~~~~[0m

[96msrc/modules/users/infrastructure/repositories/user.repository.ts[0m:[93m431[0m:[93m34[0m - [91merror[0m[90m TS2339: [0mProperty 'referrals' does not exist on type 'UserStats'.

[7m431[0m       referralCount: user.stats?.referrals?.count,
[7m   [0m [91m                                 ~~~~~~~~~[0m

[96msrc/modules/users/infrastructure/repositories/user.repository.ts[0m:[93m432[0m:[93m34[0m - [91merror[0m[90m TS2339: [0mProperty 'ratings' does not exist on type 'UserStats'.

[7m432[0m       averageRating: user.stats?.ratings?.average,
[7m   [0m [91m                                 ~~~~~~~[0m

[96msrc/modules/users/infrastructure/repositories/user.repository.ts[0m:[93m433[0m:[93m33[0m - [91merror[0m[90m TS2339: [0mProperty 'ratings' does not exist on type 'UserStats'.

[7m433[0m       totalRatings: user.stats?.ratings?.count,
[7m   [0m [91m                                ~~~~~~~[0m

[96msrc/modules/users/infrastructure/repositories/user.repository.ts[0m:[93m434[0m:[93m32[0m - [91merror[0m[90m TS2339: [0mProperty 'loyalty' does not exist on type 'UserStats'.

[7m434[0m       loyaltyTier: user.stats?.loyalty?.tier,
[7m   [0m [91m                               ~~~~~~~[0m

[96msrc/modules/users/infrastructure/repositories/user.repository.ts[0m:[93m435[0m:[93m36[0m - [91merror[0m[90m TS2339: [0mProperty 'loyalty' does not exist on type 'UserStats'.

[7m435[0m       loyaltyTierDate: user.stats?.loyalty?.updatedAt,
[7m   [0m [91m                                   ~~~~~~~[0m

[96msrc/modules/users/infrastructure/repositories/user.repository.ts[0m:[93m436[0m:[93m40[0m - [91merror[0m[90m TS2551: [0mProperty 'defaultAddressId' does not exist on type 'UserSettings'. Did you mean 'setDefaultAddress'?

[7m436[0m       defaultAddressId: user.settings?.defaultAddressId,
[7m   [0m [91m                                       ~~~~~~~~~~~~~~~~[0m

  [96msrc/modules/users/domain/value-objects/user-settings.vo.ts[0m:[93m203[0m:[93m3[0m
    [7m203[0m   setDefaultAddress(addressId: string): UserSettings {
    [7m   [0m [96m  ~~~~~~~~~~~~~~~~~[0m
    'setDefaultAddress' is declared here.

[96msrc/modules/users/infrastructure/repositories/user.repository.ts[0m:[93m437[0m:[93m44[0m - [91merror[0m[90m TS2339: [0mProperty 'deliveryInstructions' does not exist on type 'UserSettings'.

[7m437[0m       deliveryInstructions: user.settings?.deliveryInstructions,
[7m   [0m [91m                                           ~~~~~~~~~~~~~~~~~~~~[0m

[96msrc/modules/users/infrastructure/repositories/user.repository.ts[0m:[93m439[0m:[93m51[0m - [91merror[0m[90m TS2339: [0mProperty 'passwordChangedAt' does not exist on type '{ twoFactorEnabled: boolean; loginNotifications: boolean; sessionTimeout: number; allowMultipleSessions: boolean; }'.

[7m439[0m       passwordChangedAt: user.settings?.security?.passwordChangedAt,
[7m   [0m [91m                                                  ~~~~~~~~~~~~~~~~~[0m

[96msrc/modules/users/infrastructure/repositories/user.repository.ts[0m:[93m458[0m:[93m7[0m - [91merror[0m[90m TS2322: [0mType 'JsonValue' is not assignable to type 'NullableJsonNullValueInput | InputJsonValue | undefined'.

[7m458[0m       socialLinks: user.profile?.socialLinks as unknown as Prisma.JsonValue,
[7m   [0m [91m      ~~~~~~~~~~~[0m

  [96mnode_modules/.prisma/client/index.d.ts[0m:[93m73111[0m:[93m5[0m
    [7m73111[0m     socialLinks?: NullableJsonNullValueInput | InputJsonValue
    [7m     [0m [96m    ~~~~~~~~~~~[0m
    The expected type comes from property 'socialLinks' which is declared here on type 'UserUpdateInput'

[96msrc/modules/users/infrastructure/repositories/user.repository.ts[0m:[93m459[0m:[93m37[0m - [91merror[0m[90m TS2339: [0mProperty 'alternateEmail' does not exist on type 'UserProfile'.

[7m459[0m       alternateEmail: user.profile?.alternateEmail,
[7m   [0m [91m                                    ~~~~~~~~~~~~~~[0m

[96msrc/modules/users/infrastructure/repositories/user.repository.ts[0m:[93m460[0m:[93m37[0m - [91merror[0m[90m TS2339: [0mProperty 'alternatePhone' does not exist on type 'UserProfile'.

[7m460[0m       alternatePhone: user.profile?.alternatePhone,
[7m   [0m [91m                                    ~~~~~~~~~~~~~~[0m

[96msrc/modules/users/infrastructure/repositories/user.repository.ts[0m:[93m461[0m:[93m7[0m - [91merror[0m[90m TS2322: [0mType 'JsonValue' is not assignable to type 'NullableJsonNullValueInput | InputJsonValue | undefined'.

[7m461[0m       emergencyContact: user.profile?.emergencyContact as unknown as Prisma.JsonValue,
[7m   [0m [91m      ~~~~~~~~~~~~~~~~[0m

  [96mnode_modules/.prisma/client/index.d.ts[0m:[93m73114[0m:[93m5[0m
    [7m73114[0m     emergencyContact?: NullableJsonNullValueInput | InputJsonValue
    [7m     [0m [96m    ~~~~~~~~~~~~~~~~[0m
    The expected type comes from property 'emergencyContact' which is declared here on type 'UserUpdateInput'

[96msrc/modules/users/infrastructure/repositories/user.repository.ts[0m:[93m462[0m:[93m7[0m - [91merror[0m[90m TS2322: [0mType 'string | undefined' is not assignable to type 'Language | EnumLanguageFieldUpdateOperationsInput | undefined'.
  Type 'string' is not assignable to type 'Language | EnumLanguageFieldUpdateOperationsInput | undefined'.

[7m462[0m       preferredLanguage: user.profile?.preferences?.language,
[7m   [0m [91m      ~~~~~~~~~~~~~~~~~[0m

  [96mnode_modules/.prisma/client/index.d.ts[0m:[93m73115[0m:[93m5[0m
    [7m73115[0m     preferredLanguage?: EnumLanguageFieldUpdateOperationsInput | $Enums.Language
    [7m     [0m [96m    ~~~~~~~~~~~~~~~~~[0m
    The expected type comes from property 'preferredLanguage' which is declared here on type 'UserUpdateInput'

[96msrc/modules/users/infrastructure/repositories/user.repository.ts[0m:[93m463[0m:[93m7[0m - [91merror[0m[90m TS2322: [0mType 'string | undefined' is not assignable to type 'Currency | EnumCurrencyFieldUpdateOperationsInput | undefined'.
  Type 'string' is not assignable to type 'Currency | EnumCurrencyFieldUpdateOperationsInput | undefined'.

[7m463[0m       preferredCurrency: user.profile?.preferences?.currency,
[7m   [0m [91m      ~~~~~~~~~~~~~~~~~[0m

  [96mnode_modules/.prisma/client/index.d.ts[0m:[93m73116[0m:[93m5[0m
    [7m73116[0m     preferredCurrency?: EnumCurrencyFieldUpdateOperationsInput | $Enums.Currency
    [7m     [0m [96m    ~~~~~~~~~~~~~~~~~[0m
    The expected type comes from property 'preferredCurrency' which is declared here on type 'UserUpdateInput'

[96msrc/modules/users/infrastructure/repositories/user.repository.ts[0m:[93m465[0m:[93m29[0m - [91merror[0m[90m TS2339: [0mProperty 'theme' does not exist on type 'UserSettings'.

[7m465[0m       theme: user.settings?.theme,
[7m   [0m [91m                            ~~~~~[0m

[96msrc/modules/users/infrastructure/repositories/user.repository.ts[0m:[93m466[0m:[93m7[0m - [91merror[0m[90m TS2322: [0mType '{ orderUpdates: boolean; promotions: boolean; newsletter: boolean; security: boolean; }' is not assignable to type 'boolean | BoolFieldUpdateOperationsInput | undefined'.

[7m466[0m       emailNotifications: user.settings?.notifications?.email,
[7m   [0m [91m      ~~~~~~~~~~~~~~~~~~[0m

  [96mnode_modules/.prisma/client/index.d.ts[0m:[93m73119[0m:[93m5[0m
    [7m73119[0m     emailNotifications?: BoolFieldUpdateOperationsInput | boolean
    [7m     [0m [96m    ~~~~~~~~~~~~~~~~~~[0m
    The expected type comes from property 'emailNotifications' which is declared here on type 'UserUpdateInput'

[96msrc/modules/users/infrastructure/repositories/user.repository.ts[0m:[93m467[0m:[93m7[0m - [91merror[0m[90m TS2322: [0mType '{ orderUpdates: boolean; promotions: boolean; security: boolean; }' is not assignable to type 'boolean | BoolFieldUpdateOperationsInput | undefined'.

[7m467[0m       smsNotifications: user.settings?.notifications?.sms,
[7m   [0m [91m      ~~~~~~~~~~~~~~~~[0m

  [96mnode_modules/.prisma/client/index.d.ts[0m:[93m73120[0m:[93m5[0m
    [7m73120[0m     smsNotifications?: BoolFieldUpdateOperationsInput | boolean
    [7m     [0m [96m    ~~~~~~~~~~~~~~~~[0m
    The expected type comes from property 'smsNotifications' which is declared here on type 'UserUpdateInput'

[96msrc/modules/users/infrastructure/repositories/user.repository.ts[0m:[93m468[0m:[93m7[0m - [91merror[0m[90m TS2322: [0mType '{ orderUpdates: boolean; promotions: boolean; chat: boolean; general: boolean; }' is not assignable to type 'boolean | BoolFieldUpdateOperationsInput | undefined'.

[7m468[0m       pushNotifications: user.settings?.notifications?.push,
[7m   [0m [91m      ~~~~~~~~~~~~~~~~~[0m

  [96mnode_modules/.prisma/client/index.d.ts[0m:[93m73121[0m:[93m5[0m
    [7m73121[0m     pushNotifications?: BoolFieldUpdateOperationsInput | boolean
    [7m     [0m [96m    ~~~~~~~~~~~~~~~~~[0m
    The expected type comes from property 'pushNotifications' which is declared here on type 'UserUpdateInput'

[96msrc/modules/users/infrastructure/repositories/user.repository.ts[0m:[93m469[0m:[93m54[0m - [91merror[0m[90m TS2339: [0mProperty 'marketing' does not exist on type '{ email: { orderUpdates: boolean; promotions: boolean; newsletter: boolean; security: boolean; }; sms: { orderUpdates: boolean; promotions: boolean; security: boolean; }; push: { orderUpdates: boolean; promotions: boolean; chat: boolean; general: boolean; }; }'.

[7m469[0m       marketingEmails: user.settings?.notifications?.marketing,
[7m   [0m [91m                                                     ~~~~~~~~~[0m

[96msrc/modules/users/infrastructure/repositories/user.repository.ts[0m:[93m470[0m:[93m56[0m - [91merror[0m[90m TS2339: [0mProperty 'promotions' does not exist on type '{ email: { orderUpdates: boolean; promotions: boolean; newsletter: boolean; security: boolean; }; sms: { orderUpdates: boolean; promotions: boolean; security: boolean; }; push: { orderUpdates: boolean; promotions: boolean; chat: boolean; general: boolean; }; }'.

[7m470[0m       promotionalOffers: user.settings?.notifications?.promotions,
[7m   [0m [91m                                                       ~~~~~~~~~~[0m

[96msrc/modules/users/infrastructure/repositories/user.repository.ts[0m:[93m475[0m:[93m32[0m - [91merror[0m[90m TS2339: [0mProperty 'orders' does not exist on type 'UserStats'.

[7m475[0m       totalOrders: user.stats?.orders?.total,
[7m   [0m [91m                               ~~~~~~[0m

[96msrc/modules/users/infrastructure/repositories/user.repository.ts[0m:[93m476[0m:[93m36[0m - [91merror[0m[90m TS2339: [0mProperty 'orders' does not exist on type 'UserStats'.

[7m476[0m       completedOrders: user.stats?.orders?.completed,
[7m   [0m [91m                                   ~~~~~~[0m

[96msrc/modules/users/infrastructure/repositories/user.repository.ts[0m:[93m477[0m:[93m36[0m - [91merror[0m[90m TS2339: [0mProperty 'orders' does not exist on type 'UserStats'.

[7m477[0m       cancelledOrders: user.stats?.orders?.cancelled,
[7m   [0m [91m                                   ~~~~~~[0m

[96msrc/modules/users/infrastructure/repositories/user.repository.ts[0m:[93m478[0m:[93m31[0m - [91merror[0m[90m TS2339: [0mProperty 'spending' does not exist on type 'UserStats'.

[7m478[0m       totalSpent: user.stats?.spending?.total,
[7m   [0m [91m                              ~~~~~~~~[0m

[96msrc/modules/users/infrastructure/repositories/user.repository.ts[0m:[93m479[0m:[93m34[0m - [91merror[0m[90m TS2339: [0mProperty 'loyalty' does not exist on type 'UserStats'.

[7m479[0m       loyaltyPoints: user.stats?.loyalty?.points,
[7m   [0m [91m                                 ~~~~~~~[0m

[96msrc/modules/users/infrastructure/repositories/user.repository.ts[0m:[93m480[0m:[93m34[0m - [91merror[0m[90m TS2339: [0mProperty 'referrals' does not exist on type 'UserStats'.

[7m480[0m       referralCount: user.stats?.referrals?.count,
[7m   [0m [91m                                 ~~~~~~~~~[0m

[96msrc/modules/users/infrastructure/repositories/user.repository.ts[0m:[93m481[0m:[93m34[0m - [91merror[0m[90m TS2339: [0mProperty 'ratings' does not exist on type 'UserStats'.

[7m481[0m       averageRating: user.stats?.ratings?.average,
[7m   [0m [91m                                 ~~~~~~~[0m

[96msrc/modules/users/infrastructure/repositories/user.repository.ts[0m:[93m482[0m:[93m33[0m - [91merror[0m[90m TS2339: [0mProperty 'ratings' does not exist on type 'UserStats'.

[7m482[0m       totalRatings: user.stats?.ratings?.count,
[7m   [0m [91m                                ~~~~~~~[0m

[96msrc/modules/users/infrastructure/repositories/user.repository.ts[0m:[93m483[0m:[93m32[0m - [91merror[0m[90m TS2339: [0mProperty 'loyalty' does not exist on type 'UserStats'.

[7m483[0m       loyaltyTier: user.stats?.loyalty?.tier,
[7m   [0m [91m                               ~~~~~~~[0m

[96msrc/modules/users/infrastructure/repositories/user.repository.ts[0m:[93m484[0m:[93m36[0m - [91merror[0m[90m TS2339: [0mProperty 'loyalty' does not exist on type 'UserStats'.

[7m484[0m       loyaltyTierDate: user.stats?.loyalty?.updatedAt,
[7m   [0m [91m                                   ~~~~~~~[0m

[96msrc/modules/users/infrastructure/repositories/user.repository.ts[0m:[93m485[0m:[93m40[0m - [91merror[0m[90m TS2551: [0mProperty 'defaultAddressId' does not exist on type 'UserSettings'. Did you mean 'setDefaultAddress'?

[7m485[0m       defaultAddressId: user.settings?.defaultAddressId,
[7m   [0m [91m                                       ~~~~~~~~~~~~~~~~[0m

  [96msrc/modules/users/domain/value-objects/user-settings.vo.ts[0m:[93m203[0m:[93m3[0m
    [7m203[0m   setDefaultAddress(addressId: string): UserSettings {
    [7m   [0m [96m  ~~~~~~~~~~~~~~~~~[0m
    'setDefaultAddress' is declared here.

[96msrc/modules/users/infrastructure/repositories/user.repository.ts[0m:[93m486[0m:[93m44[0m - [91merror[0m[90m TS2339: [0mProperty 'deliveryInstructions' does not exist on type 'UserSettings'.

[7m486[0m       deliveryInstructions: user.settings?.deliveryInstructions,
[7m   [0m [91m                                           ~~~~~~~~~~~~~~~~~~~~[0m

[96msrc/modules/users/infrastructure/repositories/user.repository.ts[0m:[93m488[0m:[93m51[0m - [91merror[0m[90m TS2339: [0mProperty 'passwordChangedAt' does not exist on type '{ twoFactorEnabled: boolean; loginNotifications: boolean; sessionTimeout: number; allowMultipleSessions: boolean; }'.

[7m488[0m       passwordChangedAt: user.settings?.security?.passwordChangedAt,
[7m   [0m [91m                                                  ~~~~~~~~~~~~~~~~~[0m

[96msrc/modules/users/infrastructure/repositories/user.repository.ts[0m:[93m500[0m:[93m11[0m - [91merror[0m[90m TS2322: [0mType 'JsonValue' is not assignable to type 'NullableJsonNullValueInput | InputJsonValue | undefined'.

[7m500[0m           data[key] = value as Prisma.JsonValue;
[7m   [0m [91m          ~~~~~~~~~[0m

[96msrc/modules/users/infrastructure/repositories/user.repository.ts[0m:[93m521[0m:[93m7[0m - [91merror[0m[90m TS2353: [0mObject literal may only specify known properties, and 'firstName' does not exist in type 'UserEntityProps'.

[7m521[0m       firstName: prismaUser.firstName,
[7m   [0m [91m      ~~~~~~~~~[0m

[96msrc/modules/users/presentation/controllers/user.controller.ts[0m:[93m112[0m:[93m48[0m - [91merror[0m[90m TS2339: [0mProperty 'getProfile' does not exist on type 'ProfileManagementService'.

[7m112[0m     return await this.profileManagementService.getProfile(req.user.id);
[7m   [0m [91m                                               ~~~~~~~~~~[0m

[96msrc/modules/users/presentation/controllers/user.controller.ts[0m:[93m126[0m:[93m5[0m - [91merror[0m[90m TS2739: [0mType 'UserEntity' is missing the following properties from type 'UserProfileResponseDto': loyaltyTier, loyaltyPoints, totalOrders, totalSpent, profileCompletion

[7m126[0m     return await this.profileManagementService.updateProfile(
[7m   [0m [91m    ~~~~~~[0m

[96msrc/modules/users/presentation/controllers/user.controller.ts[0m:[93m128[0m:[93m7[0m - [91merror[0m[90m TS2345: [0mArgument of type 'UpdateProfileDto' is not assignable to parameter of type 'UpdateProfileRequest'.
  Types of property 'dateOfBirth' are incompatible.
    Type 'string | undefined' is not assignable to type 'Date | undefined'.

[7m128[0m       updateProfileDto,
[7m   [0m [91m      ~~~~~~~~~~~~~~~~[0m

[96msrc/modules/users/presentation/controllers/user.controller.ts[0m:[93m140[0m:[93m48[0m - [91merror[0m[90m TS2551: [0mProperty 'getProfileSummary' does not exist on type 'ProfileManagementService'. Did you mean 'getUserProfileSummary'?

[7m140[0m     return await this.profileManagementService.getProfileSummary(req.user.id);
[7m   [0m [91m                                               ~~~~~~~~~~~~~~~~~[0m

  [96msrc/modules/users/application/services/profile-management.service.ts[0m:[93m191[0m:[93m9[0m
    [7m191[0m   async getUserProfileSummary(userId: string): Promise<UserProfileSummary> {
    [7m   [0m [96m        ~~~~~~~~~~~~~~~~~~~~~[0m
    'getUserProfileSummary' is declared here.

[96msrc/modules/users/presentation/controllers/user.controller.ts[0m:[93m151[0m:[93m48[0m - [91merror[0m[90m TS2339: [0mProperty 'getUserStats' does not exist on type 'ProfileManagementService'.

[7m151[0m     return await this.profileManagementService.getUserStats(req.user.id);
[7m   [0m [91m                                               ~~~~~~~~~~~~[0m

[96msrc/modules/users/presentation/controllers/user.controller.ts[0m:[93m192[0m:[93m19[0m - [91merror[0m[90m TS2694: [0mNamespace 'global.Express' has no exported member 'Multer'.

[7m192[0m     file: Express.Multer.File,
[7m   [0m [91m                  ~~~~~~[0m

[96msrc/modules/users/presentation/controllers/user.controller.ts[0m:[93m194[0m:[93m65[0m - [91merror[0m[90m TS2339: [0mProperty 'uploadProfileImage' does not exist on type 'ProfileManagementService'.

[7m194[0m     const profileImageUrl = await this.profileManagementService.uploadProfileImage(
[7m   [0m [91m                                                                ~~~~~~~~~~~~~~~~~~[0m

[96msrc/modules/users/presentation/controllers/user.controller.ts[0m:[93m227[0m:[93m48[0m - [91merror[0m[90m TS2339: [0mProperty 'getSettings' does not exist on type 'ProfileManagementService'.

[7m227[0m     return await this.profileManagementService.getSettings(req.user.id);
[7m   [0m [91m                                               ~~~~~~~~~~~[0m

[96msrc/modules/users/presentation/controllers/user.controller.ts[0m:[93m267[0m:[93m5[0m - [91merror[0m[90m TS2322: [0mType 'AddressEntity[]' is not assignable to type 'AddressResponseDto[]'.
  Type 'AddressEntity' is missing the following properties from type 'AddressResponseDto': addressLine1, usageCount, fullAddress

[7m267[0m     return await this.addressManagementService.getUserAddresses(req.user.id);
[7m   [0m [91m    ~~~~~~[0m

[96msrc/modules/users/presentation/controllers/user.controller.ts[0m:[93m282[0m:[93m5[0m - [91merror[0m[90m TS2322: [0mType 'AddressEntity' is not assignable to type 'AddressResponseDto'.

[7m282[0m     return await this.addressManagementService.createAddress(
[7m   [0m [91m    ~~~~~~[0m

[96msrc/modules/users/presentation/controllers/user.controller.ts[0m:[93m301[0m:[93m5[0m - [91merror[0m[90m TS2322: [0mType 'AddressEntity' is not assignable to type 'AddressResponseDto'.

[7m301[0m     return await this.addressManagementService.updateAddress(
[7m   [0m [91m    ~~~~~~[0m

[96msrc/modules/users/presentation/controllers/user.controller.ts[0m:[93m355[0m:[93m7[0m - [91merror[0m[90m TS2554: [0mExpected 2 arguments, but got 3.

[7m355[0m       setDefaultDto.type,
[7m   [0m [91m      ~~~~~~~~~~~~~~~~~~[0m

[96msrc/modules/users/presentation/controllers/user.controller.ts[0m:[93m373[0m:[93m5[0m - [91merror[0m[90m TS2741: [0mProperty 'messages' is missing in type 'AddressValidationResult' but required in type 'AddressValidationResponseDto'.

[7m373[0m     return await this.addressManagementService.validateAddress(
[7m   [0m [91m    ~~~~~~[0m

  [96msrc/modules/users/presentation/dtos/address.dto.ts[0m:[93m498[0m:[93m3[0m
    [7m498[0m   messages: string[];
    [7m   [0m [96m  ~~~~~~~~[0m
    'messages' is declared here.

[96msrc/modules/users/presentation/controllers/user.controller.ts[0m:[93m388[0m:[93m48[0m - [91merror[0m[90m TS2551: [0mProperty 'findNearbyAddresses' does not exist on type 'AddressManagementService'. Did you mean 'getNearbyAddresses'?

[7m388[0m     return await this.addressManagementService.findNearbyAddresses(
[7m   [0m [91m                                               ~~~~~~~~~~~~~~~~~~~[0m

  [96msrc/modules/users/application/services/address-management.service.ts[0m:[93m263[0m:[93m9[0m
    [7m263[0m   async getNearbyAddresses(query: NearbyAddressesQuery): Promise<AddressEntity[]> {
    [7m   [0m [96m        ~~~~~~~~~~~~~~~~~~[0m
    'getNearbyAddresses' is declared here.

[96msrc/modules/users/presentation/controllers/user.controller.ts[0m:[93m442[0m:[93m38[0m - [91merror[0m[90m TS2339: [0mProperty 'requestPasswordReset' does not exist on type 'AccountControlService'.

[7m442[0m     await this.accountControlService.requestPasswordReset(
[7m   [0m [91m                                     ~~~~~~~~~~~~~~~~~~~~[0m

[96msrc/modules/users/presentation/controllers/user.controller.ts[0m:[93m469[0m:[93m7[0m - [91merror[0m[90m TS2554: [0mExpected 1 arguments, but got 2.

[7m469[0m       resetPasswordDto.newPassword,
[7m   [0m [91m      ~~~~~~~~~~~~~~~~~~~~~~~~~~~~[0m

[96msrc/modules/users/presentation/controllers/user.controller.ts[0m:[93m487[0m:[93m45[0m - [91merror[0m[90m TS2551: [0mProperty 'getSecuritySettings' does not exist on type 'AccountControlService'. Did you mean 'updateSecuritySettings'?

[7m487[0m     return await this.accountControlService.getSecuritySettings(req.user.id);
[7m   [0m [91m                                            ~~~~~~~~~~~~~~~~~~~[0m

  [96msrc/modules/users/application/services/account-control.service.ts[0m:[93m136[0m:[93m9[0m
    [7m136[0m   async updateSecuritySettings(userId: string, settings: UpdateSecuritySettingsRequest): Promise<UserEntity> {
    [7m   [0m [96m        ~~~~~~~~~~~~~~~~~~~~~~[0m
    'updateSecuritySettings' is declared here.

[96msrc/modules/users/presentation/controllers/user.controller.ts[0m:[93m509[0m:[93m7[0m - [91merror[0m[90m TS2345: [0mArgument of type 'UpdateSecuritySettingsDto' is not assignable to parameter of type 'UpdateSecuritySettingsRequest'.
  Types of property 'sessionTimeout' are incompatible.
    Type 'string | undefined' is not assignable to type 'number | undefined'.
      Type 'string' is not assignable to type 'number'.

[7m509[0m       updateSecurityDto,
[7m   [0m [91m      ~~~~~~~~~~~~~~~~~[0m

[96msrc/modules/users/presentation/controllers/user.controller.ts[0m:[93m537[0m:[93m7[0m - [91merror[0m[90m TS2554: [0mExpected 1-2 arguments, but got 3.

[7m537[0m       deactivateDto.feedback,
[7m   [0m [91m      ~~~~~~~~~~~~~~~~~~~~~~[0m

[96msrc/modules/users/presentation/controllers/user.controller.ts[0m:[93m550[0m:[93m10[0m - [91merror[0m[90m TS2345: [0mArgument of type 'string' is not assignable to parameter of type 'UserRole'.

[7m550[0m   @Roles(UserRole.ADMIN)
[7m   [0m [91m         ~~~~~~~~~~~~~~[0m

[96msrc/modules/users/presentation/controllers/user.controller.ts[0m:[93m559[0m:[93m5[0m - [91merror[0m[90m TS2740: [0mType 'UserEntity[]' is missing the following properties from type 'UserListResponseDto': users, total, page, limit, and 3 more.

[7m559[0m     return await this.profileManagementService.searchUsers(searchDto);
[7m   [0m [91m    ~~~~~~[0m

[96msrc/modules/users/presentation/controllers/user.controller.ts[0m:[93m559[0m:[93m60[0m - [91merror[0m[90m TS2345: [0mArgument of type 'SearchUsersDto' is not assignable to parameter of type 'string'.

[7m559[0m     return await this.profileManagementService.searchUsers(searchDto);
[7m   [0m [91m                                                           ~~~~~~~~~[0m

[96msrc/modules/users/presentation/controllers/user.controller.ts[0m:[93m565[0m:[93m10[0m - [91merror[0m[90m TS2345: [0mArgument of type 'string' is not assignable to parameter of type 'UserRole'.

[7m565[0m   @Roles(UserRole.ADMIN)
[7m   [0m [91m         ~~~~~~~~~~~~~~[0m

[96msrc/modules/users/presentation/controllers/user.controller.ts[0m:[93m581[0m:[93m62[0m - [91merror[0m[90m TS2551: [0mProperty 'bulkUpdateUsers' does not exist on type 'ProfileManagementService'. Did you mean 'bulkUpdateUserStatus'?

[7m581[0m     const updatedCount = await this.profileManagementService.bulkUpdateUsers(
[7m   [0m [91m                                                             ~~~~~~~~~~~~~~~[0m

  [96msrc/modules/users/application/services/profile-management.service.ts[0m:[93m276[0m:[93m9[0m
    [7m276[0m   async bulkUpdateUserStatus(userIds: string[], status: UserStatus): Promise<void> {
    [7m   [0m [96m        ~~~~~~~~~~~~~~~~~~~~[0m
    'bulkUpdateUserStatus' is declared here.

[96msrc/modules/users/presentation/controllers/user.controller.ts[0m:[93m595[0m:[93m10[0m - [91merror[0m[90m TS2345: [0mArgument of type 'string' is not assignable to parameter of type 'UserRole'.

[7m595[0m   @Roles(UserRole.ADMIN)
[7m   [0m [91m         ~~~~~~~~~~~~~~[0m

[96msrc/modules/users/presentation/controllers/user.controller.ts[0m:[93m614[0m:[93m7[0m - [91merror[0m[90m TS2554: [0mExpected 1 arguments, but got 2.

[7m614[0m       reactivateDto.reason,
[7m   [0m [91m      ~~~~~~~~~~~~~~~~~~~~[0m

[96msrc/modules/users/presentation/controllers/user.controller.ts[0m:[93m625[0m:[93m10[0m - [91merror[0m[90m TS2345: [0mArgument of type 'string' is not assignable to parameter of type 'UserRole'.

[7m625[0m   @Roles(UserRole.ADMIN)
[7m   [0m [91m         ~~~~~~~~~~~~~~[0m

[96msrc/modules/users/presentation/controllers/user.controller.ts[0m:[93m644[0m:[93m7[0m - [91merror[0m[90m TS2554: [0mExpected 2 arguments, but got 4.

[7m644[0m       lockDto.durationHours ? parseInt(lockDto.durationHours) : undefined,
[7m   [0m [91m      ~~~~~~~~~~~~~~~~~~~~~~~~~~~~~~~~~~~~~~~~~~~~~~~~~~~~~~~~~~~~~~~~~~~~[0m
[7m645[0m       lockDto.adminComments,
[7m   [0m [91m~~~~~~~~~~~~~~~~~~~~~~~~~~~[0m

[96msrc/modules/users/presentation/controllers/user.controller.ts[0m:[93m656[0m:[93m10[0m - [91merror[0m[90m TS2345: [0mArgument of type 'string' is not assignable to parameter of type 'UserRole'.

[7m656[0m   @Roles(UserRole.ADMIN)
[7m   [0m [91m         ~~~~~~~~~~~~~~[0m

[96msrc/modules/users/presentation/controllers/user.controller.ts[0m:[93m674[0m:[93m7[0m - [91merror[0m[90m TS2554: [0mExpected 1 arguments, but got 3.

[7m674[0m       unlockDto.reason,
[7m   [0m [91m      ~~~~~~~~~~~~~~~~~[0m
[7m675[0m       unlockDto.adminComments,
[7m   [0m [91m~~~~~~~~~~~~~~~~~~~~~~~~~~~~~[0m

[96msrc/modules/users/presentation/controllers/user.controller.ts[0m:[93m688[0m:[93m10[0m - [91merror[0m[90m TS2345: [0mArgument of type 'string' is not assignable to parameter of type 'UserRole'.

[7m688[0m   @Roles(UserRole.ADMIN)
[7m   [0m [91m         ~~~~~~~~~~~~~~[0m

[96msrc/modules/users/presentation/controllers/user.controller.ts[0m:[93m695[0m:[93m5[0m - [91merror[0m[90m TS2739: [0mType 'AddressStatistics' is missing the following properties from type 'AddressStatsDto': addressesByCountry, mostUsedCities, activeAddresses, defaultAddresses, averageUsageCount

[7m695[0m     return await this.addressManagementService.getAddressStatistics();
[7m   [0m [91m    ~~~~~~[0m

[96msrc/modules/users/presentation/controllers/user.controller.ts[0m:[93m709[0m:[93m48[0m - [91merror[0m[90m TS2551: [0mProperty 'searchUserAddresses' does not exist on type 'AddressManagementService'. Did you mean 'searchAddresses'?

[7m709[0m     return await this.addressManagementService.searchUserAddresses(
[7m   [0m [91m                                               ~~~~~~~~~~~~~~~~~~~[0m

  [96msrc/modules/users/application/services/address-management.service.ts[0m:[93m259[0m:[93m9[0m
    [7m259[0m   async searchAddresses(userId: string, query: string): Promise<AddressEntity[]> {
    [7m   [0m [96m        ~~~~~~~~~~~~~~~[0m
    'searchAddresses' is declared here.

[96msrc/modules/users/presentation/controllers/user.controller.ts[0m:[93m736[0m:[93m7[0m - [91merror[0m[90m TS2554: [0mExpected 2 arguments, but got 3.

[7m736[0m       {
[7m   [0m [91m      ~[0m
[7m737[0m         isActive: bulkDto.isActive,
[7m   [0m [91m~~~~~~~~~~~~~~~~~~~~~~~~~~~~~~~~~~~[0m
[7m738[0m         isDefault: bulkDto.isDefault,
[7m   [0m [91m~~~~~~~~~~~~~~~~~~~~~~~~~~~~~~~~~~~~~[0m
[7m739[0m       },
[7m   [0m [91m~~~~~~~[0m

[96msrc/modules/users/presentation/controllers/user.controller.ts[0m:[93m744[0m:[93m7[0m - [91merror[0m[90m TS2322: [0mType 'void' is not assignable to type 'number'.

[7m744[0m       affectedCount,
[7m   [0m [91m      ~~~~~~~~~~~~~[0m

  [96msrc/modules/users/presentation/controllers/user.controller.ts[0m:[93m732[0m:[93m51[0m
    [7m732[0m   ): Promise<{ success: boolean; message: string; affectedCount: number }> {
    [7m   [0m [96m                                                  ~~~~~~~~~~~~~[0m
    The expected type comes from property 'affectedCount' which is declared here on type '{ success: boolean; message: string; affectedCount: number; }'

[96msrc/modules/users/users.controller.spec.ts[0m:[93m76[0m:[93m50[0m - [91merror[0m[90m TS2345: [0mArgument of type 'import("C:/Users/user/Desktop/ntumai/backend/src/modules/auth/dto/switch-role.dto").SwitchRoleDto' is not assignable to parameter of type 'import("C:/Users/user/Desktop/ntumai/backend/src/modules/users/dto/switch-role.dto").SwitchRoleDto'.
  Types of property 'targetRole' are incompatible.
    Type 'string' is not assignable to type 'UserRole'.

[7m76[0m       const result = await controller.switchRole(switchRoleDto, mockRequest);
[7m  [0m [91m                                                 ~~~~~~~~~~~~~[0m

[96msrc/modules/users/users.controller.spec.ts[0m:[93m99[0m:[93m52[0m - [91merror[0m[90m TS2345: [0mArgument of type 'import("C:/Users/user/Desktop/ntumai/backend/src/modules/auth/dto/switch-role.dto").SwitchRoleDto' is not assignable to parameter of type 'import("C:/Users/user/Desktop/ntumai/backend/src/modules/users/dto/switch-role.dto").SwitchRoleDto'.

[7m99[0m       const result = await controller.registerRole(switchRoleDto, mockRequest);
[7m  [0m [91m                                                   ~~~~~~~~~~~~~[0m

[96msrc/modules/users/users.service.ts[0m:[93m3[0m:[93m10[0m - [91merror[0m[90m TS2305: [0mModule '"../auth/application/services"' has no exported member 'OtpManagementService'.

[7m3[0m import { OtpManagementService } from '../auth/application/services';
[7m [0m [91m         ~~~~~~~~~~~~~~~~~~~~[0m

[96mtest/app.e2e-spec.ts[0m:[93m20[0m:[93m12[0m - [91merror[0m[90m TS2349: [0mThis expression is not callable.
  Type '{ default: SuperTestStatic; Test: typeof Test; agent: typeof TestAgent & ((app?: App | undefined, options?: AgentOptions | undefined) => TestAgent<...>); }' has no call signatures.

[7m20[0m     return request(app.getHttpServer())
[7m  [0m [91m           ~~~~~~~[0m

  [96mtest/app.e2e-spec.ts[0m:[93m3[0m:[93m1[0m
    [7m3[0m import * as request from 'supertest';
    [7m [0m [96m~~~~~~~~~~~~~~~~~~~~~~~~~~~~~~~~~~~~~[0m
    Type originates at this import. A namespace-style import cannot be called or constructed, and will cause a failure at runtime. Consider using a default import or import require here instead.

[96mtest/auth/auth.e2e-spec.ts[0m:[93m124[0m:[93m30[0m - [91merror[0m[90m TS2349: [0mThis expression is not callable.
  Type '{ default: SuperTestStatic; Test: typeof Test; agent: typeof TestAgent & ((app?: App | undefined, options?: AgentOptions | undefined) => TestAgent<...>); }' has no call signatures.

[7m124[0m       const response = await request(testSetup.getHttpServer())
[7m   [0m [91m                             ~~~~~~~[0m

  [96mtest/auth/auth.e2e-spec.ts[0m:[93m4[0m:[93m1[0m
    [7m4[0m import * as request from 'supertest';
    [7m [0m [96m~~~~~~~~~~~~~~~~~~~~~~~~~~~~~~~~~~~~~[0m
    Type originates at this import. A namespace-style import cannot be called or constructed, and will cause a failure at runtime. Consider using a default import or import require here instead.

[96mtest/integration/module-integration.e2e-spec.ts[0m:[93m66[0m:[93m11[0m - [91merror[0m[90m TS2353: [0mObject literal may only specify known properties, and 'slug' does not exist in type '(Without<CategoryCreateInput, CategoryUncheckedCreateInput> & CategoryUncheckedCreateInput) | (Without<...> & CategoryCreateInput)'.

[7m66[0m           slug: 'integration-test',
[7m  [0m [91m          ~~~~[0m

  [96mnode_modules/.prisma/client/index.d.ts[0m:[93m18367[0m:[93m5[0m
    [7m18367[0m     data: XOR<CategoryCreateInput, CategoryUncheckedCreateInput>
    [7m     [0m [96m    ~~~~[0m
    The expected type comes from property 'data' which is declared here on type '{ select?: CategorySelect<DefaultArgs> | null | undefined; omit?: CategoryOmit<DefaultArgs> | null | undefined; include?: CategoryInclude<...> | ... 1 more ... | undefined; data: (Without<...> & CategoryUncheckedCreateInput) | (Without<...> & CategoryCreateInput); }'

[96mtest/marketplace/marketplace.e2e-spec.ts[0m:[93m24[0m:[93m9[0m - [91merror[0m[90m TS2353: [0mObject literal may only specify known properties, and 'slug' does not exist in type '(Without<CategoryCreateInput, CategoryUncheckedCreateInput> & CategoryUncheckedCreateInput) | (Without<...> & CategoryCreateInput)'.

[7m24[0m         slug: 'test-category',
[7m  [0m [91m        ~~~~[0m

  [96mnode_modules/.prisma/client/index.d.ts[0m:[93m18367[0m:[93m5[0m
    [7m18367[0m     data: XOR<CategoryCreateInput, CategoryUncheckedCreateInput>
    [7m     [0m [96m    ~~~~[0m
    The expected type comes from property 'data' which is declared here on type '{ select?: CategorySelect<DefaultArgs> | null | undefined; omit?: CategoryOmit<DefaultArgs> | null | undefined; include?: CategoryInclude<...> | ... 1 more ... | undefined; data: (Without<...> & CategoryUncheckedCreateInput) | (Without<...> & CategoryCreateInput); }'

[96mtest/setup/test-database-seeder.ts[0m:[93m28[0m:[93m23[0m - [91merror[0m[90m TS2339: [0mProperty 'role' does not exist on type 'PrismaService'.

[7m28[0m     await this.prisma.role.createMany({
[7m  [0m [91m                      ~~~~[0m

[96mtest/setup/test-database-seeder.ts[0m:[93m46[0m:[93m44[0m - [91merror[0m[90m TS2339: [0mProperty 'role' does not exist on type 'PrismaService'.

[7m46[0m     const customerRole = await this.prisma.role.findUnique({ where: { name: 'CUSTOMER' } });
[7m  [0m [91m                                           ~~~~[0m

[96mtest/setup/test-database-seeder.ts[0m:[93m47[0m:[93m41[0m - [91merror[0m[90m TS2339: [0mProperty 'role' does not exist on type 'PrismaService'.

[7m47[0m     const adminRole = await this.prisma.role.findUnique({ where: { name: 'ADMIN' } });
[7m  [0m [91m                                        ~~~~[0m

[96mtest/setup/test-database-seeder.ts[0m:[93m48[0m:[93m42[0m - [91merror[0m[90m TS2339: [0mProperty 'role' does not exist on type 'PrismaService'.

[7m48[0m     const driverRole = await this.prisma.role.findUnique({ where: { name: 'DRIVER' } });
[7m  [0m [91m                                         ~~~~[0m

[96mtest/setup/test-database-seeder.ts[0m:[93m49[0m:[93m42[0m - [91merror[0m[90m TS2339: [0mProperty 'role' does not exist on type 'PrismaService'.

[7m49[0m     const vendorRole = await this.prisma.role.findUnique({ where: { name: 'VENDOR' } });
[7m  [0m [91m                                         ~~~~[0m

[96mtest/setup/test-database-seeder.ts[0m:[93m57[0m:[93m7[0m - [91merror[0m[90m TS2322: [0mType '{ email: string; password: string; firstName: string; lastName: string; phone: string; isEmailVerified: true; isPhoneVerified: true; }' is not assignable to type '(Without<UserCreateInput, UserUncheckedCreateInput> & UserUncheckedCreateInput) | (Without<...> & UserCreateInput)'.
  Type '{ email: string; password: string; firstName: string; lastName: string; phone: string; isEmailVerified: true; isPhoneVerified: true; }' is not assignable to type 'Without<UserUncheckedCreateInput, UserCreateInput> & UserCreateInput'.
    Property 'name' is missing in type '{ email: string; password: string; firstName: string; lastName: string; phone: string; isEmailVerified: true; isPhoneVerified: true; }' but required in type 'UserCreateInput'.

[7m57[0m       data: {
[7m  [0m [91m      ~~~~[0m

  [96mnode_modules/.prisma/client/index.d.ts[0m:[93m72920[0m:[93m5[0m
    [7m72920[0m     name: string
    [7m     [0m [96m    ~~~~[0m
    'name' is declared here.
  [96mnode_modules/.prisma/client/index.d.ts[0m:[93m8034[0m:[93m5[0m
    [7m8034[0m     data: XOR<UserCreateInput, UserUncheckedCreateInput>
    [7m    [0m [96m    ~~~~[0m
    The expected type comes from property 'data' which is declared here on type '{ select?: UserSelect<DefaultArgs> | null | undefined; omit?: UserOmit<DefaultArgs> | null | undefined; include?: UserInclude<DefaultArgs> | null | undefined; data: (Without<...> & UserUncheckedCreateInput) | (Without<...> & UserCreateInput); }'

[96mtest/setup/test-database-seeder.ts[0m:[93m69[0m:[93m7[0m - [91merror[0m[90m TS2322: [0mType '{ email: string; password: string; firstName: string; lastName: string; phone: string; isEmailVerified: true; isPhoneVerified: true; }' is not assignable to type '(Without<UserCreateInput, UserUncheckedCreateInput> & UserUncheckedCreateInput) | (Without<...> & UserCreateInput)'.
  Type '{ email: string; password: string; firstName: string; lastName: string; phone: string; isEmailVerified: true; isPhoneVerified: true; }' is not assignable to type 'Without<UserUncheckedCreateInput, UserCreateInput> & UserCreateInput'.
    Property 'name' is missing in type '{ email: string; password: string; firstName: string; lastName: string; phone: string; isEmailVerified: true; isPhoneVerified: true; }' but required in type 'UserCreateInput'.

[7m69[0m       data: {
[7m  [0m [91m      ~~~~[0m

  [96mnode_modules/.prisma/client/index.d.ts[0m:[93m72920[0m:[93m5[0m
    [7m72920[0m     name: string
    [7m     [0m [96m    ~~~~[0m
    'name' is declared here.
  [96mnode_modules/.prisma/client/index.d.ts[0m:[93m8034[0m:[93m5[0m
    [7m8034[0m     data: XOR<UserCreateInput, UserUncheckedCreateInput>
    [7m    [0m [96m    ~~~~[0m
    The expected type comes from property 'data' which is declared here on type '{ select?: UserSelect<DefaultArgs> | null | undefined; omit?: UserOmit<DefaultArgs> | null | undefined; include?: UserInclude<DefaultArgs> | null | undefined; data: (Without<...> & UserUncheckedCreateInput) | (Without<...> & UserCreateInput); }'

[96mtest/setup/test-database-seeder.ts[0m:[93m81[0m:[93m7[0m - [91merror[0m[90m TS2322: [0mType '{ email: string; password: string; firstName: string; lastName: string; phone: string; isEmailVerified: true; isPhoneVerified: true; }' is not assignable to type '(Without<UserCreateInput, UserUncheckedCreateInput> & UserUncheckedCreateInput) | (Without<...> & UserCreateInput)'.
  Type '{ email: string; password: string; firstName: string; lastName: string; phone: string; isEmailVerified: true; isPhoneVerified: true; }' is not assignable to type 'Without<UserUncheckedCreateInput, UserCreateInput> & UserCreateInput'.
    Property 'name' is missing in type '{ email: string; password: string; firstName: string; lastName: string; phone: string; isEmailVerified: true; isPhoneVerified: true; }' but required in type 'UserCreateInput'.

[7m81[0m       data: {
[7m  [0m [91m      ~~~~[0m

  [96mnode_modules/.prisma/client/index.d.ts[0m:[93m72920[0m:[93m5[0m
    [7m72920[0m     name: string
    [7m     [0m [96m    ~~~~[0m
    'name' is declared here.
  [96mnode_modules/.prisma/client/index.d.ts[0m:[93m8034[0m:[93m5[0m
    [7m8034[0m     data: XOR<UserCreateInput, UserUncheckedCreateInput>
    [7m    [0m [96m    ~~~~[0m
    The expected type comes from property 'data' which is declared here on type '{ select?: UserSelect<DefaultArgs> | null | undefined; omit?: UserOmit<DefaultArgs> | null | undefined; include?: UserInclude<DefaultArgs> | null | undefined; data: (Without<...> & UserUncheckedCreateInput) | (Without<...> & UserCreateInput); }'

[96mtest/setup/test-database-seeder.ts[0m:[93m93[0m:[93m7[0m - [91merror[0m[90m TS2322: [0mType '{ email: string; password: string; firstName: string; lastName: string; phone: string; isEmailVerified: true; isPhoneVerified: true; }' is not assignable to type '(Without<UserCreateInput, UserUncheckedCreateInput> & UserUncheckedCreateInput) | (Without<...> & UserCreateInput)'.
  Type '{ email: string; password: string; firstName: string; lastName: string; phone: string; isEmailVerified: true; isPhoneVerified: true; }' is not assignable to type 'Without<UserUncheckedCreateInput, UserCreateInput> & UserCreateInput'.
    Property 'name' is missing in type '{ email: string; password: string; firstName: string; lastName: string; phone: string; isEmailVerified: true; isPhoneVerified: true; }' but required in type 'UserCreateInput'.

[7m93[0m       data: {
[7m  [0m [91m      ~~~~[0m

  [96mnode_modules/.prisma/client/index.d.ts[0m:[93m72920[0m:[93m5[0m
    [7m72920[0m     name: string
    [7m     [0m [96m    ~~~~[0m
    'name' is declared here.
  [96mnode_modules/.prisma/client/index.d.ts[0m:[93m8034[0m:[93m5[0m
    [7m8034[0m     data: XOR<UserCreateInput, UserUncheckedCreateInput>
    [7m    [0m [96m    ~~~~[0m
    The expected type comes from property 'data' which is declared here on type '{ select?: UserSelect<DefaultArgs> | null | undefined; omit?: UserOmit<DefaultArgs> | null | undefined; include?: UserInclude<DefaultArgs> | null | undefined; data: (Without<...> & UserUncheckedCreateInput) | (Without<...> & UserCreateInput); }'

[96mtest/setup/test-database-seeder.ts[0m:[93m105[0m:[93m23[0m - [91merror[0m[90m TS2339: [0mProperty 'userRole' does not exist on type 'PrismaService'.

[7m105[0m     await this.prisma.userRole.create({
[7m   [0m [91m                      ~~~~~~~~[0m

[96mtest/setup/test-database-seeder.ts[0m:[93m112[0m:[93m23[0m - [91merror[0m[90m TS2339: [0mProperty 'userRole' does not exist on type 'PrismaService'.

[7m112[0m     await this.prisma.userRole.create({
[7m   [0m [91m                      ~~~~~~~~[0m

[96mtest/setup/test-database-seeder.ts[0m:[93m119[0m:[93m23[0m - [91merror[0m[90m TS2339: [0mProperty 'userRole' does not exist on type 'PrismaService'.

[7m119[0m     await this.prisma.userRole.create({
[7m   [0m [91m                      ~~~~~~~~[0m

[96mtest/setup/test-database-seeder.ts[0m:[93m126[0m:[93m23[0m - [91merror[0m[90m TS2339: [0mProperty 'userRole' does not exist on type 'PrismaService'.

[7m126[0m     await this.prisma.userRole.create({
[7m   [0m [91m                      ~~~~~~~~[0m

[96mtest/setup/test-helpers.ts[0m:[93m12[0m:[93m12[0m - [91merror[0m[90m TS2349: [0mThis expression is not callable.
  Type '{ default: SuperTestStatic; Test: typeof Test; agent: typeof TestAgent & ((app?: App | undefined, options?: AgentOptions | undefined) => TestAgent<...>); }' has no call signatures.

[7m12[0m     return request(this.testSetup.getHttpServer())
[7m  [0m [91m           ~~~~~~~[0m

  [96mtest/setup/test-helpers.ts[0m:[93m1[0m:[93m1[0m
    [7m1[0m import * as request from 'supertest';
    [7m [0m [96m~~~~~~~~~~~~~~~~~~~~~~~~~~~~~~~~~~~~~[0m
    Type originates at this import. A namespace-style import cannot be called or constructed, and will cause a failure at runtime. Consider using a default import or import require here instead.

[96mtest/setup/test-helpers.ts[0m:[93m22[0m:[93m12[0m - [91merror[0m[90m TS2349: [0mThis expression is not callable.
  Type '{ default: SuperTestStatic; Test: typeof Test; agent: typeof TestAgent & ((app?: App | undefined, options?: AgentOptions | undefined) => TestAgent<...>); }' has no call signatures.

[7m22[0m     return request(this.testSetup.getHttpServer())
[7m  [0m [91m           ~~~~~~~[0m

  [96mtest/setup/test-helpers.ts[0m:[93m1[0m:[93m1[0m
    [7m1[0m import * as request from 'supertest';
    [7m [0m [96m~~~~~~~~~~~~~~~~~~~~~~~~~~~~~~~~~~~~~[0m
    Type originates at this import. A namespace-style import cannot be called or constructed, and will cause a failure at runtime. Consider using a default import or import require here instead.

[96mtest/setup/test-helpers.ts[0m:[93m33[0m:[93m12[0m - [91merror[0m[90m TS2349: [0mThis expression is not callable.
  Type '{ default: SuperTestStatic; Test: typeof Test; agent: typeof TestAgent & ((app?: App | undefined, options?: AgentOptions | undefined) => TestAgent<...>); }' has no call signatures.

[7m33[0m     return request(this.testSetup.getHttpServer())
[7m  [0m [91m           ~~~~~~~[0m

  [96mtest/setup/test-helpers.ts[0m:[93m1[0m:[93m1[0m
    [7m1[0m import * as request from 'supertest';
    [7m [0m [96m~~~~~~~~~~~~~~~~~~~~~~~~~~~~~~~~~~~~~[0m
    Type originates at this import. A namespace-style import cannot be called or constructed, and will cause a failure at runtime. Consider using a default import or import require here instead.

[96mtest/setup/test-helpers.ts[0m:[93m44[0m:[93m12[0m - [91merror[0m[90m TS2349: [0mThis expression is not callable.
  Type '{ default: SuperTestStatic; Test: typeof Test; agent: typeof TestAgent & ((app?: App | undefined, options?: AgentOptions | undefined) => TestAgent<...>); }' has no call signatures.

[7m44[0m     return request(this.testSetup.getHttpServer())
[7m  [0m [91m           ~~~~~~~[0m

  [96mtest/setup/test-helpers.ts[0m:[93m1[0m:[93m1[0m
    [7m1[0m import * as request from 'supertest';
    [7m [0m [96m~~~~~~~~~~~~~~~~~~~~~~~~~~~~~~~~~~~~~[0m
    Type originates at this import. A namespace-style import cannot be called or constructed, and will cause a failure at runtime. Consider using a default import or import require here instead.

[96mtest/setup/test-helpers.ts[0m:[93m55[0m:[93m12[0m - [91merror[0m[90m TS2349: [0mThis expression is not callable.
  Type '{ default: SuperTestStatic; Test: typeof Test; agent: typeof TestAgent & ((app?: App | undefined, options?: AgentOptions | undefined) => TestAgent<...>); }' has no call signatures.

[7m55[0m     return request(this.testSetup.getHttpServer())
[7m  [0m [91m           ~~~~~~~[0m

  [96mtest/setup/test-helpers.ts[0m:[93m1[0m:[93m1[0m
    [7m1[0m import * as request from 'supertest';
    [7m [0m [96m~~~~~~~~~~~~~~~~~~~~~~~~~~~~~~~~~~~~~[0m
    Type originates at this import. A namespace-style import cannot be called or constructed, and will cause a failure at runtime. Consider using a default import or import require here instead.

[96mtest/setup/test-helpers.ts[0m:[93m64[0m:[93m12[0m - [91merror[0m[90m TS2349: [0mThis expression is not callable.
  Type '{ default: SuperTestStatic; Test: typeof Test; agent: typeof TestAgent & ((app?: App | undefined, options?: AgentOptions | undefined) => TestAgent<...>); }' has no call signatures.

[7m64[0m     return request(this.testSetup.getHttpServer()).get(url);
[7m  [0m [91m           ~~~~~~~[0m

  [96mtest/setup/test-helpers.ts[0m:[93m1[0m:[93m1[0m
    [7m1[0m import * as request from 'supertest';
    [7m [0m [96m~~~~~~~~~~~~~~~~~~~~~~~~~~~~~~~~~~~~~[0m
    Type originates at this import. A namespace-style import cannot be called or constructed, and will cause a failure at runtime. Consider using a default import or import require here instead.

[96mtest/setup/test-helpers.ts[0m:[93m71[0m:[93m12[0m - [91merror[0m[90m TS2349: [0mThis expression is not callable.
  Type '{ default: SuperTestStatic; Test: typeof Test; agent: typeof TestAgent & ((app?: App | undefined, options?: AgentOptions | undefined) => TestAgent<...>); }' has no call signatures.

[7m71[0m     return request(this.testSetup.getHttpServer()).post(url).send(data);
[7m  [0m [91m           ~~~~~~~[0m

  [96mtest/setup/test-helpers.ts[0m:[93m1[0m:[93m1[0m
    [7m1[0m import * as request from 'supertest';
    [7m [0m [96m~~~~~~~~~~~~~~~~~~~~~~~~~~~~~~~~~~~~~[0m
    Type originates at this import. A namespace-style import cannot be called or constructed, and will cause a failure at runtime. Consider using a default import or import require here instead.

[96mtest/setup/test-setup.ts[0m:[93m39[0m:[93m28[0m - [91merror[0m[90m TS2349: [0mThis expression is not callable.
  Type '{ default: SuperTestStatic; Test: typeof Test; agent: typeof TestAgent & ((app?: App | undefined, options?: AgentOptions | undefined) => TestAgent<...>); }' has no call signatures.

[7m39[0m     const response = await request(this.getHttpServer())
[7m  [0m [91m                           ~~~~~~~[0m

  [96mtest/setup/test-setup.ts[0m:[93m5[0m:[93m1[0m
    [7m5[0m import * as request from 'supertest';
    [7m [0m [96m~~~~~~~~~~~~~~~~~~~~~~~~~~~~~~~~~~~~~[0m
    Type originates at this import. A namespace-style import cannot be called or constructed, and will cause a failure at runtime. Consider using a default import or import require here instead.

[96mtest/setup/test-setup.ts[0m:[93m56[0m:[93m28[0m - [91merror[0m[90m TS2349: [0mThis expression is not callable.
  Type '{ default: SuperTestStatic; Test: typeof Test; agent: typeof TestAgent & ((app?: App | undefined, options?: AgentOptions | undefined) => TestAgent<...>); }' has no call signatures.

[7m56[0m     const response = await request(this.getHttpServer())
[7m  [0m [91m                           ~~~~~~~[0m

  [96mtest/setup/test-setup.ts[0m:[93m5[0m:[93m1[0m
    [7m5[0m import * as request from 'supertest';
    [7m [0m [96m~~~~~~~~~~~~~~~~~~~~~~~~~~~~~~~~~~~~~[0m
    Type originates at this import. A namespace-style import cannot be called or constructed, and will cause a failure at runtime. Consider using a default import or import require here instead.

[96mtest/setup/test-setup.ts[0m:[93m72[0m:[93m28[0m - [91merror[0m[90m TS2349: [0mThis expression is not callable.
  Type '{ default: SuperTestStatic; Test: typeof Test; agent: typeof TestAgent & ((app?: App | undefined, options?: AgentOptions | undefined) => TestAgent<...>); }' has no call signatures.

[7m72[0m     const response = await request(this.getHttpServer())
[7m  [0m [91m                           ~~~~~~~[0m

  [96mtest/setup/test-setup.ts[0m:[93m5[0m:[93m1[0m
    [7m5[0m import * as request from 'supertest';
    [7m [0m [96m~~~~~~~~~~~~~~~~~~~~~~~~~~~~~~~~~~~~~[0m
    Type originates at this import. A namespace-style import cannot be called or constructed, and will cause a failure at runtime. Consider using a default import or import require here instead.

[96mtest/setup/test-setup.ts[0m:[93m88[0m:[93m28[0m - [91merror[0m[90m TS2349: [0mThis expression is not callable.
  Type '{ default: SuperTestStatic; Test: typeof Test; agent: typeof TestAgent & ((app?: App | undefined, options?: AgentOptions | undefined) => TestAgent<...>); }' has no call signatures.

[7m88[0m     const response = await request(this.getHttpServer())
[7m  [0m [91m                           ~~~~~~~[0m

  [96mtest/setup/test-setup.ts[0m:[93m5[0m:[93m1[0m
    [7m5[0m import * as request from 'supertest';
    [7m [0m [96m~~~~~~~~~~~~~~~~~~~~~~~~~~~~~~~~~~~~~[0m
    Type originates at this import. A namespace-style import cannot be called or constructed, and will cause a failure at runtime. Consider using a default import or import require here instead.


Found 4257 errors in 146 files.

Errors  Files
    12  database/seeders/addresses.seeder.ts[90m:29[0m
     4  database/seeders/user-roles.seeder.ts[90m:23[0m
     5  src/modules/auth/application/services/authentication.service.spec.ts[90m:137[0m
    21  src/modules/auth/application/services/otp-security.adapter.ts[90m:55[0m
    20  src/modules/auth/application/services/password-management.service.spec.ts[90m:106[0m
    12  src/modules/auth/auth.controller.spec.ts[90m:102[0m
     7  src/modules/communication/application/services/message-orchestration.service.ts[90m:15[0m
     3  src/modules/communication/application/services/template-management.service.ts[90m:105[0m
     8  src/modules/communication/communication.module.ts[90m:44[0m
    41  src/modules/communication/controllers/communication.controller.ts[90m:137[0m
     2  src/modules/communication/domain/entities/communication-template.entity.ts[90m:244[0m
     4  src/modules/communication/domain/entities/message.entity.ts[90m:301[0m
     4  src/modules/communication/infrastructure/adapters/email-channel.adapter.ts[90m:3[0m
     4  src/modules/communication/infrastructure/adapters/sms-channel.adapter.ts[90m:3[0m
     5  src/modules/communication/infrastructure/adapters/whatsapp-channel.adapter.ts[90m:3[0m
   105  src/modules/communication/infrastructure/persistence/communication.repository.impl.ts[90m:4[0m
    10  src/modules/communication/services/communication-logger.service.ts[90m:4[0m
     6  src/modules/communication/services/email.service.ts[90m:4[0m
    30  src/modules/communication/services/message.service.ts[90m:11[0m
     5  src/modules/communication/services/sms.service.ts[90m:4[0m
     7  src/modules/communication/services/whatsapp.service.ts[90m:4[0m
    71  src/modules/drivers/application/services/financial-management.service.ts[90m:228[0m
    81  src/modules/drivers/application/services/order-handling.service.ts[90m:211[0m
    68  src/modules/drivers/application/services/rider-management.service.ts[90m:141[0m
    65  src/modules/drivers/application/services/shift-operations.service.ts[90m:143[0m
    98  src/modules/drivers/domain/entities/earnings.entity.ts[90m:1[0m
   194  src/modules/drivers/domain/entities/expense.entity.ts[90m:1[0m
   172  src/modules/drivers/domain/entities/incident.entity.ts[90m:1[0m
   166  src/modules/drivers/domain/entities/rider-order.entity.ts[90m:1[0m
   146  src/modules/drivers/domain/entities/rider.entity.ts[90m:1[0m
   105  src/modules/drivers/domain/entities/shift.entity.ts[90m:1[0m
   101  src/modules/drivers/domain/entities/vehicle.entity.ts[90m:1[0m
     1  src/modules/drivers/domain/repositories/earnings.repository.ts[90m:2[0m
     2  src/modules/drivers/domain/repositories/expense.repository.ts[90m:2[0m
     1  src/modules/drivers/domain/repositories/incident.repository.ts[90m:2[0m
     2  src/modules/drivers/domain/repositories/rider-order.repository.ts[90m:2[0m
     1  src/modules/drivers/domain/repositories/rider.repository.ts[90m:2[0m
     1  src/modules/drivers/domain/repositories/shift.repository.ts[90m:2[0m
     1  src/modules/drivers/domain/repositories/vehicle.repository.ts[90m:2[0m
    15  src/modules/drivers/domain/services/earnings-calculation.service.ts[90m:6[0m
    39  src/modules/drivers/domain/services/order-assignment.service.ts[90m:6[0m
    33  src/modules/drivers/domain/services/performance-tracking.service.ts[90m:2[0m
    64  src/modules/drivers/domain/services/shift-management.service.ts[90m:5[0m
    34  src/modules/drivers/domain/value-objects/document-status.vo.ts[90m:1[0m
    75  src/modules/drivers/domain/value-objects/earnings-details.vo.ts[90m:1[0m
    22  src/modules/drivers/domain/value-objects/location.vo.ts[90m:1[0m
    99  src/modules/drivers/domain/value-objects/performance-metrics.vo.ts[90m:1[0m
    70  src/modules/drivers/domain/value-objects/rider-status.vo.ts[90m:1[0m
    46  src/modules/drivers/domain/value-objects/shift-status.vo.ts[90m:1[0m
    30  src/modules/drivers/domain/value-objects/vehicle-info.vo.ts[90m:1[0m
    38  src/modules/drivers/infrastructure/repositories/earnings.repository.impl.ts[90m:56[0m
    42  src/modules/drivers/infrastructure/repositories/expense.repository.impl.ts[90m:60[0m
    56  src/modules/drivers/infrastructure/repositories/incident.repository.impl.ts[90m:48[0m
    67  src/modules/drivers/infrastructure/repositories/rider-order.repository.impl.ts[90m:48[0m
    76  src/modules/drivers/infrastructure/repositories/rider.repository.impl.ts[90m:38[0m
    49  src/modules/drivers/infrastructure/repositories/shift.repository.impl.ts[90m:47[0m
    31  src/modules/drivers/infrastructure/repositories/vehicle.repository.impl.ts[90m:36[0m
     4  src/modules/drivers/presentation/controllers/communication.controller.ts[90m:22[0m
     4  src/modules/drivers/presentation/controllers/earnings.controller.ts[90m:22[0m
     5  src/modules/drivers/presentation/controllers/expense.controller.ts[90m:27[0m
     4  src/modules/drivers/presentation/controllers/order.controller.ts[90m:22[0m
     4  src/modules/drivers/presentation/controllers/performance.controller.ts[90m:23[0m
     4  src/modules/drivers/presentation/controllers/rating.controller.ts[90m:22[0m
     5  src/modules/drivers/presentation/controllers/rider-profile.controller.ts[90m:27[0m
     4  src/modules/drivers/presentation/controllers/shift.controller.ts[90m:22[0m
     5  src/modules/drivers/presentation/controllers/vehicle.controller.ts[90m:27[0m
     1  src/modules/drivers/presentation/dtos/index.ts[90m:23[0m
    39  src/modules/errands/application/services/errand-management.service.ts[90m:122[0m
    47  src/modules/errands/application/services/errand-template.service.ts[90m:85[0m
     1  src/modules/errands/application/services/index.ts[90m:2[0m
     4  src/modules/errands/domain/repositories/index.ts[90m:2[0m
     2  src/modules/errands/domain/services/errand-lifecycle.service.ts[90m:189[0m
    12  src/modules/errands/errands.module.ts[90m:2[0m
     2  src/modules/errands/index.ts[90m:5[0m
    78  src/modules/errands/infrastructure/repositories/errand-history.repository.impl.ts[90m:15[0m
    78  src/modules/errands/infrastructure/repositories/errand-template.repository.impl.ts[90m:16[0m
    77  src/modules/errands/infrastructure/repositories/errand.repository.impl.ts[90m:18[0m
     3  src/modules/errands/infrastructure/seeders/errand-templates.seeder.ts[90m:2[0m
    29  src/modules/errands/presentation/controllers/errand-templates.controller.ts[90m:23[0m
    26  src/modules/errands/presentation/controllers/errands.controller.ts[90m:23[0m
     2  src/modules/errands/presentation/dtos/errand-template.dto.ts[90m:12[0m
     1  src/modules/errands/presentation/dtos/query-errands.dto.ts[90m:12[0m
    35  src/modules/marketplace/application/services/cart.application.service.ts[90m:95[0m
    69  src/modules/marketplace/application/services/category.application.service.ts[90m:5[0m
    72  src/modules/marketplace/application/services/order.application.service.ts[90m:8[0m
    37  src/modules/marketplace/application/services/product.application.service.ts[90m:6[0m
    43  src/modules/marketplace/application/services/promotion.application.service.ts[90m:4[0m
     8  src/modules/marketplace/domain/entities/brand.entity.ts[90m:1[0m
     2  src/modules/marketplace/domain/entities/cart-item.entity.ts[90m:1[0m
    17  src/modules/marketplace/domain/entities/cart.entity.ts[90m:1[0m
     8  src/modules/marketplace/domain/entities/category.entity.ts[90m:1[0m
     1  src/modules/marketplace/domain/entities/order-item.entity.ts[90m:1[0m
    50  src/modules/marketplace/domain/entities/order.entity.ts[90m:1[0m
    12  src/modules/marketplace/domain/entities/product.entity.ts[90m:1[0m
     2  src/modules/marketplace/domain/entities/promotion.entity.ts[90m:200[0m
    37  src/modules/marketplace/domain/services/cart.service.ts[90m:76[0m
    49  src/modules/marketplace/domain/services/order.service.ts[90m:93[0m
    23  src/modules/marketplace/domain/services/pricing.service.ts[90m:1[0m
    60  src/modules/marketplace/domain/services/promotion.service.ts[90m:81[0m
    57  src/modules/marketplace/infrastructure/repositories/brand.repository.impl.ts[90m:27[0m
    49  src/modules/marketplace/infrastructure/repositories/cart.repository.impl.ts[90m:6[0m
    56  src/modules/marketplace/infrastructure/repositories/category.repository.impl.ts[90m:28[0m
    41  src/modules/marketplace/infrastructure/repositories/order.repository.impl.ts[90m:6[0m
    73  src/modules/marketplace/infrastructure/repositories/product.repository.impl.ts[90m:5[0m
    91  src/modules/marketplace/infrastructure/repositories/promotion.repository.impl.ts[90m:6[0m
     4  src/modules/marketplace/presentation/controllers/brands.controller.ts[90m:86[0m
     2  src/modules/marketplace/presentation/controllers/cart.controller.ts[90m:52[0m
     3  src/modules/marketplace/presentation/controllers/categories.controller.ts[90m:120[0m
     7  src/modules/marketplace/presentation/controllers/gift-cards.controller.ts[90m:39[0m
     5  src/modules/marketplace/presentation/controllers/orders.controller.ts[90m:69[0m
     3  src/modules/marketplace/presentation/controllers/products.controller.ts[90m:209[0m
     9  src/modules/marketplace/presentation/controllers/promotions.controller.ts[90m:64[0m
     1  src/modules/marketplace/presentation/dtos/product/product-search.dto.ts[90m:149[0m
     9  src/modules/security/application/services/otp-application.service.ts[90m:76[0m
    24  src/modules/security/examples/auth-integration.example.ts[90m:7[0m
    28  src/modules/security/examples/kyc-integration.example.ts[90m:5[0m
    18  src/modules/security/examples/transaction-integration.example.ts[90m:5[0m
    13  src/modules/security/infrastructure/repositories/prisma-otp.repository.ts[90m:22[0m
     2  src/modules/security/security.module.ts[90m:74[0m
     9  src/modules/security/services/mfa.service.ts[90m:36[0m
     4  src/modules/security/services/otp.service.ts[90m:64[0m
    12  src/modules/security/services/security-communication.service.ts[90m:6[0m
     4  src/modules/security/services/security-logger.service.ts[90m:29[0m
     7  src/modules/security/services/token.service.ts[90m:102[0m
    22  src/modules/users/application/services/account-control.service.ts[90m:101[0m
    23  src/modules/users/application/services/address-management.service.ts[90m:97[0m
    27  src/modules/users/application/services/profile-management.service.ts[90m:87[0m
     1  src/modules/users/domain/entities/address.entity.ts[90m:218[0m
    19  src/modules/users/domain/services/role-management.service.ts[90m:54[0m
    21  src/modules/users/domain/services/user-statistics.service.ts[90m:3[0m
    10  src/modules/users/domain/services/user-verification.service.ts[90m:62[0m
     2  src/modules/users/domain/value-objects/customer-details.vo.ts[90m:438[0m
     4  src/modules/users/domain/value-objects/driver-details.vo.ts[90m:298[0m
     3  src/modules/users/domain/value-objects/user-profile.vo.ts[90m:115[0m
    32  src/modules/users/infrastructure/repositories/address.repository.ts[90m:92[0m
    53  src/modules/users/infrastructure/repositories/user.repository.ts[90m:8[0m
    35  src/modules/users/presentation/controllers/user.controller.ts[90m:112[0m
     2  src/modules/users/users.controller.spec.ts[90m:76[0m
     1  src/modules/users/users.service.ts[90m:3[0m
     1  test/app.e2e-spec.ts[90m:20[0m
     1  test/auth/auth.e2e-spec.ts[90m:124[0m
     1  test/integration/module-integration.e2e-spec.ts[90m:66[0m
     1  test/marketplace/marketplace.e2e-spec.ts[90m:24[0m
    13  test/setup/test-database-seeder.ts[90m:28[0m
     7  test/setup/test-helpers.ts[90m:12[0m
     4  test/setup/test-setup.ts[90m:39[0m
